<?xml version="1.0" encoding="UTF-8" ?>
<testsuites name="vitest tests" tests="2567" failures="3" errors="0" time="81.7007918">
    <testsuite name="tests/ability-activated-copy.applyEvent.test.ts" timestamp="2026-04-23T07:32:39.691Z" hostname="A2Ryzen9" tests="12" failures="0" errors="0" skipped="0" time="0.0391569">
        <testcase classname="tests/ability-activated-copy.applyEvent.test.ts" name="ability-activated copy retarget metadata via applyEvent &gt; replay pushTriggeredAbility preserves ability-activated trigger metadata" time="0.0225147">
        </testcase>
        <testcase classname="tests/ability-activated-copy.applyEvent.test.ts" name="ability-activated copy retarget metadata via applyEvent &gt; replay pushTriggeredAbility preserves tap-trigger metadata" time="0.0005266">
        </testcase>
        <testcase classname="tests/ability-activated-copy.applyEvent.test.ts" name="ability-activated copy retarget metadata via applyEvent &gt; replay pushTriggeredAbility preserves targeted trigger metadata" time="0.0002978">
        </testcase>
        <testcase classname="tests/ability-activated-copy.applyEvent.test.ts" name="ability-activated copy retarget metadata via applyEvent &gt; serializes and replays targeted ability-activated trigger metadata together" time="0.0006519">
        </testcase>
        <testcase classname="tests/ability-activated-copy.applyEvent.test.ts" name="ability-activated copy retarget metadata via applyEvent &gt; replay pushTriggeredAbility preserves ETB trigger replay metadata" time="0.0004958">
        </testcase>
        <testcase classname="tests/ability-activated-copy.applyEvent.test.ts" name="ability-activated copy retarget metadata via applyEvent &gt; replay pushTriggeredAbility preserves bound graveyard return metadata" time="0.0003197">
        </testcase>
        <testcase classname="tests/ability-activated-copy.applyEvent.test.ts" name="ability-activated copy retarget metadata via applyEvent &gt; replay activateBattlefieldAbility reattaches persisted retarget metadata to the matching stack item" time="0.0007355">
        </testcase>
        <testcase classname="tests/ability-activated-copy.applyEvent.test.ts" name="ability-activated copy retarget metadata via applyEvent &gt; replay activateBattlefieldAbility rebuilds generic multi-target stack items with persisted retarget metadata" time="0.0007056">
        </testcase>
        <testcase classname="tests/ability-activated-copy.applyEvent.test.ts" name="ability-activated copy retarget metadata via applyEvent &gt; replay activatePlaneswalkerAbility reattaches persisted retarget metadata to the matching stack item" time="0.0076899">
        </testcase>
        <testcase classname="tests/ability-activated-copy.applyEvent.test.ts" name="ability-activated copy retarget metadata via applyEvent &gt; replay activatePlaneswalkerAbility rebuilds the unresolved stack item when none exists" time="0.0009666">
        </testcase>
        <testcase classname="tests/ability-activated-copy.applyEvent.test.ts" name="ability-activated copy retarget metadata via applyEvent &gt; replay activateBattlefieldAbility preserves equipParams for stack-based equip activations" time="0.0004208">
        </testcase>
        <testcase classname="tests/ability-activated-copy.applyEvent.test.ts" name="ability-activated copy retarget metadata via applyEvent &gt; replay retargetAbilityCopyResolve updates copied ability targets and equip params" time="0.0002797">
        </testcase>
    </testsuite>
    <testsuite name="tests/ability-activated-copy.integration.test.ts" timestamp="2026-04-23T07:32:39.700Z" hostname="A2Ryzen9" tests="14" failures="0" errors="0" skipped="0" time="0.7205865">
        <testcase classname="tests/ability-activated-copy.integration.test.ts" name="ability-activated copy triggers (integration) &gt; queues an optional payment prompt and copies the triggering stack ability on pay" time="0.0792579">
        </testcase>
        <testcase classname="tests/ability-activated-copy.integration.test.ts" name="ability-activated copy triggers (integration) &gt; routes targeted grant-ability activations through shared targeting and offers Rings copy retargeting" time="0.1918909">
        </testcase>
        <testcase classname="tests/ability-activated-copy.integration.test.ts" name="ability-activated copy triggers (integration) &gt; consumes colored mana and copies the ability for Kurkesh" time="0.00384">
        </testcase>
        <testcase classname="tests/ability-activated-copy.integration.test.ts" name="ability-activated copy triggers (integration) &gt; copies the triggering stack ability immediately for Illusionist&apos;s Bracers" time="0.0015485">
        </testcase>
        <testcase classname="tests/ability-activated-copy.integration.test.ts" name="ability-activated copy triggers (integration) &gt; offers retargeting for copied abilities when retarget metadata exists" time="0.0098239">
        </testcase>
        <testcase classname="tests/ability-activated-copy.integration.test.ts" name="ability-activated copy triggers (integration) &gt; queues a {1} payment copy prompt for Battlemage&apos;s Bracers and allows retargeting" time="0.0082671">
        </testcase>
        <testcase classname="tests/ability-activated-copy.integration.test.ts" name="ability-activated copy triggers (integration) &gt; copies an equip activation and retargets the copied equip ability" time="0.0358863">
        </testcase>
        <testcase classname="tests/ability-activated-copy.integration.test.ts" name="ability-activated copy triggers (integration) &gt; routes generic activateBattlefieldAbility equip ids through shared targeting and preserves copied equip retargeting" time="0.0675877">
        </testcase>
        <testcase classname="tests/ability-activated-copy.integration.test.ts" name="ability-activated copy triggers (integration) &gt; copies generic multi-target shared-type exchange activations and retargets the copied ability" time="0.0976297">
        </testcase>
        <testcase classname="tests/ability-activated-copy.integration.test.ts" name="ability-activated copy triggers (integration) &gt; rejects invalid shared-type retarget selections for copied multi-target activations and allows a valid retry" time="0.0436501">
        </testcase>
        <testcase classname="tests/ability-activated-copy.integration.test.ts" name="ability-activated copy triggers (integration) &gt; offers a Rings payment prompt for discard-cost activations resumed in resolution" time="0.0239977">
        </testcase>
        <testcase classname="tests/ability-activated-copy.integration.test.ts" name="ability-activated copy triggers (integration) &gt; offers a Rings payment prompt for targeted planeswalker activations routed through resolution" time="0.0146966">
        </testcase>
        <testcase classname="tests/ability-activated-copy.integration.test.ts" name="ability-activated copy triggers (integration) &gt; copies graveyard-exile activations and allows retargeting the copied ability" time="0.0509993">
        </testcase>
        <testcase classname="tests/ability-activated-copy.integration.test.ts" name="ability-activated copy triggers (integration) &gt; copies Catapult Master activations and allows retargeting the copied exile ability" time="0.057039">
        </testcase>
    </testsuite>
    <testsuite name="tests/ability-activated-copy.replay.integration.test.ts" timestamp="2026-04-23T07:32:39.701Z" hostname="A2Ryzen9" tests="4" failures="0" errors="0" skipped="0" time="0.4194276">
        <testcase classname="tests/ability-activated-copy.replay.integration.test.ts" name="ability-activated copy replay integration &gt; replays copied multi-target shared-type exchange activations with a retargeted copy" time="0.3313287">
        </testcase>
        <testcase classname="tests/ability-activated-copy.replay.integration.test.ts" name="ability-activated copy replay integration &gt; replays declining the optional copy payment without leaving the trigger on the stack" time="0.0235962">
        </testcase>
        <testcase classname="tests/ability-activated-copy.replay.integration.test.ts" name="ability-activated copy replay integration &gt; replays keeping current targets without leaving the copy-retarget prompt queued" time="0.0281998">
        </testcase>
        <testcase classname="tests/ability-activated-copy.replay.integration.test.ts" name="ability-activated copy replay integration &gt; replays direct-copy retarget flows with the copied stack item intact" time="0.0078301">
        </testcase>
    </testsuite>
    <testsuite name="tests/ability-activated.intervening-if.test.ts" timestamp="2026-04-23T07:32:39.702Z" hostname="A2Ryzen9" tests="1" failures="0" errors="0" skipped="0" time="0.0796207">
        <testcase classname="tests/ability-activated.intervening-if.test.ts" name="Ability-activated triggers + intervening-if plumbing &gt; Harsh Mentor triggers for non-mana ability and not for mana ability" time="0.076342">
        </testcase>
    </testsuite>
    <testsuite name="tests/abundant-harvest.mode-selection.resumption.integration.test.ts" timestamp="2026-04-23T07:32:39.703Z" hostname="A2Ryzen9" tests="2" failures="0" errors="0" skipped="0" time="0.0575766">
        <testcase classname="tests/abundant-harvest.mode-selection.resumption.integration.test.ts" name="Abundant Harvest cast prompts &gt; queues the land or nonland choice on the initial cast path" time="0.0278341">
        </testcase>
        <testcase classname="tests/abundant-harvest.mode-selection.resumption.integration.test.ts" name="Abundant Harvest cast prompts &gt; still queues the land or nonland choice when the cast resumes with skipInteractivePrompts" time="0.0020298">
        </testcase>
    </testsuite>
    <testsuite name="tests/academic-probation.integration.test.ts" timestamp="2026-04-23T07:32:39.703Z" hostname="A2Ryzen9" tests="4" failures="0" errors="0" skipped="0" time="0.798164">
        <testcase classname="tests/academic-probation.integration.test.ts" name="Academic Probation &gt; resumes from name mode into payment without prompting for a target" time="0.0988463">
        </testcase>
        <testcase classname="tests/academic-probation.integration.test.ts" name="Academic Probation &gt; resumes from permanent mode into target selection without re-prompting modes" time="0.107107">
        </testcase>
        <testcase classname="tests/academic-probation.integration.test.ts" name="Academic Probation &gt; queues a spell-side card-name choice and keeps the spell on the stack" time="0.0137598">
        </testcase>
        <testcase classname="tests/academic-probation.integration.test.ts" name="Academic Probation &gt; applies the permanent restriction mode during resolution" time="0.008483">
        </testcase>
    </testsuite>
    <testsuite name="tests/activate-battlefield-ability.legacy-id-token-guard.integration.test.ts" timestamp="2026-04-23T07:32:39.704Z" hostname="A2Ryzen9" tests="10" failures="0" errors="0" skipped="0" time="0.2079676">
        <testcase classname="tests/activate-battlefield-ability.legacy-id-token-guard.integration.test.ts" name="activateBattlefieldAbility legacy id token guards (integration) &gt; does not let animate token matching hijack an unrelated generic activation on Mutavault" time="0.0993429">
        </testcase>
        <testcase classname="tests/activate-battlefield-ability.legacy-id-token-guard.integration.test.ts" name="activateBattlefieldAbility legacy id token guards (integration) &gt; does not let hybrid-mana token matching hijack an unrelated generic activation on Graven Cairns" time="0.0569198">
        </testcase>
        <testcase classname="tests/activate-battlefield-ability.legacy-id-token-guard.integration.test.ts" name="activateBattlefieldAbility legacy id token guards (integration) &gt; does not let storage add-counter token matching hijack an unrelated generic activation on Calciform Pools" time="0.0036386">
        </testcase>
        <testcase classname="tests/activate-battlefield-ability.legacy-id-token-guard.integration.test.ts" name="activateBattlefieldAbility legacy id token guards (integration) &gt; does not let storage remove-counters token matching hijack an unrelated generic activation on Calciform Pools" time="0.0037503">
        </testcase>
        <testcase classname="tests/activate-battlefield-ability.legacy-id-token-guard.integration.test.ts" name="activateBattlefieldAbility legacy id token guards (integration) &gt; does not let hideaway token matching hijack an unrelated generic activation on Windbrisk Heights" time="0.0024739">
        </testcase>
        <testcase classname="tests/activate-battlefield-ability.legacy-id-token-guard.integration.test.ts" name="activateBattlefieldAbility legacy id token guards (integration) &gt; does not let fetch token matching hijack an unrelated generic activation on a fetch-style land" time="0.0024828">
        </testcase>
        <testcase classname="tests/activate-battlefield-ability.legacy-id-token-guard.integration.test.ts" name="activateBattlefieldAbility legacy id token guards (integration) &gt; does not let native_ prefix matching hijack an unrelated generic battlefield activation" time="0.0027563">
        </testcase>
        <testcase classname="tests/activate-battlefield-ability.legacy-id-token-guard.integration.test.ts" name="activateBattlefieldAbility legacy id token guards (integration) &gt; does not let tap-mana prefix matching hijack an unrelated generic battlefield activation" time="0.0069309">
        </testcase>
        <testcase classname="tests/activate-battlefield-ability.legacy-id-token-guard.integration.test.ts" name="activateBattlefieldAbility legacy id token guards (integration) &gt; does not let pw-ability prefix matching hijack an unrelated generic battlefield activation" time="0.0028265">
        </testcase>
        <testcase classname="tests/activate-battlefield-ability.legacy-id-token-guard.integration.test.ts" name="activateBattlefieldAbility legacy id token guards (integration) &gt; does not let upgrade token matching override the selected generic upgrade ability index" time="0.0131558">
        </testcase>
    </testsuite>
    <testsuite name="tests/activate-battlefield-ability.scoped-detector-routing.integration.test.ts" timestamp="2026-04-23T07:32:39.706Z" hostname="A2Ryzen9" tests="35" failures="0" errors="0" skipped="0" time="0.7682593">
        <testcase classname="tests/activate-battlefield-ability.scoped-detector-routing.integration.test.ts" name="activateBattlefieldAbility detector routing uses selected ability text (integration) &gt; does not let a later counter ability hijack an earlier generic ability activation" time="0.1087094">
        </testcase>
        <testcase classname="tests/activate-battlefield-ability.scoped-detector-routing.integration.test.ts" name="activateBattlefieldAbility detector routing uses selected ability text (integration) &gt; does not let a later sacrifice-to-draw ability hijack an earlier generic ability activation" time="0.0442838">
        </testcase>
        <testcase classname="tests/activate-battlefield-ability.scoped-detector-routing.integration.test.ts" name="activateBattlefieldAbility detector routing uses selected ability text (integration) &gt; routes a generic move-counter ability through COUNTER_MOVEMENT without relying on the legacy fallback branch" time="0.0110339">
        </testcase>
        <testcase classname="tests/activate-battlefield-ability.scoped-detector-routing.integration.test.ts" name="activateBattlefieldAbility detector routing uses selected ability text (integration) &gt; does not let crew hijack a Vehicle&apos;s separate generic activated ability" time="0.0065822">
        </testcase>
        <testcase classname="tests/activate-battlefield-ability.scoped-detector-routing.integration.test.ts" name="activateBattlefieldAbility detector routing uses selected ability text (integration) &gt; does not let station hijack a Spacecraft&apos;s separate generic activated ability" time="0.0061525">
        </testcase>
        <testcase classname="tests/activate-battlefield-ability.scoped-detector-routing.integration.test.ts" name="activateBattlefieldAbility detector routing uses selected ability text (integration) &gt; does not let equip hijack an Equipment&apos;s separate generic activated ability" time="0.005572">
        </testcase>
        <testcase classname="tests/activate-battlefield-ability.scoped-detector-routing.integration.test.ts" name="activateBattlefieldAbility detector routing uses selected ability text (integration) &gt; attaches Bloodthirsty Blade to an opponent creature through its non-equip activated ability" time="0.0637173">
        </testcase>
        <testcase classname="tests/activate-battlefield-ability.scoped-detector-routing.integration.test.ts" name="activateBattlefieldAbility detector routing uses selected ability text (integration) &gt; does not let a later grant-ability ability hijack an earlier generic ability activation" time="0.0067084">
        </testcase>
        <testcase classname="tests/activate-battlefield-ability.scoped-detector-routing.integration.test.ts" name="activateBattlefieldAbility detector routing uses selected ability text (integration) &gt; keeps a sacrificed token tutor source visible in graveyard while queueing the tutor search" time="0.0137727">
        </testcase>
        <testcase classname="tests/activate-battlefield-ability.scoped-detector-routing.integration.test.ts" name="activateBattlefieldAbility detector routing uses selected ability text (integration) &gt; does not let a later graveyard-exile ability hijack an earlier generic ability activation" time="0.0147764">
        </testcase>
        <testcase classname="tests/activate-battlefield-ability.scoped-detector-routing.integration.test.ts" name="activateBattlefieldAbility detector routing uses selected ability text (integration) &gt; queues target selection for leading-clause grant abilities and keeps unrestricted creature targets" time="0.0982576">
        </testcase>
        <testcase classname="tests/activate-battlefield-ability.scoped-detector-routing.integration.test.ts" name="activateBattlefieldAbility detector routing uses selected ability text (integration) &gt; does not let a later fight ability hijack an earlier generic ability activation" time="0.0094459">
        </testcase>
        <testcase classname="tests/activate-battlefield-ability.scoped-detector-routing.integration.test.ts" name="activateBattlefieldAbility detector routing uses selected ability text (integration) &gt; does not let a later tap-untap ability hijack an earlier generic ability activation" time="0.0053146">
        </testcase>
        <testcase classname="tests/activate-battlefield-ability.scoped-detector-routing.integration.test.ts" name="activateBattlefieldAbility detector routing uses selected ability text (integration) &gt; routes graveyard-to-library abilities through the selected ability text and preserves graveyard targeting" time="0.042075">
        </testcase>
        <testcase classname="tests/activate-battlefield-ability.scoped-detector-routing.integration.test.ts" name="activateBattlefieldAbility detector routing uses selected ability text (integration) &gt; routes graveyard-to-top-of-library abilities through the selected ability text and preserves graveyard targeting" time="0.0195194">
        </testcase>
        <testcase classname="tests/activate-battlefield-ability.scoped-detector-routing.integration.test.ts" name="activateBattlefieldAbility detector routing uses selected ability text (integration) &gt; filters mana-value-limited graveyard-to-top-of-library abilities through the selected ability text" time="0.0160836">
        </testcase>
        <testcase classname="tests/activate-battlefield-ability.scoped-detector-routing.integration.test.ts" name="activateBattlefieldAbility detector routing uses selected ability text (integration) &gt; routes own-graveyard top-of-library abilities through the selected ability text" time="0.0205857">
        </testcase>
        <testcase classname="tests/activate-battlefield-ability.scoped-detector-routing.integration.test.ts" name="activateBattlefieldAbility detector routing uses selected ability text (integration) &gt; routes graveyard-to-battlefield abilities through the selected ability text and preserves graveyard targeting" time="0.0116478">
        </testcase>
        <testcase classname="tests/activate-battlefield-ability.scoped-detector-routing.integration.test.ts" name="activateBattlefieldAbility detector routing uses selected ability text (integration) &gt; routes graveyard-to-battlefield owner-control abilities through the selected ability text" time="0.0145964">
        </testcase>
        <testcase classname="tests/activate-battlefield-ability.scoped-detector-routing.integration.test.ts" name="activateBattlefieldAbility detector routing uses selected ability text (integration) &gt; routes graveyard-to-battlefield tapped abilities through the selected ability text" time="0.0154167">
        </testcase>
        <testcase classname="tests/activate-battlefield-ability.scoped-detector-routing.integration.test.ts" name="activateBattlefieldAbility detector routing uses selected ability text (integration) &gt; routes graveyard-to-battlefield counter-bearing abilities through the selected ability text" time="0.0151767">
        </testcase>
        <testcase classname="tests/activate-battlefield-ability.scoped-detector-routing.integration.test.ts" name="activateBattlefieldAbility detector routing uses selected ability text (integration) &gt; filters mana-value-limited graveyard-to-battlefield abilities through the selected ability text" time="0.0144978">
        </testcase>
        <testcase classname="tests/activate-battlefield-ability.scoped-detector-routing.integration.test.ts" name="activateBattlefieldAbility detector routing uses selected ability text (integration) &gt; filters exact-mana-value graveyard-to-battlefield abilities through the selected ability text" time="0.0157832">
        </testcase>
        <testcase classname="tests/activate-battlefield-ability.scoped-detector-routing.integration.test.ts" name="activateBattlefieldAbility detector routing uses selected ability text (integration) &gt; filters chosen-X graveyard-to-battlefield abilities with mana value or greater through the selected ability text" time="0.0170521">
        </testcase>
        <testcase classname="tests/activate-battlefield-ability.scoped-detector-routing.integration.test.ts" name="activateBattlefieldAbility detector routing uses selected ability text (integration) &gt; routes total-power-limited graveyard-to-battlefield abilities through the selected ability text" time="0.028656">
        </testcase>
        <testcase classname="tests/activate-battlefield-ability.scoped-detector-routing.integration.test.ts" name="activateBattlefieldAbility detector routing uses selected ability text (integration) &gt; resolves typed graveyard-exile activations through the selected ability text" time="0.0119156">
        </testcase>
        <testcase classname="tests/activate-battlefield-ability.scoped-detector-routing.integration.test.ts" name="activateBattlefieldAbility detector routing uses selected ability text (integration) &gt; resolves typed graveyard-to-hand activations through the selected ability text" time="0.0120304">
        </testcase>
        <testcase classname="tests/activate-battlefield-ability.scoped-detector-routing.integration.test.ts" name="activateBattlefieldAbility detector routing uses selected ability text (integration) &gt; resolves battle-card graveyard-to-hand activations through the shared parsed target path" time="0.0182684">
        </testcase>
        <testcase classname="tests/activate-battlefield-ability.scoped-detector-routing.integration.test.ts" name="activateBattlefieldAbility detector routing uses selected ability text (integration) &gt; filters permanent-only graveyard-to-hand activations through the shared parsed target path" time="0.0099663">
        </testcase>
        <testcase classname="tests/activate-battlefield-ability.scoped-detector-routing.integration.test.ts" name="activateBattlefieldAbility detector routing uses selected ability text (integration) &gt; filters mana-value-limited graveyard-to-hand activations through the selected ability text" time="0.0105856">
        </testcase>
        <testcase classname="tests/activate-battlefield-ability.scoped-detector-routing.integration.test.ts" name="activateBattlefieldAbility detector routing uses selected ability text (integration) &gt; filters life-gained graveyard activations through the shared parsed target path" time="0.013954">
        </testcase>
        <testcase classname="tests/activate-battlefield-ability.scoped-detector-routing.integration.test.ts" name="activateBattlefieldAbility detector routing uses selected ability text (integration) &gt; does not let control-change routing hijack an unrelated generic activation just because the permanent id contains control" time="0.0063833">
        </testcase>
        <testcase classname="tests/activate-battlefield-ability.scoped-detector-routing.integration.test.ts" name="activateBattlefieldAbility detector routing uses selected ability text (integration) &gt; routes Homeward Path to the selected non-mana ability and restores creatures to owner control on resolution" time="0.0075454">
        </testcase>
        <testcase classname="tests/activate-battlefield-ability.scoped-detector-routing.integration.test.ts" name="activateBattlefieldAbility detector routing uses selected ability text (integration) &gt; routes generic shared-type exchange abilities through multi-target selection and resolves them" time="0.0212998">
        </testcase>
        <testcase classname="tests/activate-battlefield-ability.scoped-detector-routing.integration.test.ts" name="activateBattlefieldAbility detector routing uses selected ability text (integration) &gt; rejects invalid shared-type exchange selections for activated abilities and allows a valid retry" time="0.0114102">
        </testcase>
    </testsuite>
    <testsuite name="tests/activate-fetchland.integration.test.ts" timestamp="2026-04-23T07:32:39.710Z" hostname="A2Ryzen9" tests="4" failures="0" errors="0" skipped="0" time="0.2759952">
        <testcase classname="tests/activate-fetchland.integration.test.ts" name="activateFetchland persistence (integration) &gt; persists true-fetch activation evidence and tracks life lost this turn" time="0.0397046">
        </testcase>
        <testcase classname="tests/activate-fetchland.integration.test.ts" name="activateFetchland persistence (integration) &gt; keeps a sacrificed token fetchland copy visible in graveyard during live activation" time="0.004198">
        </testcase>
        <testcase classname="tests/activate-fetchland.integration.test.ts" name="activateFetchland persistence (integration) &gt; persists mana-cost fetch activation metadata for exact replay reconstruction" time="0.0030105">
        </testcase>
        <testcase classname="tests/activate-fetchland.integration.test.ts" name="activateFetchland persistence (integration) &gt; does not recreate a Misty Rainforest prompt after restart once the search resolved event was persisted" time="0.2022625">
        </testcase>
    </testsuite>
    <testsuite name="tests/activate-fetchland.replay.test.ts" timestamp="2026-04-23T07:32:39.711Z" hostname="A2Ryzen9" tests="5" failures="0" errors="0" skipped="0" time="0.0441293">
        <testcase classname="tests/activate-fetchland.replay.test.ts" name="activateFetchland replay semantics &gt; replays a life-cost fetchland by moving it to graveyard and rebuilding the unresolved stack item" time="0.024135">
        </testcase>
        <testcase classname="tests/activate-fetchland.replay.test.ts" name="activateFetchland replay semantics &gt; replays a mana-cost fetchland by consuming mana and preserving the multi-search stack payload" time="0.0022387">
        </testcase>
        <testcase classname="tests/activate-fetchland.replay.test.ts" name="activateFetchland replay semantics &gt; replays a token fetchland by preserving the graveyard snapshot and rebuilding the unresolved stack item" time="0.0013206">
        </testcase>
        <testcase classname="tests/activate-fetchland.replay.test.ts" name="activateFetchland replay semantics &gt; drops the resolved fetch-land stack item when the search result is replayed" time="0.0125572">
        </testcase>
        <testcase classname="tests/activate-fetchland.replay.test.ts" name="activateFetchland replay semantics &gt; does not recreate a Misty Rainforest choice after the search result was already persisted" time="0.0012873">
        </testcase>
    </testsuite>
    <testsuite name="tests/activate-mana-ability.replay.test.ts" timestamp="2026-04-23T07:32:39.711Z" hostname="A2Ryzen9" tests="11" failures="0" errors="0" skipped="0" time="0.047614">
        <testcase classname="tests/activate-mana-ability.replay.test.ts" name="activateManaAbility replay semantics &gt; replays recorded mana deltas and recorded life loss exactly" time="0.022163">
        </testcase>
        <testcase classname="tests/activate-mana-ability.replay.test.ts" name="activateManaAbility replay semantics &gt; replays legacy thin mana events by inferring the mana added" time="0.0047815">
        </testcase>
        <testcase classname="tests/activate-mana-ability.replay.test.ts" name="activateManaAbility replay semantics &gt; replays legacy pain-land events by inferring the life loss" time="0.0012918">
        </testcase>
        <testcase classname="tests/activate-mana-ability.replay.test.ts" name="activateManaAbility replay semantics &gt; replays pay-life mana activations without counting them as damage" time="0.0010874">
        </testcase>
        <testcase classname="tests/activate-mana-ability.replay.test.ts" name="activateManaAbility replay semantics &gt; replays activation-cost life separately from legacy pay-life mana results" time="0.0070512">
        </testcase>
        <testcase classname="tests/activate-mana-ability.replay.test.ts" name="activateManaAbility replay semantics &gt; replays thin legacy multi-color mana events without collapsing to the first color" time="0.0007697">
        </testcase>
        <testcase classname="tests/activate-mana-ability.replay.test.ts" name="activateManaAbility replay semantics &gt; replays thin exact-line mana events using the persisted selected amount" time="0.0006089">
        </testcase>
        <testcase classname="tests/activate-mana-ability.replay.test.ts" name="activateManaAbility replay semantics &gt; replays a multi-ability land mana activation without sacrificing the land" time="0.0011162">
        </testcase>
        <testcase classname="tests/activate-mana-ability.replay.test.ts" name="activateManaAbility replay semantics &gt; replays recorded mana even after a prior activation-cost sacrifice removed the source" time="0.0019887">
        </testcase>
        <testcase classname="tests/activate-mana-ability.replay.test.ts" name="activateManaAbility replay semantics &gt; replays storage-counter mana activations with recorded counter removal" time="0.0023061">
        </testcase>
        <testcase classname="tests/activate-mana-ability.replay.test.ts" name="activateManaAbility replay semantics &gt; replays recorded Arena-style haste-granting mana provenance" time="0.0004142">
        </testcase>
    </testsuite>
    <testsuite name="tests/activated-ability.validate-before-complete.integration.test.ts" timestamp="2026-04-23T07:32:39.713Z" hostname="A2Ryzen9" tests="1" failures="0" errors="0" skipped="0" time="0.0431756">
        <testcase classname="tests/activated-ability.validate-before-complete.integration.test.ts" name="Activated ability validate-before-complete (integration) &gt; ACTIVATED_ABILITY does not consume the step on invalid response payload, then consumes once valid" time="0.0262208">
        </testcase>
    </testsuite>
    <testsuite name="tests/activation-cost.autotap-simple-mana.integration.test.ts" timestamp="2026-04-23T07:32:39.713Z" hostname="A2Ryzen9" tests="2" failures="0" errors="0" skipped="0" time="0.1821705">
        <testcase classname="tests/activation-cost.autotap-simple-mana.integration.test.ts" name="activation-cost simple mana auto-tap (integration) &gt; uses the full amplified output of simple auto-tapped sources for activation costs" time="0.1471198">
        </testcase>
        <testcase classname="tests/activation-cost.autotap-simple-mana.integration.test.ts" name="activation-cost simple mana auto-tap (integration) &gt; preserves leftover mana from simple all-at-once multi-color sources after paying a generic activation cost" time="0.0053263">
        </testcase>
    </testsuite>
    <testsuite name="tests/activation-cost.mana-prevalidation.no-partial.integration.test.ts" timestamp="2026-04-23T07:32:39.714Z" hostname="A2Ryzen9" tests="5" failures="0" errors="0" skipped="0" time="0.2193578">
        <testcase classname="tests/activation-cost.mana-prevalidation.no-partial.integration.test.ts" name="Activation-cost mana prevalidation prevents partial costs (integration) &gt; does not tap targets (and does not consume step) when tap-other activation cost has insufficient mana" time="0.152756">
        </testcase>
        <testcase classname="tests/activation-cost.mana-prevalidation.no-partial.integration.test.ts" name="Activation-cost mana prevalidation prevents partial costs (integration) &gt; does not move a card out of hand (and does not consume step) when exile-from-hand activation cost has insufficient mana" time="0.0091622">
        </testcase>
        <testcase classname="tests/activation-cost.mana-prevalidation.no-partial.integration.test.ts" name="Activation-cost mana prevalidation prevents partial costs (integration) &gt; does not remove counters (and does not consume step) when remove-counters activation cost has insufficient mana" time="0.0135299">
        </testcase>
        <testcase classname="tests/activation-cost.mana-prevalidation.no-partial.integration.test.ts" name="Activation-cost mana prevalidation prevents partial costs (integration) &gt; does not sacrifice a permanent (and does not consume step) when sacrifice activation cost has insufficient mana" time="0.0070503">
        </testcase>
        <testcase classname="tests/activation-cost.mana-prevalidation.no-partial.integration.test.ts" name="Activation-cost mana prevalidation prevents partial costs (integration) &gt; does not return a permanent to hand (and does not consume step) when return-to-hand activation cost has insufficient mana" time="0.0064074">
        </testcase>
    </testsuite>
    <testsuite name="tests/activation-effects.replay.test.ts" timestamp="2026-04-23T07:32:39.715Z" hostname="A2Ryzen9" tests="18" failures="0" errors="0" skipped="0" time="0.1067412">
        <testcase classname="tests/activation-effects.replay.test.ts" name="activation effect replay semantics &gt; replays activateSacrificeDrawAbility by consuming mana, sacrificing the permanent, and drawing a card" time="0.0239825">
        </testcase>
        <testcase classname="tests/activation-effects.replay.test.ts" name="activation effect replay semantics &gt; replays activateDoublingCube by paying {3}, doubling the remaining mana, and tapping the cube" time="0.0004816">
        </testcase>
        <testcase classname="tests/activation-effects.replay.test.ts" name="activation effect replay semantics &gt; replays activateUpgradeAbility by spending the upgrade cost and rebuilding the unresolved stack item" time="0.0138065">
        </testcase>
        <testcase classname="tests/activation-effects.replay.test.ts" name="activation effect replay semantics &gt; replays activateTutorAbility by scoping the selected ability, spending costs, and rebuilding the search queue" time="0.015019">
        </testcase>
        <testcase classname="tests/activation-effects.replay.test.ts" name="activation effect replay semantics &gt; replays activateTutorAbility for a sacrificed token source by preserving the graveyard snapshot and rebuilding the search queue" time="0.0059866">
        </testcase>
        <testcase classname="tests/activation-effects.replay.test.ts" name="activation effect replay semantics &gt; replays reconfigure unattach battlefield activations by rebuilding the unresolved stack item" time="0.0014925">
        </testcase>
        <testcase classname="tests/activation-effects.replay.test.ts" name="activation effect replay semantics &gt; replays equip battlefield target activations by rebuilding the stack item and spending equip cost" time="0.0017008">
        </testcase>
        <testcase classname="tests/activation-effects.replay.test.ts" name="activation effect replay semantics &gt; replays fortify battlefield target activations by rebuilding the stack item and spending fortify cost" time="0.0007726">
        </testcase>
        <testcase classname="tests/activation-effects.replay.test.ts" name="activation effect replay semantics &gt; replays reconfigure attach battlefield target activations by rebuilding the stack item and spending reconfigure cost" time="0.0017337">
        </testcase>
        <testcase classname="tests/activation-effects.replay.test.ts" name="activation effect replay semantics &gt; replays non-target battlefield activations with interactive costs when activatedAbilityText is present" time="0.0014503">
        </testcase>
        <testcase classname="tests/activation-effects.replay.test.ts" name="activation effect replay semantics &gt; replays Phyrexian-cost battlefield activations by rebuilding the stack item and charging life" time="0.0007299">
        </testcase>
        <testcase classname="tests/activation-effects.replay.test.ts" name="activation effect replay semantics &gt; replays tap-other activation costs by tapping the chosen permanent and rebuilding the stack item" time="0.0004508">
        </testcase>
        <testcase classname="tests/activation-effects.replay.test.ts" name="activation effect replay semantics &gt; replays targeted player battlefield activations with tap-other costs by rebuilding the stack item and milling the chosen player" time="0.0149344">
        </testcase>
        <testcase classname="tests/activation-effects.replay.test.ts" name="activation effect replay semantics &gt; replays targeted permanent battlefield activations by rebuilding the stack item and tapping the chosen creature" time="0.0067376">
        </testcase>
        <testcase classname="tests/activation-effects.replay.test.ts" name="activation effect replay semantics &gt; replays Homeward Path battlefield activations by rebuilding the selected ability stack item and restoring owner control" time="0.0053907">
        </testcase>
        <testcase classname="tests/activation-effects.replay.test.ts" name="activation effect replay semantics &gt; replays targeted discard-cost battlefield activations by rebuilding the stack item and resolving the graveyard return effect" time="0.0051307">
        </testcase>
        <testcase classname="tests/activation-effects.replay.test.ts" name="activation effect replay semantics &gt; replays graveyard-targeted exile battlefield activations by rebuilding the stack item and exiling the chosen card" time="0.0009362">
        </testcase>
        <testcase classname="tests/activation-effects.replay.test.ts" name="activation effect replay semantics &gt; replays graveyard-to-library battlefield activations by rebuilding the stack item and moving the chosen card to its owner&apos;s library" time="0.0025169">
        </testcase>
    </testsuite>
    <testsuite name="tests/adapt-monstrosity.generic-ability-routing.integration.test.ts" timestamp="2026-04-23T07:32:39.717Z" hostname="A2Ryzen9" tests="2" failures="0" errors="0" skipped="0" time="0.7676144">
        <testcase classname="tests/adapt-monstrosity.generic-ability-routing.integration.test.ts" name="Adapt and monstrosity generic ability routing (integration) &gt; activates adapt through the parser-emitted generic id" time="0.1018737">
        </testcase>
        <testcase classname="tests/adapt-monstrosity.generic-ability-routing.integration.test.ts" name="Adapt and monstrosity generic ability routing (integration) &gt; activates monstrosity through the parser-emitted generic id" time="0.0415091">
        </testcase>
    </testsuite>
    <testsuite name="tests/added-mana-with-this-ability.intervening-if.test.ts" timestamp="2026-04-23T07:32:39.718Z" hostname="A2Ryzen9" tests="6" failures="0" errors="0" skipped="0" time="0.0721164">
        <testcase classname="tests/added-mana-with-this-ability.intervening-if.test.ts" name="Intervening-if: added mana with this ability this turn &gt; returns null when tracking is absent" time="0.0378666">
        </testcase>
        <testcase classname="tests/added-mana-with-this-ability.intervening-if.test.ts" name="Intervening-if: added mana with this ability this turn &gt; returns true when tracking exists and ability has no entry (provably not yet)" time="0.0137202">
        </testcase>
        <testcase classname="tests/added-mana-with-this-ability.intervening-if.test.ts" name="Intervening-if: added mana with this ability this turn &gt; returns false when tracking shows mana was added for this ability" time="0.000482">
        </testcase>
        <testcase classname="tests/added-mana-with-this-ability.intervening-if.test.ts" name="Intervening-if: added mana with this ability this turn &gt; accepts explicit permanent-scoped boolean when abilityId is unknown" time="0.0004991">
        </testcase>
        <testcase classname="tests/added-mana-with-this-ability.intervening-if.test.ts" name="Intervening-if: added mana with this ability this turn &gt; applyEvent(activateManaAbility) sets tracking deterministically" time="0.015762">
        </testcase>
        <testcase classname="tests/added-mana-with-this-ability.intervening-if.test.ts" name="Intervening-if: added mana with this ability this turn &gt; applyEvent(activateBattlefieldAbility) sets tracking for mana-like activations" time="0.0005781">
        </testcase>
    </testsuite>
    <testsuite name="tests/additional-cost-paid.intervening-if.test.ts" timestamp="2026-04-23T07:32:39.719Z" hostname="A2Ryzen9" tests="4" failures="0" errors="0" skipped="0" time="0.0691054">
        <testcase classname="tests/additional-cost-paid.intervening-if.test.ts" name="Intervening-if: &apos;if its additional cost was paid&apos; &gt; returns true when additional-cost payment is known true" time="0.0472164">
        </testcase>
        <testcase classname="tests/additional-cost-paid.intervening-if.test.ts" name="Intervening-if: &apos;if its additional cost was paid&apos; &gt; returns false when additional-cost payment is known false" time="0.0177139">
        </testcase>
        <testcase classname="tests/additional-cost-paid.intervening-if.test.ts" name="Intervening-if: &apos;if its additional cost was paid&apos; &gt; returns true for positive-only evidence without known flag" time="0.0009884">
        </testcase>
        <testcase classname="tests/additional-cost-paid.intervening-if.test.ts" name="Intervening-if: &apos;if its additional cost was paid&apos; &gt; returns null for false without known flag (avoid false negatives)" time="0.0006064">
        </testcase>
    </testsuite>
    <testsuite name="tests/additional-cost-payment.validate-before-complete.integration.test.ts" timestamp="2026-04-23T07:32:39.720Z" hostname="A2Ryzen9" tests="1" failures="0" errors="0" skipped="0" time="0.059794">
        <testcase classname="tests/additional-cost-payment.validate-before-complete.integration.test.ts" name="ADDITIONAL_COST_PAYMENT validate-before-complete (integration) &gt; does not consume the step on invalid selection" time="0.040757">
        </testcase>
    </testsuite>
    <testsuite name="tests/afflict.block-trigger.integration.test.ts" timestamp="2026-04-23T07:32:39.720Z" hostname="A2Ryzen9" tests="2" failures="0" errors="0" skipped="0" time="0.1975832">
        <testcase classname="tests/afflict.block-trigger.integration.test.ts" name="afflict block trigger automation &gt; pushes an afflict trigger when the attacker becomes blocked and makes the defending player lose life on resolution" time="0.1723293">
        </testcase>
        <testcase classname="tests/afflict.block-trigger.integration.test.ts" name="afflict block trigger automation &gt; replays a persisted afflict trigger and uses the defending player snapshot for life loss" time="0.0089257">
        </testcase>
    </testsuite>
    <testsuite name="tests/after-sacrifice-followup-target-selection.integration.test.ts" timestamp="2026-04-23T07:32:39.721Z" hostname="A2Ryzen9" tests="3" failures="0" errors="0" skipped="0" time="0.1245666">
        <testcase classname="tests/after-sacrifice-followup-target-selection.integration.test.ts" name="after sacrifice followup target selection (integration) &gt; queues and resolves a generic target-selection action after sacrificing a creature" time="0.0788958">
        </testcase>
        <testcase classname="tests/after-sacrifice-followup-target-selection.integration.test.ts" name="after sacrifice followup target selection (integration) &gt; persists and replays sacrifice-when-you-do reflexive target selection" time="0.0066616">
        </testcase>
        <testcase classname="tests/after-sacrifice-followup-target-selection.integration.test.ts" name="after sacrifice followup target selection (integration) &gt; persists and replays the sacrifice-when-you-do ask-stage follow-up sacrifice prompt" time="0.0132293">
        </testcase>
    </testsuite>
    <testsuite name="tests/ai-activate-ability.replay.test.ts" timestamp="2026-04-23T07:32:39.721Z" hostname="A2Ryzen9" tests="5" failures="0" errors="0" skipped="0" time="0.0549057">
        <testcase classname="tests/ai-activate-ability.replay.test.ts" name="AI activated ability replay semantics &gt; replays shared AI Humble Defector activations deterministically" time="0.0205914">
        </testcase>
        <testcase classname="tests/ai-activate-ability.replay.test.ts" name="AI activated ability replay semantics &gt; replays legacy-fallback AI Humble Defector activations persisted as activateBattlefieldAbility" time="0.0008299">
        </testcase>
        <testcase classname="tests/ai-activate-ability.replay.test.ts" name="AI activated ability replay semantics &gt; replays shared AI fetch-land activations by paying costs and rebuilding the unresolved stack item" time="0.0097394">
        </testcase>
        <testcase classname="tests/ai-activate-ability.replay.test.ts" name="AI activated ability replay semantics &gt; replays shared AI generic non-mana battlefield activations by rebuilding the unresolved stack item" time="0.0026705">
        </testcase>
        <testcase classname="tests/ai-activate-ability.replay.test.ts" name="AI activated ability replay semantics &gt; replays legacy activateAbility token sacrifices by preserving the graveyard snapshot and unresolved stack item" time="0.000976">
        </testcase>
    </testsuite>
    <testsuite name="tests/ai-card-pool-selection.test.ts" timestamp="2026-04-23T07:32:39.722Z" hostname="A2Ryzen9" tests="4" failures="0" errors="0" skipped="0" time="0.0209034">
        <testcase classname="tests/ai-card-pool-selection.test.ts" name="AI card pool selection &gt; prefers combo-aligned cards during library search" time="0.012905">
        </testcase>
        <testcase classname="tests/ai-card-pool-selection.test.ts" name="AI card pool selection &gt; prefers higher-value graveyard cards for reanimation-style selection" time="0.0036754">
        </testcase>
        <testcase classname="tests/ai-card-pool-selection.test.ts" name="AI card pool selection &gt; prefers expendable graveyard cards for exile-style costs" time="0.0014253">
        </testcase>
        <testcase classname="tests/ai-card-pool-selection.test.ts" name="AI card pool selection &gt; prefers stronger opposing graveyard cards for exile-style targeting" time="0.0006022">
        </testcase>
    </testsuite>
    <testsuite name="tests/ai-choice-target-selection.test.ts" timestamp="2026-04-23T07:32:39.723Z" hostname="A2Ryzen9" tests="5" failures="0" errors="0" skipped="0" time="0.0487502">
        <testcase classname="tests/ai-choice-target-selection.test.ts" name="AI choice target selection &gt; prefers hostile combo-engine targets during target selection steps" time="0.0297964">
        </testcase>
        <testcase classname="tests/ai-choice-target-selection.test.ts" name="AI choice target selection &gt; prefers own ETB value targets for beneficial target selection steps" time="0.0092254">
        </testcase>
        <testcase classname="tests/ai-choice-target-selection.test.ts" name="AI choice target selection &gt; prefers higher-impact opposing spells on the stack during target selection steps" time="0.0006326">
        </testcase>
        <testcase classname="tests/ai-choice-target-selection.test.ts" name="AI choice target selection &gt; prefers stronger graveyard reanimation targets during target selection steps" time="0.0040752">
        </testcase>
        <testcase classname="tests/ai-choice-target-selection.test.ts" name="AI choice target selection &gt; prefers exiling stronger opposing graveyard cards during target selection steps" time="0.0014773">
        </testcase>
    </testsuite>
    <testsuite name="tests/ai-mana-ability.integration.test.ts" timestamp="2026-04-23T07:32:39.724Z" hostname="A2Ryzen9" tests="3" failures="0" errors="0" skipped="0" time="0.3680431">
        <testcase classname="tests/ai-mana-ability.integration.test.ts" name="AI mana ability integration &gt; sacrifices Treasure mana sources live and persists the exact mana added" time="0.1398652">
        </testcase>
        <testcase classname="tests/ai-mana-ability.integration.test.ts" name="AI mana ability integration &gt; applies self-damage mana loss live and persists the mana delta" time="0.1399963">
        </testcase>
        <testcase classname="tests/ai-mana-ability.integration.test.ts" name="AI mana ability integration &gt; treats pay-life mana abilities as life loss without damage tracking" time="0.0684163">
        </testcase>
    </testsuite>
    <testsuite name="tests/ai-management.authorization.integration.test.ts" timestamp="2026-04-23T07:32:39.724Z" hostname="A2Ryzen9" tests="6" failures="0" errors="0" skipped="0" time="0.0299909">
        <testcase classname="tests/ai-management.authorization.integration.test.ts" name="AI management authorization (integration) &gt; rejects createGame* when gameId already exists (prevents mutating existing game)" time="0.0045188">
        </testcase>
        <testcase classname="tests/ai-management.authorization.integration.test.ts" name="AI management authorization (integration) &gt; does not allow non-creator to add/remove AI (does not wipe resolution queue)" time="0.0032382">
        </testcase>
        <testcase classname="tests/ai-management.authorization.integration.test.ts" name="AI management authorization (integration) &gt; allows creator to add AI to an existing game" time="0.0052942">
        </testcase>
        <testcase classname="tests/ai-management.authorization.integration.test.ts" name="AI management authorization (integration) &gt; rejects creator addAIToGame when not in the game room" time="0.0008371">
        </testcase>
        <testcase classname="tests/ai-management.authorization.integration.test.ts" name="AI management authorization (integration) &gt; does not throw when payload is missing (crash-safety)" time="0.0017019">
        </testcase>
        <testcase classname="tests/ai-management.authorization.integration.test.ts" name="AI management authorization (integration) &gt; rejects malformed payloads for AI management handlers" time="0.0005743">
        </testcase>
    </testsuite>
    <testsuite name="tests/ai-modal-choice.test.ts" timestamp="2026-04-23T07:32:39.725Z" hostname="A2Ryzen9" tests="2" failures="0" errors="0" skipped="0" time="0.0123818">
        <testcase classname="tests/ai-modal-choice.test.ts" name="AI modal choice heuristics &gt; prefers offensive keyword counters for a large commander" time="0.0029827">
        </testcase>
        <testcase classname="tests/ai-modal-choice.test.ts" name="AI modal choice heuristics &gt; chooses the highest-impact creature for put-from-hand modal choices" time="0.0069129">
        </testcase>
    </testsuite>
    <testsuite name="tests/ai-mode-selection.test.ts" timestamp="2026-04-23T07:32:39.726Z" hostname="A2Ryzen9" tests="3" failures="0" errors="0" skipped="0" time="0.0063968">
        <testcase classname="tests/ai-mode-selection.test.ts" name="AI mode selection &gt; chooses land for Abundant Harvest when mana development is short" time="0.0011447">
        </testcase>
        <testcase classname="tests/ai-mode-selection.test.ts" name="AI mode selection &gt; chooses overload when affordable and multiple opposing permanents exist" time="0.0012747">
        </testcase>
        <testcase classname="tests/ai-mode-selection.test.ts" name="AI mode selection &gt; declines ward when a Signet bundle only looks affordable in the aggregate pool" time="0.0021903">
        </testcase>
    </testsuite>
    <testsuite name="tests/ai-option-choice.test.ts" timestamp="2026-04-23T07:32:39.726Z" hostname="A2Ryzen9" tests="3" failures="0" errors="0" skipped="0" time="0.0098078">
        <testcase classname="tests/ai-option-choice.test.ts" name="AI option choice &gt; declines may-draw prompts when library is nearly empty" time="0.0016106">
        </testcase>
        <testcase classname="tests/ai-option-choice.test.ts" name="AI option choice &gt; pays life for shock lands when life is healthy and untapped mana matters" time="0.0003948">
        </testcase>
        <testcase classname="tests/ai-option-choice.test.ts" name="AI option choice &gt; declines mana ward when the AI cannot pay" time="0.0054539">
        </testcase>
    </testsuite>
    <testsuite name="tests/ai-resolution-step.integration.test.ts" timestamp="2026-04-23T07:32:39.727Z" hostname="A2Ryzen9" tests="94" failures="0" errors="0" skipped="0" time="1.9011078">
        <testcase classname="tests/ai-resolution-step.integration.test.ts" name="AI resolution-step integration &gt; routes active target-selection steps through AI priority handling and chooses the best target" time="0.1389705">
        </testcase>
        <testcase classname="tests/ai-resolution-step.integration.test.ts" name="AI resolution-step integration &gt; auto-resolves AI target-selection steps from the shared resolution queue handler" time="0.0820978">
        </testcase>
        <testcase classname="tests/ai-resolution-step.integration.test.ts" name="AI resolution-step integration &gt; routes active graveyard-card target-selection steps through AI priority handling and chooses the best reanimation target" time="0.0080385">
        </testcase>
        <testcase classname="tests/ai-resolution-step.integration.test.ts" name="AI resolution-step integration &gt; routes active opponent graveyard-selection steps through AI priority handling and exiles the strongest opposing card" time="0.0021575">
        </testcase>
        <testcase classname="tests/ai-resolution-step.integration.test.ts" name="AI resolution-step integration &gt; routes active library-search steps through AI priority handling and submits the best card choice" time="0.001821">
        </testcase>
        <testcase classname="tests/ai-resolution-step.integration.test.ts" name="AI resolution-step integration &gt; routes active player-choice steps through AI priority handling and selects the strongest legal opponent" time="0.0071885">
        </testcase>
        <testcase classname="tests/ai-resolution-step.integration.test.ts" name="AI resolution-step integration &gt; routes active color-choice steps through AI priority handling and submits a legal color" time="0.0017801">
        </testcase>
        <testcase classname="tests/ai-resolution-step.integration.test.ts" name="AI resolution-step integration &gt; routes active creature-type-choice steps through AI priority handling and selects the dominant tribe" time="0.0522504">
        </testcase>
        <testcase classname="tests/ai-resolution-step.integration.test.ts" name="AI resolution-step integration &gt; routes active kynaios-choice steps through AI priority handling and chooses to play a land when available" time="0.0022879">
        </testcase>
        <testcase classname="tests/ai-resolution-step.integration.test.ts" name="AI resolution-step integration &gt; routes active card-name-choice steps through AI priority handling and selects a visible opposing threat from the candidate list" time="0.0032334">
        </testcase>
        <testcase classname="tests/ai-resolution-step.integration.test.ts" name="AI resolution-step integration &gt; routes active opening-hand-actions steps through AI priority handling and keeps all legal opening hand permanents" time="0.0016662">
        </testcase>
        <testcase classname="tests/ai-resolution-step.integration.test.ts" name="AI resolution-step integration &gt; routes active upkeep-sacrifice steps through AI priority handling and sacrifices the least valuable creature" time="0.0065589">
        </testcase>
        <testcase classname="tests/ai-resolution-step.integration.test.ts" name="AI resolution-step integration &gt; routes active return-controlled-permanent steps through AI priority handling and returns the least valuable legal permanent" time="0.0038784">
        </testcase>
        <testcase classname="tests/ai-resolution-step.integration.test.ts" name="AI resolution-step integration &gt; routes active hideaway-choice steps through AI priority handling and hides away the highest-value card" time="0.0226537">
        </testcase>
        <testcase classname="tests/ai-resolution-step.integration.test.ts" name="AI resolution-step integration &gt; routes active scry steps through AI priority handling and submits a legal keep-top partition" time="0.0044834">
        </testcase>
        <testcase classname="tests/ai-resolution-step.integration.test.ts" name="AI resolution-step integration &gt; routes active surveil steps through AI priority handling and sends lands to the graveyard" time="0.0014975">
        </testcase>
        <testcase classname="tests/ai-resolution-step.integration.test.ts" name="AI resolution-step integration &gt; routes active bottom-order steps through AI priority handling and submits a full ordering" time="0.0008688">
        </testcase>
        <testcase classname="tests/ai-resolution-step.integration.test.ts" name="AI resolution-step integration &gt; routes active Lim-Dul&apos;s Vault steps through AI priority handling and keeps the current five-card order" time="0.0008569">
        </testcase>
        <testcase classname="tests/ai-resolution-step.integration.test.ts" name="AI resolution-step integration &gt; routes active Dance with Calamity steps through AI priority handling and keeps exiling while only lands are revealed" time="0.0008045">
        </testcase>
        <testcase classname="tests/ai-resolution-step.integration.test.ts" name="AI resolution-step integration &gt; routes active Dance with Calamity cast steps through AI priority handling and orders spells by mana value" time="0.0008768">
        </testcase>
        <testcase classname="tests/ai-resolution-step.integration.test.ts" name="AI resolution-step integration &gt; routes active hand-to-bottom steps through AI priority handling and chooses the last cards in hand" time="0.0011294">
        </testcase>
        <testcase classname="tests/ai-resolution-step.integration.test.ts" name="AI resolution-step integration &gt; routes active fateseal steps through AI priority handling and submits a legal partition" time="0.0008094">
        </testcase>
        <testcase classname="tests/ai-resolution-step.integration.test.ts" name="AI resolution-step integration &gt; routes active clash steps through AI priority handling and keeps the revealed card on top" time="0.0007816">
        </testcase>
        <testcase classname="tests/ai-resolution-step.integration.test.ts" name="AI resolution-step integration &gt; routes active vote steps through AI priority handling and selects the first valid option" time="0.0007592">
        </testcase>
        <testcase classname="tests/ai-resolution-step.integration.test.ts" name="AI resolution-step integration &gt; routes active two-pile split steps through AI priority handling and alternates cards between piles" time="0.0008367">
        </testcase>
        <testcase classname="tests/ai-resolution-step.integration.test.ts" name="AI resolution-step integration &gt; routes active riot-choice steps through AI priority handling and chooses the counter mode" time="0.0008191">
        </testcase>
        <testcase classname="tests/ai-resolution-step.integration.test.ts" name="AI resolution-step integration &gt; routes active unleash-choice steps through AI priority handling and chooses the counter mode" time="0.0007431">
        </testcase>
        <testcase classname="tests/ai-resolution-step.integration.test.ts" name="AI resolution-step integration &gt; routes active fabricate-choice steps through AI priority handling and prefers tokens for larger fabricate values" time="0.0008459">
        </testcase>
        <testcase classname="tests/ai-resolution-step.integration.test.ts" name="AI resolution-step integration &gt; routes active tribute-choice steps through AI priority handling and declines tribute" time="0.0009987">
        </testcase>
        <testcase classname="tests/ai-resolution-step.integration.test.ts" name="AI resolution-step integration &gt; routes active extort-payment steps through AI priority handling and skips the payment" time="0.0021507">
        </testcase>
        <testcase classname="tests/ai-resolution-step.integration.test.ts" name="AI resolution-step integration &gt; routes active generic keyword-choice steps through AI priority handling and selects the first option" time="0.0008856">
        </testcase>
        <testcase classname="tests/ai-resolution-step.integration.test.ts" name="AI resolution-step integration &gt; routes active exploit-choice steps through AI priority handling and sacrifices the weakest creature" time="0.0008005">
        </testcase>
        <testcase classname="tests/ai-resolution-step.integration.test.ts" name="AI resolution-step integration &gt; routes active backup-choice steps through AI priority handling and prefers the strongest other creature" time="0.0008071">
        </testcase>
        <testcase classname="tests/ai-resolution-step.integration.test.ts" name="AI resolution-step integration &gt; routes active mentor-target steps through AI priority handling and picks the lowest-power target" time="0.0008597">
        </testcase>
        <testcase classname="tests/ai-resolution-step.integration.test.ts" name="AI resolution-step integration &gt; routes active enlist-choice steps through AI priority handling and taps the highest-power creature" time="0.0009497">
        </testcase>
        <testcase classname="tests/ai-resolution-step.integration.test.ts" name="AI resolution-step integration &gt; routes active modular-choice steps through AI priority handling and chooses the strongest artifact creature" time="0.0007278">
        </testcase>
        <testcase classname="tests/ai-resolution-step.integration.test.ts" name="AI resolution-step integration &gt; routes active soulshift-target steps through AI priority handling and returns the highest mana value spirit" time="0.0007491">
        </testcase>
        <testcase classname="tests/ai-resolution-step.integration.test.ts" name="AI resolution-step integration &gt; routes active join-forces steps through AI priority handling and contributes zero mana" time="0.000808">
        </testcase>
        <testcase classname="tests/ai-resolution-step.integration.test.ts" name="AI resolution-step integration &gt; routes active counter-target steps through AI priority handling and chooses the first valid target" time="0.0006707">
        </testcase>
        <testcase classname="tests/ai-resolution-step.integration.test.ts" name="AI resolution-step integration &gt; routes active station-creature-selection steps through AI priority handling and chooses the highest-power creature" time="0.0008064">
        </testcase>
        <testcase classname="tests/ai-resolution-step.integration.test.ts" name="AI resolution-step integration &gt; routes active life-payment steps through AI priority handling and pays the minimum amount" time="0.0007658">
        </testcase>
        <testcase classname="tests/ai-resolution-step.integration.test.ts" name="AI resolution-step integration &gt; routes active additional-cost-payment steps through AI priority handling and chooses the first legal cards" time="0.0008522">
        </testcase>
        <testcase classname="tests/ai-resolution-step.integration.test.ts" name="AI resolution-step integration &gt; routes active squad-cost-payment steps through AI priority handling and declines extra squad payments" time="0.0007095">
        </testcase>
        <testcase classname="tests/ai-resolution-step.integration.test.ts" name="AI resolution-step integration &gt; routes active explore-decision steps through AI priority handling and bins nonlands" time="0.0008328">
        </testcase>
        <testcase classname="tests/ai-resolution-step.integration.test.ts" name="AI resolution-step integration &gt; routes active batch-explore-decision steps through AI priority handling and applies the same land heuristic per explore" time="0.0011296">
        </testcase>
        <testcase classname="tests/ai-resolution-step.integration.test.ts" name="AI resolution-step integration &gt; routes active tempting-offer steps through AI priority handling and declines the offer" time="0.0013154">
        </testcase>
        <testcase classname="tests/ai-resolution-step.integration.test.ts" name="AI resolution-step integration &gt; routes active activated-ability steps through AI priority handling and auto-resolves with an empty payload" time="0.0008407">
        </testcase>
        <testcase classname="tests/ai-resolution-step.integration.test.ts" name="AI resolution-step integration &gt; routes active cascade steps through AI priority handling and casts the hit card when present" time="0.0009691">
        </testcase>
        <testcase classname="tests/ai-resolution-step.integration.test.ts" name="AI resolution-step integration &gt; routes active ponder-effect steps through AI priority handling and keeps the current order without shuffling" time="0.0012673">
        </testcase>
        <testcase classname="tests/ai-resolution-step.integration.test.ts" name="AI resolution-step integration &gt; routes active devour-selection steps through AI priority handling and declines to sacrifice creatures" time="0.0009493">
        </testcase>
        <testcase classname="tests/ai-resolution-step.integration.test.ts" name="AI resolution-step integration &gt; routes active fight-target steps through AI priority handling and picks the first valid opposing creature" time="0.0014698">
        </testcase>
        <testcase classname="tests/ai-resolution-step.integration.test.ts" name="AI resolution-step integration &gt; routes active tap-untap-target steps through AI priority handling and selects legal targets with the requested action" time="0.0009114">
        </testcase>
        <testcase classname="tests/ai-resolution-step.integration.test.ts" name="AI resolution-step integration &gt; routes active counter-movement steps through AI priority handling and moves a legal counter to another permanent" time="0.0010468">
        </testcase>
        <testcase classname="tests/ai-resolution-step.integration.test.ts" name="AI resolution-step integration &gt; routes active proliferate steps through AI priority handling and selects beneficial targets" time="0.0008921">
        </testcase>
        <testcase classname="tests/ai-resolution-step.integration.test.ts" name="AI resolution-step integration &gt; routes active mana-payment-choice steps through AI priority handling and uses the existing payment helper" time="0.0095583">
        </testcase>
        <testcase classname="tests/ai-resolution-step.integration.test.ts" name="AI resolution-step integration &gt; routes active mutate-target-selection steps through AI priority handling and submits a host choice" time="0.0048507">
        </testcase>
        <testcase classname="tests/ai-resolution-step.integration.test.ts" name="AI resolution-step integration &gt; auto-resolves AI mutate target selection from the shared resolution queue handler and queues mutate payment" time="0.0079612">
        </testcase>
        <testcase classname="tests/ai-resolution-step.integration.test.ts" name="AI resolution-step integration &gt; auto-resolves AI opening hand actions from the shared resolution queue handler and moves legal cards onto the battlefield" time="0.004446">
        </testcase>
        <testcase classname="tests/ai-resolution-step.integration.test.ts" name="AI resolution-step integration &gt; auto-resolves AI card-name-choice steps from the shared resolution queue handler and stores the chosen name on the spell" time="0.0013147">
        </testcase>
        <testcase classname="tests/ai-resolution-step.integration.test.ts" name="AI resolution-step integration &gt; auto-resolves AI gift cast choice from the shared resolution queue handler and resumes the promised-gift cast flow" time="0.0503982">
        </testcase>
        <testcase classname="tests/ai-resolution-step.integration.test.ts" name="AI resolution-step integration &gt; auto-resolves AI spell-cast X selections and continues the cast" time="0.0653376">
        </testcase>
        <testcase classname="tests/ai-resolution-step.integration.test.ts" name="AI resolution-step integration &gt; auto-resolves AI mode-selection steps from the shared resolution queue handler using the live overload heuristic" time="0.0028733">
        </testcase>
        <testcase classname="tests/ai-resolution-step.integration.test.ts" name="AI resolution-step integration &gt; auto-resolves AI player-choice steps from the shared resolution queue handler using the live threat heuristic" time="0.0017848">
        </testcase>
        <testcase classname="tests/ai-resolution-step.integration.test.ts" name="AI resolution-step integration &gt; auto-resolves AI color-choice steps from the shared resolution queue handler using the live mana heuristic" time="0.0009572">
        </testcase>
        <testcase classname="tests/ai-resolution-step.integration.test.ts" name="AI resolution-step integration &gt; auto-resolves AI creature-type-choice steps from the shared resolution queue handler using the live tribe heuristic" time="0.0036206">
        </testcase>
        <testcase classname="tests/ai-resolution-step.integration.test.ts" name="AI resolution-step integration &gt; auto-resolves AI kynaios-choice steps from the shared resolution queue handler and plays the available land" time="0.0154743">
        </testcase>
        <testcase classname="tests/ai-resolution-step.integration.test.ts" name="AI resolution-step integration &gt; auto-resolves AI fateseal steps from the shared resolution queue handler" time="0.0012532">
        </testcase>
        <testcase classname="tests/ai-resolution-step.integration.test.ts" name="AI resolution-step integration &gt; auto-resolves AI clash steps from the shared resolution queue handler" time="0.0007826">
        </testcase>
        <testcase classname="tests/ai-resolution-step.integration.test.ts" name="AI resolution-step integration &gt; auto-resolves AI vote steps from the shared resolution queue handler" time="0.0010188">
        </testcase>
        <testcase classname="tests/ai-resolution-step.integration.test.ts" name="AI resolution-step integration &gt; auto-resolves AI entrapment-maneuver steps from the shared resolution queue handler" time="0.0025415">
        </testcase>
        <testcase classname="tests/ai-resolution-step.integration.test.ts" name="AI resolution-step integration &gt; auto-resolves AI upkeep-sacrifice steps from the shared resolution queue handler using the live sacrifice heuristic" time="0.0034522">
        </testcase>
        <testcase classname="tests/ai-resolution-step.integration.test.ts" name="AI resolution-step integration &gt; auto-resolves AI return-controlled-permanent steps from the shared resolution queue handler using the live bounce heuristic" time="0.0030537">
        </testcase>
        <testcase classname="tests/ai-resolution-step.integration.test.ts" name="AI resolution-step integration &gt; auto-resolves AI hideaway-choice steps from the shared resolution queue handler and stores the chosen card under the source permanent" time="0.0052521">
        </testcase>
        <testcase classname="tests/ai-resolution-step.integration.test.ts" name="AI resolution-step integration &gt; auto-resolves AI scry steps from the shared resolution queue handler using the land-aware heuristic" time="0.0015608">
        </testcase>
        <testcase classname="tests/ai-resolution-step.integration.test.ts" name="AI resolution-step integration &gt; auto-resolves AI trigger-order steps from the shared resolution queue handler" time="0.0011906">
        </testcase>
        <testcase classname="tests/ai-resolution-step.integration.test.ts" name="AI resolution-step integration &gt; advances out of untap instead of passing priority repeatedly" time="0.0489274">
        </testcase>
        <testcase classname="tests/ai-resolution-step.integration.test.ts" name="AI resolution-step integration &gt; deduplicates repeated broadcast-triggered AI untap handling" time="0.0068782">
        </testcase>
        <testcase classname="tests/ai-resolution-step.integration.test.ts" name="AI resolution-step integration &gt; passes priority instead of retrying a stale duplicate land already on the battlefield" time="0.520448">
        </testcase>
        <testcase classname="tests/ai-resolution-step.integration.test.ts" name="AI resolution-step integration &gt; deduplicates repeated broadcast-triggered human auto-pass scheduling" time="0.0034217">
        </testcase>
        <testcase classname="tests/ai-resolution-step.integration.test.ts" name="AI resolution-step integration &gt; does not auto-pass a human defender who can flash in a blocker after attackers are declared" time="0.0011004">
        </testcase>
        <testcase classname="tests/ai-resolution-step.integration.test.ts" name="AI resolution-step integration &gt; does not let the attacking AI declare blockers for itself" time="0.0116621">
        </testcase>
        <testcase classname="tests/ai-resolution-step.integration.test.ts" name="AI resolution-step integration &gt; does not wait on a human defender with no blockers during declare blockers" time="0.0012232">
        </testcase>
        <testcase classname="tests/ai-resolution-step.integration.test.ts" name="AI resolution-step integration &gt; passes priority when an AI defender still needs to declare blockers" time="0.0021152">
        </testcase>
        <testcase classname="tests/ai-resolution-step.integration.test.ts" name="AI resolution-step integration &gt; advances out of declare attackers when the AI chooses no attackers" time="0.5061298">
        </testcase>
        <testcase classname="tests/ai-resolution-step.integration.test.ts" name="AI resolution-step integration &gt; does not synchronously chain multiple step advances after one AI auto-pass" time="0.0024543">
        </testcase>
        <testcase classname="tests/ai-resolution-step.integration.test.ts" name="AI resolution-step integration &gt; routes active option-choice steps through AI priority handling and submits the chosen option" time="0.0010141">
        </testcase>
        <testcase classname="tests/ai-resolution-step.integration.test.ts" name="AI resolution-step integration &gt; routes active gift cast option-choice steps through AI priority handling and promises the gift to an opponent" time="0.0014312">
        </testcase>
        <testcase classname="tests/ai-resolution-step.integration.test.ts" name="AI resolution-step integration &gt; plays shock lands through the shared option-choice flow instead of pre-paying life inline" time="0.0125537">
        </testcase>
        <testcase classname="tests/ai-resolution-step.integration.test.ts" name="AI resolution-step integration &gt; starts spell casting through the shared requestCastSpell flow" time="0.0063193">
        </testcase>
        <testcase classname="tests/ai-resolution-step.integration.test.ts" name="AI resolution-step integration &gt; routes active mode-selection steps through AI priority handling and submits the chosen mode" time="0.0013359">
        </testcase>
        <testcase classname="tests/ai-resolution-step.integration.test.ts" name="AI resolution-step integration &gt; routes active modal-choice steps through AI priority handling and uses modal-specific heuristics" time="0.0019942">
        </testcase>
        <testcase classname="tests/ai-resolution-step.integration.test.ts" name="AI resolution-step integration &gt; auto-resolves AI spell payment and completes the cast server-side" time="0.0660908">
        </testcase>
        <testcase classname="tests/ai-resolution-step.integration.test.ts" name="AI resolution-step integration &gt; uses the selected payment abilityId when duplicate-color mana abilities have different costs" time="0.0616299">
        </testcase>
        <testcase classname="tests/ai-resolution-step.integration.test.ts" name="AI resolution-step integration &gt; preserves excess mana when the selected payment ability line produces more than the spell spends" time="0.0642748">
        </testcase>
    </testsuite>
    <testsuite name="tests/ai-target-selection.test.ts" timestamp="2026-04-23T07:32:39.739Z" hostname="A2Ryzen9" tests="2" failures="0" errors="0" skipped="0" time="0.0330169">
        <testcase classname="tests/ai-target-selection.test.ts" name="AI target selection &gt; prioritizes combo-enabling opponent permanents over larger generic threats" time="0.0198186">
        </testcase>
        <testcase classname="tests/ai-target-selection.test.ts" name="AI target selection &gt; prioritizes own ETB value permanents for flicker effects" time="0.0104564">
        </testcase>
    </testsuite>
    <testsuite name="tests/ai.cast-sequencing.integration.test.ts" timestamp="2026-04-23T07:32:39.740Z" hostname="A2Ryzen9" tests="1" failures="0" errors="0" skipped="0" time="0.0472168">
        <testcase classname="tests/ai.cast-sequencing.integration.test.ts" name="AI cast sequencing integration &gt; does not chain additional spell attempts after a cast loses priority" time="0.0284296">
        </testcase>
    </testsuite>
    <testsuite name="tests/ai.deck-profile-rehydration.test.ts" timestamp="2026-04-23T07:32:39.740Z" hostname="A2Ryzen9" tests="1" failures="0" errors="0" skipped="0" time="0.0361732">
        <testcase classname="tests/ai.deck-profile-rehydration.test.ts" name="AI deck profile rehydration &gt; rebuilds the AI deck profile from battlefield, commander snapshot, and remaining library state after replay" time="0.0330979">
        </testcase>
    </testsuite>
    <testsuite name="tests/ai.mana-retention.test.ts" timestamp="2026-04-23T07:32:39.740Z" hostname="A2Ryzen9" tests="9" failures="0" errors="0" skipped="0" time="0.0060381">
        <testcase classname="tests/ai.mana-retention.test.ts" name="AI Mana Retention &gt; Land tapping strategy &gt; should keep at least 40% of lands untapped for instant-speed responses" time="0.0012185">
        </testcase>
        <testcase classname="tests/ai.mana-retention.test.ts" name="AI Mana Retention &gt; Land tapping strategy &gt; should keep at least 3 lands untapped even with small land count" time="0.0002368">
        </testcase>
        <testcase classname="tests/ai.mana-retention.test.ts" name="AI Mana Retention &gt; Land tapping strategy &gt; should not tap any lands if total is less than minimum threshold" time="0.0002585">
        </testcase>
        <testcase classname="tests/ai.mana-retention.test.ts" name="AI Mana Retention &gt; Land tapping strategy &gt; should handle edge case with 1 land" time="0.0002823">
        </testcase>
        <testcase classname="tests/ai.mana-retention.test.ts" name="AI Mana Retention &gt; Land tapping strategy &gt; should tap majority of lands with large land count" time="0.0002559">
        </testcase>
        <testcase classname="tests/ai.mana-retention.test.ts" name="AI Mana Retention &gt; Retention effect detection &gt; should detect Omnath, Locus of Mana by name" time="0.0002189">
        </testcase>
        <testcase classname="tests/ai.mana-retention.test.ts" name="AI Mana Retention &gt; Retention effect detection &gt; should detect Leyline Tyrant by name" time="0.0001941">
        </testcase>
        <testcase classname="tests/ai.mana-retention.test.ts" name="AI Mana Retention &gt; Retention effect detection &gt; should detect Kruphix by name" time="0.0001413">
        </testcase>
        <testcase classname="tests/ai.mana-retention.test.ts" name="AI Mana Retention &gt; Retention effect detection &gt; should not detect retention on regular mana producers" time="0.0002633">
        </testcase>
    </testsuite>
    <testsuite name="tests/ai.response-window.integration.test.ts" timestamp="2026-04-23T07:32:39.742Z" hostname="A2Ryzen9" tests="9" failures="0" errors="0" skipped="0" time="0.1483006">
        <testcase classname="tests/ai.response-window.integration.test.ts" name="AI response-window integration &gt; casts a hand instant on an opponent turn instead of hard-passing" time="0.0279339">
        </testcase>
        <testcase classname="tests/ai.response-window.integration.test.ts" name="AI response-window integration &gt; still attempts a cast when the only workable payment path is a non-tap mana activation first" time="0.0140757">
        </testcase>
        <testcase classname="tests/ai.response-window.integration.test.ts" name="AI response-window integration &gt; still attempts a cast when the only workable response path reuses the same non-tap mana activation" time="0.0095191">
        </testcase>
        <testcase classname="tests/ai.response-window.integration.test.ts" name="AI response-window integration &gt; still attempts a cast when the only workable response path is a non-tap return-to-hand mana activation first" time="0.0032914">
        </testcase>
        <testcase classname="tests/ai.response-window.integration.test.ts" name="AI response-window integration &gt; does not attempt a cast when the only discard payment would require discarding the spell being cast" time="0.0633993">
        </testcase>
        <testcase classname="tests/ai.response-window.integration.test.ts" name="AI response-window integration &gt; still attempts a cast when the only workable payment path is a non-tap discard mana activation first" time="0.0055199">
        </testcase>
        <testcase classname="tests/ai.response-window.integration.test.ts" name="AI response-window integration &gt; casts a top-library instant on an opponent turn when the shared permission model allows it" time="0.0035469">
        </testcase>
        <testcase classname="tests/ai.response-window.integration.test.ts" name="AI response-window integration &gt; casts a flashback instant from graveyard on an opponent turn through the shared cast request flow" time="0.0019292">
        </testcase>
        <testcase classname="tests/ai.response-window.integration.test.ts" name="AI response-window integration &gt; casts a card-specific playable-from-exile instant on an opponent turn through the shared cast request flow" time="0.0020912">
        </testcase>
    </testsuite>
    <testsuite name="tests/ai.restart-runtime.test.ts" timestamp="2026-04-23T07:32:39.743Z" hostname="A2Ryzen9" tests="1" failures="0" errors="0" skipped="0" time="0.0253257">
        <testcase classname="tests/ai.restart-runtime.test.ts" name="AI runtime restoration after replay &gt; rebuilds AI runtime registration from replayed join state" time="0.0227099">
        </testcase>
    </testsuite>
    <testsuite name="tests/ai.shared-battlefield-ability.integration.test.ts" timestamp="2026-04-23T07:32:39.743Z" hostname="A2Ryzen9" tests="6" failures="0" errors="0" skipped="0" time="0.6922462">
        <testcase classname="tests/ai.shared-battlefield-ability.integration.test.ts" name="AI shared battlefield ability surface &gt; routes a non-mana choice on a multi-ability permanent through the shared battlefield handler" time="0.050788">
        </testcase>
        <testcase classname="tests/ai.shared-battlefield-ability.integration.test.ts" name="AI shared battlefield ability surface &gt; uses the AI engine&apos;s exact ability id for multi-ability shared activations" time="0.0102908">
        </testcase>
        <testcase classname="tests/ai.shared-battlefield-ability.integration.test.ts" name="AI shared battlefield ability surface &gt; routes a generic stack-based draw activation through the shared battlefield handler" time="0.0912033">
        </testcase>
        <testcase classname="tests/ai.shared-battlefield-ability.integration.test.ts" name="AI shared battlefield ability surface &gt; persists legacy fallback activations through activateBattlefieldAbility when shared activation does not progress" time="0.0502298">
        </testcase>
        <testcase classname="tests/ai.shared-battlefield-ability.integration.test.ts" name="AI shared battlefield ability surface &gt; routes untargeted planeswalker loyalty activations through the shared battlefield handler" time="0.0089064">
        </testcase>
        <testcase classname="tests/ai.shared-battlefield-ability.integration.test.ts" name="AI shared battlefield ability surface &gt; routes targeted planeswalker loyalty activations through shared target selection and resolution" time="0.0330478">
        </testcase>
    </testsuite>
    <testsuite name="tests/ai.shared-battlefield-followup.integration.test.ts" timestamp="2026-04-23T07:32:39.745Z" hostname="A2Ryzen9" tests="2" failures="0" errors="0" skipped="0" time="0.2227946">
        <testcase classname="tests/ai.shared-battlefield-followup.integration.test.ts" name="AI shared battlefield follow-up integration &gt; routes Humble Defector through shared targeting and resolution without legacy activateAbility persistence" time="0.1295688">
        </testcase>
        <testcase classname="tests/ai.shared-battlefield-followup.integration.test.ts" name="AI shared battlefield follow-up integration &gt; routes Polluted Delta through shared fetchland activation and AI library search without legacy activateAbility persistence" time="0.0708716">
        </testcase>
    </testsuite>
    <testsuite name="tests/ai.shared-land-surface.integration.test.ts" timestamp="2026-04-23T07:32:39.746Z" hostname="A2Ryzen9" tests="2" failures="0" errors="0" skipped="0" time="0.5620654">
        <testcase classname="tests/ai.shared-land-surface.integration.test.ts" name="AI shared land-surface integration &gt; plays a land from the graveyard when shared land permissions allow it" time="0.0876309">
        </testcase>
        <testcase classname="tests/ai.shared-land-surface.integration.test.ts" name="AI shared land-surface integration &gt; plays a land from exile only when the shared playableFromExile marker allows that specific card" time="0.0460437">
        </testcase>
    </testsuite>
    <testsuite name="tests/ai.shared-mana-retention.integration.test.ts" timestamp="2026-04-23T07:32:39.746Z" hostname="A2Ryzen9" tests="1" failures="0" errors="0" skipped="0" time="0.2162045">
        <testcase classname="tests/ai.shared-mana-retention.integration.test.ts" name="AI shared mana-retention integration &gt; routes retention taps through shared battlefield activation and prefers the painless colorless line" time="0.2016213">
        </testcase>
    </testsuite>
    <testsuite name="tests/ai.shared-spell-payment.integration.test.ts" timestamp="2026-04-23T07:32:39.747Z" hostname="A2Ryzen9" tests="8" failures="0" errors="0" skipped="0" time="0.2273183">
        <testcase classname="tests/ai.shared-spell-payment.integration.test.ts" name="AI shared spell-payment integration &gt; selects the exact non-tap mana ability id when building a spell payment plan" time="0.0116469">
        </testcase>
        <testcase classname="tests/ai.shared-spell-payment.integration.test.ts" name="AI shared spell-payment integration &gt; uses the selected exact mana line amount and preserves excess with count for spell payment plans" time="0.0028925">
        </testcase>
        <testcase classname="tests/ai.shared-spell-payment.integration.test.ts" name="AI shared spell-payment integration &gt; includes sacrificedPermanentIds for mana abilities that require sacrificing another permanent" time="0.0029063">
        </testcase>
        <testcase classname="tests/ai.shared-spell-payment.integration.test.ts" name="AI shared spell-payment integration &gt; pre-activates a non-tap return-to-hand mana line when another land can be bounced" time="0.172142">
        </testcase>
        <testcase classname="tests/ai.shared-spell-payment.integration.test.ts" name="AI shared spell-payment integration &gt; activates an exact non-tap mana line even when the permanent also has a tap mana line" time="0.0151017">
        </testcase>
        <testcase classname="tests/ai.shared-spell-payment.integration.test.ts" name="AI shared spell-payment integration &gt; reuses the same non-tap pay-life mana source until enough mana is floating for spell payment" time="0.0093493">
        </testcase>
        <testcase classname="tests/ai.shared-spell-payment.integration.test.ts" name="AI shared spell-payment integration &gt; refuses to pre-activate a discard mana source when the only discard candidate is the spell being paid for" time="0.0012528">
        </testcase>
        <testcase classname="tests/ai.shared-spell-payment.integration.test.ts" name="AI shared spell-payment integration &gt; refuses signet-style spell payment plans that require unsupported activation costs or all-at-once mixed colors" time="0.0013872">
        </testcase>
    </testsuite>
    <testsuite name="tests/ai.shared-spell-surface.integration.test.ts" timestamp="2026-04-23T07:32:39.748Z" hostname="A2Ryzen9" tests="4" failures="0" errors="0" skipped="0" time="0.5008369">
        <testcase classname="tests/ai.shared-spell-surface.integration.test.ts" name="AI shared spell-surface integration &gt; does not cast a spell whose name is prohibited by the shared chosen-name restriction model" time="0.1087897">
        </testcase>
        <testcase classname="tests/ai.shared-spell-surface.integration.test.ts" name="AI shared spell-surface integration &gt; marks a reduced-cost hand spell as available through the shared spell surface and canAct" time="0.0259546">
        </testcase>
        <testcase classname="tests/ai.shared-spell-surface.integration.test.ts" name="AI shared spell-surface integration &gt; surfaces graveyard flashback and card-specific exile casts through the shared spell candidate helper" time="0.00224">
        </testcase>
        <testcase classname="tests/ai.shared-spell-surface.integration.test.ts" name="AI shared spell-surface integration &gt; routes commander casts through the shared spell request flow instead of a manual AI-only commander branch" time="0.0352454">
        </testcase>
    </testsuite>
    <testsuite name="tests/ai.stack.resolution.test.ts" timestamp="2026-04-23T07:32:39.748Z" hostname="A2Ryzen9" tests="7" failures="0" errors="0" skipped="0" time="0.2410564">
        <testcase classname="tests/ai.stack.resolution.test.ts" name="AI Stack Resolution &gt; passPriority returns resolvedNow flag &gt; should return resolvedNow=true when all players pass priority in succession with stack" time="0.0281346">
        </testcase>
        <testcase classname="tests/ai.stack.resolution.test.ts" name="AI Stack Resolution &gt; passPriority returns resolvedNow flag &gt; should return resolvedNow=false when stack is empty" time="0.0004429">
        </testcase>
        <testcase classname="tests/ai.stack.resolution.test.ts" name="AI Stack Resolution &gt; passPriority returns resolvedNow flag &gt; should resolve stack correctly in a 3-player game" time="0.0096441">
        </testcase>
        <testcase classname="tests/ai.stack.resolution.test.ts" name="AI Stack Resolution &gt; passPriority returns resolvedNow flag &gt; should resolve stack when all players pass in succession (consecutive passes)" time="0.0011765">
        </testcase>
        <testcase classname="tests/ai.stack.resolution.test.ts" name="AI Stack Resolution &gt; resolveTopOfStack &gt; should move permanent to battlefield when resolved" time="0.0446581">
        </testcase>
        <testcase classname="tests/ai.stack.resolution.test.ts" name="AI Stack Resolution &gt; resolveTopOfStack &gt; should keep artifacts with ETB tapped text tapped when resolved" time="0.0061316">
        </testcase>
        <testcase classname="tests/ai.stack.resolution.test.ts" name="AI Stack Resolution &gt; resolveTopOfStack &gt; should remove instant/sorcery from stack when resolved" time="0.1466555">
        </testcase>
    </testsuite>
    <testsuite name="tests/ai.top-library.integration.test.ts" timestamp="2026-04-23T07:32:39.749Z" hostname="A2Ryzen9" tests="2" failures="0" errors="0" skipped="0" time="0.4317152">
        <testcase classname="tests/ai.top-library.integration.test.ts" name="AI top-library integration &gt; plays a land from the top of the library when a player effect allows it" time="0.1297977">
        </testcase>
        <testcase classname="tests/ai.top-library.integration.test.ts" name="AI top-library integration &gt; casts the top library spell through the normal cast request pipeline" time="0.0156904">
        </testcase>
    </testsuite>
    <testsuite name="tests/ai.turn.test.ts" timestamp="2026-04-23T07:32:39.750Z" hostname="A2Ryzen9" tests="10" failures="0" errors="0" skipped="0" time="0.0083219">
        <testcase classname="tests/ai.turn.test.ts" name="AI Turn Handling &gt; AI helper functions &gt; should identify land cards correctly" time="0.001159">
        </testcase>
        <testcase classname="tests/ai.turn.test.ts" name="AI Turn Handling &gt; AI helper functions &gt; should check if commander is valid" time="0.0003226">
        </testcase>
        <testcase classname="tests/ai.turn.test.ts" name="AI Turn Handling &gt; AI helper functions &gt; should prioritize first cards in decklist for commander selection" time="0.0002921">
        </testcase>
        <testcase classname="tests/ai.turn.test.ts" name="AI Turn Handling &gt; AI helper functions &gt; should extract color identity from cards" time="0.0012783">
        </testcase>
        <testcase classname="tests/ai.turn.test.ts" name="AI Turn Handling &gt; AI helper functions &gt; should calculate discard priority correctly" time="0.0003412">
        </testcase>
        <testcase classname="tests/ai.turn.test.ts" name="AI Turn Handling &gt; AI helper functions &gt; should determine max hand size correctly" time="0.0002873">
        </testcase>
        <testcase classname="tests/ai.turn.test.ts" name="AI Turn Handling &gt; AI game state handling &gt; should detect main phases correctly" time="0.0002125">
        </testcase>
        <testcase classname="tests/ai.turn.test.ts" name="AI Turn Handling &gt; AI game state handling &gt; should detect cleanup step correctly" time="0.0002332">
        </testcase>
        <testcase classname="tests/ai.turn.test.ts" name="AI Turn Handling &gt; AI game state handling &gt; should select partner commanders for multi-color decks instead of single commander" time="0.0007721">
        </testcase>
        <testcase classname="tests/ai.turn.test.ts" name="AI Turn Handling &gt; AI game state handling &gt; should select single 4-color commander for 4-color deck" time="0.0006734">
        </testcase>
    </testsuite>
    <testsuite name="tests/ai.undo-pregame-recovery.test.ts" timestamp="2026-04-23T07:32:39.751Z" hostname="A2Ryzen9" tests="1" failures="0" errors="0" skipped="0" time="0.0475188">
        <testcase classname="tests/ai.undo-pregame-recovery.test.ts" name="AI pre-game undo recovery &gt; re-imports a persisted AI deck and re-selects commander when pre-game restarts with an empty library" time="0.0440226">
        </testcase>
    </testsuite>
    <testsuite name="tests/all-nonland-permanents-white.intervening-if.test.ts" timestamp="2026-04-23T07:32:39.752Z" hostname="A2Ryzen9" tests="4" failures="0" errors="0" skipped="0" time="0.0468449">
        <testcase classname="tests/all-nonland-permanents-white.intervening-if.test.ts" name="Intervening-if: all nonland permanents you control are white &gt; returns true when you control no nonland permanents" time="0.0336421">
        </testcase>
        <testcase classname="tests/all-nonland-permanents-white.intervening-if.test.ts" name="Intervening-if: all nonland permanents you control are white &gt; returns true when all your nonland permanents are white" time="0.0088621">
        </testcase>
        <testcase classname="tests/all-nonland-permanents-white.intervening-if.test.ts" name="Intervening-if: all nonland permanents you control are white &gt; returns false when you control a known nonwhite nonland permanent" time="0.0003763">
        </testcase>
        <testcase classname="tests/all-nonland-permanents-white.intervening-if.test.ts" name="Intervening-if: all nonland permanents you control are white &gt; returns null when any nonland permanent has unknown color and none are known nonwhite" time="0.0004843">
        </testcase>
    </testsuite>
    <testsuite name="tests/alternate-cost.force-of-will.resolution.test.ts" timestamp="2026-04-23T07:32:39.752Z" hostname="A2Ryzen9" tests="2" failures="0" errors="0" skipped="0" time="0.1076451">
        <testcase classname="tests/alternate-cost.force-of-will.resolution.test.ts" name="Resolution FORCE alternate cost (Force of Will / Negation style) &gt; exiles the chosen blue card, pays life, and resumes casting" time="0.0881825">
        </testcase>
        <testcase classname="tests/alternate-cost.force-of-will.resolution.test.ts" name="Resolution FORCE alternate cost (Force of Will / Negation style) &gt; rejects selecting a non-blue card (no state changes)" time="0.0032599">
        </testcase>
    </testsuite>
    <testsuite name="tests/alternate-costs.mana-source.test.ts" timestamp="2026-04-23T07:32:39.753Z" hostname="A2Ryzen9" tests="6" failures="0" errors="0" skipped="0" time="0.0124926">
        <testcase classname="tests/alternate-costs.mana-source.test.ts" name="alternate-cost mana-source checks &gt; does not treat improvise as fixing missing colored mana through a Signet bundle" time="0.004598">
        </testcase>
        <testcase classname="tests/alternate-costs.mana-source.test.ts" name="alternate-cost mana-source checks &gt; allows improvise when it only needs to cover generic mana" time="0.0010394">
        </testcase>
        <testcase classname="tests/alternate-costs.mana-source.test.ts" name="alternate-cost mana-source checks &gt; does not let improvise use the spell itself as discard fodder for a colored mana source" time="0.0023815">
        </testcase>
        <testcase classname="tests/alternate-costs.mana-source.test.ts" name="alternate-cost mana-source checks &gt; does not treat convoke as fixing missing colored mana through a Signet bundle" time="0.0006258">
        </testcase>
        <testcase classname="tests/alternate-costs.mana-source.test.ts" name="alternate-cost mana-source checks &gt; allows convoke when it only needs to cover generic mana" time="0.0006716">
        </testcase>
        <testcase classname="tests/alternate-costs.mana-source.test.ts" name="alternate-cost mana-source checks &gt; does not let convoke use the spell itself as discard fodder for a colored mana source" time="0.0006642">
        </testcase>
    </testsuite>
    <testsuite name="tests/annihilator-choice.integration.test.ts" timestamp="2026-04-23T07:32:39.754Z" hostname="A2Ryzen9" tests="3" failures="0" errors="0" skipped="0" time="0.3785641">
        <testcase classname="tests/annihilator-choice.integration.test.ts" name="annihilator keyword automation (integration) &gt; queues Annihilator through the shared target-selection flow for the defending player" time="0.1818735">
        </testcase>
        <testcase classname="tests/annihilator-choice.integration.test.ts" name="annihilator keyword automation (integration) &gt; sacrifices the selected permanents and persists a replay-safe resolve event" time="0.0416119">
        </testcase>
        <testcase classname="tests/annihilator-choice.integration.test.ts" name="annihilator keyword automation (integration) &gt; caps the required sacrifice count to the permanents the defending player actually controls" time="0.0732461">
        </testcase>
    </testsuite>
    <testsuite name="tests/another-creature-entered-this-turn.intervening-if.test.ts" timestamp="2026-04-23T07:32:39.755Z" hostname="A2Ryzen9" tests="1" failures="0" errors="0" skipped="0" time="0.1172757">
        <testcase classname="tests/another-creature-entered-this-turn.intervening-if.test.ts" name="Intervening-if: another creature entered under your control this turn &gt; excludes the source creature deterministically using per-turn id tracking" time="0.1140066">
        </testcase>
    </testsuite>
    <testsuite name="tests/applyPreGameReset.test.ts" timestamp="2026-04-23T07:32:39.756Z" hostname="A2Ryzen9" tests="1" failures="0" errors="0" skipped="0" time="0.0093879">
        <testcase classname="tests/applyPreGameReset.test.ts" name="applyPreGameReset (zones) &gt; wipes battlefield, clears hand/graveyard/exile, resets life/counters and sets phase PRE_GAME" time="0.0042196">
        </testcase>
    </testsuite>
    <testsuite name="tests/arcane-signet-canact.test.ts" timestamp="2026-04-23T07:32:39.756Z" hostname="A2Ryzen9" tests="6" failures="0" errors="0" skipped="0" time="0.0447135">
        <testcase classname="tests/arcane-signet-canact.test.ts" name="Arcane Signet - canAct Detection After Playing &gt; should detect available mana from Arcane Signet after playing it" time="0.0225907">
        </testcase>
        <testcase classname="tests/arcane-signet-canact.test.ts" name="Arcane Signet - canAct Detection After Playing &gt; should detect sorcery-speed spells castable with Arcane Signet" time="0.0029206">
        </testcase>
        <testcase classname="tests/arcane-signet-canact.test.ts" name="Arcane Signet - canAct Detection After Playing &gt; should detect self-sacrifice mana sources like Lotus Petal in canAct" time="0.0097313">
        </testcase>
        <testcase classname="tests/arcane-signet-canact.test.ts" name="Arcane Signet - canAct Detection After Playing &gt; should detect Ashnod&apos;s Altar when a creature can be sacrificed for mana" time="0.004008">
        </testcase>
        <testcase classname="tests/arcane-signet-canact.test.ts" name="Arcane Signet - canAct Detection After Playing &gt; should detect Phyrexian Altar for colored mana when a creature can be sacrificed" time="0.0011697">
        </testcase>
        <testcase classname="tests/arcane-signet-canact.test.ts" name="Arcane Signet - canAct Detection After Playing &gt; should allow repeated altar activations when enough creatures are available" time="0.0012144">
        </testcase>
    </testsuite>
    <testsuite name="tests/arcane-signet.mana.test.ts" timestamp="2026-04-23T07:32:39.757Z" hostname="A2Ryzen9" tests="6" failures="0" errors="0" skipped="0" time="0.0054589">
        <testcase classname="tests/arcane-signet.mana.test.ts" name="Arcane Signet and Commander Color Identity Mana Sources &gt; Arcane Signet &gt; should produce mana in commander color identity (2-color commander)" time="0.0017944">
        </testcase>
        <testcase classname="tests/arcane-signet.mana.test.ts" name="Arcane Signet and Commander Color Identity Mana Sources &gt; Arcane Signet &gt; should produce mana in commander color identity (5-color commander)" time="0.0005823">
        </testcase>
        <testcase classname="tests/arcane-signet.mana.test.ts" name="Arcane Signet and Commander Color Identity Mana Sources &gt; Arcane Signet &gt; should not produce mana without a commander" time="0.0002385">
        </testcase>
        <testcase classname="tests/arcane-signet.mana.test.ts" name="Arcane Signet and Commander Color Identity Mana Sources &gt; Arcane Signet &gt; should not count mana when tapped" time="0.0004053">
        </testcase>
        <testcase classname="tests/arcane-signet.mana.test.ts" name="Arcane Signet and Commander Color Identity Mana Sources &gt; Commander&apos;s Sphere &gt; should produce mana in commander color identity" time="0.0002121">
        </testcase>
        <testcase classname="tests/arcane-signet.mana.test.ts" name="Arcane Signet and Commander Color Identity Mana Sources &gt; Command Tower &gt; should produce mana in commander color identity (3-color commander)" time="0.000256">
        </testcase>
    </testsuite>
    <testsuite name="tests/artifact-counters-and-linked-exile-refs-id.intervening-if.test.ts" timestamp="2026-04-23T07:32:39.758Z" hostname="A2Ryzen9" tests="2" failures="0" errors="0" skipped="0" time="0.0536488">
        <testcase classname="tests/artifact-counters-and-linked-exile-refs-id.intervening-if.test.ts" name="Intervening-if: artifact counters + linked-exile work via refs-id &gt; artifact counter templates work without sourcePermanent" time="0.0510255">
        </testcase>
        <testcase classname="tests/artifact-counters-and-linked-exile-refs-id.intervening-if.test.ts" name="Intervening-if: artifact counters + linked-exile work via refs-id &gt; &quot;three or more cards have been exiled with this artifact&quot; works without sourcePermanent" time="0.0004852">
        </testcase>
    </testsuite>
    <testsuite name="tests/attach-equipment-to-permanent.integration.test.ts" timestamp="2026-04-23T07:32:39.758Z" hostname="A2Ryzen9" tests="1" failures="0" errors="0" skipped="0" time="0.3321732">
        <testcase classname="tests/attach-equipment-to-permanent.integration.test.ts" name="attach equipment to permanent (integration) &gt; reattaches the chosen equipment from a previous creature to the target permanent" time="0.0771293">
        </testcase>
    </testsuite>
    <testsuite name="tests/attack-cost-payment.resolution-queue.integration.test.ts" timestamp="2026-04-23T07:32:39.758Z" hostname="A2Ryzen9" tests="2" failures="0" errors="0" skipped="0" time="0.210408">
        <testcase classname="tests/attack-cost-payment.resolution-queue.integration.test.ts" name="attack cost payment via Resolution Queue (integration) &gt; prompts for Windborn Muse tax and resolves the attack after paying from untapped lands" time="0.1652837">
        </testcase>
        <testcase classname="tests/attack-cost-payment.resolution-queue.integration.test.ts" name="attack cost payment via Resolution Queue (integration) &gt; persists Treasure-backed attack-cost payment evidence on declareAttackers" time="0.0262495">
        </testcase>
    </testsuite>
    <testsuite name="tests/attack-group.intervening-if.test.ts" timestamp="2026-04-23T07:32:39.759Z" hostname="A2Ryzen9" tests="3" failures="0" errors="0" skipped="0" time="0.045614">
        <testcase classname="tests/attack-group.intervening-if.test.ts" name="Intervening-if: &quot;those creatures&quot; attack group context &gt; returns true when threshold is met via player + planeswalker attacks" time="0.041121">
        </testcase>
        <testcase classname="tests/attack-group.intervening-if.test.ts" name="Intervening-if: &quot;those creatures&quot; attack group context &gt; returns false when threshold cannot be met (no unknowns)" time="0.0016428">
        </testcase>
        <testcase classname="tests/attack-group.intervening-if.test.ts" name="Intervening-if: &quot;those creatures&quot; attack group context &gt; returns null when outcome depends on unknown attacker targets" time="0.0003657">
        </testcase>
    </testsuite>
    <testsuite name="tests/attack-keyword-trigger-dedup.integration.test.ts" timestamp="2026-04-23T07:32:39.760Z" hostname="A2Ryzen9" tests="3" failures="0" errors="0" skipped="0" time="0.219604">
        <testcase classname="tests/attack-keyword-trigger-dedup.integration.test.ts" name="attack keyword trigger de-duplication &gt; pushes only one dethrone trigger from reminder text and adds one counter on resolution" time="0.1416603">
        </testcase>
        <testcase classname="tests/attack-keyword-trigger-dedup.integration.test.ts" name="attack keyword trigger de-duplication &gt; pushes only one training trigger from reminder text and adds one counter on resolution" time="0.0417397">
        </testcase>
        <testcase classname="tests/attack-keyword-trigger-dedup.integration.test.ts" name="attack keyword trigger de-duplication &gt; pushes only one bushido trigger from reminder text and applies the bonus once" time="0.023956">
        </testcase>
    </testsuite>
    <testsuite name="tests/attack-trigger-mana-payment.resolution-queue.integration.test.ts" timestamp="2026-04-23T07:32:39.761Z" hostname="A2Ryzen9" tests="2" failures="0" errors="0" skipped="0" time="0.1714806">
        <testcase classname="tests/attack-trigger-mana-payment.resolution-queue.integration.test.ts" name="Attack trigger mana payment via Resolution Queue (integration) &gt; enqueues an OPTION_CHOICE step and executes transform on pay" time="0.1537986">
        </testcase>
        <testcase classname="tests/attack-trigger-mana-payment.resolution-queue.integration.test.ts" name="Attack trigger mana payment via Resolution Queue (integration) &gt; does not consume the step on insufficient mana for pay selection" time="0.0056914">
        </testcase>
    </testsuite>
    <testsuite name="tests/attacked-blocked-this-turn.intervening-if.test.ts" timestamp="2026-04-23T07:32:39.761Z" hostname="A2Ryzen9" tests="3" failures="0" errors="0" skipped="0" time="0.0523846">
        <testcase classname="tests/attacked-blocked-this-turn.intervening-if.test.ts" name="Intervening-if: attacked/blocked flags &gt; evaluates &quot;if this creature attacked this turn&quot; (best-effort)" time="0.0481278">
        </testcase>
        <testcase classname="tests/attacked-blocked-this-turn.intervening-if.test.ts" name="Intervening-if: attacked/blocked flags &gt; evaluates &quot;if this creature attacked or blocked this turn&quot; (best-effort)" time="0.0008324">
        </testcase>
        <testcase classname="tests/attacked-blocked-this-turn.intervening-if.test.ts" name="Intervening-if: attacked/blocked flags &gt; evaluates &quot;if this Vehicle attacked or blocked this combat&quot; (best-effort)" time="0.0004314">
        </testcase>
    </testsuite>
    <testsuite name="tests/attacked-with-exactly-one-other-creature.intervening-if.test.ts" timestamp="2026-04-23T07:32:39.762Z" hostname="A2Ryzen9" tests="3" failures="0" errors="0" skipped="0" time="0.0651423">
        <testcase classname="tests/attacked-with-exactly-one-other-creature.intervening-if.test.ts" name="Intervening-if: if you attacked with exactly one other creature this combat &gt; returns true when exactly one other attacker exists (refs id, no sourcePermanent)" time="0.0455313">
        </testcase>
        <testcase classname="tests/attacked-with-exactly-one-other-creature.intervening-if.test.ts" name="Intervening-if: if you attacked with exactly one other creature this combat &gt; returns false when there are zero or two+ other attackers" time="0.0165599">
        </testcase>
        <testcase classname="tests/attacked-with-exactly-one-other-creature.intervening-if.test.ts" name="Intervening-if: if you attacked with exactly one other creature this combat &gt; returns null when per-combat tracking is unavailable" time="0.0004683">
        </testcase>
    </testsuite>
    <testsuite name="tests/aura.attachment.test.ts" timestamp="2026-04-23T07:32:39.762Z" hostname="A2Ryzen9" tests="7" failures="0" errors="0" skipped="0" time="0.1415917">
        <testcase classname="tests/aura.attachment.test.ts" name="Aura Attachment System &gt; Aura attachment when resolving from stack &gt; should attach aura to target creature when resolving" time="0.1168494">
        </testcase>
        <testcase classname="tests/aura.attachment.test.ts" name="Aura Attachment System &gt; Aura state-based actions &gt; should move unattached aura to graveyard as state-based action" time="0.0009738">
        </testcase>
        <testcase classname="tests/aura.attachment.test.ts" name="Aura Attachment System &gt; Aura state-based actions &gt; should not destroy aura when attached to a creature" time="0.0006696">
        </testcase>
        <testcase classname="tests/aura.attachment.test.ts" name="Aura Attachment System &gt; Aura state-based actions &gt; should not destroy enchantment creature when unattached" time="0.0005563">
        </testcase>
        <testcase classname="tests/aura.attachment.test.ts" name="Aura Attachment System &gt; Aura state-based actions &gt; should destroy aura when attached creature dies" time="0.0006753">
        </testcase>
        <testcase classname="tests/aura.attachment.test.ts" name="Aura Attachment System &gt; Aura state-based actions &gt; should restore creature stats when bestow creature unattaches" time="0.0010289">
        </testcase>
        <testcase classname="tests/aura.attachment.test.ts" name="Aura Attachment System &gt; Aura attack triggers &gt; detects and resolves Bear Umbra granted attack text on the enchanted creature" time="0.0158723">
        </testcase>
    </testsuite>
    <testsuite name="tests/automation.inroom.authorization.integration.test.ts" timestamp="2026-04-23T07:32:39.763Z" hostname="A2Ryzen9" tests="5" failures="0" errors="0" skipped="0" time="0.0061549">
        <testcase classname="tests/automation.inroom.authorization.integration.test.ts" name="priority controls in-room authorization (integration) &gt; blocks setAutoPass when socket is not in the game room (guard triggers before game lookup)" time="0.0014607">
        </testcase>
        <testcase classname="tests/automation.inroom.authorization.integration.test.ts" name="priority controls in-room authorization (integration) &gt; does not throw when payload is missing (crash-safety)" time="0.0017927">
        </testcase>
        <testcase classname="tests/automation.inroom.authorization.integration.test.ts" name="priority controls in-room authorization (integration) &gt; rejects malformed phase/source/card identifiers when in-room and seated" time="0.0005764">
        </testcase>
        <testcase classname="tests/automation.inroom.authorization.integration.test.ts" name="priority controls in-room authorization (integration) &gt; rejects malformed cast/activate/mulligan payloads in-room" time="0.000325">
        </testcase>
        <testcase classname="tests/automation.inroom.authorization.integration.test.ts" name="priority controls in-room authorization (integration) &gt; syncs auto-pass without immediately broadcasting when reconnect state is being restored" time="0.0002202">
        </testcase>
    </testsuite>
    <testsuite name="tests/bargain.intervening-if.test.ts" timestamp="2026-04-23T07:32:39.764Z" hostname="A2Ryzen9" tests="5" failures="0" errors="0" skipped="0" time="0.0666471">
        <testcase classname="tests/bargain.intervening-if.test.ts" name="Intervening-if: Bargain &gt; &quot;if it was bargained&quot; returns null when untracked" time="0.0347981">
        </testcase>
        <testcase classname="tests/bargain.intervening-if.test.ts" name="Intervening-if: Bargain &gt; &quot;if it was bargained&quot; respects explicit boolean metadata" time="0.0064083">
        </testcase>
        <testcase classname="tests/bargain.intervening-if.test.ts" name="Intervening-if: Bargain &gt; &quot;if it was bargained&quot; can evaluate from refs.stackItem when sourcePermanent is missing" time="0.0003853">
        </testcase>
        <testcase classname="tests/bargain.intervening-if.test.ts" name="Intervening-if: Bargain &gt; applyEvent(castSpell) persists wasBargained onto the new stack item" time="0.0207278">
        </testcase>
        <testcase classname="tests/bargain.intervening-if.test.ts" name="Intervening-if: Bargain &gt; applyEvent(castSpell) can persist explicit wasBargained=false" time="0.0006157">
        </testcase>
    </testsuite>
    <testsuite name="tests/batch-explore-decision.validate-before-complete.integration.test.ts" timestamp="2026-04-23T07:32:39.765Z" hostname="A2Ryzen9" tests="1" failures="0" errors="0" skipped="0" time="0.0710126">
        <testcase classname="tests/batch-explore-decision.validate-before-complete.integration.test.ts" name="BATCH_EXPLORE_DECISION validate-before-complete (integration) &gt; does not consume the step on missing decisions, then consumes once valid" time="0.0457981">
        </testcase>
    </testsuite>
    <testsuite name="tests/battle-cry.attack-trigger.integration.test.ts" timestamp="2026-04-23T07:32:39.765Z" hostname="A2Ryzen9" tests="2" failures="0" errors="0" skipped="0" time="0.5331627">
        <testcase classname="tests/battle-cry.attack-trigger.integration.test.ts" name="battle cry attack trigger automation &gt; pushes a battle cry trigger and buffs only the other attackers on resolution" time="0.1354216">
        </testcase>
        <testcase classname="tests/battle-cry.attack-trigger.integration.test.ts" name="battle cry attack trigger automation &gt; replays a persisted battle cry trigger by buffing the other current attackers" time="0.0067906">
        </testcase>
    </testsuite>
    <testsuite name="tests/battlefield-queued-steps.replay.test.ts" timestamp="2026-04-23T07:32:39.766Z" hostname="A2Ryzen9" tests="7" failures="0" errors="0" skipped="0" time="0.0416329">
        <testcase classname="tests/battlefield-queued-steps.replay.test.ts" name="queued battlefield prompt replay semantics &gt; replays queued equip battlefield activations before target selection resolves" time="0.0246973">
        </testcase>
        <testcase classname="tests/battlefield-queued-steps.replay.test.ts" name="queued battlefield prompt replay semantics &gt; replays queued fight-target battlefield activations before target selection resolves" time="0.0018176">
        </testcase>
        <testcase classname="tests/battlefield-queued-steps.replay.test.ts" name="queued battlefield prompt replay semantics &gt; replays queued tap-untap battlefield activations before target selection resolves" time="0.0009927">
        </testcase>
        <testcase classname="tests/battlefield-queued-steps.replay.test.ts" name="queued battlefield prompt replay semantics &gt; replays queued crew battlefield activations before creature selection resolves" time="0.0077965">
        </testcase>
        <testcase classname="tests/battlefield-queued-steps.replay.test.ts" name="queued battlefield prompt replay semantics &gt; replays queued mana-color battlefield activations before color choice resolves" time="0.0009024">
        </testcase>
        <testcase classname="tests/battlefield-queued-steps.replay.test.ts" name="queued battlefield prompt replay semantics &gt; clears replayed battlefield target-selection prompts once the activation is fully persisted" time="0.0018377">
        </testcase>
        <testcase classname="tests/battlefield-queued-steps.replay.test.ts" name="queued battlefield prompt replay semantics &gt; replays queued activation payment prompts after battlefield target selection resolves" time="0.0007418">
        </testcase>
    </testsuite>
    <testsuite name="tests/bestow.attachment-restore.integration.test.ts" timestamp="2026-04-23T07:32:39.767Z" hostname="A2Ryzen9" tests="1" failures="0" errors="0" skipped="0" time="0.1585895">
        <testcase classname="tests/bestow.attachment-restore.integration.test.ts" name="Bestow attachment restore (integration) &gt; persists bestowed attachment state so restore rebuilds attachedTo and target attachments" time="0.0508558">
        </testcase>
    </testsuite>
    <testsuite name="tests/blackblade-reforged.equip-legendary.integration.test.ts" timestamp="2026-04-23T07:32:39.767Z" hostname="A2Ryzen9" tests="4" failures="0" errors="0" skipped="0" time="0.3641071">
        <testcase classname="tests/blackblade-reforged.equip-legendary.integration.test.ts" name="Blackblade Reforged legendary equip (integration) &gt; queues equip payment after targeting and preserves unselected floating mana" time="0.2089047">
        </testcase>
        <testcase classname="tests/blackblade-reforged.equip-legendary.integration.test.ts" name="Blackblade Reforged legendary equip (integration) &gt; persists sacrificed payment sources for queued equip activations so replay removes them" time="0.0673892">
            <system-out>
DEBUG_REPLAY_BATTLEFIELD [
  {
    &quot;id&quot;: &quot;blackblade_1&quot;,
    &quot;controller&quot;: &quot;p1&quot;,
    &quot;owner&quot;: &quot;p1&quot;,
    &quot;tapped&quot;: false,
    &quot;card&quot;: {
      &quot;id&quot;: &quot;blackblade_card_1&quot;,
      &quot;name&quot;: &quot;Blackblade Reforged&quot;,
      &quot;type_line&quot;: &quot;Legendary Artifact - Equipment&quot;,
      &quot;oracle_text&quot;: &quot;Equipped creature gets +1/+1 for each land you control. Equip legendary creature {3}. Equip {7}&quot;,
      &quot;zone&quot;: &quot;battlefield&quot;
    }
  },
  {
    &quot;id&quot;: &quot;commander_1&quot;,
    &quot;controller&quot;: &quot;p1&quot;,
    &quot;owner&quot;: &quot;p1&quot;,
    &quot;tapped&quot;: false,
    &quot;isCommander&quot;: true,
    &quot;card&quot;: {
      &quot;id&quot;: &quot;commander_card_1&quot;,
      &quot;name&quot;: &quot;Baeloth Barrityl, Entertainer&quot;,
      &quot;type_line&quot;: &quot;Legendary Creature - Elf Shaman&quot;,
      &quot;oracle_text&quot;: &quot;Choose a Background&quot;,
      &quot;zone&quot;: &quot;battlefield&quot;
    }
  }
]
DEBUG_REPLAY_GRAVEYARD [
  {
    &quot;id&quot;: &quot;treasure_card_1&quot;,
    &quot;name&quot;: &quot;Treasure&quot;,
    &quot;type_line&quot;: &quot;Token Artifact - Treasure&quot;,
    &quot;oracle_text&quot;: &quot;{T}, Sacrifice this artifact: Add one mana of any color.&quot;,
    &quot;zone&quot;: &quot;graveyard&quot;
  }
]
DEBUG_REPLAY_STACK [
  {
    &quot;id&quot;: &quot;ability_battlefield_blackblade_1:equip_xl89a5&quot;,
    &quot;type&quot;: &quot;ability&quot;,
    &quot;controller&quot;: &quot;p1&quot;,
    &quot;source&quot;: &quot;blackblade_1&quot;,
    &quot;sourceName&quot;: &quot;Blackblade Reforged&quot;,
    &quot;description&quot;: &quot;Equip {3}&quot;,
    &quot;activatedAbilityText&quot;: &quot;Equip {3}&quot;,
    &quot;targets&quot;: [
      &quot;commander_1&quot;
    ],
    &quot;abilityType&quot;: &quot;equip&quot;,
    &quot;equipParams&quot;: {
      &quot;equipmentId&quot;: &quot;blackblade_1&quot;,
      &quot;targetCreatureId&quot;: &quot;commander_1&quot;,
      &quot;equipmentName&quot;: &quot;Blackblade Reforged&quot;,
      &quot;targetCreatureName&quot;: &quot;&quot;
    }
  }
]
DEBUG_REPLAY_STACK [
  {
    &quot;id&quot;: &quot;ability_battlefield_blackblade_1:equip_xl89a5&quot;,
    &quot;type&quot;: &quot;ability&quot;,
    &quot;controller&quot;: &quot;p1&quot;,
    &quot;source&quot;: &quot;blackblade_1&quot;,
    &quot;sourceName&quot;: &quot;Blackblade Reforged&quot;,
    &quot;description&quot;: &quot;Equip {3}&quot;,
    &quot;activatedAbilityText&quot;: &quot;Equip {3}&quot;,
    &quot;targets&quot;: [
      &quot;commander_1&quot;
    ],
    &quot;abilityType&quot;: &quot;equip&quot;,
    &quot;equipParams&quot;: {
      &quot;equipmentId&quot;: &quot;blackblade_1&quot;,
      &quot;targetCreatureId&quot;: &quot;commander_1&quot;,
      &quot;equipmentName&quot;: &quot;Blackblade Reforged&quot;,
      &quot;targetCreatureName&quot;: &quot;&quot;
    }
  }
]

            </system-out>
        </testcase>
        <testcase classname="tests/blackblade-reforged.equip-legendary.integration.test.ts" name="Blackblade Reforged legendary equip (integration) &gt; persists resolved equip attachments so restore rebuilds attached and equipped state" time="0.0241669">
            <system-out>
DEBUG_REPLAY_BATTLEFIELD []
DEBUG_REPLAY_GRAVEYARD []
DEBUG_REPLAY_BATTLEFIELD [
  {
    &quot;id&quot;: &quot;equipment_1&quot;,
    &quot;controller&quot;: &quot;p1&quot;,
    &quot;owner&quot;: &quot;p1&quot;,
    &quot;tapped&quot;: false,
    &quot;counters&quot;: {},
    &quot;card&quot;: {
      &quot;id&quot;: &quot;equipment_card_1&quot;,
      &quot;name&quot;: &quot;Test Sword&quot;,
      &quot;type_line&quot;: &quot;Artifact - Equipment&quot;,
      &quot;oracle_text&quot;: &quot;Equip {2}&quot;,
      &quot;zone&quot;: &quot;battlefield&quot;
    },
    &quot;attachedTo&quot;: &quot;creature_1&quot;
  },
  {
    &quot;id&quot;: &quot;creature_1&quot;,
    &quot;controller&quot;: &quot;p1&quot;,
    &quot;owner&quot;: &quot;p1&quot;,
    &quot;tapped&quot;: false,
    &quot;counters&quot;: {},
    &quot;attachedEquipment&quot;: [
      &quot;equipment_1&quot;
    ],
    &quot;isEquipped&quot;: true,
    &quot;card&quot;: {
      &quot;id&quot;: &quot;creature_card_1&quot;,
      &quot;name&quot;: &quot;Silvercoat Lion&quot;,
      &quot;type_line&quot;: &quot;Creature - Cat&quot;,
      &quot;oracle_text&quot;: &quot;&quot;,
      &quot;zone&quot;: &quot;battlefield&quot;
    }
  }
]
DEBUG_REPLAY_GRAVEYARD []

            </system-out>
        </testcase>
        <testcase classname="tests/blackblade-reforged.equip-legendary.integration.test.ts" name="Blackblade Reforged legendary equip (integration) &gt; persists tapped payment sources for equip activations so replay restores mana-source taps" time="0.0445516">
            <system-out>
DEBUG_REPLAY_BATTLEFIELD []
DEBUG_REPLAY_GRAVEYARD []
DEBUG_REPLAY_BATTLEFIELD [
  {
    &quot;id&quot;: &quot;equipment_1&quot;,
    &quot;controller&quot;: &quot;p1&quot;,
    &quot;owner&quot;: &quot;p1&quot;,
    &quot;tapped&quot;: false,
    &quot;counters&quot;: {},
    &quot;card&quot;: {
      &quot;id&quot;: &quot;equipment_card_1&quot;,
      &quot;name&quot;: &quot;Test Sword&quot;,
      &quot;type_line&quot;: &quot;Artifact - Equipment&quot;,
      &quot;oracle_text&quot;: &quot;Equip {2}&quot;,
      &quot;zone&quot;: &quot;battlefield&quot;
    }
  },
  {
    &quot;id&quot;: &quot;creature_1&quot;,
    &quot;controller&quot;: &quot;p1&quot;,
    &quot;owner&quot;: &quot;p1&quot;,
    &quot;tapped&quot;: false,
    &quot;counters&quot;: {},
    &quot;attachedEquipment&quot;: [],
    &quot;isEquipped&quot;: false,
    &quot;card&quot;: {
      &quot;id&quot;: &quot;creature_card_1&quot;,
      &quot;name&quot;: &quot;Silvercoat Lion&quot;,
      &quot;type_line&quot;: &quot;Creature - Cat&quot;,
      &quot;oracle_text&quot;: &quot;&quot;,
      &quot;zone&quot;: &quot;battlefield&quot;
    }
  },
  {
    &quot;id&quot;: &quot;wastes_1&quot;,
    &quot;controller&quot;: &quot;p1&quot;,
    &quot;owner&quot;: &quot;p1&quot;,
    &quot;tapped&quot;: true,
    &quot;counters&quot;: {},
    &quot;card&quot;: {
      &quot;id&quot;: &quot;wastes_card_1&quot;,
      &quot;name&quot;: &quot;Wastes&quot;,
      &quot;type_line&quot;: &quot;Basic Land&quot;,
      &quot;oracle_text&quot;: &quot;{T}: Add {C}.&quot;,
      &quot;zone&quot;: &quot;battlefield&quot;
    }
  },
  {
    &quot;id&quot;: &quot;wastes_2&quot;,
    &quot;controller&quot;: &quot;p1&quot;,
    &quot;owner&quot;: &quot;p1&quot;,
    &quot;tapped&quot;: true,
    &quot;counters&quot;: {},
    &quot;card&quot;: {
      &quot;id&quot;: &quot;wastes_card_2&quot;,
      &quot;name&quot;: &quot;Wastes&quot;,
      &quot;type_line&quot;: &quot;Basic Land&quot;,
      &quot;oracle_text&quot;: &quot;{T}: Add {C}.&quot;,
      &quot;zone&quot;: &quot;battlefield&quot;
    }
  }
]
DEBUG_REPLAY_GRAVEYARD []

            </system-out>
        </testcase>
    </testsuite>
    <testsuite name="tests/blight-x-as-cost.battlefield-activation.resolution-queue.integration.test.ts" timestamp="2026-04-23T07:32:39.768Z" hostname="A2Ryzen9" tests="1" failures="0" errors="0" skipped="0" time="0.2084931">
        <testcase classname="tests/blight-x-as-cost.battlefield-activation.resolution-queue.integration.test.ts" name="Blight X as activation cost via Resolution Queue (integration) &gt; enqueues X_VALUE_SELECTION then TARGET_SELECTION and resumes activation with counters + tap applied" time="0.1883198">
        </testcase>
    </testsuite>
    <testsuite name="tests/boast.generic-ability-routing.integration.test.ts" timestamp="2026-04-23T07:32:39.768Z" hostname="A2Ryzen9" tests="3" failures="0" errors="0" skipped="0" time="0.1283575">
        <testcase classname="tests/boast.generic-ability-routing.integration.test.ts" name="Boast generic ability routing (integration) &gt; activates boast through the parser-emitted id after the creature attacked this turn" time="0.1067823">
        </testcase>
        <testcase classname="tests/boast.generic-ability-routing.integration.test.ts" name="Boast generic ability routing (integration) &gt; rejects boast when the source creature did not attack this turn" time="0.0053068">
        </testcase>
        <testcase classname="tests/boast.generic-ability-routing.integration.test.ts" name="Boast generic ability routing (integration) &gt; rejects boast after it has already been activated this turn" time="0.0020729">
        </testcase>
    </testsuite>
    <testsuite name="tests/bottom-order.validate-before-complete.integration.test.ts" timestamp="2026-04-23T07:32:39.769Z" hostname="A2Ryzen9" tests="1" failures="0" errors="0" skipped="0" time="0.062577">
        <testcase classname="tests/bottom-order.validate-before-complete.integration.test.ts" name="BOTTOM_ORDER validate-before-complete (integration) &gt; does not consume the step on invalid selection" time="0.0463589">
        </testcase>
    </testsuite>
    <testsuite name="tests/bounce-land-choice.replay.test.ts" timestamp="2026-04-23T07:32:39.770Z" hostname="A2Ryzen9" tests="1" failures="0" errors="0" skipped="0" time="0.0928315">
        <testcase classname="tests/bounce-land-choice.replay.test.ts" name="bounce land choice replay persistence &gt; persists and replays the chosen returned permanent plus originating stack item removal" time="0.0616402">
        </testcase>
    </testsuite>
    <testsuite name="tests/bounce-land-choice.validate-before-complete.integration.test.ts" timestamp="2026-04-23T07:32:39.770Z" hostname="A2Ryzen9" tests="1" failures="0" errors="0" skipped="0" time="0.058676">
        <testcase classname="tests/bounce-land-choice.validate-before-complete.integration.test.ts" name="RETURN_CONTROLLED_PERMANENT_CHOICE validate-before-complete (integration) &gt; does not consume the step on invalid selection" time="0.0385197">
        </testcase>
    </testsuite>
    <testsuite name="tests/bounce-land-mana.test.ts" timestamp="2026-04-23T07:32:39.771Z" hostname="A2Ryzen9" tests="4" failures="0" errors="0" skipped="0" time="0.0106769">
        <testcase classname="tests/bounce-land-mana.test.ts" name="Bounce Land Mana Abilities &gt; Selesnya Sanctuary &gt; should detect mana ability with producesAllAtOnce: true" time="0.0043104">
        </testcase>
        <testcase classname="tests/bounce-land-mana.test.ts" name="Bounce Land Mana Abilities &gt; Rakdos Carnarium &gt; should detect mana ability with producesAllAtOnce: true" time="0.0011154">
        </testcase>
        <testcase classname="tests/bounce-land-mana.test.ts" name="Bounce Land Mana Abilities &gt; Azorius Chancery &gt; should detect mana ability with producesAllAtOnce: true" time="0.0005574">
        </testcase>
        <testcase classname="tests/bounce-land-mana.test.ts" name="Bounce Land Mana Abilities &gt; Comparison with choice lands &gt; should NOT set producesAllAtOnce for &quot;or&quot; choice lands" time="0.0010919">
        </testcase>
    </testsuite>
    <testsuite name="tests/bounce-land-resolution.test.ts" timestamp="2026-04-23T07:32:39.771Z" hostname="A2Ryzen9" tests="5" failures="0" errors="0" skipped="0" time="0.0072513">
        <testcase classname="tests/bounce-land-resolution.test.ts" name="Return Controlled Permanent Resolution Queue Integration &gt; should create a return-controlled-permanent resolution step" time="0.0022017">
        </testcase>
        <testcase classname="tests/bounce-land-resolution.test.ts" name="Return Controlled Permanent Resolution Queue Integration &gt; should track the return-controlled-permanent step in the queue" time="0.0008032">
        </testcase>
        <testcase classname="tests/bounce-land-resolution.test.ts" name="Return Controlled Permanent Resolution Queue Integration &gt; should retrieve the return-controlled-permanent step for each player" time="0.0006682">
        </testcase>
        <testcase classname="tests/bounce-land-resolution.test.ts" name="Return Controlled Permanent Resolution Queue Integration &gt; should complete the return-controlled-permanent step when the player responds" time="0.0005698">
        </testcase>
        <testcase classname="tests/bounce-land-resolution.test.ts" name="Return Controlled Permanent Resolution Queue Integration &gt; should handle multiple return-controlled-permanent steps in APNAP order" time="0.0006376">
        </testcase>
    </testsuite>
    <testsuite name="tests/bounce-land-trigger.test.ts" timestamp="2026-04-23T07:32:39.772Z" hostname="A2Ryzen9" tests="4" failures="0" errors="0" skipped="0" time="0.0111887">
        <testcase classname="tests/bounce-land-trigger.test.ts" name="Bounce Land ETB Trigger Detection &gt; should detect bounce land ETB trigger from oracle text" time="0.0057529">
        </testcase>
        <testcase classname="tests/bounce-land-trigger.test.ts" name="Bounce Land ETB Trigger Detection &gt; should detect bounce land trigger for Simic Growth Chamber" time="0.0021891">
        </testcase>
        <testcase classname="tests/bounce-land-trigger.test.ts" name="Bounce Land ETB Trigger Detection &gt; should not detect bounce land trigger for regular lands" time="0.0004515">
        </testcase>
        <testcase classname="tests/bounce-land-trigger.test.ts" name="Bounce Land ETB Trigger Detection &gt; should not detect bounce land trigger for shock lands" time="0.0003836">
        </testcase>
    </testsuite>
    <testsuite name="tests/bounty-counters.intervening-if.test.ts" timestamp="2026-04-23T07:32:39.773Z" hostname="A2Ryzen9" tests="4" failures="0" errors="0" skipped="0" time="0.0600611">
        <testcase classname="tests/bounty-counters.intervening-if.test.ts" name="Intervening-if: bounty counters (opponents control none) &gt; returns null when battlefield is not tracked" time="0.0408344">
        </testcase>
        <testcase classname="tests/bounty-counters.intervening-if.test.ts" name="Intervening-if: bounty counters (opponents control none) &gt; returns null when counters tracking is absent everywhere" time="0.0139746">
        </testcase>
        <testcase classname="tests/bounty-counters.intervening-if.test.ts" name="Intervening-if: bounty counters (opponents control none) &gt; returns true when counters tracking exists and no opponent has bounty counters" time="0.001137">
        </testcase>
        <testcase classname="tests/bounty-counters.intervening-if.test.ts" name="Intervening-if: bounty counters (opponents control none) &gt; returns false when an opponent controls a permanent with a bounty counter" time="0.000653">
        </testcase>
    </testsuite>
    <testsuite name="tests/can-respond.test.ts" timestamp="2026-04-23T07:32:39.773Z" hostname="A2Ryzen9" tests="77" failures="0" errors="0" skipped="0" time="0.0814924">
        <testcase classname="tests/can-respond.test.ts" name="canCastAnySpell &gt; should return false when hand is empty" time="0.0015421">
        </testcase>
        <testcase classname="tests/can-respond.test.ts" name="canCastAnySpell &gt; should return false when hand has only sorceries and no mana" time="0.0009528">
        </testcase>
        <testcase classname="tests/can-respond.test.ts" name="canCastAnySpell &gt; should return true when hand has instant with available mana" time="0.0149054">
        </testcase>
        <testcase classname="tests/can-respond.test.ts" name="canCastAnySpell &gt; should return true when hand has flash creature with available mana" time="0.0005579">
        </testcase>
        <testcase classname="tests/can-respond.test.ts" name="canCastAnySpell &gt; should return true when an instant is castable after a non-tap pay-life mana activation" time="0.0060131">
        </testcase>
        <testcase classname="tests/can-respond.test.ts" name="canCastAnySpell &gt; should return true when a response requires repeated non-tap pay-life activations from the same source" time="0.0020884">
        </testcase>
        <testcase classname="tests/can-respond.test.ts" name="canCastAnySpell &gt; should return true when a response is only castable after a non-tap return-to-hand mana activation" time="0.0009783">
        </testcase>
        <testcase classname="tests/can-respond.test.ts" name="canCastAnySpell &gt; should return true when an instant is castable after a non-tap discard mana activation" time="0.0006606">
        </testcase>
        <testcase classname="tests/can-respond.test.ts" name="canCastAnySpell &gt; should return false when the only discard payment would require discarding the spell being cast" time="0.0016611">
        </testcase>
        <testcase classname="tests/can-respond.test.ts" name="canCastAnySpell &gt; should return false when an alternate-cost improvise line would require discarding the spell being cast" time="0.0006926">
        </testcase>
        <testcase classname="tests/can-respond.test.ts" name="canCastAnySpell &gt; should return true when an Adventure instant face is castable from hand" time="0.0002187">
        </testcase>
        <testcase classname="tests/can-respond.test.ts" name="canCastAnySpell &gt; should return true when the top card of the library is an instant and a card allows casting it" time="0.0003509">
        </testcase>
        <testcase classname="tests/can-respond.test.ts" name="canCastAnySpell &gt; should return true when Elsha grants flash timing to a noncreature top card" time="0.0002393">
        </testcase>
        <testcase classname="tests/can-respond.test.ts" name="canCastAnySpell &gt; should return false when spell requires a creature target but no creatures exist" time="0.0044773">
        </testcase>
        <testcase classname="tests/can-respond.test.ts" name="canCastAnySpell &gt; should return false when counterspell has no valid stack targets" time="0.0003654">
        </testcase>
        <testcase classname="tests/can-respond.test.ts" name="canCastAnySpell &gt; should return false when hand has instant but not enough mana" time="0.0002328">
        </testcase>
        <testcase classname="tests/can-respond.test.ts" name="canCastAnySpell &gt; should return true for Force of Will with blue card in hand and 1 life" time="0.0003669">
        </testcase>
        <testcase classname="tests/can-respond.test.ts" name="canCastAnySpell &gt; should return true for Fierce Guardianship when controlling commander" time="0.0005049">
        </testcase>
        <testcase classname="tests/can-respond.test.ts" name="canAct combat blocker checks &gt; should return false for declare blockers when the only blocker is unleashed with a +1/+1 counter" time="0.0007435">
        </testcase>
        <testcase classname="tests/can-respond.test.ts" name="canPlayLand &gt; does not treat transform front-face enchantments as lands in hand" time="0.0006288">
        </testcase>
        <testcase classname="tests/can-respond.test.ts" name="canPlayLand &gt; treats library[0] as the top card when top-of-library land play is allowed" time="0.0006648">
        </testcase>
        <testcase classname="tests/can-respond.test.ts" name="canPlayLand &gt; does not allow a lower library land when the top card is not a land" time="0.0001776">
        </testcase>
        <testcase classname="tests/can-respond.test.ts" name="canPlayLand &gt; does not treat cast-only top-library permission as permission to play a land" time="0.0003541">
        </testcase>
        <testcase classname="tests/can-respond.test.ts" name="canPlayLand &gt; treats a graveyard land as playable when landPlayPermissions grant graveyard access" time="0.0001494">
        </testcase>
        <testcase classname="tests/can-respond.test.ts" name="canPlayLand &gt; treats a land in exile as playable only when that specific card is marked playableFromExile" time="0.0001799">
        </testcase>
        <testcase classname="tests/can-respond.test.ts" name="canPlayLand &gt; does not treat a land in exile as playable from a generic exile permission without a card-specific marker" time="0.0001115">
        </testcase>
        <testcase classname="tests/can-respond.test.ts" name="canActivateAnyAbility &gt; should return false when battlefield is empty" time="0.0000861">
        </testcase>
        <testcase classname="tests/can-respond.test.ts" name="canActivateAnyAbility &gt; should return false when controlling only mana dork (mana abilities dont require priority)" time="0.0007321">
        </testcase>
        <testcase classname="tests/can-respond.test.ts" name="canActivateAnyAbility &gt; should return true when controlling creature with non-mana tap ability" time="0.000327">
        </testcase>
        <testcase classname="tests/can-respond.test.ts" name="canActivateAnyAbility &gt; should return false when the only activated ability requires metalcraft and metalcraft is inactive" time="0.0005193">
        </testcase>
        <testcase classname="tests/can-respond.test.ts" name="canActivateAnyAbility &gt; should return true when an activated metalcraft ability has three artifacts online" time="0.0004803">
        </testcase>
        <testcase classname="tests/can-respond.test.ts" name="canActivateAnyAbility &gt; should return false when a threshold-only activated ability is inactive" time="0.0003907">
        </testcase>
        <testcase classname="tests/can-respond.test.ts" name="canActivateAnyAbility &gt; should return true when a threshold-only activated ability is active" time="0.0003955">
        </testcase>
        <testcase classname="tests/can-respond.test.ts" name="canActivateAnyAbility &gt; should return false when a delirium-only activated ability is inactive" time="0.0007727">
        </testcase>
        <testcase classname="tests/can-respond.test.ts" name="canActivateAnyAbility &gt; should return true when a delirium-only activated ability is active" time="0.0003336">
        </testcase>
        <testcase classname="tests/can-respond.test.ts" name="canActivateAnyAbility &gt; should return false when a ferocious-only activated ability is inactive" time="0.0001679">
        </testcase>
        <testcase classname="tests/can-respond.test.ts" name="canActivateAnyAbility &gt; should return true when a ferocious-only activated ability is active" time="0.0001829">
        </testcase>
        <testcase classname="tests/can-respond.test.ts" name="canActivateAnyAbility &gt; should return false when a formidable-only activated ability is inactive" time="0.0001386">
        </testcase>
        <testcase classname="tests/can-respond.test.ts" name="canActivateAnyAbility &gt; should return true when a formidable-only activated ability is active" time="0.000227">
        </testcase>
        <testcase classname="tests/can-respond.test.ts" name="canActivateAnyAbility &gt; should return false when a coven-only activated ability is inactive" time="0.0001942">
        </testcase>
        <testcase classname="tests/can-respond.test.ts" name="canActivateAnyAbility &gt; should return true when a coven-only activated ability is active" time="0.000172">
        </testcase>
        <testcase classname="tests/can-respond.test.ts" name="canActivateAnyAbility &gt; should return false when creature with tap ability is tapped" time="0.0001238">
        </testcase>
        <testcase classname="tests/can-respond.test.ts" name="canActivateAnyAbility &gt; should return true when controlling permanent with activated ability and mana" time="0.0002972">
        </testcase>
        <testcase classname="tests/can-respond.test.ts" name="canActivateAnyAbility &gt; should return false when not controlling any permanents" time="0.0000944">
        </testcase>
        <testcase classname="tests/can-respond.test.ts" name="canActivateAnyAbility &gt; should return true when controlling untapped Evolving Wilds (fetchland)" time="0.0002144">
        </testcase>
        <testcase classname="tests/can-respond.test.ts" name="canActivateAnyAbility &gt; should return false when controlling tapped Evolving Wilds" time="0.0000995">
        </testcase>
        <testcase classname="tests/can-respond.test.ts" name="canActivateAnyAbility &gt; should return true when controlling untapped Polluted Delta with enough life" time="0.0002034">
        </testcase>
        <testcase classname="tests/can-respond.test.ts" name="canActivateAnyAbility &gt; should return true when controlling untapped Polluted Delta even with 1 life" time="0.0001543">
        </testcase>
        <testcase classname="tests/can-respond.test.ts" name="canActivateAnyAbility &gt; should return true when controlling a Station with another untapped creature during a main phase" time="0.0002051">
        </testcase>
        <testcase classname="tests/can-respond.test.ts" name="canRespond &gt; should return false when player has no instants and no activatable abilities" time="0.0001457">
        </testcase>
        <testcase classname="tests/can-respond.test.ts" name="canRespond &gt; should return false during untap even when a player has a castable instant" time="0.0001847">
        </testcase>
        <testcase classname="tests/can-respond.test.ts" name="canRespond &gt; should return true when player has instant with mana" time="0.0001104">
        </testcase>
        <testcase classname="tests/can-respond.test.ts" name="canRespond &gt; should return false when Split Second is on the stack, even if player has an instant" time="0.0001195">
        </testcase>
        <testcase classname="tests/can-respond.test.ts" name="canRespond &gt; should return false when player only has mana abilities (dont require priority)" time="0.0001953">
        </testcase>
        <testcase classname="tests/can-respond.test.ts" name="canRespond &gt; should return true when player has free spell via alternate cost" time="0.0002599">
        </testcase>
        <testcase classname="tests/can-respond.test.ts" name="canRespond &gt; should return true when player has flashback instant in graveyard with mana" time="0.0002592">
        </testcase>
        <testcase classname="tests/can-respond.test.ts" name="canRespond &gt; should return false when player has flashback instant in graveyard without mana" time="0.0001959">
        </testcase>
        <testcase classname="tests/can-respond.test.ts" name="canRespond &gt; should return true when player has foretell instant in exile with mana" time="0.0002806">
        </testcase>
        <testcase classname="tests/can-respond.test.ts" name="canRespond &gt; should return true when player has playable instant from exile via impulse draw" time="0.0009534">
        </testcase>
        <testcase classname="tests/can-respond.test.ts" name="canRespond &gt; should honor numeric playable-from-exile entries for the current turn" time="0.0006501">
        </testcase>
        <testcase classname="tests/can-respond.test.ts" name="canRespond &gt; should ignore expired numeric playable-from-exile entries" time="0.0001366">
        </testcase>
        <testcase classname="tests/can-respond.test.ts" name="canAct &gt; should return false during untap even when the turn player has a castable instant" time="0.0001141">
        </testcase>
        <testcase classname="tests/can-respond.test.ts" name="canAct &gt; should return shared castable commander candidates with per-commander tax and cost adjustment applied" time="0.0018628">
        </testcase>
        <testcase classname="tests/can-respond.test.ts" name="canAct &gt; should return true when a commander is only affordable through a shared command-zone cost adjustment" time="0.0004275">
        </testcase>
        <testcase classname="tests/can-respond.test.ts" name="canAct &gt; should return true when player can cast sorcery from hand in main phase" time="0.0005241">
        </testcase>
        <testcase classname="tests/can-respond.test.ts" name="canAct &gt; should surface permanent spells whose later abilities target after a second land drop" time="0.0021585">
        </testcase>
        <testcase classname="tests/can-respond.test.ts" name="canAct &gt; should treat a creature equipped by Bloodthirsty Blade as goaded during its controller combat step" time="0.0006176">
        </testcase>
        <testcase classname="tests/can-respond.test.ts" name="canAct &gt; should return true when a modal DFC has a spell face and a land face in hand" time="0.0002615">
        </testcase>
        <testcase classname="tests/can-respond.test.ts" name="canAct &gt; should return true when player has flashback sorcery in graveyard with mana in main phase" time="0.0166017">
        </testcase>
        <testcase classname="tests/can-respond.test.ts" name="canAct &gt; should return true when player has foretell creature in exile with mana in main phase" time="0.0013378">
        </testcase>
        <testcase classname="tests/can-respond.test.ts" name="canAct &gt; should return true when player has creature from exile via impulse draw in main phase" time="0.0007568">
        </testcase>
        <testcase classname="tests/can-respond.test.ts" name="canAct &gt; should return true when a sorcery-speed spell is castable from the top of the library in main phase" time="0.0005179">
        </testcase>
        <testcase classname="tests/can-respond.test.ts" name="canAct &gt; should not claim a top-library land is playable during main phase when the effect only allows casting spells" time="0.0006629">
        </testcase>
        <testcase classname="tests/can-respond.test.ts" name="canAct &gt; should return true when Mystic Forge allows a colorless nonland card from the top of the library" time="0.0003395">
        </testcase>
        <testcase classname="tests/can-respond.test.ts" name="canAct &gt; should honor numeric playable-from-exile entries in main phase" time="0.0002974">
        </testcase>
        <testcase classname="tests/can-respond.test.ts" name="canAct &gt; should ignore expired numeric playable-from-exile entries in main phase" time="0.0002212">
        </testcase>
        <testcase classname="tests/can-respond.test.ts" name="canAct &gt; should ignore expired numeric land permissions from exile" time="0.0003032">
        </testcase>
    </testsuite>
    <testsuite name="tests/cancel-resolution-step.authorization.integration.test.ts" timestamp="2026-04-23T07:32:39.783Z" hostname="A2Ryzen9" tests="5" failures="0" errors="0" skipped="0" time="0.0486574">
        <testcase classname="tests/cancel-resolution-step.authorization.integration.test.ts" name="cancelResolutionStep authorization (integration) &gt; does not allow a different player to cancel someone else&apos;s pending step" time="0.0138232">
        </testcase>
        <testcase classname="tests/cancel-resolution-step.authorization.integration.test.ts" name="cancelResolutionStep authorization (integration) &gt; does not allow a spectator seat to cancel their own pending step" time="0.0013267">
        </testcase>
        <testcase classname="tests/cancel-resolution-step.authorization.integration.test.ts" name="cancelResolutionStep authorization (integration) &gt; allows a legacy mandatory station selection step to be cancelled by its owner" time="0.0034937">
        </testcase>
        <testcase classname="tests/cancel-resolution-step.authorization.integration.test.ts" name="cancelResolutionStep authorization (integration) &gt; does not throw when payload is missing (crash-safety)" time="0.0082795">
        </testcase>
        <testcase classname="tests/cancel-resolution-step.authorization.integration.test.ts" name="cancelResolutionStep authorization (integration) &gt; rejects malformed stepId types for resolution actions" time="0.0008452">
        </testcase>
    </testsuite>
    <testsuite name="tests/card-left-your-graveyard-this-turn.intervening-if.test.ts" timestamp="2026-04-23T07:32:39.784Z" hostname="A2Ryzen9" tests="8" failures="0" errors="0" skipped="0" time="0.0891303">
        <testcase classname="tests/card-left-your-graveyard-this-turn.intervening-if.test.ts" name="Intervening-if: &quot;if a card left your graveyard this turn&quot; &gt; is false when tracking exists and is false" time="0.0601701">
        </testcase>
        <testcase classname="tests/card-left-your-graveyard-this-turn.intervening-if.test.ts" name="Intervening-if: &quot;if a card left your graveyard this turn&quot; &gt; becomes true when a card is moved from your graveyard via confirmGraveyardTargets" time="0.0135318">
        </testcase>
        <testcase classname="tests/card-left-your-graveyard-this-turn.intervening-if.test.ts" name="Intervening-if: &quot;if a card left your graveyard this turn&quot; &gt; is false when only an opponent&apos;s graveyard had a card leave" time="0.0006969">
        </testcase>
        <testcase classname="tests/card-left-your-graveyard-this-turn.intervening-if.test.ts" name="Intervening-if: &quot;if a card left your graveyard this turn&quot; &gt; is null when tracking is missing" time="0.000602">
        </testcase>
        <testcase classname="tests/card-left-your-graveyard-this-turn.intervening-if.test.ts" name="Intervening-if: &quot;if a creature card left your graveyard this turn&quot; &gt; is false when tracking exists and is false" time="0.0077799">
        </testcase>
        <testcase classname="tests/card-left-your-graveyard-this-turn.intervening-if.test.ts" name="Intervening-if: &quot;if a creature card left your graveyard this turn&quot; &gt; becomes true when a creature card is moved from your graveyard" time="0.0007921">
        </testcase>
        <testcase classname="tests/card-left-your-graveyard-this-turn.intervening-if.test.ts" name="Intervening-if: &quot;if a creature card left your graveyard this turn&quot; &gt; stays false when only a noncreature card left your graveyard" time="0.000604">
        </testcase>
        <testcase classname="tests/card-left-your-graveyard-this-turn.intervening-if.test.ts" name="Intervening-if: &quot;if a creature card left your graveyard this turn&quot; &gt; is null when tracking is missing" time="0.0023135">
        </testcase>
    </testsuite>
    <testsuite name="tests/card-name-choice.local-validation.integration.test.ts" timestamp="2026-04-23T07:32:39.785Z" hostname="A2Ryzen9" tests="1" failures="0" errors="0" skipped="0" time="0.0791158">
        <testcase classname="tests/card-name-choice.local-validation.integration.test.ts" name="CARD_NAME_CHOICE local validation fallback (integration) &gt; rejects arbitrary text and canonicalizes indexed card names when candidateNames are absent" time="0.0534755">
        </testcase>
    </testsuite>
    <testsuite name="tests/card-name-choice.replay.test.ts" timestamp="2026-04-23T07:32:39.786Z" hostname="A2Ryzen9" tests="2" failures="0" errors="0" skipped="0" time="0.0253913">
        <testcase classname="tests/card-name-choice.replay.test.ts" name="cardNameChoice replay semantics &gt; replays the chosen card name onto the selected permanent" time="0.0206547">
        </testcase>
        <testcase classname="tests/card-name-choice.replay.test.ts" name="cardNameChoice replay semantics &gt; falls back to player and card name when replay cannot reconstruct the original permanent id" time="0.0012167">
        </testcase>
    </testsuite>
    <testsuite name="tests/card-name-choice.validate-before-complete.integration.test.ts" timestamp="2026-04-23T07:32:39.786Z" hostname="A2Ryzen9" tests="1" failures="0" errors="0" skipped="0" time="0.0567621">
        <testcase classname="tests/card-name-choice.validate-before-complete.integration.test.ts" name="CARD_NAME_CHOICE validate-before-complete (integration) &gt; does not consume the step on invalid selection" time="0.0271515">
        </testcase>
    </testsuite>
    <testsuite name="tests/cards-exiled-with-source.intervening-if.test.ts" timestamp="2026-04-23T07:32:39.787Z" hostname="A2Ryzen9" tests="7" failures="0" errors="0" skipped="0" time="0.0670661">
        <testcase classname="tests/cards-exiled-with-source.intervening-if.test.ts" name="Intervening-if: cards exiled with source (Items 29/30) &gt; three-or-more exiled with this artifact: returns null when exile zones not fully tracked" time="0.0260033">
        </testcase>
        <testcase classname="tests/cards-exiled-with-source.intervening-if.test.ts" name="Intervening-if: cards exiled with source (Items 29/30) &gt; three-or-more exiled with this artifact: returns false when exile zones fully tracked and count &lt; 3" time="0.0024086">
        </testcase>
        <testcase classname="tests/cards-exiled-with-source.intervening-if.test.ts" name="Intervening-if: cards exiled with source (Items 29/30) &gt; three-or-more exiled with this artifact: returns true when 3+ matching cards found" time="0.0002801">
        </testcase>
        <testcase classname="tests/cards-exiled-with-source.intervening-if.test.ts" name="Intervening-if: cards exiled with source (Items 29/30) &gt; N-or-more exiled with &lt;Name&gt;: returns null when exile zones not fully tracked and count is below threshold" time="0.0198402">
        </testcase>
        <testcase classname="tests/cards-exiled-with-source.intervening-if.test.ts" name="Intervening-if: cards exiled with source (Items 29/30) &gt; N-or-more exiled with &lt;Name&gt;: returns false when exile zones fully tracked and count is below threshold" time="0.0144947">
        </testcase>
        <testcase classname="tests/cards-exiled-with-source.intervening-if.test.ts" name="Intervening-if: cards exiled with source (Items 29/30) &gt; N-or-more exiled with &lt;Name&gt;: returns true when threshold met" time="0.0004895">
        </testcase>
        <testcase classname="tests/cards-exiled-with-source.intervening-if.test.ts" name="Intervening-if: cards exiled with source (Items 29/30) &gt; N-or-more exiled with &lt;Name&gt;: uses linkedExiles when the named permanent has a linked-exile effect" time="0.0004151">
        </testcase>
    </testsuite>
    <testsuite name="tests/casal-etb-library-search.test.ts" timestamp="2026-04-23T07:32:39.788Z" hostname="A2Ryzen9" tests="3" failures="0" errors="0" skipped="0" time="0.0653014">
        <testcase classname="tests/casal-etb-library-search.test.ts" name="generic ETB battlefield tutor search &gt; builds the ETB search from the live library snapshot using subtype filtering without relying on a specific card name" time="0.0236037">
        </testcase>
        <testcase classname="tests/casal-etb-library-search.test.ts" name="generic ETB battlefield tutor search &gt; reads the front face ETB text for transform cards when top-level oracle text is absent" time="0.0040456">
        </testcase>
        <testcase classname="tests/casal-etb-library-search.test.ts" name="generic ETB battlefield tutor search &gt; matches Forest subtypes case-insensitively when building the ETB tutor options" time="0.0010723">
        </testcase>
    </testsuite>
    <testsuite name="tests/cascade.pending-resolution-step.integration.test.ts" timestamp="2026-04-23T07:32:39.789Z" hostname="A2Ryzen9" tests="1" failures="0" errors="0" skipped="0" time="0.0243327">
        <testcase classname="tests/cascade.pending-resolution-step.integration.test.ts" name="joinGame pending cascade restore (integration) &gt; rebuilds a cascade prompt from pending cast state before sending the join prompt" time="0.0130705">
        </testcase>
    </testsuite>
    <testsuite name="tests/cascade.replay.test.ts" timestamp="2026-04-23T07:32:39.789Z" hostname="A2Ryzen9" tests="2" failures="0" errors="0" skipped="0" time="0.0285857">
        <testcase classname="tests/cascade.replay.test.ts" name="cascadeResolve replay semantics &gt; replays a declined cascade by restoring the library and clearing pending prompt state" time="0.0242996">
        </testcase>
        <testcase classname="tests/cascade.replay.test.ts" name="cascadeResolve replay semantics &gt; replays a cast cascade by moving the hit card into exile before the free cast event" time="0.0008981">
        </testcase>
    </testsuite>
    <testsuite name="tests/cascade.validate-before-complete.integration.test.ts" timestamp="2026-04-23T07:32:39.790Z" hostname="A2Ryzen9" tests="2" failures="0" errors="0" skipped="0" time="0.2274308">
        <testcase classname="tests/cascade.validate-before-complete.integration.test.ts" name="CASCADE validate-before-complete (integration) &gt; does not consume the step on invalid selection" time="0.0455428">
        </testcase>
        <testcase classname="tests/cascade.validate-before-complete.integration.test.ts" name="CASCADE validate-before-complete (integration) &gt; persists cascadeResolve when a cascade decision completes" time="0.0059911">
        </testcase>
    </testsuite>
    <testsuite name="tests/cast-from-exile.decline-effect.integration.test.ts" timestamp="2026-04-23T07:32:39.791Z" hostname="A2Ryzen9" tests="1" failures="0" errors="0" skipped="0" time="0.1195478">
        <testcase classname="tests/cast-from-exile.decline-effect.integration.test.ts" name="generic cast-from-exile decline effects (integration) &gt; applies a decline fallback effect to each opponent" time="0.0388162">
        </testcase>
    </testsuite>
    <testsuite name="tests/cast-from-exile.free-cast-targeted.integration.test.ts" timestamp="2026-04-23T07:32:39.791Z" hostname="A2Ryzen9" tests="1" failures="0" errors="0" skipped="0" time="0.1342348">
        <testcase classname="tests/cast-from-exile.free-cast-targeted.integration.test.ts" name="generic cast-from-exile targeted free casts (integration) &gt; routes accepted free casts from exile through target selection and completes them without mana payment" time="0.119542">
        </testcase>
    </testsuite>
    <testsuite name="tests/cast-from-graveyard.graveyard-replay.integration.test.ts" timestamp="2026-04-23T07:32:39.791Z" hostname="A2Ryzen9" tests="12" failures="0" errors="0" skipped="0" time="0.1477266">
        <testcase classname="tests/cast-from-graveyard.graveyard-replay.integration.test.ts" name="cast-from-graveyard replay semantics (integration) &gt; live jump-start activation spends mana and moves the card from graveyard to stack" time="0.047363">
        </testcase>
        <testcase classname="tests/cast-from-graveyard.graveyard-replay.integration.test.ts" name="cast-from-graveyard replay semantics (integration) &gt; live retrace activation requires discarding a land card from hand" time="0.0136942">
        </testcase>
        <testcase classname="tests/cast-from-graveyard.graveyard-replay.integration.test.ts" name="cast-from-graveyard replay semantics (integration) &gt; live escape activation requires exiling other cards from your graveyard" time="0.0082157">
        </testcase>
        <testcase classname="tests/cast-from-graveyard.graveyard-replay.integration.test.ts" name="cast-from-graveyard replay semantics (integration) &gt; replays flashback as a cast-from-graveyard stack item" time="0.0368206">
        </testcase>
        <testcase classname="tests/cast-from-graveyard.graveyard-replay.integration.test.ts" name="cast-from-graveyard replay semantics (integration) &gt; replays retrace as a cast-from-graveyard stack item" time="0.0028253">
        </testcase>
        <testcase classname="tests/cast-from-graveyard.graveyard-replay.integration.test.ts" name="cast-from-graveyard replay semantics (integration) &gt; replays escape as a cast-from-graveyard stack item" time="0.0026944">
        </testcase>
        <testcase classname="tests/cast-from-graveyard.graveyard-replay.integration.test.ts" name="cast-from-graveyard replay semantics (integration) &gt; replays cast-from-graveyard abilities using the persisted live stack id when present" time="0.0022883">
        </testcase>
        <testcase classname="tests/cast-from-graveyard.graveyard-replay.integration.test.ts" name="cast-from-graveyard replay semantics (integration) &gt; replay restores persisted targets for graveyard spell casts" time="0.0024835">
        </testcase>
        <testcase classname="tests/cast-from-graveyard.graveyard-replay.integration.test.ts" name="cast-from-graveyard replay semantics (integration) &gt; replay applies recorded jump-start discard choices before moving the spell to the stack" time="0.0024768">
        </testcase>
        <testcase classname="tests/cast-from-graveyard.graveyard-replay.integration.test.ts" name="cast-from-graveyard replay semantics (integration) &gt; replays queued retrace discard prompts before the discard cost is paid" time="0.0035396">
        </testcase>
        <testcase classname="tests/cast-from-graveyard.graveyard-replay.integration.test.ts" name="cast-from-graveyard replay semantics (integration) &gt; replays queued escape exile prompts before the exile cost is paid" time="0.0071366">
        </testcase>
        <testcase classname="tests/cast-from-graveyard.graveyard-replay.integration.test.ts" name="cast-from-graveyard replay semantics (integration) &gt; replay applies recorded escape exile choices before moving the spell to the stack" time="0.0050878">
        </testcase>
    </testsuite>
    <testsuite name="tests/cast-from-graveyard.intervening-if.test.ts" timestamp="2026-04-23T07:32:39.793Z" hostname="A2Ryzen9" tests="2" failures="0" errors="0" skipped="0" time="0.055632">
        <testcase classname="tests/cast-from-graveyard.intervening-if.test.ts" name="Intervening-if: cast from graveyard provenance &gt; replay castSpell(fromZone=graveyard) plumbs castSourceZone + castFromGraveyard onto the stack item" time="0.0528289">
        </testcase>
        <testcase classname="tests/cast-from-graveyard.intervening-if.test.ts" name="Intervening-if: cast from graveyard provenance &gt; replay castSpell(fromZone=exile) plumbs castSourceZone + castFromExile onto the stack item" time="0.0005406">
        </testcase>
    </testsuite>
    <testsuite name="tests/cast-metadata-refs-id.intervening-if.test.ts" timestamp="2026-04-23T07:32:39.793Z" hostname="A2Ryzen9" tests="2" failures="0" errors="0" skipped="0" time="0.0786805">
        <testcase classname="tests/cast-metadata-refs-id.intervening-if.test.ts" name="Intervening-if: cast metadata templates work via refs id &gt; evaluates &quot;if it was unearthed&quot; via refs.thisCreatureId when sourcePermanent is missing" time="0.0505433">
        </testcase>
        <testcase classname="tests/cast-metadata-refs-id.intervening-if.test.ts" name="Intervening-if: cast metadata templates work via refs id &gt; evaluates &quot;if it wasn&apos;t cast&quot; via refs.thisCreatureId when sourcePermanent is missing" time="0.0239956">
        </testcase>
    </testsuite>
    <testsuite name="tests/cast-reanimate-spell.integration.test.ts" timestamp="2026-04-23T07:32:39.794Z" hostname="A2Ryzen9" tests="6" failures="0" errors="0" skipped="0" time="0.4665533">
        <testcase classname="tests/cast-reanimate-spell.integration.test.ts" name="cast-reanimate-spell integration (cast-side graveyard reanimation) &gt; Reanimate: casts a sorcery, lets the controller pick a creature in any graveyard, and puts it onto the battlefield under the controller" time="0.3577219">
        </testcase>
        <testcase classname="tests/cast-reanimate-spell.integration.test.ts" name="cast-reanimate-spell integration (cast-side graveyard reanimation) &gt; Beacon of Unrest: cast-side reanimation supports &quot;artifact or creature card&quot; multi-filter" time="0.0237916">
        </testcase>
        <testcase classname="tests/cast-reanimate-spell.integration.test.ts" name="cast-reanimate-spell integration (cast-side graveyard reanimation) &gt; Restore: cast-side reanimation supports land cards and &quot;under its owner&apos;s control&quot; clause" time="0.0067666">
        </testcase>
        <testcase classname="tests/cast-reanimate-spell.integration.test.ts" name="cast-reanimate-spell integration (cast-side graveyard reanimation) &gt; Tapped reanimation: spells like &quot;Return target creature ... onto the battlefield tapped&quot; set entersTapped" time="0.0180242">
        </testcase>
        <testcase classname="tests/cast-reanimate-spell.integration.test.ts" name="cast-reanimate-spell integration (cast-side graveyard reanimation) &gt; Counter-bearing reanimation: &quot;with a corpse counter on it&quot; places counter on the reanimated creature" time="0.0199263">
        </testcase>
        <testcase classname="tests/cast-reanimate-spell.integration.test.ts" name="cast-reanimate-spell integration (cast-side graveyard reanimation) &gt; Noxious Revival: cast-side put-on-top-of-library uses the trigger-side graveyard-to-library matcher" time="0.0071245">
        </testcase>
    </testsuite>
    <testsuite name="tests/cast-source-refs-id.intervening-if.test.ts" timestamp="2026-04-23T07:32:39.795Z" hostname="A2Ryzen9" tests="2" failures="0" errors="0" skipped="0" time="0.04474">
        <testcase classname="tests/cast-source-refs-id.intervening-if.test.ts" name="Intervening-if: cast-source templates work via refs-id &gt; &quot;if you cast it&quot; and &quot;from your hand&quot; work without sourcePermanent" time="0.0406845">
        </testcase>
        <testcase classname="tests/cast-source-refs-id.intervening-if.test.ts" name="Intervening-if: cast-source templates work via refs-id &gt; graveyard cast/entry templates work without sourcePermanent" time="0.0009431">
        </testcase>
    </testsuite>
    <testsuite name="tests/cast-spell-continuation.replay.test.ts" timestamp="2026-04-23T07:32:39.795Z" hostname="A2Ryzen9" tests="18" failures="0" errors="0" skipped="0" time="0.0440233">
        <testcase classname="tests/cast-spell-continuation.replay.test.ts" name="castSpellContinuation replay semantics &gt; replays life payment and in-hand spell updates" time="0.0210273">
        </testcase>
        <testcase classname="tests/cast-spell-continuation.replay.test.ts" name="castSpellContinuation replay semantics &gt; replays discarded cards, sacrificed permanents, and bargain flags" time="0.0032717">
        </testcase>
        <testcase classname="tests/cast-spell-continuation.replay.test.ts" name="castSpellContinuation replay semantics &gt; replays alternate-cost exiles and spell flags" time="0.0006482">
        </testcase>
        <testcase classname="tests/cast-spell-continuation.replay.test.ts" name="castSpellContinuation replay semantics &gt; replays null card updates by clearing transient spell flags" time="0.0065773">
        </testcase>
        <testcase classname="tests/cast-spell-continuation.replay.test.ts" name="castSpellContinuation replay semantics &gt; replays queued spell target-selection prompts before the spell is cast" time="0.0009238">
        </testcase>
        <testcase classname="tests/cast-spell-continuation.replay.test.ts" name="castSpellContinuation replay semantics &gt; replays queued gift cast-choice prompts before a gift is promised" time="0.0005813">
        </testcase>
        <testcase classname="tests/cast-spell-continuation.replay.test.ts" name="castSpellContinuation replay semantics &gt; replays queued X-value prompts before the spell is cast" time="0.0005776">
        </testcase>
        <testcase classname="tests/cast-spell-continuation.replay.test.ts" name="castSpellContinuation replay semantics &gt; replays queued cast mode-selection prompts before any mode is chosen" time="0.0005374">
        </testcase>
        <testcase classname="tests/cast-spell-continuation.replay.test.ts" name="castSpellContinuation replay semantics &gt; replays queued mutate mode-choice prompts before a cast mode is chosen" time="0.0006878">
        </testcase>
        <testcase classname="tests/cast-spell-continuation.replay.test.ts" name="castSpellContinuation replay semantics &gt; replays queued mutate target-selection prompts before the spell is cast" time="0.0006654">
        </testcase>
        <testcase classname="tests/cast-spell-continuation.replay.test.ts" name="castSpellContinuation replay semantics &gt; replays queued multi-step target-selection prompts before the spell is cast" time="0.0007175">
        </testcase>
        <testcase classname="tests/cast-spell-continuation.replay.test.ts" name="castSpellContinuation replay semantics &gt; replays queued mixed player and permanent target-selection prompts for Harmless Offering" time="0.0004744">
        </testcase>
        <testcase classname="tests/cast-spell-continuation.replay.test.ts" name="castSpellContinuation replay semantics &gt; replays queued explicit exchange target-selection prompts before the spell is cast" time="0.0005342">
        </testcase>
        <testcase classname="tests/cast-spell-continuation.replay.test.ts" name="castSpellContinuation replay semantics &gt; replays queued no-target spell payment prompts before the spell is cast" time="0.0004462">
        </testcase>
        <testcase classname="tests/cast-spell-continuation.replay.test.ts" name="castSpellContinuation replay semantics &gt; replays queued targeted spell payment prompts after target selection is complete" time="0.000456">
        </testcase>
        <testcase classname="tests/cast-spell-continuation.replay.test.ts" name="castSpellContinuation replay semantics &gt; replays queued mixed-target payment prompts after Harmless Offering targets are selected" time="0.0003748">
        </testcase>
        <testcase classname="tests/cast-spell-continuation.replay.test.ts" name="castSpellContinuation replay semantics &gt; replays queued mutate payment prompts after a mutate target is chosen" time="0.0004396">
        </testcase>
        <testcase classname="tests/cast-spell-continuation.replay.test.ts" name="castSpellContinuation replay semantics &gt; replays queued blight choice and target prompts before the spell is cast" time="0.0004793">
        </testcase>
    </testsuite>
    <testsuite name="tests/cast-spell-from-hand.additional-cost-prompt-persistence.integration.test.ts" timestamp="2026-04-23T07:32:39.797Z" hostname="A2Ryzen9" tests="6" failures="0" errors="0" skipped="0" time="0.0662245">
        <testcase classname="tests/cast-spell-from-hand.additional-cost-prompt-persistence.integration.test.ts" name="castSpellFromHand additional-cost prompt persistence (integration) &gt; persists direct life-payment prompts" time="0.0225888">
        </testcase>
        <testcase classname="tests/cast-spell-from-hand.additional-cost-prompt-persistence.integration.test.ts" name="castSpellFromHand additional-cost prompt persistence (integration) &gt; persists direct bargain prompts" time="0.0033918">
        </testcase>
        <testcase classname="tests/cast-spell-from-hand.additional-cost-prompt-persistence.integration.test.ts" name="castSpellFromHand additional-cost prompt persistence (integration) &gt; persists direct collect-evidence prompts" time="0.0021718">
        </testcase>
        <testcase classname="tests/cast-spell-from-hand.additional-cost-prompt-persistence.integration.test.ts" name="castSpellFromHand additional-cost prompt persistence (integration) &gt; persists direct discard-cost prompts" time="0.0023337">
        </testcase>
        <testcase classname="tests/cast-spell-from-hand.additional-cost-prompt-persistence.integration.test.ts" name="castSpellFromHand additional-cost prompt persistence (integration) &gt; persists direct sacrifice-cost prompts" time="0.0022543">
        </testcase>
        <testcase classname="tests/cast-spell-from-hand.additional-cost-prompt-persistence.integration.test.ts" name="castSpellFromHand additional-cost prompt persistence (integration) &gt; persists direct squad-cost prompts" time="0.002022">
        </testcase>
    </testsuite>
    <testsuite name="tests/cast-spell-from-hand.inroom.authorization.integration.test.ts" timestamp="2026-04-23T07:32:39.798Z" hostname="A2Ryzen9" tests="3" failures="0" errors="0" skipped="0" time="0.0402587">
        <testcase classname="tests/cast-spell-from-hand.inroom.authorization.integration.test.ts" name="castSpellFromHand in-room authorization (integration) &gt; rejects castSpellFromHand when socket is not in the game room" time="0.0176321">
        </testcase>
        <testcase classname="tests/cast-spell-from-hand.inroom.authorization.integration.test.ts" name="castSpellFromHand in-room authorization (integration) &gt; rejects castSpellFromHand when socket.data.gameId mismatches (even if in room)" time="0.0008803">
        </testcase>
        <testcase classname="tests/cast-spell-from-hand.inroom.authorization.integration.test.ts" name="castSpellFromHand in-room authorization (integration) &gt; does not throw when payload is missing (crash-safety)" time="0.0009793">
        </testcase>
    </testsuite>
    <testsuite name="tests/cast-spell-from-hand.prompt-persistence.integration.test.ts" timestamp="2026-04-23T07:32:39.799Z" hostname="A2Ryzen9" tests="12" failures="0" errors="0" skipped="0" time="0.1080764">
        <testcase classname="tests/cast-spell-from-hand.prompt-persistence.integration.test.ts" name="castSpellFromHand prompt persistence (integration) &gt; persists direct Force of Will alternate-cost prompts" time="0.0184365">
        </testcase>
        <testcase classname="tests/cast-spell-from-hand.prompt-persistence.integration.test.ts" name="castSpellFromHand prompt persistence (integration) &gt; persists direct Abundant Harvest choice prompts" time="0.0025731">
        </testcase>
        <testcase classname="tests/cast-spell-from-hand.prompt-persistence.integration.test.ts" name="castSpellFromHand prompt persistence (integration) &gt; persists direct single-target prompts with pending cast state" time="0.0098037">
        </testcase>
        <testcase classname="tests/cast-spell-from-hand.prompt-persistence.integration.test.ts" name="castSpellFromHand prompt persistence (integration) &gt; persists spell graveyard target prompts with dynamic experience-counter limits" time="0.0254109">
        </testcase>
        <testcase classname="tests/cast-spell-from-hand.prompt-persistence.integration.test.ts" name="castSpellFromHand prompt persistence (integration) &gt; persists direct modal spell selection prompts" time="0.0024871">
        </testcase>
        <testcase classname="tests/cast-spell-from-hand.prompt-persistence.integration.test.ts" name="castSpellFromHand prompt persistence (integration) &gt; queues mode selection before graveyard targeting for single-line modal spells" time="0.0019715">
        </testcase>
        <testcase classname="tests/cast-spell-from-hand.prompt-persistence.integration.test.ts" name="castSpellFromHand prompt persistence (integration) &gt; persists direct multi-target prompts as an ordered continuation list" time="0.0118471">
        </testcase>
        <testcase classname="tests/cast-spell-from-hand.prompt-persistence.integration.test.ts" name="castSpellFromHand prompt persistence (integration) &gt; persists mixed player and permanent target prompts for Harmless Offering" time="0.0053851">
        </testcase>
        <testcase classname="tests/cast-spell-from-hand.prompt-persistence.integration.test.ts" name="castSpellFromHand prompt persistence (integration) &gt; persists paired permanent targeting for exchange-control spells" time="0.0038867">
        </testcase>
        <testcase classname="tests/cast-spell-from-hand.prompt-persistence.integration.test.ts" name="castSpellFromHand prompt persistence (integration) &gt; persists explicit target-and-target exchange prompts with scoped target lists" time="0.0030466">
        </testcase>
        <testcase classname="tests/cast-spell-from-hand.prompt-persistence.integration.test.ts" name="castSpellFromHand prompt persistence (integration) &gt; persists direct overload mode prompts" time="0.0017896">
        </testcase>
        <testcase classname="tests/cast-spell-from-hand.prompt-persistence.integration.test.ts" name="castSpellFromHand prompt persistence (integration) &gt; persists direct spree mode prompts" time="0.0018029">
        </testcase>
    </testsuite>
    <testsuite name="tests/castSpell.applyEvent.test.ts" timestamp="2026-04-23T07:32:39.800Z" hostname="A2Ryzen9" tests="10" failures="0" errors="0" skipped="0" time="0.0679434">
        <testcase classname="tests/castSpell.applyEvent.test.ts" name="castSpell via applyEvent &gt; should remove card from hand and add to stack when casting" time="0.0229402">
        </testcase>
        <testcase classname="tests/castSpell.applyEvent.test.ts" name="castSpell via applyEvent &gt; should not add card to stack if not found in hand" time="0.0003842">
        </testcase>
        <testcase classname="tests/castSpell.applyEvent.test.ts" name="castSpell via applyEvent &gt; should handle instant spell casting" time="0.0019588">
        </testcase>
        <testcase classname="tests/castSpell.applyEvent.test.ts" name="castSpell via applyEvent &gt; should restore replay-safe cast metadata on the stack item" time="0.0013961">
        </testcase>
        <testcase classname="tests/castSpell.applyEvent.test.ts" name="castSpell via applyEvent &gt; should preserve a sacrificed token payment source in graveyard during cast replay" time="0.009112">
        </testcase>
        <testcase classname="tests/castSpell.applyEvent.test.ts" name="castSpell via applyEvent &gt; should restore haste-from-spent-mana metadata and resolve it into temporary haste" time="0.0267716">
        </testcase>
        <testcase classname="tests/castSpell.applyEvent.test.ts" name="castSpell via applyEvent &gt; should remove a library card and preserve library provenance when replaying a library-origin cast" time="0.000612">
        </testcase>
        <testcase classname="tests/castSpell.applyEvent.test.ts" name="castSpell via applyEvent &gt; should handle multiple spells being cast sequentially" time="0.0007797">
        </testcase>
        <testcase classname="tests/castSpell.applyEvent.test.ts" name="castSpell via applyEvent &gt; should restore tapped mana sources from persisted castSpell payment evidence" time="0.0006661">
        </testcase>
        <testcase classname="tests/castSpell.applyEvent.test.ts" name="castSpell via applyEvent &gt; should restore persisted castSpell payment mana deltas onto the mana pool" time="0.0005337">
        </testcase>
    </testsuite>
    <testsuite name="tests/choose-discard-plan-choice.integration.test.ts" timestamp="2026-04-23T07:32:39.801Z" hostname="A2Ryzen9" tests="2" failures="0" errors="0" skipped="0" time="0.0518963">
        <testcase classname="tests/choose-discard-plan-choice.integration.test.ts" name="choose discard plan choice (integration) &gt; queues a filtered discard step for the preferred type" time="0.0361088">
        </testcase>
        <testcase classname="tests/choose-discard-plan-choice.integration.test.ts" name="choose discard plan choice (integration) &gt; falls back to the broader discard count when the preferred branch is unavailable" time="0.0019214">
        </testcase>
    </testsuite>
    <testsuite name="tests/choose-looked-at-cards-destination.integration.test.ts" timestamp="2026-04-23T07:32:39.802Z" hostname="A2Ryzen9" tests="3" failures="0" errors="0" skipped="0" time="0.053097">
        <testcase classname="tests/choose-looked-at-cards-destination.integration.test.ts" name="choose looked-at cards destination (integration) &gt; puts the chosen card into hand and the other on the bottom of the library" time="0.0332636">
        </testcase>
        <testcase classname="tests/choose-looked-at-cards-destination.integration.test.ts" name="choose looked-at cards destination (integration) &gt; puts the chosen card into hand and the other into the graveyard" time="0.0022969">
        </testcase>
        <testcase classname="tests/choose-looked-at-cards-destination.integration.test.ts" name="choose looked-at cards destination (integration) &gt; puts the chosen card into the graveyard and leaves the other on top of the library" time="0.0027816">
        </testcase>
    </testsuite>
    <testsuite name="tests/choose-mana-colors-choice.integration.test.ts" timestamp="2026-04-23T07:32:39.803Z" hostname="A2Ryzen9" tests="3" failures="0" errors="0" skipped="0" time="0.0525604">
        <testcase classname="tests/choose-mana-colors-choice.integration.test.ts" name="choose mana colors choice (integration) &gt; adds ten mana of one chosen color" time="0.0326141">
        </testcase>
        <testcase classname="tests/choose-mana-colors-choice.integration.test.ts" name="choose mana colors choice (integration) &gt; queues a second unrestricted mana color choice and merges duplicate colors" time="0.003835">
        </testcase>
        <testcase classname="tests/choose-mana-colors-choice.integration.test.ts" name="choose mana colors choice (integration) &gt; adds restricted mana when configured with a casting restriction" time="0.0021673">
        </testcase>
    </testsuite>
    <testsuite name="tests/choose-pile-from-split-choice.integration.test.ts" timestamp="2026-04-23T07:32:39.804Z" hostname="A2Ryzen9" tests="4" failures="0" errors="0" skipped="0" time="0.0841486">
        <testcase classname="tests/choose-pile-from-split-choice.integration.test.ts" name="choose pile from split choice (integration) &gt; chooses a player to perform a two-pile split and enqueues the split step" time="0.0506788">
        </testcase>
        <testcase classname="tests/choose-pile-from-split-choice.integration.test.ts" name="choose pile from split choice (integration) &gt; persists and replays the choose-pile prompt after a two-pile split is submitted" time="0.004823">
        </testcase>
        <testcase classname="tests/choose-pile-from-split-choice.integration.test.ts" name="choose pile from split choice (integration) &gt; moves the chosen pile to hand and the other pile to library" time="0.0036532">
        </testcase>
        <testcase classname="tests/choose-pile-from-split-choice.integration.test.ts" name="choose pile from split choice (integration) &gt; sacrifices the chosen pile of permanents" time="0.0108907">
        </testcase>
    </testsuite>
    <testsuite name="tests/choose-player-for-looked-at-cards.integration.test.ts" timestamp="2026-04-23T07:32:39.805Z" hostname="A2Ryzen9" tests="1" failures="0" errors="0" skipped="0" time="0.0550688">
        <testcase classname="tests/choose-player-for-looked-at-cards.integration.test.ts" name="choose player for looked-at cards (integration) &gt; lets the chosen player pick a revealed card for another player and exiles the other" time="0.0358553">
        </testcase>
    </testsuite>
    <testsuite name="tests/chosen-colors-at-least-one.intervening-if.test.ts" timestamp="2026-04-23T07:32:39.805Z" hostname="A2Ryzen9" tests="6" failures="0" errors="0" skipped="0" time="0.038975">
        <testcase classname="tests/chosen-colors-at-least-one.intervening-if.test.ts" name="Intervening-if: &apos;if it&apos;s at least one of the chosen colors&apos; (Item 4) &gt; returns true when intersection exists (supports name + letter normalization)" time="0.0296971">
        </testcase>
        <testcase classname="tests/chosen-colors-at-least-one.intervening-if.test.ts" name="Intervening-if: &apos;if it&apos;s at least one of the chosen colors&apos; (Item 4) &gt; returns false when colors are known but empty (colorless)" time="0.0048388">
        </testcase>
        <testcase classname="tests/chosen-colors-at-least-one.intervening-if.test.ts" name="Intervening-if: &apos;if it&apos;s at least one of the chosen colors&apos; (Item 4) &gt; returns false when intersection does not exist" time="0.000311">
        </testcase>
        <testcase classname="tests/chosen-colors-at-least-one.intervening-if.test.ts" name="Intervening-if: &apos;if it&apos;s at least one of the chosen colors&apos; (Item 4) &gt; accepts color_identity as a color source" time="0.0004191">
        </testcase>
        <testcase classname="tests/chosen-colors-at-least-one.intervening-if.test.ts" name="Intervening-if: &apos;if it&apos;s at least one of the chosen colors&apos; (Item 4) &gt; returns null when chosen colors are missing" time="0.000256">
        </testcase>
        <testcase classname="tests/chosen-colors-at-least-one.intervening-if.test.ts" name="Intervening-if: &apos;if it&apos;s at least one of the chosen colors&apos; (Item 4) &gt; returns null when object colors are untracked" time="0.0002751">
        </testcase>
    </testsuite>
    <testsuite name="tests/chosen-name-restrictions.test.ts" timestamp="2026-04-23T07:32:39.806Z" hostname="A2Ryzen9" tests="5" failures="0" errors="0" skipped="0" time="0.0058051">
        <testcase classname="tests/chosen-name-restrictions.test.ts" name="chosen-name restrictions &gt; blocks casting a spell with the chosen name (all players)" time="0.0014878">
        </testcase>
        <testcase classname="tests/chosen-name-restrictions.test.ts" name="chosen-name restrictions &gt; blocks casting only for opponents when oracle says &quot;your opponents&quot;" time="0.0005299">
        </testcase>
        <testcase classname="tests/chosen-name-restrictions.test.ts" name="chosen-name restrictions &gt; blocks activation of sources with the chosen name (mana exception respected)" time="0.0006328">
        </testcase>
        <testcase classname="tests/chosen-name-restrictions.test.ts" name="chosen-name restrictions &gt; blocks activation of sources with the chosen name when no mana exception is present" time="0.0003344">
        </testcase>
        <testcase classname="tests/chosen-name-restrictions.test.ts" name="chosen-name restrictions &gt; blocks casting from a temporary spell-generated chosen-name restriction" time="0.0001943">
        </testcase>
    </testsuite>
    <testsuite name="tests/citanul-hierophants.native-green.integration.test.ts" timestamp="2026-04-23T07:32:39.807Z" hostname="A2Ryzen9" tests="1" failures="0" errors="0" skipped="0" time="0.0499344">
        <testcase classname="tests/citanul-hierophants.native-green.integration.test.ts" name="Citanul Hierophants granted native_g activation (integration) &gt; adds green mana directly for a creature granted native_g" time="0.0380983">
        </testcase>
    </testsuite>
    <testsuite name="tests/claim-my-turn.inroom.authorization.integration.test.ts" timestamp="2026-04-23T07:32:39.807Z" hostname="A2Ryzen9" tests="2" failures="0" errors="0" skipped="0" time="0.0278111">
        <testcase classname="tests/claim-my-turn.inroom.authorization.integration.test.ts" name="claimMyTurn in-room authorization (integration) &gt; rejects claimMyTurn when socket is not in the game room" time="0.0113226">
        </testcase>
        <testcase classname="tests/claim-my-turn.inroom.authorization.integration.test.ts" name="claimMyTurn in-room authorization (integration) &gt; rejects claimMyTurn when socket.data.gameId mismatches (even if in room)" time="0.0009928">
        </testcase>
    </testsuite>
    <testsuite name="tests/clash.validate-before-complete.integration.test.ts" timestamp="2026-04-23T07:32:39.808Z" hostname="A2Ryzen9" tests="1" failures="0" errors="0" skipped="0" time="0.0442882">
        <testcase classname="tests/clash.validate-before-complete.integration.test.ts" name="CLASH validate-before-complete (integration) &gt; does not consume the step on invalid selection" time="0.0285997">
        </testcase>
    </testsuite>
    <testsuite name="tests/cleanup-discard.replay.integration.test.ts" timestamp="2026-04-23T07:32:39.808Z" hostname="A2Ryzen9" tests="1" failures="0" errors="0" skipped="0" time="0.1998164">
        <testcase classname="tests/cleanup-discard.replay.integration.test.ts" name="cleanup discard replay (integration) &gt; persists cleanup discards so reset and replay reconstruct the discarded card" time="0.1775531">
        </testcase>
    </testsuite>
    <testsuite name="tests/color-choice.replay.test.ts" timestamp="2026-04-23T07:32:39.809Z" hostname="A2Ryzen9" tests="2" failures="0" errors="0" skipped="0" time="0.0263147">
        <testcase classname="tests/color-choice.replay.test.ts" name="color choice replay semantics &gt; replays spell color choices onto the unresolved stack item" time="0.0224989">
        </testcase>
        <testcase classname="tests/color-choice.replay.test.ts" name="color choice replay semantics &gt; replays permanent color choices onto the chosen permanent" time="0.0004789">
        </testcase>
    </testsuite>
    <testsuite name="tests/color-choice.validate-before-complete.integration.test.ts" timestamp="2026-04-23T07:32:39.809Z" hostname="A2Ryzen9" tests="2" failures="0" errors="0" skipped="0" time="0.0483756">
        <testcase classname="tests/color-choice.validate-before-complete.integration.test.ts" name="COLOR_CHOICE validate-before-complete (integration) &gt; does not consume the step on invalid selection" time="0.028117">
        </testcase>
        <testcase classname="tests/color-choice.validate-before-complete.integration.test.ts" name="COLOR_CHOICE validate-before-complete (integration) &gt; allows a non-mandatory color choice step to be cancelled" time="0.0045981">
        </testcase>
    </testsuite>
    <testsuite name="tests/color-mana-spent.intervening-if.test.ts" timestamp="2026-04-23T07:32:39.809Z" hostname="A2Ryzen9" tests="9" failures="0" errors="0" skipped="0" time="0.0494509">
        <testcase classname="tests/color-mana-spent.intervening-if.test.ts" name="Intervening-if: color and Treasure mana spend clauses &gt; returns true when a single colored pip is present in a complete mana breakdown" time="0.0311105">
        </testcase>
        <testcase classname="tests/color-mana-spent.intervening-if.test.ts" name="Intervening-if: color and Treasure mana spend clauses &gt; returns false when a single colored pip is absent from a complete mana breakdown" time="0.0108054">
        </testcase>
        <testcase classname="tests/color-mana-spent.intervening-if.test.ts" name="Intervening-if: color and Treasure mana spend clauses &gt; returns true when two matching colored pips are present" time="0.0004657">
        </testcase>
        <testcase classname="tests/color-mana-spent.intervening-if.test.ts" name="Intervening-if: color and Treasure mana spend clauses &gt; returns false when two matching colored pips are not present in a complete breakdown" time="0.0003839">
        </testcase>
        <testcase classname="tests/color-mana-spent.intervening-if.test.ts" name="Intervening-if: color and Treasure mana spend clauses &gt; returns true when colorless mana was not spent in a complete breakdown" time="0.0004729">
        </testcase>
        <testcase classname="tests/color-mana-spent.intervening-if.test.ts" name="Intervening-if: color and Treasure mana spend clauses &gt; returns false when colorless mana was spent" time="0.0004403">
        </testcase>
        <testcase classname="tests/color-mana-spent.intervening-if.test.ts" name="Intervening-if: color and Treasure mana spend clauses &gt; returns true when Treasure spend is deterministically known for cast-or-activate clauses" time="0.0011141">
        </testcase>
        <testcase classname="tests/color-mana-spent.intervening-if.test.ts" name="Intervening-if: color and Treasure mana spend clauses &gt; returns false when Treasure spend is deterministically known false for cast-or-activate clauses" time="0.0006906">
        </testcase>
        <testcase classname="tests/color-mana-spent.intervening-if.test.ts" name="Intervening-if: color and Treasure mana spend clauses &gt; prefers triggering stack metadata over source permanents with quoted granted text" time="0.0004358">
        </testcase>
    </testsuite>
    <testsuite name="tests/combat-and-aura-refs-id.intervening-if.test.ts" timestamp="2026-04-23T07:32:39.811Z" hostname="A2Ryzen9" tests="8" failures="0" errors="0" skipped="0" time="0.0935636">
        <testcase classname="tests/combat-and-aura-refs-id.intervening-if.test.ts" name="Intervening-if: refs-id fallback for aura + combat-state clauses &gt; evaluates aura attachedTo clauses using refs.sourcePermanentId when sourcePermanent is missing" time="0.0446914">
        </testcase>
        <testcase classname="tests/combat-and-aura-refs-id.intervening-if.test.ts" name="Intervening-if: refs-id fallback for aura + combat-state clauses &gt; evaluates combat-state clauses via refs.thisCreatureId when sourcePermanent is missing" time="0.0319937">
        </testcase>
        <testcase classname="tests/combat-and-aura-refs-id.intervening-if.test.ts" name="Intervening-if: refs-id fallback for aura + combat-state clauses &gt; evaluates Guardian Project-style uniqueness via refs id when sourcePermanent is missing" time="0.001455">
        </testcase>
        <testcase classname="tests/combat-and-aura-refs-id.intervening-if.test.ts" name="Intervening-if: refs-id fallback for aura + combat-state clauses &gt; evaluates &apos;it&apos;s attacking alone&apos; using refs.thisCreatureId when sourcePermanent is missing" time="0.001452">
        </testcase>
        <testcase classname="tests/combat-and-aura-refs-id.intervening-if.test.ts" name="Intervening-if: refs-id fallback for aura + combat-state clauses &gt; returns null for &apos;you attacked with exactly one creature&apos; when declared-attacker tracking is unavailable" time="0.009215">
        </testcase>
        <testcase classname="tests/combat-and-aura-refs-id.intervening-if.test.ts" name="Intervening-if: refs-id fallback for aura + combat-state clauses &gt; evaluates &apos;this creature attacked this turn&apos; via refs id, and returns null when unknown" time="0.0005526">
        </testcase>
        <testcase classname="tests/combat-and-aura-refs-id.intervening-if.test.ts" name="Intervening-if: refs-id fallback for aura + combat-state clauses &gt; evaluates &apos;it was attacking or blocking alone&apos; via refs id when sourcePermanent is missing" time="0.0010332">
        </testcase>
        <testcase classname="tests/combat-and-aura-refs-id.intervening-if.test.ts" name="Intervening-if: refs-id fallback for aura + combat-state clauses &gt; evaluates defending-player clauses via refs.thisCreatureId when sourcePermanent is missing" time="0.0007256">
        </testcase>
    </testsuite>
    <testsuite name="tests/combat-damage-batched.intervening-if.test.ts" timestamp="2026-04-23T07:32:39.812Z" hostname="A2Ryzen9" tests="5" failures="0" errors="0" skipped="0" time="0.2435451">
        <testcase classname="tests/combat-damage-batched.intervening-if.test.ts" name="Combat damage batched triggers - intervening-if at trigger time &gt; does not execute batched trigger when recognized intervening-if is false" time="0.1929484">
        </testcase>
        <testcase classname="tests/combat-damage-batched.intervening-if.test.ts" name="Combat damage batched triggers - intervening-if at trigger time &gt; executes batched trigger when recognized intervening-if is true" time="0.0203849">
        </testcase>
        <testcase classname="tests/combat-damage-batched.intervening-if.test.ts" name="Combat damage batched triggers - intervening-if at trigger time &gt; does not execute batched trigger when intervening-if (that player hand size) is false" time="0.0072188">
        </testcase>
        <testcase classname="tests/combat-damage-batched.intervening-if.test.ts" name="Combat damage batched triggers - intervening-if at trigger time &gt; executes batched trigger when intervening-if (that player hand size) is true" time="0.0064333">
        </testcase>
        <testcase classname="tests/combat-damage-batched.intervening-if.test.ts" name="Combat damage batched triggers - intervening-if at trigger time &gt; Nature&apos;s Will untaps the attacker&apos;s lands and taps the defending player&apos;s lands" time="0.0095338">
        </testcase>
    </testsuite>
    <testsuite name="tests/combat-damage-single.intervening-if.test.ts" timestamp="2026-04-23T07:32:39.813Z" hostname="A2Ryzen9" tests="3" failures="0" errors="0" skipped="0" time="0.1741205">
        <testcase classname="tests/combat-damage-single.intervening-if.test.ts" name="Combat damage (per-attacker) triggers - intervening-if at trigger time &gt; does not queue per-attacker combat damage trigger when intervening-if (that player hand size) is false" time="0.1359395">
        </testcase>
        <testcase classname="tests/combat-damage-single.intervening-if.test.ts" name="Combat damage (per-attacker) triggers - intervening-if at trigger time &gt; queues per-attacker combat damage trigger when intervening-if (that player hand size) is true" time="0.0152796">
        </testcase>
        <testcase classname="tests/combat-damage-single.intervening-if.test.ts" name="Combat damage (per-attacker) triggers - intervening-if at trigger time &gt; queues trigger but fizzles at resolution when intervening-if becomes false" time="0.0143747">
        </testcase>
    </testsuite>
    <testsuite name="tests/combat-damage-subtype.intervening-if.test.ts" timestamp="2026-04-23T07:32:39.813Z" hostname="A2Ryzen9" tests="1" failures="0" errors="0" skipped="0" time="0.0509722">
        <testcase classname="tests/combat-damage-subtype.intervening-if.test.ts" name="Combat damage subtype intervening-if templates &gt; supports generic subtype phrasing such as &quot;by a Dragon this turn&quot;" time="0.0475349">
        </testcase>
    </testsuite>
    <testsuite name="tests/combat-damage-to-you.regression.integration.test.ts" timestamp="2026-04-23T07:32:39.814Z" hostname="A2Ryzen9" tests="3" failures="0" errors="0" skipped="0" time="0.2046134">
        <testcase classname="tests/combat-damage-to-you.regression.integration.test.ts" name="Combat-damage-to-you regressions &gt; recognizes and resolves Swarmborn Giant combat-damage-to-you triggers" time="0.0487342">
        </testcase>
        <testcase classname="tests/combat-damage-to-you.regression.integration.test.ts" name="Combat-damage-to-you regressions &gt; queues and resolves Contested Game Ball when its controller is dealt combat damage" time="0.0656372">
        </testcase>
        <testcase classname="tests/combat-damage-to-you.regression.integration.test.ts" name="Combat-damage-to-you regressions &gt; detects and resolves Darien using the dealt-damage amount" time="0.0874949">
        </testcase>
    </testsuite>
    <testsuite name="tests/combat-trigger-persistence.integration.test.ts" timestamp="2026-04-23T07:32:39.814Z" hostname="A2Ryzen9" tests="3" failures="0" errors="0" skipped="0" time="0.7686687">
        <testcase classname="tests/combat-trigger-persistence.integration.test.ts" name="combat trigger persistence &gt; persists attack trigger stack pushes as pushTriggeredAbility events" time="0.0759317">
        </testcase>
        <testcase classname="tests/combat-trigger-persistence.integration.test.ts" name="combat trigger persistence &gt; replays persisted combat trigger metadata including value and defending player" time="0.0185926">
        </testcase>
        <testcase classname="tests/combat-trigger-persistence.integration.test.ts" name="combat trigger persistence &gt; grants Agent of the Shadow Thieves attack trigger to a battlefield commander flagged with isCommander" time="0.1465549">
        </testcase>
    </testsuite>
    <testsuite name="tests/combat.dynamic-pt-and-vigor.regression.test.ts" timestamp="2026-04-23T07:32:39.815Z" hostname="A2Ryzen9" tests="6" failures="0" errors="0" skipped="0" time="0.1199374">
        <testcase classname="tests/combat.dynamic-pt-and-vigor.regression.test.ts" name="combat regression: dynamic P/T and Vigor &gt; uses Omnath&apos;s dynamic toughness when checking lethal combat damage" time="0.0776286">
        </testcase>
        <testcase classname="tests/combat.dynamic-pt-and-vigor.regression.test.ts" name="combat regression: dynamic P/T and Vigor &gt; lets Vigor prevent combat damage to another creature and add +1/+1 counters" time="0.0079371">
        </testcase>
        <testcase classname="tests/combat.dynamic-pt-and-vigor.regression.test.ts" name="combat regression: dynamic P/T and Vigor &gt; applies unblocked combat damage to an attacked planeswalker with a normal permanent id and grants lifelink" time="0.0062023">
        </testcase>
        <testcase classname="tests/combat.dynamic-pt-and-vigor.regression.test.ts" name="combat regression: dynamic P/T and Vigor &gt; applies trample excess combat damage to an attacked planeswalker and keeps player life unchanged" time="0.0063781">
        </testcase>
        <testcase classname="tests/combat.dynamic-pt-and-vigor.regression.test.ts" name="combat regression: dynamic P/T and Vigor &gt; lets a first-strike blocker kill a normal attacker before the regular damage step" time="0.0060678">
        </testcase>
        <testcase classname="tests/combat.dynamic-pt-and-vigor.regression.test.ts" name="combat regression: dynamic P/T and Vigor &gt; lets a surviving normal blocker deal regular combat damage back to a first-strike attacker" time="0.0123256">
        </testcase>
    </testsuite>
    <testsuite name="tests/combat.inroom.authorization.integration.test.ts" timestamp="2026-04-23T07:32:39.816Z" hostname="A2Ryzen9" tests="6" failures="0" errors="0" skipped="0" time="0.2685439">
        <testcase classname="tests/combat.inroom.authorization.integration.test.ts" name="combat in-room authorization (integration) &gt; blocks declareAttackers when socket is not in the game room" time="0.0094377">
        </testcase>
        <testcase classname="tests/combat.inroom.authorization.integration.test.ts" name="combat in-room authorization (integration) &gt; does not throw when payload is missing (crash-safety)" time="0.0045175">
        </testcase>
        <testcase classname="tests/combat.inroom.authorization.integration.test.ts" name="combat in-room authorization (integration) &gt; blocks applyCombatControl when socket is not in the game room" time="0.001052">
        </testcase>
        <testcase classname="tests/combat.inroom.authorization.integration.test.ts" name="combat in-room authorization (integration) &gt; rejects malformed controlled declaration payloads without throwing" time="0.0012594">
        </testcase>
        <testcase classname="tests/combat.inroom.authorization.integration.test.ts" name="combat in-room authorization (integration) &gt; allows combat controller to emit attacker preview during controlled attackers" time="0.0131692">
        </testcase>
        <testcase classname="tests/combat.inroom.authorization.integration.test.ts" name="combat in-room authorization (integration) &gt; ignores attacker preview from non-turn non-controller players" time="0.0006176">
        </testcase>
    </testsuite>
    <testsuite name="tests/commander-sphere.generic-sacrifice-draw.integration.test.ts" timestamp="2026-04-23T07:32:39.817Z" hostname="A2Ryzen9" tests="1" failures="0" errors="0" skipped="0" time="0.3980272">
        <testcase classname="tests/commander-sphere.generic-sacrifice-draw.integration.test.ts" name="Commander&apos;s Sphere generic sacrifice-draw routing (integration) &gt; activates the sacrifice-to-draw mode through a generic parsed ability id" time="0.0388269">
        </testcase>
    </testsuite>
    <testsuite name="tests/commander-zone-choice.validate-before-complete.integration.test.ts" timestamp="2026-04-23T07:32:39.817Z" hostname="A2Ryzen9" tests="1" failures="0" errors="0" skipped="0" time="0.0666865">
        <testcase classname="tests/commander-zone-choice.validate-before-complete.integration.test.ts" name="Commander replacement OPTION_CHOICE validate-before-complete (integration) &gt; does not consume the step on invalid selection" time="0.0298862">
        </testcase>
    </testsuite>
    <testsuite name="tests/commander.authorization.integration.test.ts" timestamp="2026-04-23T07:32:39.817Z" hostname="A2Ryzen9" tests="6" failures="0" errors="0" skipped="0" time="0.0249847">
        <testcase classname="tests/commander.authorization.integration.test.ts" name="commander authorization (integration) &gt; blocks setCommander when socket is not in the game room" time="0.0052497">
        </testcase>
        <testcase classname="tests/commander.authorization.integration.test.ts" name="commander authorization (integration) &gt; blocks setCommander when socket.data.gameId mismatches (even if in room)" time="0.0009583">
        </testcase>
        <testcase classname="tests/commander.authorization.integration.test.ts" name="commander authorization (integration) &gt; allows in-room castCommander when socket.data.gameId is unset (fails later, but not NOT_IN_GAME)" time="0.0009356">
        </testcase>
        <testcase classname="tests/commander.authorization.integration.test.ts" name="commander authorization (integration) &gt; blocks dumpLibrary unless caller is judge in-room" time="0.0007333">
        </testcase>
        <testcase classname="tests/commander.authorization.integration.test.ts" name="commander authorization (integration) &gt; does not throw when debug dump payload is missing (crash-safety)" time="0.0013848">
        </testcase>
        <testcase classname="tests/commander.authorization.integration.test.ts" name="commander authorization (integration) &gt; does not throw when commander action payload is missing (crash-safety)" time="0.0008211">
        </testcase>
    </testsuite>
    <testsuite name="tests/commander.both-castable.test.ts" timestamp="2026-04-23T07:32:39.818Z" hostname="A2Ryzen9" tests="3" failures="0" errors="0" skipped="0" time="0.0303172">
        <testcase classname="tests/commander.both-castable.test.ts" name="Casting both partner commanders &gt; replays legacy castCommander events that only persisted cardId" time="0.0237573">
        </testcase>
        <testcase classname="tests/commander.both-castable.test.ts" name="Casting both partner commanders &gt; replays castSpell events persisted from the command zone" time="0.0016506">
        </testcase>
        <testcase classname="tests/commander.both-castable.test.ts" name="Casting both partner commanders &gt; should allow casting both partner commanders independently" time="0.0023652">
        </testcase>
    </testsuite>
    <testsuite name="tests/commander.front-face-image.test.ts" timestamp="2026-04-23T07:32:39.819Z" hostname="A2Ryzen9" tests="1" failures="0" errors="0" skipped="0" time="0.0045962">
        <testcase classname="tests/commander.front-face-image.test.ts" name="Commander front-face snapshots &gt; uses face-0 image data when a transform commander has no top-level image_uris" time="0.0019464">
        </testcase>
    </testsuite>
    <testsuite name="tests/commander.multiple.removal.test.ts" timestamp="2026-04-23T07:32:39.819Z" hostname="A2Ryzen9" tests="3" failures="0" errors="0" skipped="0" time="0.005275">
        <testcase classname="tests/commander.multiple.removal.test.ts" name="Commander removal from library &gt; should remove both partner commanders from library" time="0.0025906">
        </testcase>
        <testcase classname="tests/commander.multiple.removal.test.ts" name="Commander removal from library &gt; should handle single commander correctly" time="0.0005254">
        </testcase>
        <testcase classname="tests/commander.multiple.removal.test.ts" name="Commander removal from library &gt; should handle commanders not in first positions" time="0.0003875">
        </testcase>
    </testsuite>
    <testsuite name="tests/commander.shared-surface.integration.test.ts" timestamp="2026-04-23T07:32:39.820Z" hostname="A2Ryzen9" tests="2" failures="0" errors="0" skipped="0" time="0.1768141">
        <testcase classname="tests/commander.shared-surface.integration.test.ts" name="commander shared-surface integration &gt; casts a reduced-cost commander through the shared command-zone surface" time="0.1532369">
        </testcase>
        <testcase classname="tests/commander.shared-surface.integration.test.ts" name="commander shared-surface integration &gt; rejects non-flash commanders outside sorcery timing via the shared command-zone surface" time="0.0020123">
        </testcase>
    </testsuite>
    <testsuite name="tests/confirm-graveyard-targets.replay.test.ts" timestamp="2026-04-23T07:32:39.820Z" hostname="A2Ryzen9" tests="5" failures="0" errors="0" skipped="0" time="0.0385958">
        <testcase classname="tests/confirm-graveyard-targets.replay.test.ts" name="confirmGraveyardTargets replay semantics &gt; replays graveyard-to-battlefield moves with the persisted permanent ids" time="0.0207121">
        </testcase>
        <testcase classname="tests/confirm-graveyard-targets.replay.test.ts" name="confirmGraveyardTargets replay semantics &gt; falls back to deterministic replay ids for legacy events without persisted permanent ids" time="0.0007304">
        </testcase>
        <testcase classname="tests/confirm-graveyard-targets.replay.test.ts" name="confirmGraveyardTargets replay semantics &gt; replays owner-routed graveyard-to-library moves to the selected card owner&apos;s library" time="0.0012835">
        </testcase>
        <testcase classname="tests/confirm-graveyard-targets.replay.test.ts" name="confirmGraveyardTargets replay semantics &gt; replays battlefield-entry modifiers for face-down and suspected graveyard returns" time="0.0073137">
        </testcase>
        <testcase classname="tests/confirm-graveyard-targets.replay.test.ts" name="confirmGraveyardTargets replay semantics &gt; replays face-down graveyard returns that immediately turn face up" time="0.0005819">
        </testcase>
    </testsuite>
    <testsuite name="tests/controlled-combat.replay.test.ts" timestamp="2026-04-23T07:32:39.821Z" hostname="A2Ryzen9" tests="3" failures="0" errors="0" skipped="0" time="0.038958">
        <testcase classname="tests/controlled-combat.replay.test.ts" name="controlled combat replay semantics &gt; replays declareAttackers with attack-cost payment evidence by restoring the sacrificed Treasure and mana spend" time="0.0271167">
        </testcase>
        <testcase classname="tests/controlled-combat.replay.test.ts" name="controlled combat replay semantics &gt; replays declareControlledAttackers by marking attackers and tapping them" time="0.0010452">
        </testcase>
        <testcase classname="tests/controlled-combat.replay.test.ts" name="controlled combat replay semantics &gt; replays declareControlledBlockers by marking blockers and blocked attackers" time="0.0061837">
        </testcase>
    </testsuite>
    <testsuite name="tests/cost-contains-x.intervening-if.test.ts" timestamp="2026-04-23T07:32:39.822Z" hostname="A2Ryzen9" tests="3" failures="0" errors="0" skipped="0" time="0.0624676">
        <testcase classname="tests/cost-contains-x.intervening-if.test.ts" name="Intervening-if: cost contains {X} (spell mana cost / ability activation cost) &gt; reads that spell mana cost from the triggering stack item" time="0.0578655">
        </testcase>
        <testcase classname="tests/cost-contains-x.intervening-if.test.ts" name="Intervening-if: cost contains {X} (spell mana cost / ability activation cost) &gt; can detect {X} in an activated ability cost when abilityText/description begins with a cost" time="0.0014508">
        </testcase>
        <testcase classname="tests/cost-contains-x.intervening-if.test.ts" name="Intervening-if: cost contains {X} (spell mana cost / ability activation cost) &gt; respects explicit boolean refs when provided" time="0.0007272">
        </testcase>
    </testsuite>
    <testsuite name="tests/counter-events.replay.test.ts" timestamp="2026-04-23T07:32:39.822Z" hostname="A2Ryzen9" tests="3" failures="0" errors="0" skipped="0" time="0.0277869">
        <testcase classname="tests/counter-events.replay.test.ts" name="counter event replay semantics &gt; replays counter_moved by moving one counter between permanents" time="0.021814">
        </testcase>
        <testcase classname="tests/counter-events.replay.test.ts" name="counter event replay semantics &gt; replays counterTargetChosen by adding a counter to the chosen permanent" time="0.0004609">
        </testcase>
        <testcase classname="tests/counter-events.replay.test.ts" name="counter event replay semantics &gt; replays counterPlacementResolve by restoring trigger-added counters and goad state" time="0.0030067">
        </testcase>
    </testsuite>
    <testsuite name="tests/counter-movement.validate-before-complete.integration.test.ts" timestamp="2026-04-23T07:32:39.823Z" hostname="A2Ryzen9" tests="1" failures="0" errors="0" skipped="0" time="0.0609006">
        <testcase classname="tests/counter-movement.validate-before-complete.integration.test.ts" name="COUNTER_MOVEMENT validate-before-complete (integration) &gt; does not consume the step on invalid counter movement selection" time="0.0354638">
        </testcase>
    </testsuite>
    <testsuite name="tests/counter-target.validate-before-complete.integration.test.ts" timestamp="2026-04-23T07:32:39.823Z" hostname="A2Ryzen9" tests="1" failures="0" errors="0" skipped="0" time="0.0594184">
        <testcase classname="tests/counter-target.validate-before-complete.integration.test.ts" name="COUNTER_TARGET validate-before-complete (integration) &gt; does not consume the step on invalid target selection" time="0.0351693">
        </testcase>
    </testsuite>
    <testsuite name="tests/counters.cancellation.test.ts" timestamp="2026-04-23T07:32:39.824Z" hostname="A2Ryzen9" tests="2" failures="0" errors="0" skipped="0" time="0.0634267">
        <testcase classname="tests/counters.cancellation.test.ts" name="+1/+1 and -1/-1 counters annihilation via SBA &gt; cancels pairwise when adding -1/-1 onto existing +1/+1" time="0.0547764">
        </testcase>
        <testcase classname="tests/counters.cancellation.test.ts" name="+1/+1 and -1/-1 counters annihilation via SBA &gt; removes both if counts match after updates" time="0.0008946">
        </testcase>
    </testsuite>
    <testsuite name="tests/counterspell.target-prompt.integration.test.ts" timestamp="2026-04-23T07:32:39.824Z" hostname="A2Ryzen9" tests="1" failures="0" errors="0" skipped="0" time="0.0351822">
        <testcase classname="tests/counterspell.target-prompt.integration.test.ts" name="Counterspell target prompt metadata (integration) &gt; shows the target spell name and image instead of the raw stack id" time="0.0248845">
        </testcase>
    </testsuite>
    <testsuite name="tests/create-token.execute-effect-replay.test.ts" timestamp="2026-04-23T07:32:39.824Z" hostname="A2Ryzen9" tests="3" failures="0" errors="0" skipped="0" time="0.0251257">
        <testcase classname="tests/create-token.execute-effect-replay.test.ts" name="executeEffect createToken replay semantics &gt; does not give summoning sickness to noncreature tokens during replay" time="0.0208832">
        </testcase>
        <testcase classname="tests/create-token.execute-effect-replay.test.ts" name="executeEffect createToken replay semantics &gt; keeps summoning sickness on replayed creature tokens without haste" time="0.0004635">
        </testcase>
        <testcase classname="tests/create-token.execute-effect-replay.test.ts" name="executeEffect createToken replay semantics &gt; does not give summoning sickness to replayed creature tokens with haste" time="0.0003624">
        </testcase>
    </testsuite>
    <testsuite name="tests/create-token.live-semantics.test.ts" timestamp="2026-04-23T07:32:39.826Z" hostname="A2Ryzen9" tests="3" failures="0" errors="0" skipped="0" time="0.0905424">
        <testcase classname="tests/create-token.live-semantics.test.ts" name="createToken live semantics &gt; does not give summoning sickness to noncreature tokens" time="0.0842532">
        </testcase>
        <testcase classname="tests/create-token.live-semantics.test.ts" name="createToken live semantics &gt; does not give summoning sickness to creature tokens with haste" time="0.0021088">
        </testcase>
        <testcase classname="tests/create-token.live-semantics.test.ts" name="createToken live semantics &gt; keeps summoning sickness on copied creatures without haste and removes it for haste copies" time="0.0020276">
        </testcase>
    </testsuite>
    <testsuite name="tests/creature-spell-haste-mana-provenance.test.ts" timestamp="2026-04-23T07:32:39.827Z" hostname="A2Ryzen9" tests="2" failures="0" errors="0" skipped="0" time="0.0037139">
        <testcase classname="tests/creature-spell-haste-mana-provenance.test.ts" name="Creature-spell haste mana provenance &gt; derives true when payment must have consumed haste-granting mana" time="0.0011563">
        </testcase>
        <testcase classname="tests/creature-spell-haste-mana-provenance.test.ts" name="Creature-spell haste mana provenance &gt; derives false when no haste-granting mana was recorded in the pool" time="0.0002642">
        </testcase>
    </testsuite>
    <testsuite name="tests/creature-type-choice.validate-before-complete.integration.test.ts" timestamp="2026-04-23T07:32:39.827Z" hostname="A2Ryzen9" tests="1" failures="0" errors="0" skipped="0" time="0.0502299">
        <testcase classname="tests/creature-type-choice.validate-before-complete.integration.test.ts" name="CREATURE_TYPE_CHOICE validate-before-complete (integration) &gt; does not consume the step on invalid selection" time="0.0276967">
        </testcase>
    </testsuite>
    <testsuite name="tests/creature-type-selected.replay.test.ts" timestamp="2026-04-23T07:32:39.828Z" hostname="A2Ryzen9" tests="3" failures="0" errors="0" skipped="0" time="0.0254337">
        <testcase classname="tests/creature-type-selected.replay.test.ts" name="creatureTypeSelected replay semantics &gt; replays chosen creature type onto the selected permanent" time="0.0214586">
        </testcase>
        <testcase classname="tests/creature-type-selected.replay.test.ts" name="creatureTypeSelected replay semantics &gt; replays Morophon mirror state used by live selection handling" time="0.001084">
        </testcase>
        <testcase classname="tests/creature-type-selected.replay.test.ts" name="creatureTypeSelected replay semantics &gt; falls back to player and card name when replay cannot reconstruct the original permanent id" time="0.000475">
        </testcase>
    </testsuite>
    <testsuite name="tests/creature.mana.abilities.test.ts" timestamp="2026-04-23T07:32:39.828Z" hostname="A2Ryzen9" tests="16" failures="0" errors="0" skipped="0" time="0.0174691">
        <testcase classname="tests/creature.mana.abilities.test.ts" name="Creature Mana Abilities &gt; getManaAbilitiesForPermanent &gt; should detect mana abilities for a creature with inherent tap-for-mana" time="0.0027629">
        </testcase>
        <testcase classname="tests/creature.mana.abilities.test.ts" name="Creature Mana Abilities &gt; getManaAbilitiesForPermanent &gt; should detect granted mana abilities from Cryptolith Rite" time="0.0006049">
        </testcase>
        <testcase classname="tests/creature.mana.abilities.test.ts" name="Creature Mana Abilities &gt; getManaAbilitiesForPermanent &gt; should detect granted mana abilities from Citanul Hierophants" time="0.0003158">
        </testcase>
        <testcase classname="tests/creature.mana.abilities.test.ts" name="Creature Mana Abilities &gt; getManaAbilitiesForPermanent &gt; should not grant abilities to creatures controlled by other players" time="0.0003559">
        </testcase>
        <testcase classname="tests/creature.mana.abilities.test.ts" name="Creature Mana Abilities &gt; getManaAbilitiesForPermanent &gt; should not grant mana abilities to lands from creature-granting effects" time="0.0005051">
        </testcase>
        <testcase classname="tests/creature.mana.abilities.test.ts" name="Creature Mana Abilities &gt; getManaAbilitiesForPermanent &gt; should not treat Cryptolith Rite itself as a native mana source" time="0.0008422">
        </testcase>
        <testcase classname="tests/creature.mana.abilities.test.ts" name="Creature Mana Abilities &gt; getManaAbilitiesForPermanent &gt; should preserve granted any-color mana as a color-choice source" time="0.0029059">
        </testcase>
        <testcase classname="tests/creature.mana.abilities.test.ts" name="Creature Mana Abilities &gt; getManaAbilitiesForPermanent &gt; should not treat Mox Amber as a mana source without a colored legendary creature or planeswalker" time="0.0011306">
        </testcase>
        <testcase classname="tests/creature.mana.abilities.test.ts" name="Creature Mana Abilities &gt; getManaAbilitiesForPermanent &gt; should restrict Mox Amber colors to controlled legendary creatures and planeswalkers" time="0.0014232">
        </testcase>
        <testcase classname="tests/creature.mana.abilities.test.ts" name="Creature Mana Abilities &gt; getManaAbilitiesForPermanent &gt; should remap basic land mana under Reality Twist without changing land types" time="0.0009946">
        </testcase>
        <testcase classname="tests/creature.mana.abilities.test.ts" name="Creature Mana Abilities &gt; getManaAbilitiesForPermanent &gt; should combine Urborg with Reality Twist through effective land types" time="0.0007973">
        </testcase>
        <testcase classname="tests/creature.mana.abilities.test.ts" name="Creature Mana Abilities &gt; getManaAbilitiesForPermanent &gt; should suppress Urborg under Blood Moon and remap Mountain mana with Reality Twist" time="0.0009096">
        </testcase>
        <testcase classname="tests/creature.mana.abilities.test.ts" name="Creature Mana Abilities &gt; detectManaModifiers &gt; should detect Cryptolith Rite as a mana modifier" time="0.0002581">
        </testcase>
        <testcase classname="tests/creature.mana.abilities.test.ts" name="Creature Mana Abilities &gt; detectManaModifiers &gt; should detect Citanul Hierophants as a mana modifier" time="0.0002223">
        </testcase>
        <testcase classname="tests/creature.mana.abilities.test.ts" name="Creature Mana Abilities &gt; detectManaModifiers &gt; should not detect modifiers for opponents" time="0.0001158">
        </testcase>
        <testcase classname="tests/creature.mana.abilities.test.ts" name="Creature Mana Abilities &gt; mana pool integration &gt; should correctly map mana colors to pool keys" time="0.0001858">
        </testcase>
    </testsuite>
    <testsuite name="tests/creatureTypeNow.kindred-changeling.test.ts" timestamp="2026-04-23T07:32:39.830Z" hostname="A2Ryzen9" tests="4" failures="0" errors="0" skipped="0" time="0.0053635">
        <testcase classname="tests/creatureTypeNow.kindred-changeling.test.ts" name="Creature type detection (Kindred / Changeling / type grants) &gt; counts Kindred permanents as having the creature subtype (but not as creatures)" time="0.0017849">
        </testcase>
        <testcase classname="tests/creatureTypeNow.kindred-changeling.test.ts" name="Creature type detection (Kindred / Changeling / type grants) &gt; treats Changeling as every creature type" time="0.0003769">
        </testcase>
        <testcase classname="tests/creatureTypeNow.kindred-changeling.test.ts" name="Creature type detection (Kindred / Changeling / type grants) &gt; honors modifiers.newTypeLine when an effect changes subtypes" time="0.0003271">
        </testcase>
        <testcase classname="tests/creatureTypeNow.kindred-changeling.test.ts" name="Creature type detection (Kindred / Changeling / type grants) &gt; honors hasAllCreatureTypes flag (e.g., Mutavault-style animation)" time="0.0003578">
        </testcase>
    </testsuite>
    <testsuite name="tests/crew-levelup-outlast.generic-ability-routing.integration.test.ts" timestamp="2026-04-23T07:32:39.831Z" hostname="A2Ryzen9" tests="3" failures="0" errors="0" skipped="0" time="0.2294731">
        <testcase classname="tests/crew-levelup-outlast.generic-ability-routing.integration.test.ts" name="Crew, level-up, and outlast generic ability routing (integration) &gt; activates crew through the parser-emitted id and resolves the crew selection" time="0.1849414">
        </testcase>
        <testcase classname="tests/crew-levelup-outlast.generic-ability-routing.integration.test.ts" name="Crew, level-up, and outlast generic ability routing (integration) &gt; activates level up through the parser-emitted id and adds a level counter" time="0.0207938">
        </testcase>
        <testcase classname="tests/crew-levelup-outlast.generic-ability-routing.integration.test.ts" name="Crew, level-up, and outlast generic ability routing (integration) &gt; activates outlast through the parser-emitted id and adds a +1/+1 counter" time="0.00361">
        </testcase>
    </testsuite>
    <testsuite name="tests/cryptolith-rite.native-any-color-choice.integration.test.ts" timestamp="2026-04-23T07:32:39.831Z" hostname="A2Ryzen9" tests="1" failures="0" errors="0" skipped="0" time="0.0749197">
        <testcase classname="tests/cryptolith-rite.native-any-color-choice.integration.test.ts" name="Cryptolith Rite granted native_any mana choice (integration) &gt; queues color selection for granted native_any and adds the chosen color" time="0.061634">
        </testcase>
    </testsuite>
    <testsuite name="tests/cultivate.library-search-replay.integration.test.ts" timestamp="2026-04-23T07:32:39.832Z" hostname="A2Ryzen9" tests="1" failures="0" errors="0" skipped="0" time="0.1394253">
        <testcase classname="tests/cultivate.library-search-replay.integration.test.ts" name="Cultivate library search replay &gt; persists split library search results for Cultivate so replay does not need a fresh prompt" time="0.1267319">
        </testcase>
    </testsuite>
    <testsuite name="tests/custom-cards.test.ts" timestamp="2026-04-23T07:32:39.832Z" hostname="A2Ryzen9" tests="7" failures="0" errors="0" skipped="0" time="0.0248987">
        <testcase classname="tests/custom-cards.test.ts" name="Custom Cards - Aerith Gainsborough &gt; gains exactly one +1/+1 counter per life gain event" time="0.0030205">
        </testcase>
        <testcase classname="tests/custom-cards.test.ts" name="Custom Cards - Aerith Gainsborough &gt; distributes counters to legendary creatures on death" time="0.0136539">
        </testcase>
        <testcase classname="tests/custom-cards.test.ts" name="Custom Cards - Yuna, Grand Summoner &gt; sets flag for next creature to enter with +2 counters" time="0.0003262">
        </testcase>
        <testcase classname="tests/custom-cards.test.ts" name="Custom Cards - Death&apos;s Presence &gt; triggers when creature dies and tracks its power" time="0.0026459">
        </testcase>
        <testcase classname="tests/custom-cards.test.ts" name="Custom Cards - Deadpool, Trading Card &gt; exchanges oracle text between permanents" time="0.0003631">
        </testcase>
        <testcase classname="tests/custom-cards.test.ts" name="Custom Cards - Deadpool, Trading Card &gt; registers upkeep life loss trigger" time="0.0009944">
        </testcase>
        <testcase classname="tests/custom-cards.test.ts" name="Counter Replacement Effects &gt; applies Doubling Season to Aerith death trigger" time="0.0010243">
        </testcase>
    </testsuite>
    <testsuite name="tests/cycling.inroom.authorization.integration.test.ts" timestamp="2026-04-23T07:32:39.833Z" hostname="A2Ryzen9" tests="1" failures="0" errors="0" skipped="0" time="0.0264054">
        <testcase classname="tests/cycling.inroom.authorization.integration.test.ts" name="cycling in-room authorization (integration) &gt; blocks activateCycling when socket is not in the game room" time="0.0104856">
        </testcase>
    </testsuite>
    <testsuite name="tests/cycling.parser-contract.integration.test.ts" timestamp="2026-04-23T07:32:39.833Z" hostname="A2Ryzen9" tests="5" failures="0" errors="0" skipped="0" time="0.0686321">
        <testcase classname="tests/cycling.parser-contract.integration.test.ts" name="cycling parser contract (integration) &gt; accepts parser-emitted cycling ids through activateCycling and resolves the draw from the stack" time="0.0282178">
        </testcase>
        <testcase classname="tests/cycling.parser-contract.integration.test.ts" name="cycling parser contract (integration) &gt; replays activateCycling events by discarding, spending mana, and rebuilding the cycling stack item" time="0.0209237">
        </testcase>
        <testcase classname="tests/cycling.parser-contract.integration.test.ts" name="cycling parser contract (integration) &gt; routes basic landcycling through activateCycling and resolves a filtered library search step" time="0.003965">
        </testcase>
        <testcase classname="tests/cycling.parser-contract.integration.test.ts" name="cycling parser contract (integration) &gt; routes creature-type cycling to a creature-only library search" time="0.0023127">
        </testcase>
        <testcase classname="tests/cycling.parser-contract.integration.test.ts" name="cycling parser contract (integration) &gt; replays typecycling stack items with their search metadata intact" time="0.0016381">
        </testcase>
    </testsuite>
    <testsuite name="tests/damage-and-chosen-number-refs-id.intervening-if.test.ts" timestamp="2026-04-23T07:32:39.834Z" hostname="A2Ryzen9" tests="2" failures="0" errors="0" skipped="0" time="0.0316986">
        <testcase classname="tests/damage-and-chosen-number-refs-id.intervening-if.test.ts" name="Intervening-if: damage + chosen-number templates work via refs-id &gt; damage-to-it and dealt-damage-to-opponent work without sourcePermanent" time="0.0287547">
        </testcase>
        <testcase classname="tests/damage-and-chosen-number-refs-id.intervening-if.test.ts" name="Intervening-if: damage + chosen-number templates work via refs-id &gt; chosen-number power/toughness checks work without sourcePermanent" time="0.0004066">
        </testcase>
    </testsuite>
    <testsuite name="tests/damage-received.intervening-if.test.ts" timestamp="2026-04-23T07:32:39.834Z" hostname="A2Ryzen9" tests="6" failures="0" errors="0" skipped="0" time="0.0641673">
        <testcase classname="tests/damage-received.intervening-if.test.ts" name="Intervening-if filtering for damage-received triggers (trigger time) &gt; does not queue a damage-received trigger when recognized intervening-if is false" time="0.0560339">
        </testcase>
        <testcase classname="tests/damage-received.intervening-if.test.ts" name="Intervening-if filtering for damage-received triggers (trigger time) &gt; detects Wall of Souls combat-damage wording and preserves opponent-or-planeswalker targeting" time="0.0008806">
        </testcase>
        <testcase classname="tests/damage-received.intervening-if.test.ts" name="Intervening-if filtering for damage-received triggers (trigger time) &gt; detects generic combat-damage life-gain triggers without target selection" time="0.0004995">
        </testcase>
        <testcase classname="tests/damage-received.intervening-if.test.ts" name="Intervening-if filtering for damage-received triggers (trigger time) &gt; captures the attacking player for Souls of the Faultless life-loss reflection" time="0.0006731">
        </testcase>
        <testcase classname="tests/damage-received.intervening-if.test.ts" name="Intervening-if filtering for damage-received triggers (trigger time) &gt; dispatches Wall of Souls directly into Resolution Queue without staging pending damage triggers" time="0.0011522">
        </testcase>
        <testcase classname="tests/damage-received.intervening-if.test.ts" name="Intervening-if filtering for damage-received triggers (trigger time) &gt; auto-resolves Wall of Essence directly without staging pending damage triggers" time="0.0014704">
        </testcase>
    </testsuite>
    <testsuite name="tests/damage-this-turn.intervening-if.test.ts" timestamp="2026-04-23T07:32:39.835Z" hostname="A2Ryzen9" tests="2" failures="0" errors="0" skipped="0" time="0.0746752">
        <testcase classname="tests/damage-this-turn.intervening-if.test.ts" name="Intervening-if: damage dealt to it this turn &gt; tracks damageThisTurn and makes &quot;if 4 or more damage was dealt to it this turn&quot; decidable" time="0.0698555">
        </testcase>
        <testcase classname="tests/damage-this-turn.intervening-if.test.ts" name="Intervening-if: damage dealt to it this turn &gt; makes &quot;if this creature was dealt damage this turn&quot; decidable via damageThisTurn" time="0.0012484">
        </testcase>
    </testsuite>
    <testsuite name="tests/damage-triggers.emit.test.ts" timestamp="2026-04-23T07:32:39.836Z" hostname="A2Ryzen9" tests="6" failures="0" errors="0" skipped="0" time="0.0228463">
        <testcase classname="tests/damage-triggers.emit.test.ts" name="Pending damage triggers (emission) &gt; does not emit when there are no pending triggers" time="0.0017913">
        </testcase>
        <testcase classname="tests/damage-triggers.emit.test.ts" name="Pending damage triggers (emission) &gt; enqueues one TARGET_SELECTION step per queued trigger with source image when present" time="0.0012438">
        </testcase>
        <testcase classname="tests/damage-triggers.emit.test.ts" name="Pending damage triggers (emission) &gt; offers opponents and planeswalkers for opponent-or-planeswalker damage triggers" time="0.0011373">
        </testcase>
        <testcase classname="tests/damage-triggers.emit.test.ts" name="Pending damage triggers (emission) &gt; auto-resolves combat-damage life-gain triggers without creating a target step" time="0.0087834">
        </testcase>
        <testcase classname="tests/damage-triggers.emit.test.ts" name="Pending damage triggers (emission) &gt; auto-resolves Souls of the Faultless using the recorded attacking player" time="0.0028458">
        </testcase>
        <testcase classname="tests/damage-triggers.emit.test.ts" name="Pending damage triggers (emission) &gt; flushes queued damage trigger prompts immediately after a step advance" time="0.0007611">
        </testcase>
    </testsuite>
    <testsuite name="tests/damage-triggers.resolution-queue.integration.test.ts" timestamp="2026-04-23T07:32:39.837Z" hostname="A2Ryzen9" tests="5" failures="0" errors="0" skipped="0" time="0.4413556">
        <testcase classname="tests/damage-triggers.resolution-queue.integration.test.ts" name="Damage triggers via Resolution Queue (integration) &gt; enqueues a TARGET_SELECTION step and applies damage to a permanent target" time="0.0530894">
        </testcase>
        <testcase classname="tests/damage-triggers.resolution-queue.integration.test.ts" name="Damage triggers via Resolution Queue (integration) &gt; applies damage to a player target (life decreases)" time="0.0039965">
        </testcase>
        <testcase classname="tests/damage-triggers.resolution-queue.integration.test.ts" name="Damage triggers via Resolution Queue (integration) &gt; chains damage triggers: damaging a trigger-permanent enqueues a follow-up step" time="0.0048471">
        </testcase>
        <testcase classname="tests/damage-triggers.resolution-queue.integration.test.ts" name="Damage triggers via Resolution Queue (integration) &gt; applies each_opponent damage immediately (no resolution step)" time="0.0016647">
        </testcase>
        <testcase classname="tests/damage-triggers.resolution-queue.integration.test.ts" name="Damage triggers via Resolution Queue (integration) &gt; emits a queued damage trigger prompt immediately when passPriority advances the step" time="0.0353955">
        </testcase>
    </testsuite>
    <testsuite name="tests/dance-with-calamity.integration.test.ts" timestamp="2026-04-23T07:32:39.838Z" hostname="A2Ryzen9" tests="1" failures="0" errors="0" skipped="0" time="0.1322912">
        <testcase classname="tests/dance-with-calamity.integration.test.ts" name="Dance with Calamity ordered free-cast flow (integration) &gt; casts the chosen spells in order and resolves cleanly after the last prompt is declined" time="0.1191774">
        </testcase>
    </testsuite>
    <testsuite name="tests/dance-with-calamity.replay.test.ts" timestamp="2026-04-23T07:32:39.838Z" hostname="A2Ryzen9" tests="4" failures="0" errors="0" skipped="0" time="0.3571494">
        <testcase classname="tests/dance-with-calamity.replay.test.ts" name="Dance with Calamity live/replay semantics &gt; resolving the spell queues the initial push-your-luck prompt directly without pending staging" time="0.3418312">
        </testcase>
        <testcase classname="tests/dance-with-calamity.replay.test.ts" name="Dance with Calamity live/replay semantics &gt; replays a continue decision by moving the card to exile, updating library state, and rebuilding the next prompt" time="0.002111">
        </testcase>
        <testcase classname="tests/dance-with-calamity.replay.test.ts" name="Dance with Calamity live/replay semantics &gt; replays the cast-selection stage and rehydrates the ordered free-cast prompt sequence" time="0.0011044">
        </testcase>
        <testcase classname="tests/dance-with-calamity.replay.test.ts" name="Dance with Calamity live/replay semantics &gt; replays the final resolve event by clearing the pending prompt while preserving exiled cards" time="0.0008165">
        </testcase>
    </testsuite>
    <testsuite name="tests/day-night.test.ts" timestamp="2026-04-23T07:32:39.839Z" hostname="A2Ryzen9" tests="7" failures="0" errors="0" skipped="0" time="0.0846834">
        <testcase classname="tests/day-night.test.ts" name="Day/Night state tracking &gt; changes day-&gt;night based on spells cast by previous active player" time="0.0241926">
        </testcase>
        <testcase classname="tests/day-night.test.ts" name="Day/Night state tracking &gt; changes night-&gt;day based on spells cast by previous active player" time="0.0006723">
        </testcase>
        <testcase classname="tests/day-night.test.ts" name="Day/Night state tracking &gt; bootstraps day/night from an existing battlefield permanent when the cycle was never initialized" time="0.0012373">
        </testcase>
        <testcase classname="tests/day-night.test.ts" name="Day/Night state tracking &gt; applies explicit &quot;it becomes day&quot; / &quot;it becomes night&quot; during resolution" time="0.0463625">
        </testcase>
        <testcase classname="tests/day-night.test.ts" name="Day/Night state tracking &gt; does not apply conditional-only day/night changes when the condition is false (or neither day nor night)" time="0.0062664">
        </testcase>
        <testcase classname="tests/day-night.test.ts" name="Day/Night state tracking &gt; transforms daybound/nightbound permanents when day/night changes" time="0.001466">
        </testcase>
        <testcase classname="tests/day-night.test.ts" name="Day/Night state tracking &gt; applies daybound &quot;enters transformed if it is night&quot; behavior at ETB time" time="0.0013971">
        </testcase>
    </testsuite>
    <testsuite name="tests/death-and-draw.intervening-if.test.ts" timestamp="2026-04-23T07:32:39.840Z" hostname="A2Ryzen9" tests="3" failures="0" errors="0" skipped="0" time="0.0631169">
        <testcase classname="tests/death-and-draw.intervening-if.test.ts" name="Intervening-if filtering for additional trigger pipelines &gt; does not put a death trigger on the stack when intervening-if is false at trigger time" time="0.0551661">
        </testcase>
        <testcase classname="tests/death-and-draw.intervening-if.test.ts" name="Intervening-if filtering for additional trigger pipelines &gt; filters card-draw triggers when intervening-if is false at trigger time" time="0.0029299">
        </testcase>
        <testcase classname="tests/death-and-draw.intervening-if.test.ts" name="Intervening-if filtering for additional trigger pipelines &gt; filters card-draw triggers when intervening-if refers to &quot;that player&quot; hand size" time="0.0025659">
        </testcase>
    </testsuite>
    <testsuite name="tests/death-trigger.graveyard-return.integration.test.ts" timestamp="2026-04-23T07:32:39.841Z" hostname="A2Ryzen9" tests="23" failures="0" errors="0" skipped="0" time="0.5438974">
        <testcase classname="tests/death-trigger.graveyard-return.integration.test.ts" name="Death trigger graveyard returns (integration) &gt; resolves enchanted-creature death returns through persisted bound graveyard metadata" time="0.0350018">
        </testcase>
        <testcase classname="tests/death-trigger.graveyard-return.integration.test.ts" name="Death trigger graveyard returns (integration) &gt; returns enchanted creatures to the battlefield under the aura controller for Fool&apos;s Demise" time="0.0040395">
        </testcase>
        <testcase classname="tests/death-trigger.graveyard-return.integration.test.ts" name="Death trigger graveyard returns (integration) &gt; routes death triggers targeting your graveyard through GRAVEYARD_SELECTION with persisted metadata" time="0.1621398">
        </testcase>
        <testcase classname="tests/death-trigger.graveyard-return.integration.test.ts" name="Death trigger graveyard returns (integration) &gt; uses the dying creature&apos;s power for graveyard mana-value limits on death-trigger targets" time="0.0040353">
        </testcase>
        <testcase classname="tests/death-trigger.graveyard-return.integration.test.ts" name="Death trigger graveyard returns (integration) &gt; routes Junji death modal reanimation through MODAL_CHOICE and excludes Dragon creature cards" time="0.0147624">
        </testcase>
        <testcase classname="tests/death-trigger.graveyard-return.integration.test.ts" name="Death trigger graveyard returns (integration) &gt; uses known death-trigger fallback modal parsing for Junji when oracle text is unavailable" time="0.0022186">
        </testcase>
        <testcase classname="tests/death-trigger.graveyard-return.integration.test.ts" name="Death trigger graveyard returns (integration) &gt; schedules bound self-return at the next end step instead of moving immediately" time="0.0025957">
        </testcase>
        <testcase classname="tests/death-trigger.graveyard-return.integration.test.ts" name="Death trigger graveyard returns (integration) &gt; returns qualifying creatures with a flying counter after Luminous Broodmoth sees them die without flying" time="0.00235">
        </testcase>
        <testcase classname="tests/death-trigger.graveyard-return.integration.test.ts" name="Death trigger graveyard returns (integration) &gt; returns Ashcloud Phoenix face down through persisted graveyard-return metadata" time="0.0037756">
        </testcase>
        <testcase classname="tests/death-trigger.graveyard-return.integration.test.ts" name="Death trigger graveyard returns (integration) &gt; returns Presumed Dead targets suspected through granted temporary death-trigger text" time="0.2059333">
        </testcase>
        <testcase classname="tests/death-trigger.graveyard-return.integration.test.ts" name="Death trigger graveyard returns (integration) &gt; returns Perigee Beckoner targets tapped through granted temporary death-trigger text from a triggered ability" time="0.0081826">
        </testcase>
        <testcase classname="tests/death-trigger.graveyard-return.integration.test.ts" name="Death trigger graveyard returns (integration) &gt; returns another nonartifact creature that dies face down and tapped under Missy&apos;s control" time="0.0032791">
        </testcase>
        <testcase classname="tests/death-trigger.graveyard-return.integration.test.ts" name="Death trigger graveyard returns (integration) &gt; returns face-down permanents for Yarus and turns them face up using the underlying card identity" time="0.0024411">
        </testcase>
        <testcase classname="tests/death-trigger.graveyard-return.integration.test.ts" name="Death trigger graveyard returns (integration) &gt; schedules Phytotitan for its owner&apos;s next upkeep and returns it tapped then" time="0.0225786">
        </testcase>
        <testcase classname="tests/death-trigger.graveyard-return.integration.test.ts" name="Death trigger graveyard returns (integration) &gt; matches Marchesa for creatures you control with a +1/+1 counter on them" time="0.0014597">
        </testcase>
        <testcase classname="tests/death-trigger.graveyard-return.integration.test.ts" name="Death trigger graveyard returns (integration) &gt; returns Villains with a finality counter through Thunderbolts Conspiracy" time="0.0018837">
        </testcase>
        <testcase classname="tests/death-trigger.graveyard-return.integration.test.ts" name="Death trigger graveyard returns (integration) &gt; returns creatures damaged by Dread Slaver this turn under its controller&apos;s control" time="0.0016686">
        </testcase>
        <testcase classname="tests/death-trigger.graveyard-return.integration.test.ts" name="Death trigger graveyard returns (integration) &gt; returns creatures damaged by the equipped creature for Scythe of the Wretched" time="0.0019978">
        </testcase>
        <testcase classname="tests/death-trigger.graveyard-return.integration.test.ts" name="Death trigger graveyard returns (integration) &gt; returns equipped Samurai cards under the equipment controller&apos;s control" time="0.0016311">
        </testcase>
        <testcase classname="tests/death-trigger.graveyard-return.integration.test.ts" name="Death trigger graveyard returns (integration) &gt; does not bind equipped creature returns under your control when the dead card is not a Samurai" time="0.0170455">
        </testcase>
        <testcase classname="tests/death-trigger.graveyard-return.integration.test.ts" name="Death trigger graveyard returns (integration) &gt; schedules equipped creature returns for the next end step under the owner&apos;s control" time="0.0017453">
        </testcase>
        <testcase classname="tests/death-trigger.graveyard-return.integration.test.ts" name="Death trigger graveyard returns (integration) &gt; schedules Grave Betrayal returns for the next end step under the trigger controller" time="0.0055371">
        </testcase>
        <testcase classname="tests/death-trigger.graveyard-return.integration.test.ts" name="Death trigger graveyard returns (integration) &gt; schedules delayed battlefield returns after graveyard selection without moving the card immediately" time="0.0216936">
        </testcase>
    </testsuite>
    <testsuite name="tests/deck-import.local-index.test.ts" timestamp="2026-04-23T07:32:39.843Z" hostname="A2Ryzen9" tests="3" failures="0" errors="0" skipped="0" time="0.1716856">
        <testcase classname="tests/deck-import.local-index.test.ts" name="resolveDeckList local table index &gt; resolves cards from the local lookup table before calling Scryfall" time="0.0628907">
        </testcase>
        <testcase classname="tests/deck-import.local-index.test.ts" name="resolveDeckList local table index &gt; falls back to Scryfall for names missing from the local lookup table" time="0.0319757">
        </testcase>
        <testcase classname="tests/deck-import.local-index.test.ts" name="resolveDeckList local table index &gt; lists filtered card-name candidates from the local lookup table" time="0.0734114">
        </testcase>
    </testsuite>
    <testsuite name="tests/defending-player.intervening-if.test.ts" timestamp="2026-04-23T07:32:39.844Z" hostname="A2Ryzen9" tests="8" failures="0" errors="0" skipped="0" time="0.5383282">
        <testcase classname="tests/defending-player.intervening-if.test.ts" name="Intervening-if: defending player combat context &gt; does not queue per-attacker combat damage trigger when &quot;defending player has N or fewer cards&quot; is false" time="0.1240393">
        </testcase>
        <testcase classname="tests/defending-player.intervening-if.test.ts" name="Intervening-if: defending player combat context &gt; queues per-attacker combat damage trigger when &quot;defending player has N or fewer cards&quot; is true" time="0.0183079">
        </testcase>
        <testcase classname="tests/defending-player.intervening-if.test.ts" name="Intervening-if: defending player combat context &gt; evaluates &quot;defending player controls more lands than you&quot; using explicit defendingPlayerId refs" time="0.0063132">
        </testcase>
        <testcase classname="tests/defending-player.intervening-if.test.ts" name="Intervening-if: defending player combat context &gt; evaluates &quot;defending player controls no Walls&quot; using explicit defendingPlayerId refs" time="0.0061318">
        </testcase>
        <testcase classname="tests/defending-player.intervening-if.test.ts" name="Intervening-if: defending player combat context &gt; evaluates &quot;defending player is poisoned&quot; using explicit defendingPlayerId refs" time="0.0011712">
        </testcase>
        <testcase classname="tests/defending-player.intervening-if.test.ts" name="Intervening-if: defending player combat context &gt; evaluates &quot;defending player controls no Glimmer creatures&quot; using explicit defendingPlayerId refs" time="0.0009725">
        </testcase>
        <testcase classname="tests/defending-player.intervening-if.test.ts" name="Intervening-if: defending player combat context &gt; evaluates &quot;defending player controls no black permanents&quot; (and nontoken variant) using explicit defendingPlayerId refs" time="0.0016307">
        </testcase>
        <testcase classname="tests/defending-player.intervening-if.test.ts" name="Intervening-if: defending player combat context &gt; evaluates &quot;defending player controls an Enchanting Tale&quot; using set code WOT" time="0.0009267">
        </testcase>
    </testsuite>
    <testsuite name="tests/delayed-graveyard-return.applyEvent.test.ts" timestamp="2026-04-23T07:32:39.845Z" hostname="A2Ryzen9" tests="3" failures="0" errors="0" skipped="0" time="0.0243858">
        <testcase classname="tests/delayed-graveyard-return.applyEvent.test.ts" name="delayed graveyard return applyEvent &gt; replay scheduleDelayedGraveyardReturn rebuilds pending delayed graveyard returns" time="0.0209515">
        </testcase>
        <testcase classname="tests/delayed-graveyard-return.applyEvent.test.ts" name="delayed graveyard return applyEvent &gt; replay scheduleDelayedGraveyardReturn preserves next-upkeep firing metadata" time="0.0004635">
        </testcase>
        <testcase classname="tests/delayed-graveyard-return.applyEvent.test.ts" name="delayed graveyard return applyEvent &gt; replay scheduleDelayedGraveyardReturn preserves face-down turn-face-up metadata" time="0.0002997">
        </testcase>
    </testsuite>
    <testsuite name="tests/delete-game.authorization.integration.test.ts" timestamp="2026-04-23T07:32:39.846Z" hostname="A2Ryzen9" tests="2" failures="0" errors="0" skipped="0" time="0.0199031">
        <testcase classname="tests/delete-game.authorization.integration.test.ts" name="deleteGame authorization (integration) &gt; blocks deleteGame when caller is not the creator (even if no players are connected)" time="0.0038233">
        </testcase>
        <testcase classname="tests/delete-game.authorization.integration.test.ts" name="deleteGame authorization (integration) &gt; does not throw when payload is missing (crash-safety)" time="0.0011155">
        </testcase>
    </testsuite>
    <testsuite name="tests/deleted.game.persistence.test.ts" timestamp="2026-04-23T07:32:39.846Z" hostname="A2Ryzen9" tests="6" failures="0" errors="0" skipped="0" time="0.022341">
        <testcase classname="tests/deleted.game.persistence.test.ts" name="Deleted game persistence &gt; should return true for gameExistsInDb when game exists" time="0.0133367">
        </testcase>
        <testcase classname="tests/deleted.game.persistence.test.ts" name="Deleted game persistence &gt; should return false for gameExistsInDb when game does not exist" time="0.0003833">
        </testcase>
        <testcase classname="tests/deleted.game.persistence.test.ts" name="Deleted game persistence &gt; should return false for gameExistsInDb after game is deleted" time="0.0008119">
        </testcase>
        <testcase classname="tests/deleted.game.persistence.test.ts" name="Deleted game persistence &gt; should not recreate a deleted game via GameManager.ensureGame" time="0.0023551">
        </testcase>
        <testcase classname="tests/deleted.game.persistence.test.ts" name="Deleted game persistence &gt; should correctly recreate an existing game via GameManager.ensureGame after server restart simulation" time="0.0007893">
        </testcase>
        <testcase classname="tests/deleted.game.persistence.test.ts" name="Deleted game persistence &gt; should not appear in listGames after deletion" time="0.0006108">
        </testcase>
    </testsuite>
    <testsuite name="tests/devour-selection.validate-before-complete.integration.test.ts" timestamp="2026-04-23T07:32:39.847Z" hostname="A2Ryzen9" tests="1" failures="0" errors="0" skipped="0" time="0.0484136">
        <testcase classname="tests/devour-selection.validate-before-complete.integration.test.ts" name="DEVOUR_SELECTION validate-before-complete (integration) &gt; does not consume the step on invalid selection" time="0.0313907">
        </testcase>
    </testsuite>
    <testsuite name="tests/discard-and-sacrifice-as-cost.battlefield-activation.resolution-queue.integration.test.ts" timestamp="2026-04-23T07:32:39.847Z" hostname="A2Ryzen9" tests="1" failures="0" errors="0" skipped="0" time="0.2276979">
        <testcase classname="tests/discard-and-sacrifice-as-cost.battlefield-activation.resolution-queue.integration.test.ts" name="Discard + sacrifice as activation cost via Resolution Queue (integration) &gt; supports Pay 2 life + discard + sacrifice (life deferred until final step)" time="0.2070494">
        </testcase>
    </testsuite>
    <testsuite name="tests/discard-effect.replay.integration.test.ts" timestamp="2026-04-23T07:32:39.847Z" hostname="A2Ryzen9" tests="1" failures="0" errors="0" skipped="0" time="0.0761999">
        <testcase classname="tests/discard-effect.replay.integration.test.ts" name="discard effect replay (integration) &gt; replays generic discard-selection results and follow-up draws" time="0.0528365">
        </testcase>
    </testsuite>
    <testsuite name="tests/discard-this-turn.intervening-if.test.ts" timestamp="2026-04-23T07:32:39.848Z" hostname="A2Ryzen9" tests="3" failures="0" errors="0" skipped="0" time="0.1256154">
        <testcase classname="tests/discard-this-turn.intervening-if.test.ts" name="Intervening-if: discard this turn &gt; returns null when discard tracking is missing" time="0.1043039">
        </testcase>
        <testcase classname="tests/discard-this-turn.intervening-if.test.ts" name="Intervening-if: discard this turn &gt; evaluates using discardedCardThisTurn map (opponent-aware)" time="0.0018038">
        </testcase>
        <testcase classname="tests/discard-this-turn.intervening-if.test.ts" name="Intervening-if: discard this turn &gt; tracks discard via cleanupDiscard and additionalCostConfirm" time="0.0168034">
        </testcase>
    </testsuite>
    <testsuite name="tests/discard-typed-as-cost.battlefield-activation.resolution-queue.integration.test.ts" timestamp="2026-04-23T07:32:39.848Z" hostname="A2Ryzen9" tests="3" failures="0" errors="0" skipped="0" time="0.6264057">
        <testcase classname="tests/discard-typed-as-cost.battlefield-activation.resolution-queue.integration.test.ts" name="Discard typed card as activation cost via Resolution Queue (integration) &gt; enqueues DISCARD_SELECTION with filtered hand and resumes activation after discarding a creature card" time="0.152687">
        </testcase>
        <testcase classname="tests/discard-typed-as-cost.battlefield-activation.resolution-queue.integration.test.ts" name="Discard typed card as activation cost via Resolution Queue (integration) &gt; supports discard-as-cost that also pays life (deferred until discard selection resolves)" time="0.0141761">
        </testcase>
        <testcase classname="tests/discard-typed-as-cost.battlefield-activation.resolution-queue.integration.test.ts" name="Discard typed card as activation cost via Resolution Queue (integration) &gt; queues graveyard target selection for discard-cost recursion abilities and returns the chosen card on resolution" time="0.0602568">
        </testcase>
    </testsuite>
    <testsuite name="tests/disturb.graveyard-replay.integration.test.ts" timestamp="2026-04-23T07:32:39.849Z" hostname="A2Ryzen9" tests="5" failures="0" errors="0" skipped="0" time="0.1158042">
        <testcase classname="tests/disturb.graveyard-replay.integration.test.ts" name="disturb graveyard replay semantics (integration) &gt; live disturb removes the card from graveyard and pushes a transformed stack item" time="0.0242035">
        </testcase>
        <testcase classname="tests/disturb.graveyard-replay.integration.test.ts" name="disturb graveyard replay semantics (integration) &gt; replays disturb by rebuilding the transformed stack item and graveyard-cast tracking" time="0.0207481">
        </testcase>
        <testcase classname="tests/disturb.graveyard-replay.integration.test.ts" name="disturb graveyard replay semantics (integration) &gt; live disturb uses the transformed back face for noncreature spell bookkeeping" time="0.0096941">
        </testcase>
        <testcase classname="tests/disturb.graveyard-replay.integration.test.ts" name="disturb graveyard replay semantics (integration) &gt; live disturb Aura queues target selection before casting" time="0.0464201">
        </testcase>
        <testcase classname="tests/disturb.graveyard-replay.integration.test.ts" name="disturb graveyard replay semantics (integration) &gt; replay disturb uses the transformed back face for noncreature spell bookkeeping" time="0.0011549">
        </testcase>
    </testsuite>
    <testsuite name="tests/doesnt-share-keyword-with-controlled-or-graveyard.intervening-if.test.ts" timestamp="2026-04-23T07:32:39.850Z" hostname="A2Ryzen9" tests="5" failures="0" errors="0" skipped="0" time="0.0745987">
        <testcase classname="tests/doesnt-share-keyword-with-controlled-or-graveyard.intervening-if.test.ts" name="Intervening-if: &apos;if it doesn&apos;t share a keyword or ability word with a permanent you control or a card in your graveyard&apos; (Item 84) &gt; returns false when explicit refs say it shares" time="0.0519908">
        </testcase>
        <testcase classname="tests/doesnt-share-keyword-with-controlled-or-graveyard.intervening-if.test.ts" name="Intervening-if: &apos;if it doesn&apos;t share a keyword or ability word with a permanent you control or a card in your graveyard&apos; (Item 84) &gt; returns true when explicit refs say it does not share" time="0.0173097">
        </testcase>
        <testcase classname="tests/doesnt-share-keyword-with-controlled-or-graveyard.intervening-if.test.ts" name="Intervening-if: &apos;if it doesn&apos;t share a keyword or ability word with a permanent you control or a card in your graveyard&apos; (Item 84) &gt; returns false when a shared keyword with a permanent you control is provable from state" time="0.0012275">
        </testcase>
        <testcase classname="tests/doesnt-share-keyword-with-controlled-or-graveyard.intervening-if.test.ts" name="Intervening-if: &apos;if it doesn&apos;t share a keyword or ability word with a permanent you control or a card in your graveyard&apos; (Item 84) &gt; returns null when keywords are missing (cannot decide)" time="0.0007054">
        </testcase>
        <testcase classname="tests/doesnt-share-keyword-with-controlled-or-graveyard.intervening-if.test.ts" name="Intervening-if: &apos;if it doesn&apos;t share a keyword or ability word with a permanent you control or a card in your graveyard&apos; (Item 84) &gt; returns null when no shared keyword is found (absence is not deterministic)" time="0.0006912">
        </testcase>
    </testsuite>
    <testsuite name="tests/dominus.generic-ability-routing.integration.test.ts" timestamp="2026-04-23T07:32:39.850Z" hostname="A2Ryzen9" tests="1" failures="0" errors="0" skipped="0" time="0.256604">
        <testcase classname="tests/dominus.generic-ability-routing.integration.test.ts" name="Dominus generic ability routing (integration) &gt; routes parser-emitted Dominus ids through phyrexian payment, sacrifice selection, and self indestructible-counter resolution" time="0.2393763">
        </testcase>
    </testsuite>
    <testsuite name="tests/drew-two-or-more-cards.intervening-if.test.ts" timestamp="2026-04-23T07:32:39.851Z" hostname="A2Ryzen9" tests="3" failures="0" errors="0" skipped="0" time="0.0485539">
        <testcase classname="tests/drew-two-or-more-cards.intervening-if.test.ts" name="Intervening-if: &quot;if you drew two or more cards this turn&quot; &gt; is false before any draws" time="0.0426668">
        </testcase>
        <testcase classname="tests/drew-two-or-more-cards.intervening-if.test.ts" name="Intervening-if: &quot;if you drew two or more cards this turn&quot; &gt; becomes true after drawing 2+ cards" time="0.0021501">
        </testcase>
        <testcase classname="tests/drew-two-or-more-cards.intervening-if.test.ts" name="Intervening-if: &quot;if you drew two or more cards this turn&quot; &gt; is false after drawing only 1 card" time="0.0003427">
        </testcase>
    </testsuite>
    <testsuite name="tests/drowner-of-secrets.activation.integration.test.ts" timestamp="2026-04-23T07:32:39.851Z" hostname="A2Ryzen9" tests="2" failures="0" errors="0" skipped="0" time="0.2685977">
        <testcase classname="tests/drowner-of-secrets.activation.integration.test.ts" name="Drowner of Secrets activation (integration) &gt; queues Judge of Currents after the tapped-Merfolk activation cost completes" time="0.2125976">
        </testcase>
        <testcase classname="tests/drowner-of-secrets.activation.integration.test.ts" name="Drowner of Secrets activation (integration) &gt; mills the chosen player when the live targeted activation resolves" time="0.0405823">
        </testcase>
    </testsuite>
    <testsuite name="tests/early-it-and-linked-exile-refs-id.intervening-if.test.ts" timestamp="2026-04-23T07:32:39.852Z" hostname="A2Ryzen9" tests="2" failures="0" errors="0" skipped="0" time="0.0303602">
        <testcase classname="tests/early-it-and-linked-exile-refs-id.intervening-if.test.ts" name="Intervening-if: early &quot;it&quot; templates work via refs-id &gt; renown/historic/creature/on-battlefield work without sourcePermanent" time="0.027085">
        </testcase>
        <testcase classname="tests/early-it-and-linked-exile-refs-id.intervening-if.test.ts" name="Intervening-if: early &quot;it&quot; templates work via refs-id &gt; &quot;a card is exiled with it&quot; can be proven true via exile-zone tags without sourcePermanent" time="0.0006391">
        </testcase>
    </testsuite>
    <testsuite name="tests/edict-sacrifice.resolution-queue.integration.test.ts" timestamp="2026-04-23T07:32:39.853Z" hostname="A2Ryzen9" tests="1" failures="0" errors="0" skipped="0" time="0.063036">
        <testcase classname="tests/edict-sacrifice.resolution-queue.integration.test.ts" name="Edict sacrifice via Resolution Queue (integration) &gt; enqueues an UPKEEP_SACRIFICE step and sacrifices the selected creature" time="0.0373304">
        </testcase>
    </testsuite>
    <testsuite name="tests/embalm-eternalize.graveyard-replay.integration.test.ts" timestamp="2026-04-23T07:32:39.853Z" hostname="A2Ryzen9" tests="5" failures="0" errors="0" skipped="0" time="0.185831">
        <testcase classname="tests/embalm-eternalize.graveyard-replay.integration.test.ts" name="embalm and eternalize graveyard replay semantics (integration) &gt; live embalm exiles the original card and creates a token copy" time="0.0922006">
        </testcase>
        <testcase classname="tests/embalm-eternalize.graveyard-replay.integration.test.ts" name="embalm and eternalize graveyard replay semantics (integration) &gt; replays eternalize by exiling the original card and rebuilding the 4/4 token copy" time="0.0249386">
        </testcase>
        <testcase classname="tests/embalm-eternalize.graveyard-replay.integration.test.ts" name="embalm and eternalize graveyard replay semantics (integration) &gt; live eternalize queues and persists the token&apos;s self ETB trigger" time="0.0457428">
        </testcase>
        <testcase classname="tests/embalm-eternalize.graveyard-replay.integration.test.ts" name="embalm and eternalize graveyard replay semantics (integration) &gt; queues and persists external ETB watcher triggers for live embalm token entries" time="0.0090208">
        </testcase>
        <testcase classname="tests/embalm-eternalize.graveyard-replay.integration.test.ts" name="embalm and eternalize graveyard replay semantics (integration) &gt; falls back to deterministic embalm token ids for legacy events without created ids" time="0.0017688">
        </testcase>
    </testsuite>
    <testsuite name="tests/enchanted-and-equipped-templates.intervening-if.test.ts" timestamp="2026-04-23T07:32:39.854Z" hostname="A2Ryzen9" tests="4" failures="0" errors="0" skipped="0" time="0.1027392">
        <testcase classname="tests/enchanted-and-equipped-templates.intervening-if.test.ts" name="Intervening-if: enchanted/equipped templates &gt; supports &quot;if it was enchanted&quot; / &quot;if it was equipped&quot;" time="0.0952683">
        </testcase>
        <testcase classname="tests/enchanted-and-equipped-templates.intervening-if.test.ts" name="Intervening-if: enchanted/equipped templates &gt; supports &quot;if enchanted creature has flying&quot; / &quot;has toxic&quot;" time="0.000589">
        </testcase>
        <testcase classname="tests/enchanted-and-equipped-templates.intervening-if.test.ts" name="Intervening-if: enchanted/equipped templates &gt; supports &quot;if enchanted creature is untapped&quot; / &quot;is red&quot; / &quot;is a Wolf or Werewolf&quot;" time="0.0019119">
        </testcase>
        <testcase classname="tests/enchanted-and-equipped-templates.intervening-if.test.ts" name="Intervening-if: enchanted/equipped templates &gt; supports &quot;if enchanted permanent is tapped&quot; and &quot;if enchanted Equipment is attached to a creature&quot;" time="0.0011078">
        </testcase>
    </testsuite>
    <testsuite name="tests/enchanted-creature-power.intervening-if.test.ts" timestamp="2026-04-23T07:32:39.855Z" hostname="A2Ryzen9" tests="2" failures="0" errors="0" skipped="0" time="0.1291746">
        <testcase classname="tests/enchanted-creature-power.intervening-if.test.ts" name="Intervening-if: enchanted creature&apos;s power &gt; counts aura P/T bonuses when checking enchanted creature power thresholds" time="0.1074064">
        </testcase>
        <testcase classname="tests/enchanted-creature-power.intervening-if.test.ts" name="Intervening-if: enchanted creature&apos;s power &gt; returns false when enchanted creature power is below the threshold" time="0.0180074">
        </testcase>
    </testsuite>
    <testsuite name="tests/engine.damage.test.ts" timestamp="2026-04-23T07:32:39.855Z" hostname="A2Ryzen9" tests="2" failures="0" errors="0" skipped="0" time="0.0789172">
        <testcase classname="tests/engine.damage.test.ts" name="Rules-engine damage + SBA &gt; Wither adds -1/-1 counters and cancels with +1/+1 via SBA" time="0.068322">
        </testcase>
        <testcase classname="tests/engine.damage.test.ts" name="Rules-engine damage + SBA &gt; 0-toughness SBA removes a 1/1 token after 1 wither damage" time="0.0080142">
        </testcase>
    </testsuite>
    <testsuite name="tests/enlist-choice.integration.test.ts" timestamp="2026-04-23T07:32:39.856Z" hostname="A2Ryzen9" tests="2" failures="0" errors="0" skipped="0" time="0.2662758">
        <testcase classname="tests/enlist-choice.integration.test.ts" name="enlist choice keyword automation (integration) &gt; queues enlist with only untapped nonattacking creatures that can be tapped" time="0.1372025">
        </testcase>
        <testcase classname="tests/enlist-choice.integration.test.ts" name="enlist choice keyword automation (integration) &gt; adds the enlisted creature power through submitResolutionResponse and applies boosted combat damage" time="0.105604">
        </testcase>
    </testsuite>
    <testsuite name="tests/entrapment-maneuver.validate-before-complete.integration.test.ts" timestamp="2026-04-23T07:32:39.856Z" hostname="A2Ryzen9" tests="1" failures="0" errors="0" skipped="0" time="0.051391">
        <testcase classname="tests/entrapment-maneuver.validate-before-complete.integration.test.ts" name="ENTRAPMENT_MANEUVER validate-before-complete (integration) &gt; does not consume the step on invalid creature selection, then consumes once valid" time="0.036333">
        </testcase>
    </testsuite>
    <testsuite name="tests/equipment.test.ts" timestamp="2026-04-23T07:32:39.857Z" hostname="A2Ryzen9" tests="4" failures="0" errors="0" skipped="0" time="0.0262632">
        <testcase classname="tests/equipment.test.ts" name="Equipment System &gt; Equipment attachment and state persistence &gt; should attach equipment to a creature" time="0.0219042">
        </testcase>
        <testcase classname="tests/equipment.test.ts" name="Equipment System &gt; Equipment attachment and state persistence &gt; should move equipment when reattaching to a different creature" time="0.0008352">
        </testcase>
        <testcase classname="tests/equipment.test.ts" name="Equipment System &gt; Equipment attachment and state persistence &gt; should unattach equipment when creature leaves battlefield" time="0.0003617">
        </testcase>
        <testcase classname="tests/equipment.test.ts" name="Equipment System &gt; Equipment attachment and state persistence &gt; should unattach from creature when equipment leaves battlefield" time="0.0006026">
        </testcase>
    </testsuite>
    <testsuite name="tests/etb-control-change.resolution.integration.test.ts" timestamp="2026-04-23T07:32:39.857Z" hostname="A2Ryzen9" tests="2" failures="0" errors="0" skipped="0" time="0.2010642">
        <testcase classname="tests/etb-control-change.resolution.integration.test.ts" name="etb control change via resolution queue (integration) &gt; enforces opponent-only ETB control change selection and replays prepared migration" time="0.1712326">
        </testcase>
        <testcase classname="tests/etb-control-change.resolution.integration.test.ts" name="etb control change via resolution queue (integration) &gt; queues and resolves mandatory opponent_gains ETB control changes" time="0.0121607">
        </testcase>
    </testsuite>
    <testsuite name="tests/etb-known-trigger-optional.test.ts" timestamp="2026-04-23T07:32:39.857Z" hostname="A2Ryzen9" tests="2" failures="0" errors="0" skipped="0" time="0.0114312">
        <testcase classname="tests/etb-known-trigger-optional.test.ts" name="known ETB trigger optionality &gt; marks Soul&apos;s Attendant as an optional creature_etb trigger" time="0.0057821">
        </testcase>
        <testcase classname="tests/etb-known-trigger-optional.test.ts" name="known ETB trigger optionality &gt; keeps Soul Warden as a mandatory creature_etb trigger" time="0.0029605">
        </testcase>
    </testsuite>
    <testsuite name="tests/etb-self-trigger-persistence.integration.test.ts" timestamp="2026-04-23T07:32:39.858Z" hostname="A2Ryzen9" tests="2" failures="0" errors="0" skipped="0" time="0.0295072">
        <testcase classname="tests/etb-self-trigger-persistence.integration.test.ts" name="triggerETBEffectsForPermanent self trigger persistence &gt; queues and persists self ETB triggers by default" time="0.02498">
        </testcase>
        <testcase classname="tests/etb-self-trigger-persistence.integration.test.ts" name="triggerETBEffectsForPermanent self trigger persistence &gt; suppresses self ETB trigger creation when includeSelfTriggers is false" time="0.0017863">
        </testcase>
    </testsuite>
    <testsuite name="tests/etb-type-entered-this-turn.intervening-if.test.ts" timestamp="2026-04-23T07:32:39.858Z" hostname="A2Ryzen9" tests="1" failures="0" errors="0" skipped="0" time="0.1347225">
        <testcase classname="tests/etb-type-entered-this-turn.intervening-if.test.ts" name="Intervening-if: type entered under your control this turn &gt; makes artifact/planeswalker ETB clauses decidable via per-turn tracking" time="0.1309841">
        </testcase>
    </testsuite>
    <testsuite name="tests/etb.intervening-if.test.ts" timestamp="2026-04-23T07:32:39.859Z" hostname="A2Ryzen9" tests="13" failures="0" errors="0" skipped="0" time="0.135512">
        <testcase classname="tests/etb.intervening-if.test.ts" name="Intervening-if ETB triggers &gt; does not let an opponent Thalia&apos;s Lieutenant trigger when your non-Human creature resolves from the stack" time="0.0557655">
        </testcase>
        <testcase classname="tests/etb.intervening-if.test.ts" name="Intervening-if ETB triggers &gt; matches ETB trigger required type phrases with token/nontoken qualifiers" time="0.0051166">
        </testcase>
        <testcase classname="tests/etb.intervening-if.test.ts" name="Intervening-if ETB triggers &gt; matches ETB trigger required type phrases with multiple words (e.g. &quot;artifact creature&quot;)" time="0.0019106">
        </testcase>
        <testcase classname="tests/etb.intervening-if.test.ts" name="Intervening-if ETB triggers &gt; matches ETB trigger required type phrases with hyphenated &quot;non-token&quot; spelling" time="0.0089116">
        </testcase>
        <testcase classname="tests/etb.intervening-if.test.ts" name="Intervening-if ETB triggers &gt; matches subtype required type phrases against type_line with em dash subtypes (e.g. &quot;Creature — Bear&quot;)" time="0.0013506">
        </testcase>
        <testcase classname="tests/etb.intervening-if.test.ts" name="Intervening-if ETB triggers &gt; matches subtype required type phrases with hyphens (e.g. &quot;Assembly-Worker&quot;)" time="0.0012966">
        </testcase>
        <testcase classname="tests/etb.intervening-if.test.ts" name="Intervening-if ETB triggers &gt; does not put other-permanent creature ETB trigger on the stack when intervening-if condition is false" time="0.05157">
        </testcase>
        <testcase classname="tests/etb.intervening-if.test.ts" name="Intervening-if ETB triggers &gt; does not put Acclaimed Contender ETB trigger on the stack when &quot;another Knight&quot; condition is false" time="0.0011795">
        </testcase>
        <testcase classname="tests/etb.intervening-if.test.ts" name="Intervening-if ETB triggers &gt; does not retroactively trigger if the intervening-if condition becomes true after ETB" time="0.000934">
        </testcase>
        <testcase classname="tests/etb.intervening-if.test.ts" name="Intervening-if ETB triggers &gt; puts Acclaimed Contender ETB trigger on the stack when &quot;another Knight&quot; condition is true" time="0.000986">
        </testcase>
        <testcase classname="tests/etb.intervening-if.test.ts" name="Intervening-if ETB triggers &gt; filters opponent-creature ETB triggers when &apos;that player&apos; refers to the entering creature&apos;s controller" time="0.0023442">
        </testcase>
        <testcase classname="tests/etb.intervening-if.test.ts" name="Intervening-if ETB triggers &gt; initializes day/night to day when a daybound permanent enters" time="0.0008117">
        </testcase>
        <testcase classname="tests/etb.intervening-if.test.ts" name="Intervening-if ETB triggers &gt; initializes day/night to night when only a nightbound permanent is present" time="0.0003502">
        </testcase>
    </testsuite>
    <testsuite name="tests/etb.that-player.intervening-if.resolution-time.test.ts" timestamp="2026-04-23T07:32:39.861Z" hostname="A2Ryzen9" tests="1" failures="0" errors="0" skipped="0" time="0.1130331">
        <testcase classname="tests/etb.that-player.intervening-if.resolution-time.test.ts" name="Intervening-if ETB triggers (that player refs) &gt; re-checks &quot;that player&quot; intervening-if clauses at resolution using the entering permanent&apos;s controller" time="0.1080457">
        </testcase>
    </testsuite>
    <testsuite name="tests/exalted.attack-trigger.integration.test.ts" timestamp="2026-04-23T07:32:39.861Z" hostname="A2Ryzen9" tests="2" failures="0" errors="0" skipped="0" time="0.192785">
        <testcase classname="tests/exalted.attack-trigger.integration.test.ts" name="exalted attack trigger automation &gt; buffs the sole attacker instead of the nonattacking exalted source permanent" time="0.1701907">
        </testcase>
        <testcase classname="tests/exalted.attack-trigger.integration.test.ts" name="exalted attack trigger automation &gt; replays an exalted triggered ability by boosting the sole current attacker on stack resolution" time="0.0100754">
        </testcase>
    </testsuite>
    <testsuite name="tests/excess-damage-this-turn.intervening-if.test.ts" timestamp="2026-04-23T07:32:39.861Z" hostname="A2Ryzen9" tests="5" failures="0" errors="0" skipped="0" time="0.0664955">
        <testcase classname="tests/excess-damage-this-turn.intervening-if.test.ts" name="Intervening-if: excess damage this turn &gt; that creature was dealt excess damage: returns null when tracking is absent" time="0.0448639">
        </testcase>
        <testcase classname="tests/excess-damage-this-turn.intervening-if.test.ts" name="Intervening-if: excess damage this turn &gt; that creature was dealt excess damage: returns false when tracking exists but id is absent" time="0.0160111">
        </testcase>
        <testcase classname="tests/excess-damage-this-turn.intervening-if.test.ts" name="Intervening-if: excess damage this turn &gt; opponent excess damage: returns null when tracking is absent" time="0.0012952">
        </testcase>
        <testcase classname="tests/excess-damage-this-turn.intervening-if.test.ts" name="Intervening-if: excess damage this turn &gt; opponent excess damage: returns false when tracking exists but no opponent permanent is marked" time="0.0008377">
        </testcase>
        <testcase classname="tests/excess-damage-this-turn.intervening-if.test.ts" name="Intervening-if: excess damage this turn &gt; opponent excess damage: returns true when an opponent permanent is marked" time="0.0003437">
        </testcase>
    </testsuite>
    <testsuite name="tests/exchange-text-boxes.replay.test.ts" timestamp="2026-04-23T07:32:39.862Z" hostname="A2Ryzen9" tests="1" failures="0" errors="0" skipped="0" time="0.0268278">
        <testcase classname="tests/exchange-text-boxes.replay.test.ts" name="exchangeTextBoxes replay semantics &gt; replays persisted text-box swaps on battlefield permanents" time="0.0244758">
        </testcase>
    </testsuite>
    <testsuite name="tests/exert-activation-cost.integration.test.ts" timestamp="2026-04-23T07:32:39.862Z" hostname="A2Ryzen9" tests="8" failures="0" errors="0" skipped="0" time="0.5489153">
        <testcase classname="tests/exert-activation-cost.integration.test.ts" name="activated exert costs (integration) &gt; supports Exert this creature as an activated cost and fires whenever-you-exert watchers" time="0.295546">
        </testcase>
        <testcase classname="tests/exert-activation-cost.integration.test.ts" name="activated exert costs (integration) &gt; supports Exert this creature when a mana-color prompt defers completion" time="0.0502653">
        </testcase>
        <testcase classname="tests/exert-activation-cost.integration.test.ts" name="activated exert costs (integration) &gt; supports Exert this creature when a target-selection prompt defers completion" time="0.0398903">
        </testcase>
        <testcase classname="tests/exert-activation-cost.integration.test.ts" name="activated exert costs (integration) &gt; supports Exert this creature when a tap-untap prompt defers completion" time="0.0256352">
        </testcase>
        <testcase classname="tests/exert-activation-cost.integration.test.ts" name="activated exert costs (integration) &gt; supports Fervent Paincaster exert damage through target-selection completion" time="0.0197762">
        </testcase>
        <testcase classname="tests/exert-activation-cost.integration.test.ts" name="activated exert costs (integration) &gt; supports Pride Sovereign exert token creation with lifelink cats" time="0.0086682">
        </testcase>
        <testcase classname="tests/exert-activation-cost.integration.test.ts" name="activated exert costs (integration) &gt; supports Angel of Condemnation exert exile through target-selection completion and returns the card when Angel leaves" time="0.0332658">
        </testcase>
        <testcase classname="tests/exert-activation-cost.integration.test.ts" name="activated exert costs (integration) &gt; supports Exert this land mana abilities like Arena of Glory and grants haste to creature spells cast with that mana" time="0.0568162">
        </testcase>
    </testsuite>
    <testsuite name="tests/exert-activation-cost.replay.test.ts" timestamp="2026-04-23T07:32:39.863Z" hostname="A2Ryzen9" tests="6" failures="0" errors="0" skipped="0" time="0.5363357">
        <testcase classname="tests/exert-activation-cost.replay.test.ts" name="activated exert costs replay coverage &gt; replays activated exert costs and persisted whenever-you-exert watchers deterministically" time="0.1024926">
        </testcase>
        <testcase classname="tests/exert-activation-cost.replay.test.ts" name="activated exert costs replay coverage &gt; replays queued battlefield mana prompts with deferred exert metadata intact" time="0.0017735">
        </testcase>
        <testcase classname="tests/exert-activation-cost.replay.test.ts" name="activated exert costs replay coverage &gt; replays stacked Hope Tender exert activations with selected lands intact" time="0.005433">
        </testcase>
        <testcase classname="tests/exert-activation-cost.replay.test.ts" name="activated exert costs replay coverage &gt; replays Fervent Paincaster exert damage activations with selected targets intact" time="0.0100199">
        </testcase>
        <testcase classname="tests/exert-activation-cost.replay.test.ts" name="activated exert costs replay coverage &gt; replays Pride Sovereign exert token creation with lifelink cats intact" time="0.0026554">
        </testcase>
        <testcase classname="tests/exert-activation-cost.replay.test.ts" name="activated exert costs replay coverage &gt; replays Angel of Condemnation exert exile activations with return-on-leave intact" time="0.010316">
        </testcase>
    </testsuite>
    <testsuite name="tests/exert-choice.integration.test.ts" timestamp="2026-04-23T07:32:39.864Z" hostname="A2Ryzen9" tests="22" failures="0" errors="0" skipped="0" time="0.7891948">
        <testcase classname="tests/exert-choice.integration.test.ts" name="supported exert attack automation (integration) &gt; queues Combat Celebrant exert as an option choice and does not grant the extra combat unless the player exerts it" time="0.1436579">
        </testcase>
        <testcase classname="tests/exert-choice.integration.test.ts" name="supported exert attack automation (integration) &gt; exerting Champion of Rhonas marks the attacker and pushes a reflexive trigger that resolves into the existing hand-to-battlefield modal flow" time="0.0538231">
        </testcase>
        <testcase classname="tests/exert-choice.integration.test.ts" name="supported exert attack automation (integration) &gt; replays exertChoice state and the persisted reflexive trigger deterministically" time="0.0108545">
        </testcase>
        <testcase classname="tests/exert-choice.integration.test.ts" name="supported exert attack automation (integration) &gt; supports self-buff exert rewards like Glory-Bound Initiate through the same exert queue path" time="0.0296141">
        </testcase>
        <testcase classname="tests/exert-choice.integration.test.ts" name="supported exert attack automation (integration) &gt; supports named self-reference exert rewards like Anep, Vizier of Hazoret by exiling the top two cards and marking them playable through your next turn" time="0.173831">
        </testcase>
        <testcase classname="tests/exert-choice.integration.test.ts" name="supported exert attack automation (integration) &gt; supports pronoun-based exert rewards like Themberchaud by granting flying until end of turn" time="0.0114885">
        </testcase>
        <testcase classname="tests/exert-choice.integration.test.ts" name="supported exert attack automation (integration) &gt; allows plain attack-time exert and fires whenever-you-exert watchers like Trueheart Twins" time="0.0126384">
        </testcase>
        <testcase classname="tests/exert-choice.integration.test.ts" name="supported exert attack automation (integration) &gt; fires damage-and-life whenever-you-exert watchers like Resolute Survivors" time="0.0092582">
        </testcase>
        <testcase classname="tests/exert-choice.integration.test.ts" name="supported exert attack automation (integration) &gt; queues target selection for whenever-you-exert watchers like Vizier of the True and restricts targets to opposing creatures" time="0.0347055">
        </testcase>
        <testcase classname="tests/exert-choice.integration.test.ts" name="supported exert attack automation (integration) &gt; queues discard-then-draw prompts for whenever-you-exert watchers like Battlefield Scavenger" time="0.0305977">
        </testcase>
        <testcase classname="tests/exert-choice.integration.test.ts" name="supported exert attack automation (integration) &gt; queues reveal-until-equipment searches for whenever-you-exert watchers like Rohirrim Chargers and attaches the found Equipment to the exerted creature" time="0.0391859">
        </testcase>
        <testcase classname="tests/exert-choice.integration.test.ts" name="supported exert attack automation (integration) &gt; queues target selection for target-based exert rewards like Ahn-Crop Crasher and persists the chosen target on the reflexive trigger" time="0.0150381">
        </testcase>
        <testcase classname="tests/exert-choice.integration.test.ts" name="supported exert attack automation (integration) &gt; supports untap-all-other exert rewards like Ahn-Crop Champion without untapping the exerted attacker itself" time="0.0132096">
        </testcase>
        <testcase classname="tests/exert-choice.integration.test.ts" name="supported exert attack automation (integration) &gt; supports draw-card exert rewards like Watchful Naga" time="0.0098548">
        </testcase>
        <testcase classname="tests/exert-choice.integration.test.ts" name="supported exert attack automation (integration) &gt; supports team-pump exert rewards like Tah-Crop Elite" time="0.0133231">
        </testcase>
        <testcase classname="tests/exert-choice.integration.test.ts" name="supported exert attack automation (integration) &gt; supports self-unblockable plus scry exert rewards like Clockwork Droid" time="0.0102332">
        </testcase>
        <testcase classname="tests/exert-choice.integration.test.ts" name="supported exert attack automation (integration) &gt; queues graveyard selection for Devoted Crop-Mate and binds the selected card onto the reflexive trigger" time="0.0212931">
        </testcase>
        <testcase classname="tests/exert-choice.integration.test.ts" name="supported exert attack automation (integration) &gt; filters non-Dragon targets for Glorybringer and applies the damage trigger to the chosen creature" time="0.0164527">
        </testcase>
        <testcase classname="tests/exert-choice.integration.test.ts" name="supported exert attack automation (integration) &gt; prevents combat damage to Oketra&apos;s Avenger after the exert trigger resolves" time="0.0631091">
        </testcase>
        <testcase classname="tests/exert-choice.integration.test.ts" name="supported exert attack automation (integration) &gt; prevents creatures with power 2 or less from blocking Rhonas&apos;s Stalwart after exerting" time="0.0100944">
        </testcase>
        <testcase classname="tests/exert-choice.integration.test.ts" name="supported exert attack automation (integration) &gt; supports Hydra Trainer exert pumps based on the total counters you control" time="0.0167243">
        </testcase>
        <testcase classname="tests/exert-choice.integration.test.ts" name="supported exert attack automation (integration) &gt; creates a tapped and attacking copy for Sandstorm Crasher and schedules next-end-step sacrifice" time="0.0284157">
        </testcase>
    </testsuite>
    <testsuite name="tests/exert-choice.replay.test.ts" timestamp="2026-04-23T07:32:39.867Z" hostname="A2Ryzen9" tests="18" failures="0" errors="0" skipped="0" time="0.5384272">
        <testcase classname="tests/exert-choice.replay.test.ts" name="exertChoice replay coverage &gt; replays exertChoice by restoring the next-untap restriction and turn-scoped exert marker" time="0.0221474">
        </testcase>
        <testcase classname="tests/exert-choice.replay.test.ts" name="exertChoice replay coverage &gt; replays whenever-you-exert watcher triggers like Trueheart Twins" time="0.0276871">
        </testcase>
        <testcase classname="tests/exert-choice.replay.test.ts" name="exertChoice replay coverage &gt; replays damage-and-life whenever-you-exert watcher triggers like Resolute Survivors" time="0.0021972">
        </testcase>
        <testcase classname="tests/exert-choice.replay.test.ts" name="exertChoice replay coverage &gt; replays named self-reference exert rewards like Anep, Vizier of Hazoret by exiling the top two cards and marking them playable through your next turn" time="0.1766712">
        </testcase>
        <testcase classname="tests/exert-choice.replay.test.ts" name="exertChoice replay coverage &gt; replays pronoun-based exert rewards like Themberchaud by granting flying until end of turn" time="0.0044012">
        </testcase>
        <testcase classname="tests/exert-choice.replay.test.ts" name="exertChoice replay coverage &gt; replays targeted whenever-you-exert watcher triggers like Vizier of the True with persisted targets" time="0.0034447">
        </testcase>
        <testcase classname="tests/exert-choice.replay.test.ts" name="exertChoice replay coverage &gt; replays discard-then-draw whenever-you-exert watcher triggers like Battlefield Scavenger through the queued prompt flow" time="0.1538124">
        </testcase>
        <testcase classname="tests/exert-choice.replay.test.ts" name="exertChoice replay coverage &gt; replays reveal-until-equipment whenever-you-exert watcher triggers like Rohirrim Chargers and attaches the found Equipment to the exerted creature" time="0.0265308">
        </testcase>
        <testcase classname="tests/exert-choice.replay.test.ts" name="exertChoice replay coverage &gt; replays targeted exert triggers with persisted targets" time="0.0055228">
        </testcase>
        <testcase classname="tests/exert-choice.replay.test.ts" name="exertChoice replay coverage &gt; replays draw-card exert triggers deterministically" time="0.0010139">
        </testcase>
        <testcase classname="tests/exert-choice.replay.test.ts" name="exertChoice replay coverage &gt; replays team-pump exert triggers deterministically" time="0.0007312">
        </testcase>
        <testcase classname="tests/exert-choice.replay.test.ts" name="exertChoice replay coverage &gt; replays self-unblockable plus scry exert triggers deterministically" time="0.0006754">
        </testcase>
        <testcase classname="tests/exert-choice.replay.test.ts" name="exertChoice replay coverage &gt; replays graveyard-return exert triggers with persisted bound targets" time="0.0015983">
        </testcase>
        <testcase classname="tests/exert-choice.replay.test.ts" name="exertChoice replay coverage &gt; replays non-Dragon exert damage triggers with persisted target filters" time="0.0016929">
        </testcase>
        <testcase classname="tests/exert-choice.replay.test.ts" name="exertChoice replay coverage &gt; replays Oketra&apos;s Avenger exert prevention through combat damage" time="0.0590321">
        </testcase>
        <testcase classname="tests/exert-choice.replay.test.ts" name="exertChoice replay coverage &gt; replays Rhonas&apos;s Stalwart exert restrictions for blocker legality" time="0.0169964">
        </testcase>
        <testcase classname="tests/exert-choice.replay.test.ts" name="exertChoice replay coverage &gt; replays Hydra Trainer exert pumps using the total counters you control" time="0.005615">
        </testcase>
        <testcase classname="tests/exert-choice.replay.test.ts" name="exertChoice replay coverage &gt; replays Sandstorm Crasher exert token copies with a defending-player snapshot" time="0.0091262">
        </testcase>
    </testsuite>
    <testsuite name="tests/exile-graveyard-as-cost.battlefield-activation.resolution-queue.integration.test.ts" timestamp="2026-04-23T07:32:39.870Z" hostname="A2Ryzen9" tests="3" failures="0" errors="0" skipped="0" time="0.2056472">
        <testcase classname="tests/exile-graveyard-as-cost.battlefield-activation.resolution-queue.integration.test.ts" name="Exile-from-graveyard-as-activation-cost via Resolution Queue (integration) &gt; enqueues GRAVEYARD_SELECTION and resumes activation after exiling a card from your graveyard" time="0.1579077">
        </testcase>
        <testcase classname="tests/exile-graveyard-as-cost.battlefield-activation.resolution-queue.integration.test.ts" name="Exile-from-graveyard-as-activation-cost via Resolution Queue (integration) &gt; supports exile-from-graveyard costs that also pay life (deferred until graveyard selection resolves)" time="0.0131258">
        </testcase>
        <testcase classname="tests/exile-graveyard-as-cost.battlefield-activation.resolution-queue.integration.test.ts" name="Exile-from-graveyard-as-activation-cost via Resolution Queue (integration) &gt; persists queued target selection after graveyard-exile costs resolve into a targeted activation" time="0.0125727">
        </testcase>
    </testsuite>
    <testsuite name="tests/exile-graveyard-typed-as-cost.battlefield-activation.resolution-queue.integration.test.ts" timestamp="2026-04-23T07:32:39.871Z" hostname="A2Ryzen9" tests="1" failures="0" errors="0" skipped="0" time="0.1860857">
        <testcase classname="tests/exile-graveyard-typed-as-cost.battlefield-activation.resolution-queue.integration.test.ts" name="Exile-from-graveyard-typed-as-activation-cost via Resolution Queue (integration) &gt; filters GRAVEYARD_SELECTION to eligible type and resumes activation after exiling" time="0.1537787">
        </testcase>
    </testsuite>
    <testsuite name="tests/exile-hand-as-cost.battlefield-activation.resolution-queue.integration.test.ts" timestamp="2026-04-23T07:32:39.871Z" hostname="A2Ryzen9" tests="1" failures="0" errors="0" skipped="0" time="0.1913137">
        <testcase classname="tests/exile-hand-as-cost.battlefield-activation.resolution-queue.integration.test.ts" name="Exile-from-hand-as-activation-cost via Resolution Queue (integration) &gt; enqueues DISCARD_SELECTION (destination=exile) and resumes activation after exiling a card from your hand" time="0.1773254">
        </testcase>
    </testsuite>
    <testsuite name="tests/exile-hand-typed-as-cost.battlefield-activation.resolution-queue.integration.test.ts" timestamp="2026-04-23T07:32:39.872Z" hostname="A2Ryzen9" tests="1" failures="0" errors="0" skipped="0" time="0.4984676">
        <testcase classname="tests/exile-hand-typed-as-cost.battlefield-activation.resolution-queue.integration.test.ts" name="Exile-from-hand-typed-as-activation-cost via Resolution Queue (integration) &gt; filters DISCARD_SELECTION(hand) to eligible type and resumes activation after exiling" time="0.1574498">
        </testcase>
    </testsuite>
    <testsuite name="tests/exile-to-add-counters.graveyard-replay.integration.test.ts" timestamp="2026-04-23T07:32:39.872Z" hostname="A2Ryzen9" tests="2" failures="0" errors="0" skipped="0" time="0.0620742">
        <testcase classname="tests/exile-to-add-counters.graveyard-replay.integration.test.ts" name="exile-to-add-counters graveyard replay semantics (integration) &gt; live exile-to-add-counters exiles the card and adds counters to matching creatures" time="0.027378">
        </testcase>
        <testcase classname="tests/exile-to-add-counters.graveyard-replay.integration.test.ts" name="exile-to-add-counters graveyard replay semantics (integration) &gt; replays exile-to-add-counters exile, counters, and mana spend" time="0.0206786">
        </testcase>
    </testsuite>
    <testsuite name="tests/exiled-cardtype-refs.intervening-if.test.ts" timestamp="2026-04-23T07:32:39.872Z" hostname="A2Ryzen9" tests="2" failures="0" errors="0" skipped="0" time="0.0910655">
        <testcase classname="tests/exiled-cardtype-refs.intervening-if.test.ts" name="Intervening-if: exiled card linkage prefers refs-id &gt; &quot;if it shares a card type with the exiled card&quot; works without sourcePermanent via refs.sourcePermanentId" time="0.0873612">
        </testcase>
        <testcase classname="tests/exiled-cardtype-refs.intervening-if.test.ts" name="Intervening-if: exiled card linkage prefers refs-id &gt; returns null when the linked exiled card cannot be found" time="0.0009049">
        </testcase>
    </testsuite>
    <testsuite name="tests/exiled-with-it.intervening-if.test.ts" timestamp="2026-04-23T07:32:39.873Z" hostname="A2Ryzen9" tests="3" failures="0" errors="0" skipped="0" time="0.054946">
        <testcase classname="tests/exiled-with-it.intervening-if.test.ts" name="Intervening-if: exiled with it &gt; returns true when exile-zone tags show a card exiled with the source permanent" time="0.0489502">
        </testcase>
        <testcase classname="tests/exiled-with-it.intervening-if.test.ts" name="Intervening-if: exiled with it &gt; can safely return false for linked-exile permanents when no linked exiles are tracked" time="0.0025741">
        </testcase>
        <testcase classname="tests/exiled-with-it.intervening-if.test.ts" name="Intervening-if: exiled with it &gt; stays conservative (null) when there is no tracked evidence" time="0.0005597">
        </testcase>
    </testsuite>
    <testsuite name="tests/exploit-choice.integration.test.ts" timestamp="2026-04-23T07:32:39.873Z" hostname="A2Ryzen9" tests="3" failures="0" errors="0" skipped="0" time="0.2419285">
        <testcase classname="tests/exploit-choice.integration.test.ts" name="exploit choice keyword automation (integration) &gt; queues an exploit choice step with the source creature as a legal sacrifice option" time="0.0940569">
        </testcase>
        <testcase classname="tests/exploit-choice.integration.test.ts" name="exploit choice keyword automation (integration) &gt; sacrifices the chosen creature and queues the exploit reward trigger through submitResolutionResponse" time="0.1189911">
        </testcase>
        <testcase classname="tests/exploit-choice.integration.test.ts" name="exploit choice keyword automation (integration) &gt; queues controller-side exploit watcher triggers after a creature exploits" time="0.0150491">
        </testcase>
    </testsuite>
    <testsuite name="tests/explore-decision.validate-before-complete.integration.test.ts" timestamp="2026-04-23T07:32:39.874Z" hostname="A2Ryzen9" tests="1" failures="0" errors="0" skipped="0" time="0.0508186">
        <testcase classname="tests/explore-decision.validate-before-complete.integration.test.ts" name="EXPLORE_DECISION validate-before-complete (integration) &gt; does not consume the step when permanentId does not match, then consumes once valid" time="0.0350741">
        </testcase>
    </testsuite>
    <testsuite name="tests/extort-payment.integration.test.ts" timestamp="2026-04-23T07:32:39.874Z" hostname="A2Ryzen9" tests="2" failures="1" errors="0" skipped="0" time="0.2350133">
        <testcase classname="tests/extort-payment.integration.test.ts" name="extort payment keyword automation (integration) &gt; queues an extort payment step on spell cast instead of falling back to pendingKeywordChoice" time="0.0899576">
        </testcase>
        <testcase classname="tests/extort-payment.integration.test.ts" name="extort payment keyword automation (integration) &gt; applies the selected extort payment through submitResolutionResponse" time="0.1289652">
            <failure message="expected 1 to be +0 // Object.is equality" type="AssertionError">
AssertionError: expected 1 to be +0 // Object.is equality

- Expected
+ Received

- 0
+ 1

 ❯ tests/extort-payment.integration.test.ts:203:58
            </failure>
        </testcase>
    </testsuite>
    <testsuite name="tests/fateseal.validate-before-complete.integration.test.ts" timestamp="2026-04-23T07:32:39.876Z" hostname="A2Ryzen9" tests="1" failures="0" errors="0" skipped="0" time="0.0463165">
        <testcase classname="tests/fateseal.validate-before-complete.integration.test.ts" name="FATESEAL validate-before-complete (integration) &gt; does not consume the step on invalid selection" time="0.0250608">
        </testcase>
    </testsuite>
    <testsuite name="tests/fight-target.validate-before-complete.integration.test.ts" timestamp="2026-04-23T07:32:39.876Z" hostname="A2Ryzen9" tests="2" failures="0" errors="0" skipped="0" time="0.1231088">
        <testcase classname="tests/fight-target.validate-before-complete.integration.test.ts" name="FIGHT_TARGET validate-before-complete (integration) &gt; does not consume the step on invalid target selection" time="0.0558917">
        </testcase>
        <testcase classname="tests/fight-target.validate-before-complete.integration.test.ts" name="FIGHT_TARGET validate-before-complete (integration) &gt; rejects a shrouded fight target without consuming the step" time="0.0490409">
        </testcase>
    </testsuite>
    <testsuite name="tests/fight.replay.test.ts" timestamp="2026-04-23T07:32:39.877Z" hostname="A2Ryzen9" tests="1" failures="0" errors="0" skipped="0" time="0.0291543">
        <testcase classname="tests/fight.replay.test.ts" name="fight replay semantics &gt; replays fight by restoring damage-received pending triggers" time="0.0267559">
        </testcase>
    </testsuite>
    <testsuite name="tests/flanking.block-trigger.integration.test.ts" timestamp="2026-04-23T07:32:39.877Z" hostname="A2Ryzen9" tests="2" failures="0" errors="0" skipped="0" time="0.2039276">
        <testcase classname="tests/flanking.block-trigger.integration.test.ts" name="flanking block trigger automation &gt; pushes and resolves a flanking trigger only for blockers without flanking" time="0.1769531">
        </testcase>
        <testcase classname="tests/flanking.block-trigger.integration.test.ts" name="flanking block trigger automation &gt; replays a persisted flanking trigger using the blocker snapshot from the stack item" time="0.0108695">
        </testcase>
    </testsuite>
    <testsuite name="tests/folio-of-fancies.x-activation.integration.test.ts" timestamp="2026-04-23T07:32:39.878Z" hostname="A2Ryzen9" tests="1" failures="0" errors="0" skipped="0" time="0.6520932">
        <testcase classname="tests/folio-of-fancies.x-activation.integration.test.ts" name="Folio of Fancies X activation (integration) &gt; uses the selected X value for cost payment and resolves the draw ability with numeric text" time="0.1127095">
        </testcase>
    </testsuite>
    <testsuite name="tests/forbidden-orchard-target.validate-before-complete.integration.test.ts" timestamp="2026-04-23T07:32:39.878Z" hostname="A2Ryzen9" tests="2" failures="0" errors="0" skipped="0" time="0.0695491">
        <testcase classname="tests/forbidden-orchard-target.validate-before-complete.integration.test.ts" name="OPTION_CHOICE forbidden orchard validate-before-complete (integration) &gt; does not consume the step on invalid opponent selection" time="0.0403904">
        </testcase>
        <testcase classname="tests/forbidden-orchard-target.validate-before-complete.integration.test.ts" name="OPTION_CHOICE forbidden orchard validate-before-complete (integration) &gt; queues the Orchard opponent-choice prompt after any-color mana selection resolves" time="0.0075032">
        </testcase>
    </testsuite>
    <testsuite name="tests/forbidden-orchard.replay.test.ts" timestamp="2026-04-23T07:32:39.878Z" hostname="A2Ryzen9" tests="3" failures="0" errors="0" skipped="0" time="0.0459255">
        <testcase classname="tests/forbidden-orchard.replay.test.ts" name="Forbidden Orchard replay semantics &gt; replays the unresolved Orchard opponent-choice prompt from activateManaAbility" time="0.0258827">
        </testcase>
        <testcase classname="tests/forbidden-orchard.replay.test.ts" name="Forbidden Orchard replay semantics &gt; replays the chosen opponent Spirit token creation" time="0.0014188">
        </testcase>
        <testcase classname="tests/forbidden-orchard.replay.test.ts" name="Forbidden Orchard replay semantics &gt; replays the Spirit ETB bookkeeping and downstream ETB trigger generation" time="0.0160759">
        </testcase>
    </testsuite>
    <testsuite name="tests/fortify.generic-ability-routing.integration.test.ts" timestamp="2026-04-23T07:32:39.879Z" hostname="A2Ryzen9" tests="1" failures="0" errors="0" skipped="0" time="0.2536068">
        <testcase classname="tests/fortify.generic-ability-routing.integration.test.ts" name="Fortify generic ability routing (integration) &gt; activates fortify through the parser-emitted id and attaches to a land on resolution" time="0.2276433">
        </testcase>
    </testsuite>
    <testsuite name="tests/gained-and-lost-life-this-turn.intervening-if.test.ts" timestamp="2026-04-23T07:32:39.879Z" hostname="A2Ryzen9" tests="4" failures="0" errors="0" skipped="0" time="0.067008">
        <testcase classname="tests/gained-and-lost-life-this-turn.intervening-if.test.ts" name="Intervening-if: &quot;if you gained and lost life this turn&quot; &gt; is false with no life changes" time="0.0608623">
        </testcase>
        <testcase classname="tests/gained-and-lost-life-this-turn.intervening-if.test.ts" name="Intervening-if: &quot;if you gained and lost life this turn&quot; &gt; is false if you only gained life" time="0.001609">
        </testcase>
        <testcase classname="tests/gained-and-lost-life-this-turn.intervening-if.test.ts" name="Intervening-if: &quot;if you gained and lost life this turn&quot; &gt; is false if you only lost life" time="0.0007926">
        </testcase>
        <testcase classname="tests/gained-and-lost-life-this-turn.intervening-if.test.ts" name="Intervening-if: &quot;if you gained and lost life this turn&quot; &gt; is true if you gained and lost life (in any order)" time="0.0005958">
        </testcase>
    </testsuite>
    <testsuite name="tests/game-actions.inroom.authorization.integration.test.ts" timestamp="2026-04-23T07:32:39.880Z" hostname="A2Ryzen9" tests="6" failures="0" errors="0" skipped="0" time="0.0885142">
        <testcase classname="tests/game-actions.inroom.authorization.integration.test.ts" name="game-actions in-room authorization (integration) &gt; blocks concede when socket is not in the game room" time="0.0121722">
        </testcase>
        <testcase classname="tests/game-actions.inroom.authorization.integration.test.ts" name="game-actions in-room authorization (integration) &gt; concedes immediately when the Immediate Concede house rule is enabled" time="0.0080167">
        </testcase>
        <testcase classname="tests/game-actions.inroom.authorization.integration.test.ts" name="game-actions in-room authorization (integration) &gt; blocks phaseOutPermanents when socket is not in the game room" time="0.0009881">
        </testcase>
        <testcase classname="tests/game-actions.inroom.authorization.integration.test.ts" name="game-actions in-room authorization (integration) &gt; blocks updatePermanentPos when socket is not in the game room" time="0.0010754">
        </testcase>
        <testcase classname="tests/game-actions.inroom.authorization.integration.test.ts" name="game-actions in-room authorization (integration) &gt; updates permanent position for the controller in-room" time="0.0270267">
        </testcase>
        <testcase classname="tests/game-actions.inroom.authorization.integration.test.ts" name="game-actions in-room authorization (integration) &gt; does not throw when payload is missing (crash-safety)" time="0.0176546">
        </testcase>
    </testsuite>
    <testsuite name="tests/game-manager.ensure-game.reentrancy.test.ts" timestamp="2026-04-23T07:32:39.880Z" hostname="A2Ryzen9" tests="4" failures="0" errors="0" skipped="0" time="0.0861156">
        <testcase classname="tests/game-manager.ensure-game.reentrancy.test.ts" name="GameManager.ensureGame replay reentrancy &gt; reuses the same in-memory game when replay re-enters ensureGame" time="0.068517">
        </testcase>
        <testcase classname="tests/game-manager.ensure-game.reentrancy.test.ts" name="GameManager.ensureGame replay reentrancy &gt; reinitializes an existing RulesBridge with the latest authoritative state" time="0.0058049">
        </testcase>
        <testcase classname="tests/game-manager.ensure-game.reentrancy.test.ts" name="GameManager.ensureGame replay reentrancy &gt; disposes a game RulesBridge when deleting the game" time="0.0054059">
        </testcase>
        <testcase classname="tests/game-manager.ensure-game.reentrancy.test.ts" name="GameManager.ensureGame replay reentrancy &gt; disposes all active RulesBridges when clearing the manager" time="0.0038644">
        </testcase>
    </testsuite>
    <testsuite name="tests/gameplay.fixes.test.ts" timestamp="2026-04-23T07:32:39.881Z" hostname="A2Ryzen9" tests="16" failures="0" errors="0" skipped="0" time="0.084807">
        <testcase classname="tests/gameplay.fixes.test.ts" name="Gameplay fixes - land play, commander casting, priority, win conditions &gt; Priority passing with passesInRow tracking &gt; should pass priority without errors when stack is empty" time="0.0189003">
        </testcase>
        <testcase classname="tests/gameplay.fixes.test.ts" name="Gameplay fixes - land play, commander casting, priority, win conditions &gt; Priority passing with passesInRow tracking &gt; should track passes in a row when stack has items" time="0.0020264">
        </testcase>
        <testcase classname="tests/gameplay.fixes.test.ts" name="Gameplay fixes - land play, commander casting, priority, win conditions &gt; Land play fixes &gt; should play land by cardId without errors" time="0.0084178">
        </testcase>
        <testcase classname="tests/gameplay.fixes.test.ts" name="Gameplay fixes - land play, commander casting, priority, win conditions &gt; Land play fixes &gt; should handle missing card gracefully without throwing" time="0.0006469">
        </testcase>
        <testcase classname="tests/gameplay.fixes.test.ts" name="Gameplay fixes - land play, commander casting, priority, win conditions &gt; Land play fixes &gt; should not increment landsPlayedThisTurn if card not found" time="0.0002921">
        </testcase>
        <testcase classname="tests/gameplay.fixes.test.ts" name="Gameplay fixes - land play, commander casting, priority, win conditions &gt; Commander casting from command zone &gt; should set commander and track commander tax" time="0.001967">
        </testcase>
        <testcase classname="tests/gameplay.fixes.test.ts" name="Gameplay fixes - land play, commander casting, priority, win conditions &gt; Commander casting from command zone &gt; should remove commander from library when set" time="0.0060878">
        </testcase>
        <testcase classname="tests/gameplay.fixes.test.ts" name="Gameplay fixes - land play, commander casting, priority, win conditions &gt; Win condition messages - should not spam on routine actions &gt; should not trigger win events when playing a land" time="0.0040556">
        </testcase>
        <testcase classname="tests/gameplay.fixes.test.ts" name="Gameplay fixes - land play, commander casting, priority, win conditions &gt; Win condition messages - should not spam on routine actions &gt; should not trigger win events when reordering hand" time="0.0007316">
        </testcase>
        <testcase classname="tests/gameplay.fixes.test.ts" name="Gameplay fixes - land play, commander casting, priority, win conditions &gt; Win condition messages - should not spam on routine actions &gt; should not trigger win events on nextStep progression" time="0.0343328">
        </testcase>
        <testcase classname="tests/gameplay.fixes.test.ts" name="Gameplay fixes - land play, commander casting, priority, win conditions &gt; Land ETB replacement effects (basic support) &gt; should place basic land untapped on battlefield" time="0.0006802">
        </testcase>
        <testcase classname="tests/gameplay.fixes.test.ts" name="Gameplay fixes - land play, commander casting, priority, win conditions &gt; Land ETB replacement effects (basic support) &gt; should support land permanents on battlefield" time="0.0021427">
        </testcase>
        <testcase classname="tests/gameplay.fixes.test.ts" name="Gameplay fixes - land play, commander casting, priority, win conditions &gt; Spell casting from hand (double-click) &gt; should cast a 0-mana artifact from hand" time="0.0004681">
        </testcase>
        <testcase classname="tests/gameplay.fixes.test.ts" name="Gameplay fixes - land play, commander casting, priority, win conditions &gt; Spell casting from hand (double-click) &gt; should cast an instant from hand" time="0.000399">
        </testcase>
        <testcase classname="tests/gameplay.fixes.test.ts" name="Gameplay fixes - land play, commander casting, priority, win conditions &gt; Spell casting from hand (double-click) &gt; should cast a sorcery during main phase" time="0.000222">
        </testcase>
        <testcase classname="tests/gameplay.fixes.test.ts" name="Gameplay fixes - land play, commander casting, priority, win conditions &gt; Spell casting from hand (double-click) &gt; should handle multiple spells on stack" time="0.0003443">
        </testcase>
    </testsuite>
    <testsuite name="tests/generic-mana-auto-payment.test.ts" timestamp="2026-04-23T07:32:39.883Z" hostname="A2Ryzen9" tests="3" failures="0" errors="0" skipped="0" time="0.0110553">
        <testcase classname="tests/generic-mana-auto-payment.test.ts" name="generic mana auto-payment candidates &gt; excludes mana abilities with extra activation costs from automatic generic payment" time="0.0070231">
        </testcase>
        <testcase classname="tests/generic-mana-auto-payment.test.ts" name="generic mana auto-payment candidates &gt; still counts free self-sacrifice mana sources" time="0.0008822">
        </testcase>
        <testcase classname="tests/generic-mana-auto-payment.test.ts" name="generic mana auto-payment candidates &gt; counts tap-plus-self-sacrifice mana sources like Treasure" time="0.0004408">
        </testcase>
    </testsuite>
    <testsuite name="tests/gift.cast-choice.integration.test.ts" timestamp="2026-04-23T07:32:39.884Z" hostname="A2Ryzen9" tests="2" failures="0" errors="0" skipped="0" time="0.1534937">
        <testcase classname="tests/gift.cast-choice.integration.test.ts" name="Gift cast choice flow &gt; widens target selection after promising a gift for Long River&apos;s Pull" time="0.0655025">
        </testcase>
        <testcase classname="tests/gift.cast-choice.integration.test.ts" name="Gift cast choice flow &gt; persists promised gift metadata onto the spell stack item" time="0.0576989">
        </testcase>
    </testsuite>
    <testsuite name="tests/grant-playable-from-exile-choice.integration.test.ts" timestamp="2026-04-23T07:32:39.884Z" hostname="A2Ryzen9" tests="1" failures="0" errors="0" skipped="0" time="0.0447087">
        <testcase classname="tests/grant-playable-from-exile-choice.integration.test.ts" name="grant playable-from-exile choice (integration) &gt; grants play permission only to the selected exiled card" time="0.03203">
        </testcase>
    </testsuite>
    <testsuite name="tests/graveyard-put-and-bounce.intervening-if.test.ts" timestamp="2026-04-23T07:32:39.885Z" hostname="A2Ryzen9" tests="21" failures="0" errors="0" skipped="0" time="0.1301191">
        <testcase classname="tests/graveyard-put-and-bounce.intervening-if.test.ts" name="Intervening-if: &quot;if a creature card was put into your graveyard from anywhere this turn&quot; &gt; is null when tracking is missing" time="0.0712481">
        </testcase>
        <testcase classname="tests/graveyard-put-and-bounce.intervening-if.test.ts" name="Intervening-if: &quot;if a creature card was put into your graveyard from anywhere this turn&quot; &gt; is false when tracking exists and is false" time="0.0224813">
        </testcase>
        <testcase classname="tests/graveyard-put-and-bounce.intervening-if.test.ts" name="Intervening-if: &quot;if a creature card was put into your graveyard from anywhere this turn&quot; &gt; becomes true when a creature card is discarded to graveyard" time="0.0018119">
        </testcase>
        <testcase classname="tests/graveyard-put-and-bounce.intervening-if.test.ts" name="Intervening-if: &quot;if a creature card was put into your graveyard from anywhere this turn&quot; &gt; stays false when only a noncreature card was put into your graveyard" time="0.0009994">
        </testcase>
        <testcase classname="tests/graveyard-put-and-bounce.intervening-if.test.ts" name="Intervening-if: &quot;if a permanent was put into your hand from the battlefield this turn&quot; &gt; is null when tracking is missing" time="0.0005606">
        </testcase>
        <testcase classname="tests/graveyard-put-and-bounce.intervening-if.test.ts" name="Intervening-if: &quot;if a permanent was put into your hand from the battlefield this turn&quot; &gt; is false when tracking exists and is false" time="0.0067036">
        </testcase>
        <testcase classname="tests/graveyard-put-and-bounce.intervening-if.test.ts" name="Intervening-if: &quot;if a permanent was put into your hand from the battlefield this turn&quot; &gt; becomes true when a nontoken permanent is bounced from battlefield to hand" time="0.0008873">
        </testcase>
        <testcase classname="tests/graveyard-put-and-bounce.intervening-if.test.ts" name="Intervening-if: graveyard card-count thresholds &gt; supports &quot;if three or more cards were put into your graveyard this turn from anywhere&quot;" time="0.0014605">
        </testcase>
        <testcase classname="tests/graveyard-put-and-bounce.intervening-if.test.ts" name="Intervening-if: graveyard card-count thresholds &gt; supports &quot;if three or more cards were put into your graveyard from anywhere other than the battlefield this turn&quot;" time="0.0145533">
        </testcase>
        <testcase classname="tests/graveyard-put-and-bounce.intervening-if.test.ts" name="Intervening-if: &quot;if a land you controlled was put into a graveyard from the battlefield this turn&quot; &gt; is null when tracking is missing" time="0.000497">
        </testcase>
        <testcase classname="tests/graveyard-put-and-bounce.intervening-if.test.ts" name="Intervening-if: &quot;if a land you controlled was put into a graveyard from the battlefield this turn&quot; &gt; is false when tracking exists and is false" time="0.0003228">
        </testcase>
        <testcase classname="tests/graveyard-put-and-bounce.intervening-if.test.ts" name="Intervening-if: &quot;if a land you controlled was put into a graveyard from the battlefield this turn&quot; &gt; becomes true when a land you controlled is recorded as put into a graveyard from the battlefield" time="0.0002974">
        </testcase>
        <testcase classname="tests/graveyard-put-and-bounce.intervening-if.test.ts" name="Intervening-if: &quot;if an enchantment was put into your graveyard from the battlefield this turn&quot; &gt; is null when tracking is missing" time="0.0002965">
        </testcase>
        <testcase classname="tests/graveyard-put-and-bounce.intervening-if.test.ts" name="Intervening-if: &quot;if an enchantment was put into your graveyard from the battlefield this turn&quot; &gt; is false when tracking exists and is false" time="0.0002486">
        </testcase>
        <testcase classname="tests/graveyard-put-and-bounce.intervening-if.test.ts" name="Intervening-if: &quot;if an enchantment was put into your graveyard from the battlefield this turn&quot; &gt; becomes true when an enchantment is recorded as put into your graveyard from the battlefield" time="0.0002806">
        </testcase>
        <testcase classname="tests/graveyard-put-and-bounce.intervening-if.test.ts" name="Intervening-if: &quot;if an artifact or creature was put into a graveyard from the battlefield this turn&quot; &gt; is null when tracking is missing" time="0.000225">
        </testcase>
        <testcase classname="tests/graveyard-put-and-bounce.intervening-if.test.ts" name="Intervening-if: &quot;if an artifact or creature was put into a graveyard from the battlefield this turn&quot; &gt; is false when tracking exists and is false" time="0.0003025">
        </testcase>
        <testcase classname="tests/graveyard-put-and-bounce.intervening-if.test.ts" name="Intervening-if: &quot;if an artifact or creature was put into a graveyard from the battlefield this turn&quot; &gt; becomes true when an artifact is recorded as put into a graveyard from the battlefield" time="0.0005141">
        </testcase>
        <testcase classname="tests/graveyard-put-and-bounce.intervening-if.test.ts" name="Intervening-if: &quot;if an artifact or creature was put into a graveyard from the battlefield this turn&quot; &gt; stays false when only a nonbattlefield card was recorded as put into graveyard" time="0.0002327">
        </testcase>
        <testcase classname="tests/graveyard-put-and-bounce.intervening-if.test.ts" name="Intervening-if: &quot;if another &lt;subtype&gt; entered ... this turn&quot; (generic) &gt; excludes the source permanent itself when it entered this turn" time="0.0014459">
        </testcase>
        <testcase classname="tests/graveyard-put-and-bounce.intervening-if.test.ts" name="Intervening-if: &quot;if another &lt;subtype&gt; entered ... this turn&quot; (generic) &gt; is true when there was an additional matching creature" time="0.000922">
        </testcase>
    </testsuite>
    <testsuite name="tests/graveyard-tutor.library-search-replay.integration.test.ts" timestamp="2026-04-23T07:32:39.888Z" hostname="A2Ryzen9" tests="5" failures="0" errors="0" skipped="0" time="0.2124379">
        <testcase classname="tests/graveyard-tutor.library-search-replay.integration.test.ts" name="graveyard tutor library-search replay semantics (integration) &gt; persists and replays the resolved library search for a graveyard tutor activation" time="0.0687425">
        </testcase>
        <testcase classname="tests/graveyard-tutor.library-search-replay.integration.test.ts" name="graveyard tutor library-search replay semantics (integration) &gt; replays unresolved graveyard tutor activation by rebuilding the pending library search step and mana spend" time="0.0029284">
        </testcase>
        <testcase classname="tests/graveyard-tutor.library-search-replay.integration.test.ts" name="graveyard tutor library-search replay semantics (integration) &gt; exiles the source and spends mana for graveyard tutor activations with exile-in-cost text" time="0.078206">
        </testcase>
        <testcase classname="tests/graveyard-tutor.library-search-replay.integration.test.ts" name="graveyard tutor library-search replay semantics (integration) &gt; persists and replays self ETB triggers for battlefield tutor resolutions" time="0.0426681">
        </testcase>
        <testcase classname="tests/graveyard-tutor.library-search-replay.integration.test.ts" name="graveyard tutor library-search replay semantics (integration) &gt; replays unresolved exile-cost graveyard tutor activations with source exile and mana spend" time="0.0016063">
        </testcase>
    </testsuite>
    <testsuite name="tests/greymond-keywords.test.ts" timestamp="2026-04-23T07:32:39.889Z" hostname="A2Ryzen9" tests="1" failures="0" errors="0" skipped="0" time="0.0636435">
        <testcase classname="tests/greymond-keywords.test.ts" name="Greymond chosen keyword grants &gt; applies only the chosen abilities to other Humans" time="0.0608872">
        </testcase>
    </testsuite>
    <testsuite name="tests/group-draw.invalidate-automation.integration.test.ts" timestamp="2026-04-23T07:32:39.889Z" hostname="A2Ryzen9" tests="1" failures="0" errors="0" skipped="0" time="0.1480108">
        <testcase classname="tests/group-draw.invalidate-automation.integration.test.ts" name="Group draw automation invalidation (integration) &gt; clears skip-to-phase and auto-pass-for-turn after Temple Bell changes a player hand" time="0.1224274">
        </testcase>
    </testsuite>
    <testsuite name="tests/growing-rites.transform.regression.test.ts" timestamp="2026-04-23T07:32:39.889Z" hostname="A2Ryzen9" tests="2" failures="0" errors="0" skipped="0" time="0.0811609">
        <testcase classname="tests/growing-rites.transform.regression.test.ts" name="Growing Rites of Itlimoc regressions &gt; queues its ETB library search from the live library map and preserves the creature filter" time="0.0112548">
        </testcase>
        <testcase classname="tests/growing-rites.transform.regression.test.ts" name="Growing Rites of Itlimoc regressions &gt; detects the front-face end-step trigger and transforms on resolution" time="0.0659793">
        </testcase>
    </testsuite>
    <testsuite name="tests/hakbal.begin-combat-explore.integration.test.ts" timestamp="2026-04-23T07:32:39.890Z" hostname="A2Ryzen9" tests="1" failures="0" errors="0" skipped="0" time="0.1844276">
        <testcase classname="tests/hakbal.begin-combat-explore.integration.test.ts" name="Hakbal of the Surging Soul beginning-of-combat explore &gt; queues sequential explore decisions for each Merfolk you control" time="0.1691831">
        </testcase>
    </testsuite>
    <testsuite name="tests/helm-of-the-host.begin-combat.test.ts" timestamp="2026-04-23T07:32:39.890Z" hostname="A2Ryzen9" tests="2" failures="0" errors="0" skipped="0" time="0.1651702">
        <testcase classname="tests/helm-of-the-host.begin-combat.test.ts" name="Helm of the Host beginning-of-combat trigger &gt; creates a nonlegendary token copy with haste" time="0.1192304">
        </testcase>
        <testcase classname="tests/helm-of-the-host.begin-combat.test.ts" name="Helm of the Host beginning-of-combat trigger &gt; queues and persists the copied token&apos;s self ETB trigger" time="0.0297996">
        </testcase>
    </testsuite>
    <testsuite name="tests/hideaway-choice.replay.test.ts" timestamp="2026-04-23T07:32:39.890Z" hostname="A2Ryzen9" tests="1" failures="0" errors="0" skipped="0" time="0.0246663">
        <testcase classname="tests/hideaway-choice.replay.test.ts" name="hideawayChoice replay &gt; replays hideawayChoice by storing the chosen card under the source permanent and updating library order" time="0.0221292">
        </testcase>
    </testsuite>
    <testsuite name="tests/hybrid-mana.resume-activation-cost.integration.test.ts" timestamp="2026-04-23T07:32:39.891Z" hostname="A2Ryzen9" tests="1" failures="0" errors="0" skipped="0" time="0.1882344">
        <testcase classname="tests/hybrid-mana.resume-activation-cost.integration.test.ts" name="Hybrid mana in activation resume flows (integration) &gt; consumes hybrid mana from pool when resuming activation after TAP_UNTAP_TARGET cost step" time="0.1723028">
        </testcase>
    </testsuite>
    <testsuite name="tests/importDeck.socket.test.ts" timestamp="2026-04-23T07:32:39.891Z" hostname="A2Ryzen9" tests="2" failures="0" errors="0" skipped="0" time="0.0287527">
        <testcase classname="tests/importDeck.socket.test.ts" name="registerDeckHandlers importDeck path &gt; enqueues import wipe confirm via Resolution Queue when importing mid-game" time="0.013797">
        </testcase>
        <testcase classname="tests/importDeck.socket.test.ts" name="registerDeckHandlers importDeck path &gt; rejects importDeck when socket is not in the game room" time="0.0008968">
        </testcase>
    </testsuite>
    <testsuite name="tests/imported-deck-candidates.authorization.integration.test.ts" timestamp="2026-04-23T07:32:39.891Z" hostname="A2Ryzen9" tests="2" failures="0" errors="0" skipped="0" time="0.0198325">
        <testcase classname="tests/imported-deck-candidates.authorization.integration.test.ts" name="imported deck candidates authorization (integration) &gt; does not allow getImportedDeckCandidates when socket.data.gameId mismatches (even if in room)" time="0.0043463">
        </testcase>
        <testcase classname="tests/imported-deck-candidates.authorization.integration.test.ts" name="imported deck candidates authorization (integration) &gt; does not throw when payload is missing (crash-safety)" time="0.0009184">
        </testcase>
    </testsuite>
    <testsuite name="tests/intervening-if.evaluator.test.ts" timestamp="2026-04-23T07:32:39.892Z" hostname="A2Ryzen9" tests="100" failures="0" errors="0" skipped="0" time="0.2460372">
        <testcase classname="tests/intervening-if.evaluator.test.ts" name="Intervening-if evaluator (expanded templates) &gt; supports cast-origin templates: &quot;if you cast it&quot; / &quot;if you cast it from your hand&quot;" time="0.0587737">
        </testcase>
        <testcase classname="tests/intervening-if.evaluator.test.ts" name="Intervening-if evaluator (expanded templates) &gt; supports &quot;this &lt;type&gt; is tapped&quot; templates" time="0.0085541">
        </testcase>
        <testcase classname="tests/intervening-if.evaluator.test.ts" name="Intervening-if evaluator (expanded templates) &gt; supports &quot;cast both a creature spell and a noncreature spell this turn&quot; templates" time="0.0101595">
        </testcase>
        <testcase classname="tests/intervening-if.evaluator.test.ts" name="Intervening-if evaluator (expanded templates) &gt; supports explicit &quot;untapped&quot; wording (e.g., &quot;if this artifact is untapped&quot;)" time="0.000709">
        </testcase>
        <testcase classname="tests/intervening-if.evaluator.test.ts" name="Intervening-if evaluator (expanded templates) &gt; supports &quot;played a card from exile this turn&quot; templates (did / did not)" time="0.0022979">
        </testcase>
        <testcase classname="tests/intervening-if.evaluator.test.ts" name="Intervening-if evaluator (expanded templates) &gt; supports &quot;this permanent is an enchantment&quot; templates" time="0.0005818">
        </testcase>
        <testcase classname="tests/intervening-if.evaluator.test.ts" name="Intervening-if evaluator (expanded templates) &gt; supports permanent-card graveyard thresholds" time="0.0005189">
        </testcase>
        <testcase classname="tests/intervening-if.evaluator.test.ts" name="Intervening-if evaluator (expanded templates) &gt; supports alternate Revolt phrasing: &quot;under your control&quot;" time="0.0013737">
        </testcase>
        <testcase classname="tests/intervening-if.evaluator.test.ts" name="Intervening-if evaluator (expanded templates) &gt; supports life-loss-last-turn templates (you / an opponent)" time="0.0372064">
        </testcase>
        <testcase classname="tests/intervening-if.evaluator.test.ts" name="Intervening-if evaluator (expanded templates) &gt; supports opponent-controlled creature death/ETB templates" time="0.0128763">
        </testcase>
        <testcase classname="tests/intervening-if.evaluator.test.ts" name="Intervening-if evaluator (expanded templates) &gt; supports creature death/ETB templates under your control (and global death counts)" time="0.0016554">
        </testcase>
        <testcase classname="tests/intervening-if.evaluator.test.ts" name="Intervening-if evaluator (expanded templates) &gt; supports face-down creature ETB under your control this turn (tracked + conservative fallback)" time="0.0021301">
        </testcase>
        <testcase classname="tests/intervening-if.evaluator.test.ts" name="Intervening-if evaluator (expanded templates) &gt; supports subtype death templates (phyrexian / another &lt;subtype&gt;)" time="0.0012183">
        </testcase>
        <testcase classname="tests/intervening-if.evaluator.test.ts" name="Intervening-if evaluator (expanded templates) &gt; tracks creature subtype deaths via movePermanentToGraveyard (integration)" time="0.0104024">
        </testcase>
        <testcase classname="tests/intervening-if.evaluator.test.ts" name="Intervening-if evaluator (expanded templates) &gt; supports generic subtype-death templates (your control / opponent control / global)" time="0.0012851">
        </testcase>
        <testcase classname="tests/intervening-if.evaluator.test.ts" name="Intervening-if evaluator (expanded templates) &gt; tracks creature subtype ETBs via triggerETBEffectsForPermanent (integration)" time="0.0058755">
        </testcase>
        <testcase classname="tests/intervening-if.evaluator.test.ts" name="Intervening-if evaluator (expanded templates) &gt; supports generic subtype ETB templates (your control / opponent control / global)" time="0.0012813">
        </testcase>
        <testcase classname="tests/intervening-if.evaluator.test.ts" name="Intervening-if evaluator (expanded templates) &gt; supports &quot;+1/+1 counter on this creature&quot; templates" time="0.0008328">
        </testcase>
        <testcase classname="tests/intervening-if.evaluator.test.ts" name="Intervening-if evaluator (expanded templates) &gt; supports instant/sorcery graveyard thresholds" time="0.0038691">
        </testcase>
        <testcase classname="tests/intervening-if.evaluator.test.ts" name="Intervening-if evaluator (expanded templates) &gt; supports &quot;you control N or more &lt;tribe&gt; and/or &lt;tribe&gt;&quot; templates" time="0.0009894">
        </testcase>
        <testcase classname="tests/intervening-if.evaluator.test.ts" name="Intervening-if evaluator (expanded templates) &gt; supports energy check: &quot;if you have an {E}&quot;" time="0.0004096">
        </testcase>
        <testcase classname="tests/intervening-if.evaluator.test.ts" name="Intervening-if evaluator (expanded templates) &gt; supports combined graveyard + counter check: &quot;if there is an elf card in your graveyard and this creature has a -1/-1 counter on it&quot;" time="0.0040716">
        </testcase>
        <testcase classname="tests/intervening-if.evaluator.test.ts" name="Intervening-if evaluator (expanded templates) &gt; supports comma-delimited upkeep template: &quot;At the beginning of your upkeep, if no opponent has more life than you&quot;" time="0.00029">
        </testcase>
        <testcase classname="tests/intervening-if.evaluator.test.ts" name="Intervening-if evaluator (expanded templates) &gt; supports comma-delimited upkeep template: &quot;..., if an opponent has more life than you&quot;" time="0.0003379">
        </testcase>
        <testcase classname="tests/intervening-if.evaluator.test.ts" name="Intervening-if evaluator (expanded templates) &gt; supports life comparisons vs opponents: less life than (an/each/no opponent)" time="0.0009674">
        </testcase>
        <testcase classname="tests/intervening-if.evaluator.test.ts" name="Intervening-if evaluator (expanded templates) &gt; supports life superlatives: &quot;If you have the most/least life&quot; (ties count)" time="0.0008869">
        </testcase>
        <testcase classname="tests/intervening-if.evaluator.test.ts" name="Intervening-if evaluator (expanded templates) &gt; supports life tie-only superlatives: &quot;If you are tied for the most/least life&quot;" time="0.0005989">
        </testcase>
        <testcase classname="tests/intervening-if.evaluator.test.ts" name="Intervening-if evaluator (expanded templates) &gt; supports life superlatives: &quot;If you have the highest/lowest life total&quot;" time="0.0003105">
        </testcase>
        <testcase classname="tests/intervening-if.evaluator.test.ts" name="Intervening-if evaluator (expanded templates) &gt; supports life tie-only superlatives: &quot;If you are tied for the highest/lowest life total&quot;" time="0.0003109">
        </testcase>
        <testcase classname="tests/intervening-if.evaluator.test.ts" name="Intervening-if evaluator (expanded templates) &gt; supports zone superlatives: most/least/fewest cards in a zone (ties count)" time="0.0009055">
        </testcase>
        <testcase classname="tests/intervening-if.evaluator.test.ts" name="Intervening-if evaluator (expanded templates) &gt; supports zone tie-only superlatives: &quot;If you are tied for the most/least/fewest cards in &lt;zone&gt;&quot;" time="0.0006859">
        </testcase>
        <testcase classname="tests/intervening-if.evaluator.test.ts" name="Intervening-if evaluator (expanded templates) &gt; supports permanent superlatives: most/least/fewest creatures/lands you control (ties count)" time="0.0008806">
        </testcase>
        <testcase classname="tests/intervening-if.evaluator.test.ts" name="Intervening-if evaluator (expanded templates) &gt; supports permanent tie-only superlatives: &quot;If you are tied for the most/least/fewest creatures/lands&quot;" time="0.0004879">
        </testcase>
        <testcase classname="tests/intervening-if.evaluator.test.ts" name="Intervening-if evaluator (expanded templates) &gt; treats superlatives as true in single-player contexts" time="0.0003879">
        </testcase>
        <testcase classname="tests/intervening-if.evaluator.test.ts" name="Intervening-if evaluator (expanded templates) &gt; treats opponent life comparison quantifiers consistently when there are no opponents" time="0.0003198">
        </testcase>
        <testcase classname="tests/intervening-if.evaluator.test.ts" name="Intervening-if evaluator (expanded templates) &gt; supports &quot;If it&apos;s your turn&quot;" time="0.0002719">
        </testcase>
        <testcase classname="tests/intervening-if.evaluator.test.ts" name="Intervening-if evaluator (expanded templates) &gt; supports &quot;If it&apos;s not your turn&quot; / &quot;If it&apos;s an opponent&apos;s turn&quot;" time="0.0002857">
        </testcase>
        <testcase classname="tests/intervening-if.evaluator.test.ts" name="Intervening-if evaluator (expanded templates) &gt; supports day/night transition templates: &quot;If it became day/night this turn&quot; (including &quot;day became night&quot;)" time="0.0003061">
        </testcase>
        <testcase classname="tests/intervening-if.evaluator.test.ts" name="Intervening-if evaluator (expanded templates) &gt; supports &quot;If it&apos;s neither day nor night&quot; (and &quot;... and ...&quot;)" time="0.0004607">
        </testcase>
        <testcase classname="tests/intervening-if.evaluator.test.ts" name="Intervening-if evaluator (expanded templates) &gt; supports &quot;If you control exactly N lands&quot;" time="0.0004091">
        </testcase>
        <testcase classname="tests/intervening-if.evaluator.test.ts" name="Intervening-if evaluator (expanded templates) &gt; supports additional life thresholds: &quot;or less&quot;, &quot;less than&quot;, &quot;more than&quot;, &quot;exactly&quot;" time="0.0006895">
        </testcase>
        <testcase classname="tests/intervening-if.evaluator.test.ts" name="Intervening-if evaluator (expanded templates) &gt; supports additional life threshold synonyms: &quot;at least/at most&quot;, &quot;no fewer/no more than&quot;" time="0.0012466">
        </testcase>
        <testcase classname="tests/intervening-if.evaluator.test.ts" name="Intervening-if evaluator (expanded templates) &gt; supports hand-size thresholds: &quot;or fewer&quot;, &quot;or more&quot;, &quot;exactly&quot;" time="0.0011631">
        </testcase>
        <testcase classname="tests/intervening-if.evaluator.test.ts" name="Intervening-if evaluator (expanded templates) &gt; supports hand-size threshold synonyms: &quot;at least/at most&quot;, &quot;no fewer/no more than&quot;" time="0.0011083">
        </testcase>
        <testcase classname="tests/intervening-if.evaluator.test.ts" name="Intervening-if evaluator (expanded templates) &gt; supports numeric control-count synonyms: &quot;at most/no more than&quot;, &quot;no fewer than&quot;" time="0.0009651">
        </testcase>
        <testcase classname="tests/intervening-if.evaluator.test.ts" name="Intervening-if evaluator (expanded templates) &gt; supports graveyard/library numeric thresholds with at least/at most/no more/no fewer" time="0.0008902">
        </testcase>
        <testcase classname="tests/intervening-if.evaluator.test.ts" name="Intervening-if evaluator (expanded templates) &gt; supports &quot;If you control a/an &lt;type&gt;&quot; existence checks" time="0.0003226">
        </testcase>
        <testcase classname="tests/intervening-if.evaluator.test.ts" name="Intervening-if evaluator (expanded templates) &gt; supports commander templates: &quot;If you control your commander&quot; / &quot;If you control a commander&quot;" time="0.0010919">
        </testcase>
        <testcase classname="tests/intervening-if.evaluator.test.ts" name="Intervening-if evaluator (expanded templates) &gt; supports negative control templates: &quot;control no&quot;, &quot;do not/don&apos;t control&quot;, and &quot;control no other&quot;" time="0.0009258">
        </testcase>
        <testcase classname="tests/intervening-if.evaluator.test.ts" name="Intervening-if evaluator (expanded templates) &gt; supports &quot;..., if N or more spells were cast this turn&quot;" time="0.0032765">
        </testcase>
        <testcase classname="tests/intervening-if.evaluator.test.ts" name="Intervening-if evaluator (expanded templates) &gt; supports &quot;If you attacked with N or more creatures this turn&quot;" time="0.0003753">
        </testcase>
        <testcase classname="tests/intervening-if.evaluator.test.ts" name="Intervening-if evaluator (expanded templates) &gt; supports Renown template: &quot;..., if it isn&apos;t renowned&quot; (requires source permanent)" time="0.0002822">
        </testcase>
        <testcase classname="tests/intervening-if.evaluator.test.ts" name="Intervening-if evaluator (expanded templates) &gt; supports designation templates: monarch / initiative / city&apos;s blessing" time="0.0002987">
        </testcase>
        <testcase classname="tests/intervening-if.evaluator.test.ts" name="Intervening-if evaluator (expanded templates) &gt; supports graveyard-name check: &quot;If &lt;card&gt; is in your graveyard&quot;" time="0.0005224">
        </testcase>
        <testcase classname="tests/intervening-if.evaluator.test.ts" name="Intervening-if evaluator (expanded templates) &gt; supports delirium: &quot;If there are four or more card types among cards in your graveyard&quot;" time="0.0003293">
        </testcase>
        <testcase classname="tests/intervening-if.evaluator.test.ts" name="Intervening-if evaluator (expanded templates) &gt; counts kindred as a distinct graveyard card type for delirium checks" time="0.0002385">
        </testcase>
        <testcase classname="tests/intervening-if.evaluator.test.ts" name="Intervening-if evaluator (expanded templates) &gt; supports ferocious-style power threshold: &quot;If you control a creature with power 4 or greater&quot;" time="0.0018525">
        </testcase>
        <testcase classname="tests/intervening-if.evaluator.test.ts" name="Intervening-if evaluator (expanded templates) &gt; supports pack tactics total power: &quot;If you attacked with creatures with total power 6 or greater&quot;" time="0.0005879">
        </testcase>
        <testcase classname="tests/intervening-if.evaluator.test.ts" name="Intervening-if evaluator (expanded templates) &gt; supports morbid/revolt per-turn flags" time="0.0002504">
        </testcase>
        <testcase classname="tests/intervening-if.evaluator.test.ts" name="Intervening-if evaluator (expanded templates) &gt; supports spell-history templates: &apos;another spell this turn&apos; and &apos;no spells cast last turn&apos;" time="0.0013879">
        </testcase>
        <testcase classname="tests/intervening-if.evaluator.test.ts" name="Intervening-if evaluator (expanded templates) &gt; supports last-turn self spell-count templates via per-player counts" time="0.0005731">
        </testcase>
        <testcase classname="tests/intervening-if.evaluator.test.ts" name="Intervening-if evaluator (expanded templates) &gt; supports tapped/untapped control templates for lands/creatures" time="0.0008899">
        </testcase>
        <testcase classname="tests/intervening-if.evaluator.test.ts" name="Intervening-if evaluator (expanded templates) &gt; supports opponent control-negative templates" time="0.0004748">
        </testcase>
        <testcase classname="tests/intervening-if.evaluator.test.ts" name="Intervening-if evaluator (expanded templates) &gt; supports creature/land count comparisons vs opponents: fewer/more than an opponent/each opponent" time="0.0009714">
        </testcase>
        <testcase classname="tests/intervening-if.evaluator.test.ts" name="Intervening-if evaluator (expanded templates) &gt; supports opponent-relative creature/land comparisons: &quot;no opponent controls more&quot; / &quot;an opponent controls fewer&quot;" time="0.0004509">
        </testcase>
        <testcase classname="tests/intervening-if.evaluator.test.ts" name="Intervening-if evaluator (expanded templates) &gt; treats &quot;no opponent controls more&quot; comparisons as vacuously true with no opponents" time="0.0001623">
        </testcase>
        <testcase classname="tests/intervening-if.evaluator.test.ts" name="Intervening-if evaluator (expanded templates) &gt; supports &quot;no opponent controls fewer&quot; and &quot;as many / at least as many&quot; comparisons vs opponents" time="0.000845">
        </testcase>
        <testcase classname="tests/intervening-if.evaluator.test.ts" name="Intervening-if evaluator (expanded templates) &gt; supports &quot;no more/no fewer&quot; and &quot;at most as many&quot; comparisons vs opponents" time="0.0009444">
        </testcase>
        <testcase classname="tests/intervening-if.evaluator.test.ts" name="Intervening-if evaluator (expanded templates) &gt; supports hand/graveyard count comparisons vs opponents: fewer/more than an opponent/each opponent" time="0.000505">
        </testcase>
        <testcase classname="tests/intervening-if.evaluator.test.ts" name="Intervening-if evaluator (expanded templates) &gt; supports opponent-relative zone comparisons and library comparisons vs opponents" time="0.0005875">
        </testcase>
        <testcase classname="tests/intervening-if.evaluator.test.ts" name="Intervening-if evaluator (expanded templates) &gt; supports opponent numeric zone thresholds: at least/at most/no more/no fewer (an/each/no opponent)" time="0.0005129">
        </testcase>
        <testcase classname="tests/intervening-if.evaluator.test.ts" name="Intervening-if evaluator (expanded templates) &gt; treats &quot;each opponent&quot; and &quot;no opponent&quot; numeric zone thresholds as vacuously true with no opponents" time="0.0001811">
        </testcase>
        <testcase classname="tests/intervening-if.evaluator.test.ts" name="Intervening-if evaluator (expanded templates) &gt; treats &quot;each opponent&quot; comparisons as vacuously true with no opponents" time="0.0001453">
        </testcase>
        <testcase classname="tests/intervening-if.evaluator.test.ts" name="Intervening-if evaluator (expanded templates) &gt; supports empty-zone wording variants: graveyard empty / no cards in graveyard / no cards in your hand" time="0.0009074">
        </testcase>
        <testcase classname="tests/intervening-if.evaluator.test.ts" name="Intervening-if evaluator (expanded templates) &gt; supports day/night style: &quot;If a player cast two or more spells last turn&quot; / &quot;If an opponent cast two or more spells last turn&quot;" time="0.000518">
        </testcase>
        <testcase classname="tests/intervening-if.evaluator.test.ts" name="Intervening-if evaluator (expanded templates) &gt; supports source permanent checks: untapped / enchanted / enchanted or equipped" time="0.0009538">
        </testcase>
        <testcase classname="tests/intervening-if.evaluator.test.ts" name="Intervening-if evaluator (expanded templates) &gt; supports control templates: &quot;If you control an enchanted creature&quot; / &quot;If you control an equipped creature&quot;" time="0.0002206">
        </testcase>
        <testcase classname="tests/intervening-if.evaluator.test.ts" name="Intervening-if evaluator (expanded templates) &gt; supports combat state templates: attacking / blocking / blocked / unblocked (requires source permanent)" time="0.0007651">
        </testcase>
        <testcase classname="tests/intervening-if.evaluator.test.ts" name="Intervening-if evaluator (expanded templates) &gt; supports &apos;first spell you cast this turn&apos;" time="0.0002883">
        </testcase>
        <testcase classname="tests/intervening-if.evaluator.test.ts" name="Intervening-if evaluator (expanded templates) &gt; supports graveyard count templates and threshold" time="0.000783">
        </testcase>
        <testcase classname="tests/intervening-if.evaluator.test.ts" name="Intervening-if evaluator (expanded templates) &gt; supports library count variants: fewer / exactly" time="0.0006168">
        </testcase>
        <testcase classname="tests/intervening-if.evaluator.test.ts" name="Intervening-if evaluator (expanded templates) &gt; supports keyword shorthands: delirium / hellbent / metalcraft" time="0.0007233">
        </testcase>
        <testcase classname="tests/intervening-if.evaluator.test.ts" name="Intervening-if evaluator (expanded templates) &gt; supports turn-history checks: life gained / opponent lost life / cards drawn / land entered" time="0.0008253">
        </testcase>
        <testcase classname="tests/intervening-if.evaluator.test.ts" name="Intervening-if evaluator (expanded templates) &gt; supports graveyard creature density and empty-library checks" time="0.0003892">
        </testcase>
        <testcase classname="tests/intervening-if.evaluator.test.ts" name="Intervening-if evaluator (expanded templates) &gt; supports source checks: kicked / modified / +1/+1 counter / tapped / token" time="0.001237">
        </testcase>
        <testcase classname="tests/intervening-if.evaluator.test.ts" name="Intervening-if evaluator (expanded templates) &gt; supports common permanent-count checks: treasures / gates / snow / desert / basic types / domain" time="0.019729">
        </testcase>
        <testcase classname="tests/intervening-if.evaluator.test.ts" name="Intervening-if evaluator (expanded templates) &gt; does not treat Reality Twist as changing basic land type checks" time="0.0008959">
        </testcase>
        <testcase classname="tests/intervening-if.evaluator.test.ts" name="Intervening-if evaluator (expanded templates) &gt; supports battalion, blocking checks, party, legendary/named, poison, mana value, and source-dealt-damage-to-opponent" time="0.0017104">
        </testcase>
        <testcase classname="tests/intervening-if.evaluator.test.ts" name="Intervening-if evaluator (expanded templates) &gt; supports cast-time metadata: &quot;If you cast it during your main phase&quot;" time="0.0002349">
        </testcase>
        <testcase classname="tests/intervening-if.evaluator.test.ts" name="Intervening-if evaluator (expanded templates) &gt; supports foretold metadata: &quot;If it/that spell was foretold&quot;" time="0.0005153">
        </testcase>
        <testcase classname="tests/intervening-if.evaluator.test.ts" name="Intervening-if evaluator (expanded templates) &gt; supports kicked metadata: &quot;If that spell was kicked&quot;" time="0.0007233">
        </testcase>
        <testcase classname="tests/intervening-if.evaluator.test.ts" name="Intervening-if evaluator (expanded templates) &gt; supports zone metadata: &quot;If this card is exiled&quot; (best-effort)" time="0.0005975">
        </testcase>
        <testcase classname="tests/intervening-if.evaluator.test.ts" name="Intervening-if evaluator (expanded templates) &gt; supports activation metadata: &quot;If it isn&apos;t a mana ability&quot; (best-effort)" time="0.0002578">
        </testcase>
        <testcase classname="tests/intervening-if.evaluator.test.ts" name="Intervening-if evaluator (expanded templates) &gt; supports turn snapshot tracking: &quot;If you lost life last turn&quot;" time="0.0041781">
        </testcase>
        <testcase classname="tests/intervening-if.evaluator.test.ts" name="Intervening-if evaluator (expanded templates) &gt; supports mana colors spent to cast: &quot;If {R} was spent...&quot; and &quot;If N colors...&quot;" time="0.0005456">
        </testcase>
        <testcase classname="tests/intervening-if.evaluator.test.ts" name="Intervening-if evaluator (expanded templates) &gt; supports chosen-color clauses: &quot;If you chose red&quot; / &quot;If the chosen color is red&quot;" time="0.0003984">
        </testcase>
        <testcase classname="tests/intervening-if.evaluator.test.ts" name="Intervening-if evaluator (expanded templates) &gt; supports day/night state: &quot;If it&apos;s day&quot; and &quot;If it&apos;s day and ...&quot;" time="0.0003341">
        </testcase>
        <testcase classname="tests/intervening-if.evaluator.test.ts" name="Intervening-if evaluator (expanded templates) &gt; supports die-roll history: &quot;If you rolled a N&quot; / &quot;If you rolled N or higher this turn&quot;" time="0.0005339">
        </testcase>
        <testcase classname="tests/intervening-if.evaluator.test.ts" name="Intervening-if evaluator (expanded templates) &gt; supports die-roll history: &quot;If you rolled a die this turn&quot; and &quot;If you rolled N or less this turn&quot;" time="0.0002663">
        </testcase>
        <testcase classname="tests/intervening-if.evaluator.test.ts" name="Intervening-if evaluator (expanded templates) &gt; supports dungeon completion clauses: &quot;If you completed a dungeon&quot; and &quot;... this turn&quot;" time="0.0006354">
        </testcase>
    </testsuite>
    <testsuite name="tests/it-didnt-die.intervening-if.test.ts" timestamp="2026-04-23T07:32:39.903Z" hostname="A2Ryzen9" tests="5" failures="0" errors="0" skipped="0" time="0.0675493">
        <testcase classname="tests/it-didnt-die.intervening-if.test.ts" name="Intervening-if: &quot;if it didn&apos;t die&quot; (Item 42) &gt; returns true when refs supplies it id and it is still on the battlefield" time="0.0449557">
        </testcase>
        <testcase classname="tests/it-didnt-die.intervening-if.test.ts" name="Intervening-if: &quot;if it didn&apos;t die&quot; (Item 42) &gt; returns false when refs supplies it id and it appears in creaturesDiedThisTurnIds" time="0.0172411">
        </testcase>
        <testcase classname="tests/it-didnt-die.intervening-if.test.ts" name="Intervening-if: &quot;if it didn&apos;t die&quot; (Item 42) &gt; falls back to refs booleans when tracker evidence is unavailable/ambiguous" time="0.000814">
        </testcase>
        <testcase classname="tests/it-didnt-die.intervening-if.test.ts" name="Intervening-if: &quot;if it didn&apos;t die&quot; (Item 42) &gt; returns null when no refs are provided and it cannot be resolved" time="0.0007798">
        </testcase>
        <testcase classname="tests/it-didnt-die.intervening-if.test.ts" name="Intervening-if: &quot;if it didn&apos;t die&quot; (Item 42) &gt; returns null when it id is supplied but neither battlefield nor died tracker can confirm" time="0.0005679">
        </testcase>
    </testsuite>
    <testsuite name="tests/it-had-a-counter.intervening-if.test.ts" timestamp="2026-04-23T07:32:39.905Z" hostname="A2Ryzen9" tests="4" failures="0" errors="0" skipped="0" time="0.0748469">
        <testcase classname="tests/it-had-a-counter.intervening-if.test.ts" name="Intervening-if: &quot;if it had a counter on it&quot; (Item 41) &gt; uses refs snapshots with a counters map deterministically" time="0.0677722">
        </testcase>
        <testcase classname="tests/it-had-a-counter.intervening-if.test.ts" name="Intervening-if: &quot;if it had a counter on it&quot; (Item 41) &gt; falls back to explicit itPermanentId/itCreatureId on the battlefield" time="0.0017567">
        </testcase>
        <testcase classname="tests/it-had-a-counter.intervening-if.test.ts" name="Intervening-if: &quot;if it had a counter on it&quot; (Item 41) &gt; prefers sourcePermanent with explicit counters map over unrelated fallback ids" time="0.0005242">
        </testcase>
        <testcase classname="tests/it-had-a-counter.intervening-if.test.ts" name="Intervening-if: &quot;if it had a counter on it&quot; (Item 41) &gt; returns null when no counters map exists on the resolved object" time="0.0015603">
        </testcase>
    </testsuite>
    <testsuite name="tests/it-power-or-toughness-greater-than-this.intervening-if.test.ts" timestamp="2026-04-23T07:32:39.905Z" hostname="A2Ryzen9" tests="4" failures="0" errors="0" skipped="0" time="0.0947723">
        <testcase classname="tests/it-power-or-toughness-greater-than-this.intervening-if.test.ts" name="Intervening-if: &apos;if its power is greater than this creature&apos;s power or its toughness is greater than this creature&apos;s toughness&apos; (Item 86) &gt; returns true when the referenced creature has greater power" time="0.061362">
        </testcase>
        <testcase classname="tests/it-power-or-toughness-greater-than-this.intervening-if.test.ts" name="Intervening-if: &apos;if its power is greater than this creature&apos;s power or its toughness is greater than this creature&apos;s toughness&apos; (Item 86) &gt; returns true when the referenced creature has greater toughness" time="0.0293379">
        </testcase>
        <testcase classname="tests/it-power-or-toughness-greater-than-this.intervening-if.test.ts" name="Intervening-if: &apos;if its power is greater than this creature&apos;s power or its toughness is greater than this creature&apos;s toughness&apos; (Item 86) &gt; returns false when neither power nor toughness is greater" time="0.0009279">
        </testcase>
        <testcase classname="tests/it-power-or-toughness-greater-than-this.intervening-if.test.ts" name="Intervening-if: &apos;if its power is greater than this creature&apos;s power or its toughness is greater than this creature&apos;s toughness&apos; (Item 86) &gt; returns null when the referenced creature is not on the battlefield" time="0.0007331">
        </testcase>
    </testsuite>
    <testsuite name="tests/it-was-refs-id.intervening-if.test.ts" timestamp="2026-04-23T07:32:39.906Z" hostname="A2Ryzen9" tests="4" failures="0" errors="0" skipped="0" time="0.0691413">
        <testcase classname="tests/it-was-refs-id.intervening-if.test.ts" name="Intervening-if: &quot;it was&quot; clauses can resolve perm by refs id &gt; handles blocking / declared-attacker checks via refs id" time="0.0588417">
        </testcase>
        <testcase classname="tests/it-was-refs-id.intervening-if.test.ts" name="Intervening-if: &quot;it was&quot; clauses can resolve perm by refs id &gt; handles enchanted/equipped and subtype checks via refs id" time="0.0017514">
        </testcase>
        <testcase classname="tests/it-was-refs-id.intervening-if.test.ts" name="Intervening-if: &quot;it was&quot; clauses can resolve perm by refs id &gt; handles power/toughness snapshot checks via refs id" time="0.0009989">
        </testcase>
        <testcase classname="tests/it-was-refs-id.intervening-if.test.ts" name="Intervening-if: &quot;it was&quot; clauses can resolve perm by refs id &gt; returns null when refs id cannot be resolved" time="0.0051658">
        </testcase>
    </testsuite>
    <testsuite name="tests/it-wasnt-sacrificed.intervening-if.test.ts" timestamp="2026-04-23T07:32:39.906Z" hostname="A2Ryzen9" tests="4" failures="0" errors="0" skipped="0" time="0.0679185">
        <testcase classname="tests/it-wasnt-sacrificed.intervening-if.test.ts" name="Intervening-if: &quot;if it wasn&apos;t sacrificed&quot; (Item 43) &gt; returns null when no refs evidence is provided" time="0.0470046">
        </testcase>
        <testcase classname="tests/it-wasnt-sacrificed.intervening-if.test.ts" name="Intervening-if: &quot;if it wasn&apos;t sacrificed&quot; (Item 43) &gt; inverts refs.wasSacrificed" time="0.0153113">
        </testcase>
        <testcase classname="tests/it-wasnt-sacrificed.intervening-if.test.ts" name="Intervening-if: &quot;if it wasn&apos;t sacrificed&quot; (Item 43) &gt; accepts alternative refs keys" time="0.0015781">
        </testcase>
        <testcase classname="tests/it-wasnt-sacrificed.intervening-if.test.ts" name="Intervening-if: &quot;if it wasn&apos;t sacrificed&quot; (Item 43) &gt; supports straight apostrophe variants in the clause text" time="0.0013567">
        </testcase>
    </testsuite>
    <testsuite name="tests/join-forces.replay.test.ts" timestamp="2026-04-23T07:32:39.907Z" hostname="A2Ryzen9" tests="3" failures="0" errors="0" skipped="0" time="0.3790343">
        <testcase classname="tests/join-forces.replay.test.ts" name="Join Forces replay persistence &gt; replays a persisted Join Forces contribution into pending state" time="0.3609952">
        </testcase>
        <testcase classname="tests/join-forces.replay.test.ts" name="Join Forces replay persistence &gt; replays Join Forces completion for Minds Aglow card draw" time="0.0049241">
        </testcase>
        <testcase classname="tests/join-forces.replay.test.ts" name="Join Forces replay persistence &gt; replays Collective Voyage completion by recreating library-search steps" time="0.0015713">
        </testcase>
    </testsuite>
    <testsuite name="tests/join-forces.validate-before-complete.integration.test.ts" timestamp="2026-04-23T07:32:39.907Z" hostname="A2Ryzen9" tests="2" failures="0" errors="0" skipped="0" time="0.0570347">
        <testcase classname="tests/join-forces.validate-before-complete.integration.test.ts" name="JOIN_FORCES validate-before-complete (integration) &gt; does not consume the step on an over-budget contribution" time="0.0348791">
        </testcase>
        <testcase classname="tests/join-forces.validate-before-complete.integration.test.ts" name="JOIN_FORCES validate-before-complete (integration) &gt; resolves Minds Aglow through game.drawCards when no libraries map is attached" time="0.0047606">
        </testcase>
    </testsuite>
    <testsuite name="tests/join.authorization.integration.test.ts" timestamp="2026-04-23T07:32:39.908Z" hostname="A2Ryzen9" tests="1" failures="0" errors="0" skipped="0" time="0.01947">
        <testcase classname="tests/join.authorization.integration.test.ts" name="joinGame authorization boundary (integration) &gt; does not throw when payload is missing and emits MISSING_GAME_ID" time="0.0027325">
        </testcase>
    </testsuite>
    <testsuite name="tests/join.pending-resolution-step.integration.test.ts" timestamp="2026-04-23T07:32:39.908Z" hostname="A2Ryzen9" tests="1" failures="0" errors="0" skipped="0" time="0.0227478">
        <testcase classname="tests/join.pending-resolution-step.integration.test.ts" name="joinGame pending resolution step resend (integration) &gt; emits the next pending resolution step after join state" time="0.0101653">
        </testcase>
    </testsuite>
    <testsuite name="tests/join.reconnect-state-broadcast.integration.test.ts" timestamp="2026-04-23T07:32:39.908Z" hostname="A2Ryzen9" tests="1" failures="0" errors="0" skipped="0" time="0.0270959">
        <testcase classname="tests/join.reconnect-state-broadcast.integration.test.ts" name="joinGame reconnect broadcast delivery (integration) &gt; rebinds the participant socket id so later broadcasts reach the refreshed client" time="0.0122226">
        </testcase>
    </testsuite>
    <testsuite name="tests/judge.request.authorization.integration.test.ts" timestamp="2026-04-23T07:32:39.909Z" hostname="A2Ryzen9" tests="4" failures="0" errors="0" skipped="0" time="0.0228896">
        <testcase classname="tests/judge.request.authorization.integration.test.ts" name="judge request authorization (integration) &gt; blocks requestJudge when socket is not in the game room" time="0.0016325">
        </testcase>
        <testcase classname="tests/judge.request.authorization.integration.test.ts" name="judge request authorization (integration) &gt; blocks requestJudge when socket.data.gameId mismatches (even if in room)" time="0.0004162">
        </testcase>
        <testcase classname="tests/judge.request.authorization.integration.test.ts" name="judge request authorization (integration) &gt; enqueues judge vote steps when caller is in-room" time="0.0027072">
        </testcase>
        <testcase classname="tests/judge.request.authorization.integration.test.ts" name="judge request authorization (integration) &gt; does not throw when payload is missing (crash-safety)" time="0.001016">
        </testcase>
    </testsuite>
    <testsuite name="tests/keyword-attachments-refs-id.intervening-if.test.ts" timestamp="2026-04-23T07:32:39.909Z" hostname="A2Ryzen9" tests="3" failures="0" errors="0" skipped="0" time="0.0721898">
        <testcase classname="tests/keyword-attachments-refs-id.intervening-if.test.ts" name="Intervening-if: keyword/attachment checks can resolve perm by refs id &gt; evaluates keywords via refs id when sourcePermanent is missing" time="0.0674252">
        </testcase>
        <testcase classname="tests/keyword-attachments-refs-id.intervening-if.test.ts" name="Intervening-if: keyword/attachment checks can resolve perm by refs id &gt; evaluates equipped/enchanted via refs id when sourcePermanent is missing" time="0.0012084">
        </testcase>
        <testcase classname="tests/keyword-attachments-refs-id.intervening-if.test.ts" name="Intervening-if: keyword/attachment checks can resolve perm by refs id &gt; returns null when sourcePermanent is missing and refs id cannot be resolved" time="0.0004391">
        </testcase>
    </testsuite>
    <testsuite name="tests/keyword-choice.validate-before-complete.integration.test.ts" timestamp="2026-04-23T07:32:39.910Z" hostname="A2Ryzen9" tests="3" failures="0" errors="0" skipped="0" time="0.055984">
        <testcase classname="tests/keyword-choice.validate-before-complete.integration.test.ts" name="Keyword choice validate-before-complete (integration) &gt; RIOT_CHOICE does not consume the step on invalid selection, then consumes once valid" time="0.0257038">
        </testcase>
        <testcase classname="tests/keyword-choice.validate-before-complete.integration.test.ts" name="Keyword choice validate-before-complete (integration) &gt; UNLEASH_CHOICE does not consume the step on invalid selection, then consumes once valid" time="0.0031005">
        </testcase>
        <testcase classname="tests/keyword-choice.validate-before-complete.integration.test.ts" name="Keyword choice validate-before-complete (integration) &gt; KEYWORD_CHOICE does not consume the step on invalid selection, then consumes once valid" time="0.0025834">
        </testcase>
    </testsuite>
    <testsuite name="tests/keyword-counter-choice.integration.test.ts" timestamp="2026-04-23T07:32:39.910Z" hostname="A2Ryzen9" tests="2" failures="0" errors="0" skipped="0" time="0.0506555">
        <testcase classname="tests/keyword-counter-choice.integration.test.ts" name="keyword counter choice (integration) &gt; adds the chosen keyword counter and keyword text to the target permanent" time="0.0335844">
        </testcase>
        <testcase classname="tests/keyword-counter-choice.integration.test.ts" name="keyword counter choice (integration) &gt; supports multiword keyword ids and extra fixed counters" time="0.0042073">
        </testcase>
    </testsuite>
    <testsuite name="tests/keyword-etb-choice.integration.test.ts" timestamp="2026-04-23T07:32:39.911Z" hostname="A2Ryzen9" tests="10" failures="0" errors="0" skipped="0" time="0.4143869">
        <testcase classname="tests/keyword-etb-choice.integration.test.ts" name="queue-backed keyword ETB choices (integration) &gt; queues a riot choice step and exposes option fields to clients" time="0.0280577">
        </testcase>
        <testcase classname="tests/keyword-etb-choice.integration.test.ts" name="queue-backed keyword ETB choices (integration) &gt; queues a riot choice when a permanent enters through triggerETBEffectsForPermanent" time="0.077332">
        </testcase>
        <testcase classname="tests/keyword-etb-choice.integration.test.ts" name="queue-backed keyword ETB choices (integration) &gt; queues a riot choice when a creature spell resolves onto the battlefield" time="0.060507">
        </testcase>
        <testcase classname="tests/keyword-etb-choice.integration.test.ts" name="queue-backed keyword ETB choices (integration) &gt; defers tribute-dependent self ETB triggers until the opponent responds" time="0.0943251">
        </testcase>
        <testcase classname="tests/keyword-etb-choice.integration.test.ts" name="queue-backed keyword ETB choices (integration) &gt; suppresses tribute-dependent self ETB triggers when tribute is paid" time="0.0224104">
        </testcase>
        <testcase classname="tests/keyword-etb-choice.integration.test.ts" name="queue-backed keyword ETB choices (integration) &gt; defers tribute-dependent ETB triggers for library-search battlefield entry until the opponent responds" time="0.0142279">
        </testcase>
        <testcase classname="tests/keyword-etb-choice.integration.test.ts" name="queue-backed keyword ETB choices (integration) &gt; suppresses tribute-dependent ETB triggers and adds counters when tribute is paid for library-search battlefield entry" time="0.011102">
        </testcase>
        <testcase classname="tests/keyword-etb-choice.integration.test.ts" name="queue-backed keyword ETB choices (integration) &gt; applies riot counter selections through submitResolutionResponse" time="0.0094499">
        </testcase>
        <testcase classname="tests/keyword-etb-choice.integration.test.ts" name="queue-backed keyword ETB choices (integration) &gt; applies unleash selections through submitResolutionResponse" time="0.0084405">
        </testcase>
        <testcase classname="tests/keyword-etb-choice.integration.test.ts" name="queue-backed keyword ETB choices (integration) &gt; creates Servo tokens when fabricate chooses tokens" time="0.0746457">
        </testcase>
    </testsuite>
    <testsuite name="tests/kicked-and-was-cast.intervening-if.test.ts" timestamp="2026-04-23T07:32:39.912Z" hostname="A2Ryzen9" tests="10" failures="0" errors="0" skipped="0" time="0.0831108">
        <testcase classname="tests/kicked-and-was-cast.intervening-if.test.ts" name="Intervening-if: kicked + was cast (safe defaults) &gt; &quot;if it was kicked&quot; returns null when untracked" time="0.0305386">
        </testcase>
        <testcase classname="tests/kicked-and-was-cast.intervening-if.test.ts" name="Intervening-if: kicked + was cast (safe defaults) &gt; &quot;if it was kicked&quot; respects explicit boolean metadata" time="0.0065254">
        </testcase>
        <testcase classname="tests/kicked-and-was-cast.intervening-if.test.ts" name="Intervening-if: kicked + was cast (safe defaults) &gt; &quot;if this creature wasn&apos;t kicked&quot; inverts explicit boolean metadata" time="0.0005618">
        </testcase>
        <testcase classname="tests/kicked-and-was-cast.intervening-if.test.ts" name="Intervening-if: kicked + was cast (safe defaults) &gt; kicker count metadata is treated as positive-only evidence" time="0.0006526">
        </testcase>
        <testcase classname="tests/kicked-and-was-cast.intervening-if.test.ts" name="Intervening-if: kicked + was cast (safe defaults) &gt; &quot;if that spell was kicked&quot; is replay-safe (null when untracked)" time="0.0277788">
        </testcase>
        <testcase classname="tests/kicked-and-was-cast.intervening-if.test.ts" name="Intervening-if: kicked + was cast (safe defaults) &gt; &quot;if it was kicked twice&quot; is replay-safe (no false without explicit evidence)" time="0.0114236">
        </testcase>
        <testcase classname="tests/kicked-and-was-cast.intervening-if.test.ts" name="Intervening-if: kicked + was cast (safe defaults) &gt; &quot;if it was cast&quot; returns true when cast provenance is tracked" time="0.0007445">
        </testcase>
        <testcase classname="tests/kicked-and-was-cast.intervening-if.test.ts" name="Intervening-if: kicked + was cast (safe defaults) &gt; &quot;if that spell was foretold&quot; prefers triggering stack item metadata" time="0.0005067">
        </testcase>
        <testcase classname="tests/kicked-and-was-cast.intervening-if.test.ts" name="Intervening-if: kicked + was cast (safe defaults) &gt; &quot;if his sneak cost was paid&quot; respects alternate-cost metadata" time="0.0009953">
        </testcase>
        <testcase classname="tests/kicked-and-was-cast.intervening-if.test.ts" name="Intervening-if: kicked + was cast (safe defaults) &gt; &quot;if his sneak cost was paid&quot; falls back to explicit boolean metadata and refs stack item" time="0.0007224">
        </testcase>
    </testsuite>
    <testsuite name="tests/knight-white-orchid.test.ts" timestamp="2026-04-23T07:32:39.914Z" hostname="A2Ryzen9" tests="4" failures="0" errors="0" skipped="0" time="0.1282961">
        <testcase classname="tests/knight-white-orchid.test.ts" name="Knight of the White Orchid - conditional land search trigger &gt; should NOT trigger library search when both players have same number of lands" time="0.0839096">
        </testcase>
        <testcase classname="tests/knight-white-orchid.test.ts" name="Knight of the White Orchid - conditional land search trigger &gt; should NOT trigger library search when controller has MORE lands than opponents" time="0.0078832">
        </testcase>
        <testcase classname="tests/knight-white-orchid.test.ts" name="Knight of the White Orchid - conditional land search trigger &gt; should trigger library search when opponent has MORE lands than controller" time="0.0300111">
        </testcase>
        <testcase classname="tests/knight-white-orchid.test.ts" name="Knight of the White Orchid - conditional land search trigger &gt; should NOT resolve the trigger if the intervening-if condition becomes false before resolution" time="0.0033124">
        </testcase>
    </testsuite>
    <testsuite name="tests/kynaios-choice.replay.test.ts" timestamp="2026-04-23T07:32:39.915Z" hostname="A2Ryzen9" tests="2" failures="0" errors="0" skipped="0" time="0.0836764">
        <testcase classname="tests/kynaios-choice.replay.test.ts" name="Kynaios choice replay persistence &gt; replays a persisted Kynaios land-play response into the pending queue state" time="0.0636153">
        </testcase>
        <testcase classname="tests/kynaios-choice.replay.test.ts" name="Kynaios choice replay persistence &gt; replays Kynaios batch completion by restoring the opponent draws" time="0.0012912">
        </testcase>
    </testsuite>
    <testsuite name="tests/kynaios-choice.validate-before-complete.integration.test.ts" timestamp="2026-04-23T07:32:39.915Z" hostname="A2Ryzen9" tests="1" failures="0" errors="0" skipped="0" time="0.0386423">
        <testcase classname="tests/kynaios-choice.validate-before-complete.integration.test.ts" name="KYNAIOS_CHOICE validate-before-complete (integration) &gt; does not consume the step on invalid selection" time="0.0264231">
        </testcase>
    </testsuite>
    <testsuite name="tests/kynaiosChoice.test.ts" timestamp="2026-04-23T07:32:39.915Z" hostname="A2Ryzen9" tests="3" failures="0" errors="0" skipped="0" time="0.0259672">
        <testcase classname="tests/kynaiosChoice.test.ts" name="KynaiosChoice resolution &gt; delays opponent draws until all choices complete (&quot;then&quot; clause)" time="0.0057922">
        </testcase>
        <testcase classname="tests/kynaiosChoice.test.ts" name="KynaiosChoice resolution &gt; does not grant a draw to an opponent who put a land onto the battlefield" time="0.0117927">
        </testcase>
        <testcase classname="tests/kynaiosChoice.test.ts" name="KynaiosChoice resolution &gt; plays a bounce land through Kynaios using normal ETB semantics" time="0.0047596">
        </testcase>
    </testsuite>
    <testsuite name="tests/land-choice.replay.test.ts" timestamp="2026-04-23T07:32:39.916Z" hostname="A2Ryzen9" tests="7" failures="0" errors="0" skipped="0" time="0.213964">
        <testcase classname="tests/land-choice.replay.test.ts" name="land choice replay semantics &gt; replays sacrifice-unless-pay by consuming mana and keeping the permanent" time="0.0282238">
        </testcase>
        <testcase classname="tests/land-choice.replay.test.ts" name="land choice replay semantics &gt; replays sacrifice-unless-pay with Treasure-backed auto-pay by preserving the token graveyard snapshot" time="0.0025659">
        </testcase>
        <testcase classname="tests/land-choice.replay.test.ts" name="land choice replay semantics &gt; replays sacrifice-unless-pay decline by moving the permanent to graveyard" time="0.0005636">
        </testcase>
        <testcase classname="tests/land-choice.replay.test.ts" name="land choice replay semantics &gt; replays reveal-land choice by untapping the land when a card was revealed" time="0.0088635">
        </testcase>
        <testcase classname="tests/land-choice.replay.test.ts" name="land choice replay semantics &gt; replays reveal-land decline by keeping the land tapped" time="0.0007021">
        </testcase>
        <testcase classname="tests/land-choice.replay.test.ts" name="land choice replay semantics &gt; replays shock-land life payment as real life loss this turn" time="0.0004629">
        </testcase>
        <testcase classname="tests/land-choice.replay.test.ts" name="land choice replay semantics &gt; replays shock-land decline by keeping the land tapped without losing life" time="0.0054191">
        </testcase>
    </testsuite>
    <testsuite name="tests/landfall.intervening-if.resolution-time.test.ts" timestamp="2026-04-23T07:32:39.917Z" hostname="A2Ryzen9" tests="2" failures="0" errors="0" skipped="0" time="0.1214591">
        <testcase classname="tests/landfall.intervening-if.resolution-time.test.ts" name="Intervening-if landfall resolution-time checks &gt; skips resolving a landfall trigger if the intervening-if condition becomes false before resolution" time="0.0667543">
        </testcase>
        <testcase classname="tests/landfall.intervening-if.resolution-time.test.ts" name="Intervening-if landfall resolution-time checks &gt; resolves a landfall trigger when the intervening-if condition is still true at resolution" time="0.051746">
        </testcase>
    </testsuite>
    <testsuite name="tests/lands-that-player-controls-more.intervening-if.test.ts" timestamp="2026-04-23T07:32:39.917Z" hostname="A2Ryzen9" tests="2" failures="0" errors="0" skipped="0" time="0.067825">
        <testcase classname="tests/lands-that-player-controls-more.intervening-if.test.ts" name="Intervening-if land count vs that player &gt; evaluates &quot;if that player controls more lands than you&quot; for opponent-upkeep triggers" time="0.0635986">
        </testcase>
        <testcase classname="tests/lands-that-player-controls-more.intervening-if.test.ts" name="Intervening-if land count vs that player &gt; evaluates &quot;if that player controls more lands than each other player&quot; for each-player-upkeep triggers" time="0.0015726">
        </testcase>
    </testsuite>
    <testsuite name="tests/leave-game.inroom.authorization.integration.test.ts" timestamp="2026-04-23T07:32:39.918Z" hostname="A2Ryzen9" tests="6" failures="0" errors="0" skipped="0" time="0.0072462">
        <testcase classname="tests/leave-game.inroom.authorization.integration.test.ts" name="leaveGame in-room scoping (integration) &gt; rejects leaveGame when socket is not in the game room" time="0.0011931">
        </testcase>
        <testcase classname="tests/leave-game.inroom.authorization.integration.test.ts" name="leaveGame in-room scoping (integration) &gt; rejects leaveGame when socket.data.gameId mismatches payload gameId" time="0.0003049">
        </testcase>
        <testcase classname="tests/leave-game.inroom.authorization.integration.test.ts" name="leaveGame in-room scoping (integration) &gt; allows leaveGame when socket is in room and gameId matches" time="0.0003099">
        </testcase>
        <testcase classname="tests/leave-game.inroom.authorization.integration.test.ts" name="leaveGame in-room scoping (integration) &gt; defaults to delayed leave during active games when Immediate Concede is disabled" time="0.0029522">
        </testcase>
        <testcase classname="tests/leave-game.inroom.authorization.integration.test.ts" name="leaveGame in-room scoping (integration) &gt; uses immediate leave when Immediate Concede is enabled" time="0.000194">
        </testcase>
        <testcase classname="tests/leave-game.inroom.authorization.integration.test.ts" name="leaveGame in-room scoping (integration) &gt; does not throw when payload is missing (crash-safety)" time="0.0005185">
        </testcase>
    </testsuite>
    <testsuite name="tests/leave.replay.test.ts" timestamp="2026-04-23T07:32:39.918Z" hostname="A2Ryzen9" tests="1" failures="0" errors="0" skipped="0" time="0.0251632">
        <testcase classname="tests/leave.replay.test.ts" name="leave replay semantics &gt; replays leave by removing the player and reassigning turn references" time="0.0228414">
        </testcase>
    </testsuite>
    <testsuite name="tests/legacy-native-mana-choice.integration.test.ts" timestamp="2026-04-23T07:32:39.919Z" hostname="A2Ryzen9" tests="3" failures="0" errors="0" skipped="0" time="0.2055556">
        <testcase classname="tests/legacy-native-mana-choice.integration.test.ts" name="legacy native mana choice ids (integration) &gt; queues the legacy native_choice_2 pain-land choice instead of collapsing to the first printed mana line" time="0.1626864">
        </testcase>
        <testcase classname="tests/legacy-native-mana-choice.integration.test.ts" name="legacy native mana choice ids (integration) &gt; queues the legacy native_pay_life choice and persists pay-life as an activation cost" time="0.0156082">
        </testcase>
        <testcase classname="tests/legacy-native-mana-choice.integration.test.ts" name="legacy native mana choice ids (integration) &gt; adds all colors for the legacy native_multi bounce-land id" time="0.0042114">
        </testcase>
    </testsuite>
    <testsuite name="tests/legacy.pendingLibrarySearch.cleanup.test.ts" timestamp="2026-04-23T07:32:39.919Z" hostname="A2Ryzen9" tests="4" failures="0" errors="0" skipped="0" time="0.0586178">
        <testcase classname="tests/legacy.pendingLibrarySearch.cleanup.test.ts" name="Legacy cleanup: pendingLibrarySearch is not created &gt; LIBRARY_SEARCH invalid selection does not consume the step" time="0.0135468">
        </testcase>
        <testcase classname="tests/legacy.pendingLibrarySearch.cleanup.test.ts" name="Legacy cleanup: pendingLibrarySearch is not created &gt; LIBRARY_SEARCH splitDestination preserves split assignments from client" time="0.0296656">
        </testcase>
        <testcase classname="tests/legacy.pendingLibrarySearch.cleanup.test.ts" name="Legacy cleanup: pendingLibrarySearch is not created &gt; Collective Voyage creates LIBRARY_SEARCH steps (no pendingLibrarySearch)" time="0.0036208">
        </testcase>
        <testcase classname="tests/legacy.pendingLibrarySearch.cleanup.test.ts" name="Legacy cleanup: pendingLibrarySearch is not created &gt; Tempt with Discovery creates LIBRARY_SEARCH steps (no pendingLibrarySearch)" time="0.0021721">
        </testcase>
    </testsuite>
    <testsuite name="tests/legions-landing.etb.test.ts" timestamp="2026-04-23T07:32:39.920Z" hostname="A2Ryzen9" tests="1" failures="0" errors="0" skipped="0" time="0.1216174">
        <testcase classname="tests/legions-landing.etb.test.ts" name="Legion&apos;s Landing ETB &gt; creates the 1/1 white Vampire token with lifelink from the front face ETB text" time="0.1185586">
        </testcase>
    </testsuite>
    <testsuite name="tests/library-graveyard-colors.intervening-if.test.ts" timestamp="2026-04-23T07:32:39.921Z" hostname="A2Ryzen9" tests="6" failures="0" errors="0" skipped="0" time="0.0578706">
        <testcase classname="tests/library-graveyard-colors.intervening-if.test.ts" name="Intervening-if: library/graveyard/colors (avoid avoidable nulls) &gt; &quot;no nonbasic land cards in your library&quot; treats empty library as true" time="0.0404807">
        </testcase>
        <testcase classname="tests/library-graveyard-colors.intervening-if.test.ts" name="Intervening-if: library/graveyard/colors (avoid avoidable nulls) &gt; &quot;no nonbasic land cards in your library&quot; returns false when a nonbasic land is present" time="0.0124446">
        </testcase>
        <testcase classname="tests/library-graveyard-colors.intervening-if.test.ts" name="Intervening-if: library/graveyard/colors (avoid avoidable nulls) &gt; &quot;five or more mana values among cards in your graveyard&quot; treats empty graveyard as false" time="0.0006511">
        </testcase>
        <testcase classname="tests/library-graveyard-colors.intervening-if.test.ts" name="Intervening-if: library/graveyard/colors (avoid avoidable nulls) &gt; &quot;five colors among permanents you control&quot; reads card.colors and card.color_identity" time="0.000667">
        </testcase>
        <testcase classname="tests/library-graveyard-colors.intervening-if.test.ts" name="Intervening-if: library/graveyard/colors (avoid avoidable nulls) &gt; &quot;five colors among permanents you control&quot; returns null if unknown permanents exist and only 4 colors found" time="0.000441">
        </testcase>
        <testcase classname="tests/library-graveyard-colors.intervening-if.test.ts" name="Intervening-if: library/graveyard/colors (avoid avoidable nulls) &gt; &quot;five colors among permanents you control&quot; returns false when only 4 colors and no unknowns" time="0.0004431">
        </testcase>
    </testsuite>
    <testsuite name="tests/library-search-resolve.replay.test.ts" timestamp="2026-04-23T07:32:39.922Z" hostname="A2Ryzen9" tests="2" failures="0" errors="0" skipped="0" time="0.0422484">
        <testcase classname="tests/library-search-resolve.replay.test.ts" name="librarySearchResolve replay semantics &gt; replays battlefield results using persisted permanent ids" time="0.038305">
        </testcase>
        <testcase classname="tests/library-search-resolve.replay.test.ts" name="librarySearchResolve replay semantics &gt; falls back to deterministic ids for legacy battlefield search events without persisted ids" time="0.0011506">
        </testcase>
    </testsuite>
    <testsuite name="tests/life-hand-library-starting-life.intervening-if.test.ts" timestamp="2026-04-23T07:32:39.922Z" hostname="A2Ryzen9" tests="6" failures="0" errors="0" skipped="0" time="0.0848098">
        <testcase classname="tests/life-hand-library-starting-life.intervening-if.test.ts" name="Intervening-if: life/hand/library/starting-life batch &gt; evaluates life lost this turn (did not / N or more)" time="0.042284">
        </testcase>
        <testcase classname="tests/life-hand-library-starting-life.intervening-if.test.ts" name="Intervening-if: life/hand/library/starting-life batch &gt; evaluates &quot;each player has 10 or less life&quot; conservatively" time="0.028855">
        </testcase>
        <testcase classname="tests/life-hand-library-starting-life.intervening-if.test.ts" name="Intervening-if: life/hand/library/starting-life batch &gt; evaluates &quot;each player has an empty library&quot; conservatively" time="0.0012204">
        </testcase>
        <testcase classname="tests/life-hand-library-starting-life.intervening-if.test.ts" name="Intervening-if: life/hand/library/starting-life batch &gt; evaluates hand-size templates (card in hand / exactly thirteen)" time="0.0039021">
        </testcase>
        <testcase classname="tests/life-hand-library-starting-life.intervening-if.test.ts" name="Intervening-if: life/hand/library/starting-life batch &gt; evaluates land-play tracking (did not play a land this turn)" time="0.0024931">
        </testcase>
        <testcase classname="tests/life-hand-library-starting-life.intervening-if.test.ts" name="Intervening-if: life/hand/library/starting-life batch &gt; evaluates starting-life comparisons" time="0.0033337">
        </testcase>
    </testsuite>
    <testsuite name="tests/life-paid-to-activate-it.intervening-if.test.ts" timestamp="2026-04-23T07:32:39.923Z" hostname="A2Ryzen9" tests="3" failures="0" errors="0" skipped="0" time="0.1934011">
        <testcase classname="tests/life-paid-to-activate-it.intervening-if.test.ts" name="Intervening-if: if life was paid to activate it &gt; uses explicit refs boolean when provided" time="0.0540282">
        </testcase>
        <testcase classname="tests/life-paid-to-activate-it.intervening-if.test.ts" name="Intervening-if: if life was paid to activate it &gt; returns true when the triggering stack item cost explicitly requires paying life" time="0.0010821">
        </testcase>
        <testcase classname="tests/life-paid-to-activate-it.intervening-if.test.ts" name="Intervening-if: if life was paid to activate it &gt; stays conservative (null) when paying life is optional via an &quot;or&quot; cost" time="0.0003819">
        </testcase>
    </testsuite>
    <testsuite name="tests/life-payment.validate-before-complete.integration.test.ts" timestamp="2026-04-23T07:32:39.923Z" hostname="A2Ryzen9" tests="1" failures="0" errors="0" skipped="0" time="0.0513779">
        <testcase classname="tests/life-payment.validate-before-complete.integration.test.ts" name="LIFE_PAYMENT validate-before-complete (integration) &gt; does not consume the step on invalid selection" time="0.0363847">
        </testcase>
    </testsuite>
    <testsuite name="tests/lim-duls-vault.replay.test.ts" timestamp="2026-04-23T07:32:39.924Z" hostname="A2Ryzen9" tests="3" failures="0" errors="0" skipped="0" time="0.0614907">
        <testcase classname="tests/lim-duls-vault.replay.test.ts" name="Lim-Dul&apos;s Vault live/replay semantics &gt; resolving the spell queues the initial vault prompt directly without pending staging" time="0.0477748">
        </testcase>
        <testcase classname="tests/lim-duls-vault.replay.test.ts" name="Lim-Dul&apos;s Vault live/replay semantics &gt; replays a continue decision by updating life/library and rebuilding the next vault prompt" time="0.0020892">
        </testcase>
        <testcase classname="tests/lim-duls-vault.replay.test.ts" name="Lim-Dul&apos;s Vault live/replay semantics &gt; replays the final resolve event by clearing the pending prompt and restoring the chosen top-five order" time="0.0007109">
        </testcase>
    </testsuite>
    <testsuite name="tests/lord.effects.test.ts" timestamp="2026-04-23T07:32:39.924Z" hostname="A2Ryzen9" tests="6" failures="0" errors="0" skipped="0" time="0.0076037">
        <testcase classname="tests/lord.effects.test.ts" name="Lord Effects &gt; Elvish Archdruid should give +1/+1 to other Elf creatures" time="0.0025045">
        </testcase>
        <testcase classname="tests/lord.effects.test.ts" name="Lord Effects &gt; Elvish Archdruid should NOT buff itself" time="0.0003381">
        </testcase>
        <testcase classname="tests/lord.effects.test.ts" name="Lord Effects &gt; Multiple Elvish Archdruids should stack" time="0.0005668">
        </testcase>
        <testcase classname="tests/lord.effects.test.ts" name="Lord Effects &gt; Elvish Archdruid should only buff Elves, not other creature types" time="0.0003653">
        </testcase>
        <testcase classname="tests/lord.effects.test.ts" name="Lord Effects &gt; Elvish Archdruid should only buff creatures you control" time="0.0003064">
        </testcase>
        <testcase classname="tests/lord.effects.test.ts" name="Lord Effects &gt; Morophon should buff other creatures of the chosen type" time="0.0010666">
        </testcase>
    </testsuite>
    <testsuite name="tests/mana-abilities.dynamic-amount.test.ts" timestamp="2026-04-23T07:32:39.925Z" hostname="A2Ryzen9" tests="2" failures="0" errors="0" skipped="0" time="0.0068358">
        <testcase classname="tests/mana-abilities.dynamic-amount.test.ts" name="dynamic mana ability helpers &gt; uses boosted creature power for Bighorner Rancher mana" time="0.0035006">
        </testcase>
        <testcase classname="tests/mana-abilities.dynamic-amount.test.ts" name="dynamic mana ability helpers &gt; uses boosted creature power for Selvala mana" time="0.0006147">
        </testcase>
    </testsuite>
    <testsuite name="tests/mana-check.conditional.test.ts" timestamp="2026-04-23T07:32:39.925Z" hostname="A2Ryzen9" tests="21" failures="0" errors="0" skipped="0" time="0.0184932">
        <testcase classname="tests/mana-check.conditional.test.ts" name="Conditional Mana Sources &gt; Activation-cost mana sources &gt; treats Izzet Signet plus Island as able to make UR but not UU" time="0.0054244">
        </testcase>
        <testcase classname="tests/mana-check.conditional.test.ts" name="Conditional Mana Sources &gt; Activation-cost mana sources &gt; does not let a single any-color source satisfy colored plus generic costs" time="0.0009798">
        </testcase>
        <testcase classname="tests/mana-check.conditional.test.ts" name="Conditional Mana Sources &gt; Activation-cost mana sources &gt; treats Mox Amber as unavailable without a colored legendary creature or planeswalker" time="0.001072">
        </testcase>
        <testcase classname="tests/mana-check.conditional.test.ts" name="Conditional Mana Sources &gt; Activation-cost mana sources &gt; limits Mox Amber to colors shared by controlled legendary creatures and planeswalkers" time="0.0012745">
        </testcase>
        <testcase classname="tests/mana-check.conditional.test.ts" name="Conditional Mana Sources &gt; Reflecting Pool &gt; should only produce colors and colorless that your other lands could produce" time="0.0010009">
        </testcase>
        <testcase classname="tests/mana-check.conditional.test.ts" name="Conditional Mana Sources &gt; Reflecting Pool &gt; should not let Reflecting Pool count itself when no other land can make mana" time="0.0005921">
        </testcase>
        <testcase classname="tests/mana-check.conditional.test.ts" name="Conditional Mana Sources &gt; Exotic Orchard &gt; should not produce any color when opponents have no lands" time="0.000495">
        </testcase>
        <testcase classname="tests/mana-check.conditional.test.ts" name="Conditional Mana Sources &gt; Exotic Orchard &gt; should only produce colors that opponent lands can produce" time="0.000365">
        </testcase>
        <testcase classname="tests/mana-check.conditional.test.ts" name="Conditional Mana Sources &gt; Exotic Orchard &gt; should not allow casting 4-color commander with insufficient colors" time="0.000645">
        </testcase>
        <testcase classname="tests/mana-check.conditional.test.ts" name="Conditional Mana Sources &gt; Exotic Orchard &gt; should allow casting 2-color commander with available colors from Exotic Orchard" time="0.00023">
        </testcase>
        <testcase classname="tests/mana-check.conditional.test.ts" name="Conditional Mana Sources &gt; Unconditional &quot;any color&quot; sources &gt; should correctly handle Command Tower based on commander color identity" time="0.0003015">
        </testcase>
        <testcase classname="tests/mana-check.conditional.test.ts" name="Conditional Mana Sources &gt; Unconditional &quot;any color&quot; sources &gt; should handle Command Tower with mono-colored commander" time="0.0002065">
        </testcase>
        <testcase classname="tests/mana-check.conditional.test.ts" name="Conditional Mana Sources &gt; Unconditional &quot;any color&quot; sources &gt; should handle true unconditional any color sources like Mana Confluence" time="0.0002143">
        </testcase>
        <testcase classname="tests/mana-check.conditional.test.ts" name="Conditional Mana Sources &gt; ETB and non-tap mana abilities (Rule 106.7) &gt; should detect Crumbling Vestige ETB trigger as producing any color" time="0.0004544">
        </testcase>
        <testcase classname="tests/mana-check.conditional.test.ts" name="Conditional Mana Sources &gt; ETB and non-tap mana abilities (Rule 106.7) &gt; should detect Mirrodin&apos;s Core ability even without charge counter" time="0.0003603">
        </testcase>
        <testcase classname="tests/mana-check.conditional.test.ts" name="Conditional Mana Sources &gt; ETB and non-tap mana abilities (Rule 106.7) &gt; should handle Gemstone Caverns WITHOUT luck counter (only colorless)" time="0.0003348">
        </testcase>
        <testcase classname="tests/mana-check.conditional.test.ts" name="Conditional Mana Sources &gt; ETB and non-tap mana abilities (Rule 106.7) &gt; should handle Gemstone Caverns WITH luck counter (any color)" time="0.0002921">
        </testcase>
        <testcase classname="tests/mana-check.conditional.test.ts" name="Conditional Mana Sources &gt; Fellwar Stone (conditional artifact) &gt; should only produce colors that opponent lands can produce" time="0.0002046">
        </testcase>
        <testcase classname="tests/mana-check.conditional.test.ts" name="Conditional Mana Sources &gt; Fellwar Stone (conditional artifact) &gt; should work with mana-producing artifacts (not just lands)" time="0.0001819">
        </testcase>
        <testcase classname="tests/mana-check.conditional.test.ts" name="Conditional Mana Sources &gt; Counter tracking for all permanents &gt; should verify Exotic Orchard only checks lands (not all permanents)" time="0.0002212">
        </testcase>
        <testcase classname="tests/mana-check.conditional.test.ts" name="Conditional Mana Sources &gt; Counter tracking for all permanents &gt; should track counters on mana-producing artifacts" time="0.0001706">
        </testcase>
    </testsuite>
    <testsuite name="tests/mana-handlers.inroom.authorization.integration.test.ts" timestamp="2026-04-23T07:32:39.928Z" hostname="A2Ryzen9" tests="3" failures="0" errors="0" skipped="0" time="0.0242331">
        <testcase classname="tests/mana-handlers.inroom.authorization.integration.test.ts" name="mana-handlers in-room authorization (integration) &gt; blocks addManaToPool when socket is not in the game room" time="0.0045907">
        </testcase>
        <testcase classname="tests/mana-handlers.inroom.authorization.integration.test.ts" name="mana-handlers in-room authorization (integration) &gt; blocks addManaToPool when player is a spectator seat" time="0.0010859">
        </testcase>
        <testcase classname="tests/mana-handlers.inroom.authorization.integration.test.ts" name="mana-handlers in-room authorization (integration) &gt; does not crash on missing payload" time="0.0012054">
        </testcase>
    </testsuite>
    <testsuite name="tests/mana-payment-choice.selection.integration.test.ts" timestamp="2026-04-23T07:32:39.928Z" hostname="A2Ryzen9" tests="9" failures="0" errors="0" skipped="0" time="0.4729949">
        <testcase classname="tests/mana-payment-choice.selection.integration.test.ts" name="mana payment choice selection flow &gt; lets a signet activation spend chosen floating mana and keep the rest" time="0.2207713">
        </testcase>
        <testcase classname="tests/mana-payment-choice.selection.integration.test.ts" name="mana payment choice selection flow &gt; uses the selected generic mana line amount for direct live activations" time="0.0081981">
        </testcase>
        <testcase classname="tests/mana-payment-choice.selection.integration.test.ts" name="mana payment choice selection flow &gt; lets spell payment spend chosen floating mana and preserve colorless mana" time="0.0649703">
        </testcase>
        <testcase classname="tests/mana-payment-choice.selection.integration.test.ts" name="mana payment choice selection flow &gt; lets spell payment spend a source activation mana cost before keeping excess produced mana" time="0.0195347">
        </testcase>
        <testcase classname="tests/mana-payment-choice.selection.integration.test.ts" name="mana payment choice selection flow &gt; lets spell payment use a fixed mixed-color bundle from a signet" time="0.0142856">
        </testcase>
        <testcase classname="tests/mana-payment-choice.selection.integration.test.ts" name="mana payment choice selection flow &gt; lets altar mana payment sacrifice chosen creatures while casting a spell" time="0.0438622">
        </testcase>
        <testcase classname="tests/mana-payment-choice.selection.integration.test.ts" name="mana payment choice selection flow &gt; lets Generator Servant grant haste to a creature spell through the queued spell-payment flow" time="0.0297054">
        </testcase>
        <testcase classname="tests/mana-payment-choice.selection.integration.test.ts" name="mana payment choice selection flow &gt; lets exact spell payment spend only part of reflected land mana and keep the excess floating" time="0.016603">
        </testcase>
        <testcase classname="tests/mana-payment-choice.selection.integration.test.ts" name="mana payment choice selection flow &gt; lets Mikokoro exact-payment pick a single land that produces extra mana from Dictates" time="0.0410463">
        </testcase>
    </testsuite>
    <testsuite name="tests/mana-spent-breakdown-completeness.intervening-if.test.ts" timestamp="2026-04-23T07:32:39.929Z" hostname="A2Ryzen9" tests="6" failures="0" errors="0" skipped="0" time="0.0843498">
        <testcase classname="tests/mana-spent-breakdown-completeness.intervening-if.test.ts" name="Intervening-if: manaSpentBreakdown completeness inference &gt; &apos;if {R} was spent to cast it&apos; returns false when total equals known breakdown and red key is missing" time="0.0415399">
        </testcase>
        <testcase classname="tests/mana-spent-breakdown-completeness.intervening-if.test.ts" name="Intervening-if: manaSpentBreakdown completeness inference &gt; &apos;if {R} was spent to cast it&apos; stays conservative when breakdown doesn&apos;t sum to total" time="0.0006522">
        </testcase>
        <testcase classname="tests/mana-spent-breakdown-completeness.intervening-if.test.ts" name="Intervening-if: manaSpentBreakdown completeness inference &gt; &apos;if {U}{U} was spent to cast it&apos; works with completeness inference" time="0.000777">
        </testcase>
        <testcase classname="tests/mana-spent-breakdown-completeness.intervening-if.test.ts" name="Intervening-if: manaSpentBreakdown completeness inference &gt; &apos;if N or more colors of mana were spent to cast it&apos; returns false only when complete" time="0.0016848">
        </testcase>
        <testcase classname="tests/mana-spent-breakdown-completeness.intervening-if.test.ts" name="Intervening-if: manaSpentBreakdown completeness inference &gt; &apos;if no colored mana was spent to cast it&apos; infers true when only colorless is accounted" time="0.000851">
        </testcase>
        <testcase classname="tests/mana-spent-breakdown-completeness.intervening-if.test.ts" name="Intervening-if: manaSpentBreakdown completeness inference &gt; &apos;if at least three mana of the same color was spent to cast it&apos; is deterministic only when complete" time="0.0333">
        </testcase>
    </testsuite>
    <testsuite name="tests/mana-spent-triggering-stackitem.intervening-if.test.ts" timestamp="2026-04-23T07:32:39.930Z" hostname="A2Ryzen9" tests="5" failures="0" errors="0" skipped="0" time="0.0749881">
        <testcase classname="tests/mana-spent-triggering-stackitem.intervening-if.test.ts" name="Intervening-if: mana-spent-to-cast templates can use triggering stack item &gt; uses triggering stack item for &quot;if at least N mana was spent to cast it&quot;" time="0.0381267">
        </testcase>
        <testcase classname="tests/mana-spent-triggering-stackitem.intervening-if.test.ts" name="Intervening-if: mana-spent-to-cast templates can use triggering stack item &gt; uses triggering stack item for &quot;if no mana was spent to cast it&quot;" time="0.0005445">
        </testcase>
        <testcase classname="tests/mana-spent-triggering-stackitem.intervening-if.test.ts" name="Intervening-if: mana-spent-to-cast templates can use triggering stack item &gt; uses triggering stack item for &quot;if no colored mana was spent to cast it&quot;" time="0.0004133">
        </testcase>
        <testcase classname="tests/mana-spent-triggering-stackitem.intervening-if.test.ts" name="Intervening-if: mana-spent-to-cast templates can use triggering stack item &gt; uses triggering stack item for &quot;if three or more mana from creatures was spent to cast it&quot;" time="0.0304582">
        </testcase>
        <testcase classname="tests/mana-spent-triggering-stackitem.intervening-if.test.ts" name="Intervening-if: mana-spent-to-cast templates can use triggering stack item &gt; can infer 3+ creature mana from convoke tapped creature list" time="0.0011073">
        </testcase>
    </testsuite>
    <testsuite name="tests/mana-spent-vs-mana-value.intervening-if.test.ts" timestamp="2026-04-23T07:32:39.931Z" hostname="A2Ryzen9" tests="2" failures="0" errors="0" skipped="0" time="0.0697342">
        <testcase classname="tests/mana-spent-vs-mana-value.intervening-if.test.ts" name="Intervening-if: mana spent vs mana value &gt; uses manaSpentBreakdown when manaSpentTotal is missing" time="0.0506769">
        </testcase>
        <testcase classname="tests/mana-spent-vs-mana-value.intervening-if.test.ts" name="Intervening-if: mana spent vs mana value &gt; returns false when spent is not less than mana value" time="0.0151291">
        </testcase>
    </testsuite>
    <testsuite name="tests/mandatory-cancel-disallowed.validate-before-complete.integration.test.ts" timestamp="2026-04-23T07:32:39.932Z" hostname="A2Ryzen9" tests="1" failures="0" errors="0" skipped="0" time="0.0511501">
        <testcase classname="tests/mandatory-cancel-disallowed.validate-before-complete.integration.test.ts" name="submitResolutionResponse disallows cancelling mandatory steps (integration) &gt; does not consume the step when cancelled:true is sent for a mandatory step" time="0.0311114">
        </testcase>
    </testsuite>
    <testsuite name="tests/manual-state.replay.test.ts" timestamp="2026-04-23T07:32:39.932Z" hostname="A2Ryzen9" tests="4" failures="0" errors="0" skipped="0" time="0.1232973">
        <testcase classname="tests/manual-state.replay.test.ts" name="manual state replay persistence &gt; persists and replays addManaToPool and removeManaFromPool including restricted mana" time="0.0298166">
        </testcase>
        <testcase classname="tests/manual-state.replay.test.ts" name="manual state replay persistence &gt; persists and replays setManaPoolDoesNotEmpty and removeManaPoolDoesNotEmpty" time="0.0032593">
        </testcase>
        <testcase classname="tests/manual-state.replay.test.ts" name="manual state replay persistence &gt; persists and replays changePermanentControl" time="0.016169">
        </testcase>
        <testcase classname="tests/manual-state.replay.test.ts" name="manual state replay persistence &gt; moves prepared exile copies during live and replayed changePermanentControl" time="0.0600963">
        </testcase>
    </testsuite>
    <testsuite name="tests/may-ability-option-choice.integration.test.ts" timestamp="2026-04-23T07:32:39.933Z" hostname="A2Ryzen9" tests="5" failures="0" errors="0" skipped="0" time="0.1050261">
        <testcase classname="tests/may-ability-option-choice.integration.test.ts" name="May ability OPTION_CHOICE integration &gt; executes the registered callback when the player accepts" time="0.0338159">
        </testcase>
        <testcase classname="tests/may-ability-option-choice.integration.test.ts" name="May ability OPTION_CHOICE integration &gt; does not execute the registered callback when the player declines" time="0.0028681">
        </testcase>
        <testcase classname="tests/may-ability-option-choice.integration.test.ts" name="May ability OPTION_CHOICE integration &gt; auto-executes the callback when a saved always_yes trigger shortcut matches the source card" time="0.0120174">
        </testcase>
        <testcase classname="tests/may-ability-option-choice.integration.test.ts" name="May ability OPTION_CHOICE integration &gt; auto-declines when a saved always_no trigger shortcut matches the source card" time="0.0132353">
        </testcase>
        <testcase classname="tests/may-ability-option-choice.integration.test.ts" name="May ability OPTION_CHOICE integration &gt; auto-executes for Judge of Currents now that it is eligible as a may-trigger shortcut" time="0.0145399">
        </testcase>
    </testsuite>
    <testsuite name="tests/mdfc-face-selection.validate-before-complete.integration.test.ts" timestamp="2026-04-23T07:32:39.933Z" hostname="A2Ryzen9" tests="2" failures="0" errors="0" skipped="0" time="0.2900716">
        <testcase classname="tests/mdfc-face-selection.validate-before-complete.integration.test.ts" name="MDFC face OPTION_CHOICE validate-before-complete (integration) &gt; does not consume the step on invalid selection" time="0.0325592">
        </testcase>
        <testcase classname="tests/mdfc-face-selection.validate-before-complete.integration.test.ts" name="MDFC face OPTION_CHOICE validate-before-complete (integration) &gt; plays the selected MDFC land face entirely server-side after the queue response" time="0.1197187">
        </testcase>
    </testsuite>
    <testsuite name="tests/mentor-target.integration.test.ts" timestamp="2026-04-23T07:32:39.934Z" hostname="A2Ryzen9" tests="2" failures="0" errors="0" skipped="0" time="0.1932623">
        <testcase classname="tests/mentor-target.integration.test.ts" name="mentor target keyword choice (integration) &gt; queues a mentor target step with the valid lesser-power attacker" time="0.094404">
        </testcase>
        <testcase classname="tests/mentor-target.integration.test.ts" name="mentor target keyword choice (integration) &gt; applies the selected mentor target through submitResolutionResponse" time="0.0863602">
        </testcase>
    </testsuite>
    <testsuite name="tests/mentor.attack-trigger.integration.test.ts" timestamp="2026-04-23T07:32:39.934Z" hostname="A2Ryzen9" tests="2" failures="0" errors="0" skipped="0" time="0.5799804">
        <testcase classname="tests/mentor.attack-trigger.integration.test.ts" name="mentor attack trigger automation &gt; pushes a mentor trigger on live declare attackers and resolves through the queue" time="0.2040403">
        </testcase>
        <testcase classname="tests/mentor.attack-trigger.integration.test.ts" name="mentor attack trigger automation &gt; replays a persisted mentor trigger into a mentor target queue step" time="0.0209816">
        </testcase>
    </testsuite>
    <testsuite name="tests/metalcraft.generic-ability-routing.integration.test.ts" timestamp="2026-04-23T07:32:39.935Z" hostname="A2Ryzen9" tests="4" failures="0" errors="0" skipped="0" time="0.0476893">
        <testcase classname="tests/metalcraft.generic-ability-routing.integration.test.ts" name="metalcraft generic battlefield activation routing (integration) &gt; rejects generic activated abilities that require metalcraft before costs are paid" time="0.027345">
        </testcase>
        <testcase classname="tests/metalcraft.generic-ability-routing.integration.test.ts" name="metalcraft generic battlefield activation routing (integration) &gt; rejects ferocious abilities that only expose the condition via the ability-word prefix" time="0.0028959">
        </testcase>
        <testcase classname="tests/metalcraft.generic-ability-routing.integration.test.ts" name="metalcraft generic battlefield activation routing (integration) &gt; rejects threshold abilities before tap or sacrifice costs are paid" time="0.0019734">
        </testcase>
        <testcase classname="tests/metalcraft.generic-ability-routing.integration.test.ts" name="metalcraft generic battlefield activation routing (integration) &gt; rejects coven abilities before color choice or costs are consumed" time="0.0020826">
        </testcase>
    </testsuite>
    <testsuite name="tests/minimalGameAdapter.searchLibrary.test.ts" timestamp="2026-04-23T07:32:39.935Z" hostname="A2Ryzen9" tests="4" failures="0" errors="0" skipped="0" time="0.0052897">
        <testcase classname="tests/minimalGameAdapter.searchLibrary.test.ts" name="MinimalGameAdapter.searchLibrary &gt; should return all library cards when query is empty" time="0.0024579">
        </testcase>
        <testcase classname="tests/minimalGameAdapter.searchLibrary.test.ts" name="MinimalGameAdapter.searchLibrary &gt; should filter library cards by name query" time="0.0004174">
        </testcase>
        <testcase classname="tests/minimalGameAdapter.searchLibrary.test.ts" name="MinimalGameAdapter.searchLibrary &gt; should return empty array when player has no library" time="0.0002343">
        </testcase>
        <testcase classname="tests/minimalGameAdapter.searchLibrary.test.ts" name="MinimalGameAdapter.searchLibrary &gt; should respect the limit parameter" time="0.0004075">
        </testcase>
    </testsuite>
    <testsuite name="tests/mirrormind-crown.token-replacement.test.ts" timestamp="2026-04-23T07:32:39.936Z" hostname="A2Ryzen9" tests="2" failures="0" errors="0" skipped="0" time="0.242834">
        <testcase classname="tests/mirrormind-crown.token-replacement.test.ts" name="Mirrormind Crown (token replacement) &gt; queues a choice on first token creation, then creates copy tokens when chosen" time="0.2043952">
        </testcase>
        <testcase classname="tests/mirrormind-crown.token-replacement.test.ts" name="Mirrormind Crown (token replacement) &gt; sets X to 0 in mana cost for copied tokens" time="0.0236613">
        </testcase>
    </testsuite>
    <testsuite name="tests/modal-choice.validate-before-complete.integration.test.ts" timestamp="2026-04-23T07:32:39.937Z" hostname="A2Ryzen9" tests="2" failures="0" errors="0" skipped="0" time="0.1927809">
        <testcase classname="tests/modal-choice.validate-before-complete.integration.test.ts" name="MODAL_CHOICE validate-before-complete (integration) &gt; does not consume the step on invalid selection for put-from-hand modal" time="0.0473765">
        </testcase>
        <testcase classname="tests/modal-choice.validate-before-complete.integration.test.ts" name="MODAL_CHOICE validate-before-complete (integration) &gt; persists hand-to-battlefield moves and queued enters choices for Greymond-style cards" time="0.1246018">
        </testcase>
    </testsuite>
    <testsuite name="tests/modal-command-targeting.integration.test.ts" timestamp="2026-04-23T07:32:39.937Z" hostname="A2Ryzen9" tests="7" failures="0" errors="0" skipped="0" time="0.3592911">
        <testcase classname="tests/modal-command-targeting.integration.test.ts" name="modal command targeting (integration) &gt; queues one target step per selected Prismari Command target mode and defers payment until all are chosen" time="0.2511557">
        </testcase>
        <testcase classname="tests/modal-command-targeting.integration.test.ts" name="modal command targeting (integration) &gt; allows entwine mode selection to choose all modes and adds the entwine cost to payment" time="0.0120828">
        </testcase>
        <testcase classname="tests/modal-command-targeting.integration.test.ts" name="modal command targeting (integration) &gt; scopes Spree target prompts and payment to the selected additional costs" time="0.0178874">
        </testcase>
        <testcase classname="tests/modal-command-targeting.integration.test.ts" name="modal command targeting (integration) &gt; supports choose-one-or-more modal cards with Escalate cost on extra selected modes" time="0.0146499">
        </testcase>
        <testcase classname="tests/modal-command-targeting.integration.test.ts" name="modal command targeting (integration) &gt; adds Strive cost for each target beyond the first after multi-target selection" time="0.0109819">
        </testcase>
        <testcase classname="tests/modal-command-targeting.integration.test.ts" name="modal command targeting (integration) &gt; uses the selected Tiered branch when the highest tier removes targeting entirely" time="0.016167">
        </testcase>
        <testcase classname="tests/modal-command-targeting.integration.test.ts" name="modal command targeting (integration) &gt; uses the selected Tiered branch when the middle tier changes the target clause to any number" time="0.0053878">
        </testcase>
    </testsuite>
    <testsuite name="tests/modal-trigger.graveyard-choice.integration.test.ts" timestamp="2026-04-23T07:32:39.939Z" hostname="A2Ryzen9" tests="3" failures="0" errors="0" skipped="0" time="0.2273913">
        <testcase classname="tests/modal-trigger.graveyard-choice.integration.test.ts" name="Triggered modal choice graveyard targeting (integration) &gt; resumes choose-one graveyard-return trigger modes through MODAL_CHOICE into GRAVEYARD_SELECTION" time="0.0690818">
        </testcase>
        <testcase classname="tests/modal-trigger.graveyard-choice.integration.test.ts" name="Triggered modal choice graveyard targeting (integration) &gt; queues Abiding Grace modal choices from the end-step trigger table when oracle text is unavailable" time="0.0364317">
        </testcase>
        <testcase classname="tests/modal-trigger.graveyard-choice.integration.test.ts" name="Triggered modal choice graveyard targeting (integration) &gt; uses source-power graveyard mana thresholds when a modal trigger option references the source name" time="0.092838">
        </testcase>
    </testsuite>
    <testsuite name="tests/mode-selection.validate-before-complete.integration.test.ts" timestamp="2026-04-23T07:32:39.939Z" hostname="A2Ryzen9" tests="1" failures="0" errors="0" skipped="0" time="0.2819265">
        <testcase classname="tests/mode-selection.validate-before-complete.integration.test.ts" name="MODE_SELECTION validate-before-complete (integration) &gt; does not consume the step on invalid selection" time="0.0264712">
        </testcase>
    </testsuite>
    <testsuite name="tests/modified-refs-id.intervening-if.test.ts" timestamp="2026-04-23T07:32:39.939Z" hostname="A2Ryzen9" tests="2" failures="0" errors="0" skipped="0" time="0.0458797">
        <testcase classname="tests/modified-refs-id.intervening-if.test.ts" name="Intervening-if: modified can resolve perm by refs id &gt; returns true/false when permanent is found via refs and sourcePermanent is missing" time="0.0424224">
        </testcase>
        <testcase classname="tests/modified-refs-id.intervening-if.test.ts" name="Intervening-if: modified can resolve perm by refs id &gt; returns null when sourcePermanent is missing and refs id cannot be resolved" time="0.0007037">
        </testcase>
    </testsuite>
    <testsuite name="tests/modular-choice.integration.test.ts" timestamp="2026-04-23T07:32:39.940Z" hostname="A2Ryzen9" tests="2" failures="0" errors="0" skipped="0" time="0.1096653">
        <testcase classname="tests/modular-choice.integration.test.ts" name="modular choice keyword automation (integration) &gt; queues a modular choice step from a death trigger using the dying permanent snapshot" time="0.0540928">
        </testcase>
        <testcase classname="tests/modular-choice.integration.test.ts" name="modular choice keyword automation (integration) &gt; applies the selected modular target through submitResolutionResponse" time="0.0426429">
        </testcase>
    </testsuite>
    <testsuite name="tests/monstrous-regenerated-suspected.intervening-if.test.ts" timestamp="2026-04-23T07:32:39.940Z" hostname="A2Ryzen9" tests="7" failures="0" errors="0" skipped="0" time="0.0710416">
        <testcase classname="tests/monstrous-regenerated-suspected.intervening-if.test.ts" name="Intervening-if: this creature is monstrous / regenerated / suspected &gt; monstrous: returns null when sourcePermanent missing" time="0.0342724">
        </testcase>
        <testcase classname="tests/monstrous-regenerated-suspected.intervening-if.test.ts" name="Intervening-if: this creature is monstrous / regenerated / suspected &gt; monstrous: reads isMonstrous boolean when present" time="0.0084018">
        </testcase>
        <testcase classname="tests/monstrous-regenerated-suspected.intervening-if.test.ts" name="Intervening-if: this creature is monstrous / regenerated / suspected &gt; suspected: reads isSuspected/suspected boolean when present" time="0.0007268">
        </testcase>
        <testcase classname="tests/monstrous-regenerated-suspected.intervening-if.test.ts" name="Intervening-if: this creature is monstrous / regenerated / suspected &gt; suspected: returns null when no suspected flag exists" time="0.0003812">
        </testcase>
        <testcase classname="tests/monstrous-regenerated-suspected.intervening-if.test.ts" name="Intervening-if: this creature is monstrous / regenerated / suspected &gt; regeneratedThisTurn: can use explicit refs boolean even if sourcePermanent missing" time="0.02314">
        </testcase>
        <testcase classname="tests/monstrous-regenerated-suspected.intervening-if.test.ts" name="Intervening-if: this creature is monstrous / regenerated / suspected &gt; regeneratedThisTurn: uses sourcePermanent boolean when present" time="0.0010306">
        </testcase>
        <testcase classname="tests/monstrous-regenerated-suspected.intervening-if.test.ts" name="Intervening-if: this creature is monstrous / regenerated / suspected &gt; regeneratedThisTurn: returns null when no explicit evidence exists" time="0.0005186">
        </testcase>
    </testsuite>
    <testsuite name="tests/more-intervening-if-templates.test.ts" timestamp="2026-04-23T07:32:39.941Z" hostname="A2Ryzen9" tests="53" failures="0" errors="0" skipped="0" time="0.5284948">
        <testcase classname="tests/more-intervening-if-templates.test.ts" name="Intervening-if evaluator (more templates) &gt; supports &quot;all nonland permanents you control are white&quot; (conservative)" time="0.0685597">
        </testcase>
        <testcase classname="tests/more-intervening-if-templates.test.ts" name="Intervening-if evaluator (more templates) &gt; supports &quot;creatures you control have total toughness N or greater&quot; (conservative)" time="0.029399">
        </testcase>
        <testcase classname="tests/more-intervening-if-templates.test.ts" name="Intervening-if evaluator (more templates) &gt; supports &quot;it was blocked this turn&quot; (positive evidence only)" time="0.0008038">
        </testcase>
        <testcase classname="tests/more-intervening-if-templates.test.ts" name="Intervening-if evaluator (more templates) &gt; supports &quot;if no creatures died this turn&quot;" time="0.0009477">
        </testcase>
        <testcase classname="tests/more-intervening-if-templates.test.ts" name="Intervening-if evaluator (more templates) &gt; supports &quot;if no permanents left the battlefield this turn&quot; (conservative)" time="0.0009727">
        </testcase>
        <testcase classname="tests/more-intervening-if-templates.test.ts" name="Intervening-if evaluator (more templates) &gt; supports &quot;if it was cast from your graveyard&quot;" time="0.0008448">
        </testcase>
        <testcase classname="tests/more-intervening-if-templates.test.ts" name="Intervening-if evaluator (more templates) &gt; supports &quot;if this creature wasn&apos;t kicked&quot; (best-effort)" time="0.0006394">
        </testcase>
        <testcase classname="tests/more-intervening-if-templates.test.ts" name="Intervening-if evaluator (more templates) &gt; supports &quot;if there are no Reflection tokens on the battlefield&quot;" time="0.0071823">
        </testcase>
        <testcase classname="tests/more-intervening-if-templates.test.ts" name="Intervening-if evaluator (more templates) &gt; supports &quot;if this creature is named &lt;Name&gt;&quot;" time="0.0012728">
        </testcase>
        <testcase classname="tests/more-intervening-if-templates.test.ts" name="Intervening-if evaluator (more templates) &gt; supports &quot;if it didn&apos;t have decayed&quot; (keyword; conservative)" time="0.0075649">
        </testcase>
        <testcase classname="tests/more-intervening-if-templates.test.ts" name="Intervening-if evaluator (more templates) &gt; supports &quot;if no colored mana was spent to cast it&quot; (conservative)" time="0.0011517">
        </testcase>
        <testcase classname="tests/more-intervening-if-templates.test.ts" name="Intervening-if evaluator (more templates) &gt; supports &quot;if it was the second spell you cast this turn&quot; (conservative)" time="0.000874">
        </testcase>
        <testcase classname="tests/more-intervening-if-templates.test.ts" name="Intervening-if evaluator (more templates) &gt; supports &quot;if a player was dealt N or more combat damage this turn&quot; (best-effort)" time="0.0004126">
        </testcase>
        <testcase classname="tests/more-intervening-if-templates.test.ts" name="Intervening-if evaluator (more templates) &gt; supports &quot;if a player was dealt combat damage by a Zombie this turn&quot; (conservative)" time="0.0004242">
        </testcase>
        <testcase classname="tests/more-intervening-if-templates.test.ts" name="Intervening-if evaluator (more templates) &gt; supports &quot;if it&apos;s attacking the player with the most life or tied for most life&quot; (conservative)" time="0.0018972">
        </testcase>
        <testcase classname="tests/more-intervening-if-templates.test.ts" name="Intervening-if evaluator (more templates) &gt; supports &quot;if you control thirty or more artifacts&quot;" time="0.0006416">
        </testcase>
        <testcase classname="tests/more-intervening-if-templates.test.ts" name="Intervening-if evaluator (more templates) &gt; supports &quot;if you control the artifact with the greatest mana value or tied for the greatest mana value&quot; (conservative)" time="0.0007594">
        </testcase>
        <testcase classname="tests/more-intervening-if-templates.test.ts" name="Intervening-if evaluator (more templates) &gt; supports &quot;if you cast it and there are twenty or more creature cards with mana value 3 or less among cards in your graveyard&quot; (conservative)" time="0.0007492">
        </testcase>
        <testcase classname="tests/more-intervening-if-templates.test.ts" name="Intervening-if evaluator (more templates) &gt; supports &quot;if you cast it from your hand and there are five or more other creatures on the battlefield&quot; (Deathbringer Regent style)" time="0.0007736">
        </testcase>
        <testcase classname="tests/more-intervening-if-templates.test.ts" name="Intervening-if evaluator (more templates) &gt; supports &quot;if evidence was collected&quot; (best-effort via evidenceCollectedThisTurn)" time="0.0023685">
        </testcase>
        <testcase classname="tests/more-intervening-if-templates.test.ts" name="Intervening-if evaluator (more templates) &gt; supports &quot;if it was unearthed&quot; (best-effort via wasUnearthed)" time="0.0015938">
        </testcase>
        <testcase classname="tests/more-intervening-if-templates.test.ts" name="Intervening-if evaluator (more templates) &gt; supports &quot;if it dealt combat damage to a player this turn&quot; (best-effort via creaturesThatDealtDamageToPlayer)" time="0.0003354">
        </testcase>
        <testcase classname="tests/more-intervening-if-templates.test.ts" name="Intervening-if evaluator (more templates) &gt; supports &quot;if it/this creature was attacking or blocking alone&quot; (best-effort)" time="0.0004881">
        </testcase>
        <testcase classname="tests/more-intervening-if-templates.test.ts" name="Intervening-if evaluator (more templates) &gt; supports &quot;if a Pirate and a Vehicle attacked this combat&quot; (best-effort)" time="0.0004573">
        </testcase>
        <testcase classname="tests/more-intervening-if-templates.test.ts" name="Intervening-if evaluator (more templates) &gt; supports &quot;if Kytheon and at least two other creatures attacked this combat&quot; (best-effort)" time="0.0004004">
        </testcase>
        <testcase classname="tests/more-intervening-if-templates.test.ts" name="Intervening-if evaluator (more templates) &gt; supports &quot;if any of those creatures have power or toughness equal to the chosen number&quot; (best-effort)" time="0.0002918">
        </testcase>
        <testcase classname="tests/more-intervening-if-templates.test.ts" name="Intervening-if evaluator (more templates) &gt; supports &quot;if &lt;Name&gt; attacked this turn&quot; (best-effort, assumes name refers to source)" time="0.0004358">
        </testcase>
        <testcase classname="tests/more-intervening-if-templates.test.ts" name="Intervening-if evaluator (more templates) &gt; supports &quot;if it&apos;s renowned&quot; (alias)" time="0.0002448">
        </testcase>
        <testcase classname="tests/more-intervening-if-templates.test.ts" name="Intervening-if evaluator (more templates) &gt; supports &quot;if it&apos;s modified&quot; (alias)" time="0.0004684">
        </testcase>
        <testcase classname="tests/more-intervening-if-templates.test.ts" name="Intervening-if evaluator (more templates) &gt; supports &quot;if it&apos;s not suspected&quot; (best-effort)" time="0.0004405">
        </testcase>
        <testcase classname="tests/more-intervening-if-templates.test.ts" name="Intervening-if evaluator (more templates) &gt; supports &quot;if it&apos;s the first instant spell&quot; (conservative)" time="0.0007294">
        </testcase>
        <testcase classname="tests/more-intervening-if-templates.test.ts" name="Intervening-if evaluator (more templates) &gt; supports &quot;if you&apos;ve cast a spell with mana value N or greater this turn&quot; (conservative)" time="0.0005791">
        </testcase>
        <testcase classname="tests/more-intervening-if-templates.test.ts" name="Intervening-if evaluator (more templates) &gt; supports &quot;if you&apos;ve cast N or more instant and sorcery spells this turn&quot; (conservative)" time="0.0006382">
        </testcase>
        <testcase classname="tests/more-intervening-if-templates.test.ts" name="Intervening-if evaluator (more templates) &gt; supports &quot;if there are cards exiled with it/this enchantment&quot; (best-effort)" time="0.0003167">
        </testcase>
        <testcase classname="tests/more-intervening-if-templates.test.ts" name="Intervening-if evaluator (more templates) &gt; supports &quot;if there are N or more cards exiled with this artifact&quot; (best-effort, via zones)" time="0.00046">
        </testcase>
        <testcase classname="tests/more-intervening-if-templates.test.ts" name="Intervening-if evaluator (more templates) &gt; supports &quot;if N or more cards have been exiled with this artifact&quot; (best-effort, via zones)" time="0.0002746">
        </testcase>
        <testcase classname="tests/more-intervening-if-templates.test.ts" name="Intervening-if evaluator (more templates) &gt; supports &quot;if there are three or more cards exiled with The Mysterious Sphere&quot; (best-effort)" time="0.0004017">
        </testcase>
        <testcase classname="tests/more-intervening-if-templates.test.ts" name="Intervening-if evaluator (more templates) &gt; supports &quot;if it has the same name as one of the cards exiled with this artifact&quot; (best-effort)" time="0.0003652">
        </testcase>
        <testcase classname="tests/more-intervening-if-templates.test.ts" name="Intervening-if evaluator (more templates) &gt; supports &quot;if enchanted permanent is a creature with the greatest power among creatures on the battlefield&quot; (conservative)" time="0.0009167">
        </testcase>
        <testcase classname="tests/more-intervening-if-templates.test.ts" name="Intervening-if evaluator (more templates) &gt; supports &quot;if N or more artifacts/creatures entered the battlefield under your control this turn&quot; (best-effort)" time="0.0010867">
        </testcase>
        <testcase classname="tests/more-intervening-if-templates.test.ts" name="Intervening-if evaluator (more templates) &gt; supports power/toughness threshold templates (best-effort, conservative)" time="0.0023083">
        </testcase>
        <testcase classname="tests/more-intervening-if-templates.test.ts" name="Intervening-if evaluator (more templates) &gt; supports Guardian Project-style name uniqueness (conservative)" time="0.0008512">
        </testcase>
        <testcase classname="tests/more-intervening-if-templates.test.ts" name="Intervening-if evaluator (more templates) &gt; supports &quot;if it/he wasn&apos;t a/an &lt;subtype&gt;&quot; (best-effort)" time="0.0010811">
        </testcase>
        <testcase classname="tests/more-intervening-if-templates.test.ts" name="Intervening-if evaluator (more templates) &gt; supports &quot;if it&apos;s not a/an &lt;subtype&gt;&quot; (best-effort)" time="0.0010029">
        </testcase>
        <testcase classname="tests/more-intervening-if-templates.test.ts" name="Intervening-if evaluator (more templates) &gt; supports &quot;if its mana value was N or greater&quot; (best-effort via triggering stackItem card)" time="0.0004674">
        </testcase>
        <testcase classname="tests/more-intervening-if-templates.test.ts" name="Intervening-if evaluator (more templates) &gt; supports &quot;if it shares a creature type with Plane-Merge Elf&quot; (best-effort)" time="0.0007672">
        </testcase>
        <testcase classname="tests/more-intervening-if-templates.test.ts" name="Intervening-if evaluator (more templates) &gt; supports &quot;if N or more creatures died under your control this turn&quot; (best-effort)" time="0.0004508">
        </testcase>
        <testcase classname="tests/more-intervening-if-templates.test.ts" name="Intervening-if evaluator (more templates) &gt; supports &quot;if it&apos;s not that player&apos;s turn&quot; (refs-based)" time="0.0002965">
        </testcase>
        <testcase classname="tests/more-intervening-if-templates.test.ts" name="Intervening-if evaluator (more templates) &gt; supports &quot;if it wasn&apos;t the first land you played this turn&quot;" time="0.0005406">
        </testcase>
        <testcase classname="tests/more-intervening-if-templates.test.ts" name="Intervening-if evaluator (more templates) &gt; supports &quot;if it&apos;s not the first turn of the game&quot;" time="0.0003314">
        </testcase>
        <testcase classname="tests/more-intervening-if-templates.test.ts" name="Intervening-if evaluator (more templates) &gt; supports &quot;if it&apos;s the second creature spell you cast this turn&quot; (conservative)" time="0.0013313">
        </testcase>
        <testcase classname="tests/more-intervening-if-templates.test.ts" name="Intervening-if evaluator (more templates) &gt; supports &quot;if Sarulf has one or more +1/+1 counters on it&quot; (conservative)" time="0.0041071">
        </testcase>
        <testcase classname="tests/more-intervening-if-templates.test.ts" name="Intervening-if evaluator (more templates) &gt; supports &quot;if Katara is tapped&quot; and &quot;if Kona is tapped&quot; (conservative)" time="0.000672">
        </testcase>
    </testsuite>
    <testsuite name="tests/more-steps.validate-before-complete.integration.test.ts" timestamp="2026-04-23T07:32:39.947Z" hostname="A2Ryzen9" tests="4" failures="0" errors="0" skipped="0" time="0.0512742">
        <testcase classname="tests/more-steps.validate-before-complete.integration.test.ts" name="More validate-before-complete steps (integration) &gt; HAND_TO_BOTTOM does not consume on invalid selection, then consumes once valid" time="0.0221521">
        </testcase>
        <testcase classname="tests/more-steps.validate-before-complete.integration.test.ts" name="More validate-before-complete steps (integration) &gt; MANA_COLOR_SELECTION does not consume on invalid selection, then consumes once valid" time="0.0034007">
        </testcase>
        <testcase classname="tests/more-steps.validate-before-complete.integration.test.ts" name="More validate-before-complete steps (integration) &gt; DISCARD_SELECTION does not consume on invalid selection, then consumes once valid" time="0.0039045">
        </testcase>
        <testcase classname="tests/more-steps.validate-before-complete.integration.test.ts" name="More validate-before-complete steps (integration) &gt; GRAVEYARD_SELECTION does not consume on invalid selection, then consumes once valid" time="0.0042154">
        </testcase>
    </testsuite>
    <testsuite name="tests/morophon.request-cast.integration.test.ts" timestamp="2026-04-23T07:32:39.948Z" hostname="A2Ryzen9" tests="1" failures="0" errors="0" skipped="0" time="0.0035144">
        <testcase classname="tests/morophon.request-cast.integration.test.ts" name="Morophon WUBRG alternate cost handling &gt; reduces a WUBRG alternate cost to {0} while leaving normal generic mana intact" time="0.0018561">
        </testcase>
    </testsuite>
    <testsuite name="tests/morph-turn-face-up.validate-before-complete.integration.test.ts" timestamp="2026-04-23T07:32:39.948Z" hostname="A2Ryzen9" tests="1" failures="0" errors="0" skipped="0" time="0.0622346">
        <testcase classname="tests/morph-turn-face-up.validate-before-complete.integration.test.ts" name="MORPH_TURN_FACE_UP validate-before-complete (integration) &gt; does not consume the step when the permanent is not face-down, then consumes once valid" time="0.0397113">
        </testcase>
    </testsuite>
    <testsuite name="tests/move-hand-card-to-library-choice.integration.test.ts" timestamp="2026-04-23T07:32:39.949Z" hostname="A2Ryzen9" tests="2" failures="0" errors="0" skipped="0" time="0.0606354">
        <testcase classname="tests/move-hand-card-to-library-choice.integration.test.ts" name="move chosen hand card to library choice (integration) &gt; puts the selected hand card on top of the library" time="0.032819">
        </testcase>
        <testcase classname="tests/move-hand-card-to-library-choice.integration.test.ts" name="move chosen hand card to library choice (integration) &gt; puts the selected hand card on the bottom of the library" time="0.0029464">
        </testcase>
    </testsuite>
    <testsuite name="tests/mox-diamond-choice.replay.test.ts" timestamp="2026-04-23T07:32:39.949Z" hostname="A2Ryzen9" tests="2" failures="0" errors="0" skipped="0" time="0.0252121">
        <testcase classname="tests/mox-diamond-choice.replay.test.ts" name="moxDiamondChoice replay semantics &gt; replays the discard choice by preserving the live battlefield permanent id" time="0.0218349">
        </testcase>
        <testcase classname="tests/mox-diamond-choice.replay.test.ts" name="moxDiamondChoice replay semantics &gt; replays the decline path by moving Mox Diamond from the stack to the graveyard" time="0.0007012">
        </testcase>
    </testsuite>
    <testsuite name="tests/mulligan-completion.replay.test.ts" timestamp="2026-04-23T07:32:39.950Z" hostname="A2Ryzen9" tests="2" failures="0" errors="0" skipped="0" time="0.0281138">
        <testcase classname="tests/mulligan-completion.replay.test.ts" name="mulligan completion replay semantics &gt; replays keepHand by preserving mulligan bookkeeping" time="0.0243162">
        </testcase>
        <testcase classname="tests/mulligan-completion.replay.test.ts" name="mulligan completion replay semantics &gt; replays mulliganPutToBottom by moving cards and preserving final mulligan state" time="0.0009711">
        </testcase>
    </testsuite>
    <testsuite name="tests/mutate-target-selection.validate-before-complete.integration.test.ts" timestamp="2026-04-23T07:32:39.950Z" hostname="A2Ryzen9" tests="1" failures="0" errors="0" skipped="0" time="0.0784711">
        <testcase classname="tests/mutate-target-selection.validate-before-complete.integration.test.ts" name="MUTATE_TARGET_SELECTION validate-before-complete (integration) &gt; does not consume the step on invalid mutate target selection" time="0.0339168">
        </testcase>
    </testsuite>
    <testsuite name="tests/mutate.cast-prompt.integration.test.ts" timestamp="2026-04-23T07:32:39.950Z" hostname="A2Ryzen9" tests="2" failures="0" errors="0" skipped="0" time="0.0399363">
        <testcase classname="tests/mutate.cast-prompt.integration.test.ts" name="Mutate cast prompt persistence (integration) &gt; persists the mutate cast-mode prompt before a mode is chosen" time="0.0169951">
        </testcase>
        <testcase classname="tests/mutate.cast-prompt.integration.test.ts" name="Mutate cast prompt persistence (integration) &gt; persists the forced mutate target prompt with pending cast state" time="0.0040059">
        </testcase>
    </testsuite>
    <testsuite name="tests/mutate.merge-restore.integration.test.ts" timestamp="2026-04-23T07:32:39.951Z" hostname="A2Ryzen9" tests="3" failures="0" errors="0" skipped="0" time="0.0690516">
        <testcase classname="tests/mutate.merge-restore.integration.test.ts" name="Mutate merge restore (integration) &gt; merges a mutating creature spell into its target, persists the merge, and restores it from the explicit event" time="0.0367359">
        </testcase>
        <testcase classname="tests/mutate.merge-restore.integration.test.ts" name="Mutate merge restore (integration) &gt; queues and persists mutate triggers, and replays them only from pushTriggeredAbility" time="0.006828">
        </testcase>
        <testcase classname="tests/mutate.merge-restore.integration.test.ts" name="Mutate merge restore (integration) &gt; replays mutate from castSpell plus resolveTopOfStack event stream" time="0.0086579">
        </testcase>
    </testsuite>
    <testsuite name="tests/mutate.trigger-targeting.integration.test.ts" timestamp="2026-04-23T07:32:39.951Z" hostname="A2Ryzen9" tests="8" failures="0" errors="0" skipped="0" time="0.4128751">
        <testcase classname="tests/mutate.trigger-targeting.integration.test.ts" name="Mutate trigger targeting (integration) &gt; routes mutate graveyard-return triggers through GRAVEYARD_SELECTION" time="0.2000585">
        </testcase>
        <testcase classname="tests/mutate.trigger-targeting.integration.test.ts" name="Mutate trigger targeting (integration) &gt; routes mutate battle-card graveyard-return triggers through GRAVEYARD_SELECTION" time="0.012607">
        </testcase>
        <testcase classname="tests/mutate.trigger-targeting.integration.test.ts" name="Mutate trigger targeting (integration) &gt; filters mutate graveyard-return triggers with mana value or greater" time="0.0085909">
        </testcase>
        <testcase classname="tests/mutate.trigger-targeting.integration.test.ts" name="Mutate trigger targeting (integration) &gt; routes mutate opponent-graveyard reanimation triggers through GRAVEYARD_SELECTION" time="0.0101099">
        </testcase>
        <testcase classname="tests/mutate.trigger-targeting.integration.test.ts" name="Mutate trigger targeting (integration) &gt; routes mutate positive-subtype graveyard-return triggers through GRAVEYARD_SELECTION" time="0.0088745">
        </testcase>
        <testcase classname="tests/mutate.trigger-targeting.integration.test.ts" name="Mutate trigger targeting (integration) &gt; allows mutate destroy triggers to target planeswalkers through generic TARGET_SELECTION" time="0.0413732">
        </testcase>
        <testcase classname="tests/mutate.trigger-targeting.integration.test.ts" name="Mutate trigger targeting (integration) &gt; enforces total-power caps for mutate graveyard multi-return targeting" time="0.0083565">
        </testcase>
        <testcase classname="tests/mutate.trigger-targeting.integration.test.ts" name="Mutate trigger targeting (integration) &gt; routes mutate graveyard-cast triggers through GRAVEYARD_SELECTION and into a free cast from graveyard" time="0.0964626">
        </testcase>
    </testsuite>
    <testsuite name="tests/myriad-choice.integration.test.ts" timestamp="2026-04-23T07:32:39.953Z" hostname="A2Ryzen9" tests="6" failures="0" errors="0" skipped="0" time="0.3831026">
        <testcase classname="tests/myriad-choice.integration.test.ts" name="myriad keyword automation (integration) &gt; queues Myriad through the shared option-choice flow for other opponents" time="0.1813761">
        </testcase>
        <testcase classname="tests/myriad-choice.integration.test.ts" name="myriad keyword automation (integration) &gt; creates tapped attacking copies for the selected Myriad opponents and schedules end-of-combat exile" time="0.1227496">
        </testcase>
        <testcase classname="tests/myriad-choice.integration.test.ts" name="myriad keyword automation (integration) &gt; queues and persists self ETB triggers for copied Myriad tokens" time="0.0181199">
        </testcase>
        <testcase classname="tests/myriad-choice.integration.test.ts" name="myriad keyword automation (integration) &gt; allows declining Myriad by submitting no selections" time="0.0097096">
        </testcase>
        <testcase classname="tests/myriad-choice.integration.test.ts" name="myriad replay and AI helpers &gt; replays myriadChoice by rebuilding the selected token copies from the saved source snapshot" time="0.0006383">
        </testcase>
        <testcase classname="tests/myriad-choice.integration.test.ts" name="myriad replay and AI helpers &gt; AI selects every available opponent for Myriad option-choice prompts" time="0.0003948">
        </testcase>
    </testsuite>
    <testsuite name="tests/myriad-choice.replay.test.ts" timestamp="2026-04-23T07:32:39.954Z" hostname="A2Ryzen9" tests="1" failures="0" errors="0" skipped="0" time="0.0361407">
        <testcase classname="tests/myriad-choice.replay.test.ts" name="myriadChoice replay &gt; replays myriadChoice by rebuilding the selected token copies from the saved source snapshot" time="0.0330392">
        </testcase>
    </testsuite>
    <testsuite name="tests/named-dealt-damage-to-another-creature-this-turn.intervening-if.test.ts" timestamp="2026-04-23T07:32:39.954Z" hostname="A2Ryzen9" tests="5" failures="0" errors="0" skipped="0" time="0.0686879">
        <testcase classname="tests/named-dealt-damage-to-another-creature-this-turn.intervening-if.test.ts" name="Intervening-if: &quot;if &lt;Name&gt; dealt damage to another creature this turn&quot; (Item 31) &gt; returns true with positive-only tracker evidence" time="0.0467402">
        </testcase>
        <testcase classname="tests/named-dealt-damage-to-another-creature-this-turn.intervening-if.test.ts" name="Intervening-if: &quot;if &lt;Name&gt; dealt damage to another creature this turn&quot; (Item 31) &gt; does not infer false from an empty tracker entry (non-combat damage exists)" time="0.0138826">
        </testcase>
        <testcase classname="tests/named-dealt-damage-to-another-creature-this-turn.intervening-if.test.ts" name="Intervening-if: &quot;if &lt;Name&gt; dealt damage to another creature this turn&quot; (Item 31) &gt; falls back to explicit boolean flags when present" time="0.0025454">
        </testcase>
        <testcase classname="tests/named-dealt-damage-to-another-creature-this-turn.intervening-if.test.ts" name="Intervening-if: &quot;if &lt;Name&gt; dealt damage to another creature this turn&quot; (Item 31) &gt; returns false when no named permanent is found" time="0.0005694">
        </testcase>
        <testcase classname="tests/named-dealt-damage-to-another-creature-this-turn.intervening-if.test.ts" name="Intervening-if: &quot;if &lt;Name&gt; dealt damage to another creature this turn&quot; (Item 31) &gt; returns null when multiple permanents match the name" time="0.0004954">
        </testcase>
    </testsuite>
    <testsuite name="tests/named-entered-this-turn.intervening-if.test.ts" timestamp="2026-04-23T07:32:39.955Z" hostname="A2Ryzen9" tests="5" failures="0" errors="0" skipped="0" time="0.0725057">
        <testcase classname="tests/named-entered-this-turn.intervening-if.test.ts" name="Intervening-if: &quot;if &lt;Name&gt; entered this turn&quot; (Item 36) &gt; prefers the source permanent when its name matches (avoids ambiguity)" time="0.0467994">
        </testcase>
        <testcase classname="tests/named-entered-this-turn.intervening-if.test.ts" name="Intervening-if: &quot;if &lt;Name&gt; entered this turn&quot; (Item 36) &gt; returns false when no matching permanent exists on the battlefield" time="0.0211925">
        </testcase>
        <testcase classname="tests/named-entered-this-turn.intervening-if.test.ts" name="Intervening-if: &quot;if &lt;Name&gt; entered this turn&quot; (Item 36) &gt; returns null when multiple permanents match the name" time="0.0004986">
        </testcase>
        <testcase classname="tests/named-entered-this-turn.intervening-if.test.ts" name="Intervening-if: &quot;if &lt;Name&gt; entered this turn&quot; (Item 36) &gt; uses per-type ETB id trackers when explicit enteredThisTurn is not present" time="0.0004583">
        </testcase>
        <testcase classname="tests/named-entered-this-turn.intervening-if.test.ts" name="Intervening-if: &quot;if &lt;Name&gt; entered this turn&quot; (Item 36) &gt; returns false when the tracker exists but has no entry for the controller" time="0.0003196">
        </testcase>
    </testsuite>
    <testsuite name="tests/named-exile-with-counter.intervening-if.test.ts" timestamp="2026-04-23T07:32:39.956Z" hostname="A2Ryzen9" tests="7" failures="0" errors="0" skipped="0" time="0.069853">
        <testcase classname="tests/named-exile-with-counter.intervening-if.test.ts" name="Intervening-if: &quot;if &lt;Name&gt; is in exile with an &lt;counter&gt; counter on it&quot; (Item 40) &gt; returns null when exile is not fully tracked and no matches are found" time="0.0455937">
        </testcase>
        <testcase classname="tests/named-exile-with-counter.intervening-if.test.ts" name="Intervening-if: &quot;if &lt;Name&gt; is in exile with an &lt;counter&gt; counter on it&quot; (Item 40) &gt; returns false when exile is fully tracked and no matches are found" time="0.0149309">
        </testcase>
        <testcase classname="tests/named-exile-with-counter.intervening-if.test.ts" name="Intervening-if: &quot;if &lt;Name&gt; is in exile with an &lt;counter&gt; counter on it&quot; (Item 40) &gt; returns true when any matching exiled object has the counter" time="0.0007776">
        </testcase>
        <testcase classname="tests/named-exile-with-counter.intervening-if.test.ts" name="Intervening-if: &quot;if &lt;Name&gt; is in exile with an &lt;counter&gt; counter on it&quot; (Item 40) &gt; returns false when matching objects have counters tracked and none have the counter" time="0.000701">
        </testcase>
        <testcase classname="tests/named-exile-with-counter.intervening-if.test.ts" name="Intervening-if: &quot;if &lt;Name&gt; is in exile with an &lt;counter&gt; counter on it&quot; (Item 40) &gt; returns null when matching objects omit counters and there is no evidence counters tracking exists" time="0.0005263">
        </testcase>
        <testcase classname="tests/named-exile-with-counter.intervening-if.test.ts" name="Intervening-if: &quot;if &lt;Name&gt; is in exile with an &lt;counter&gt; counter on it&quot; (Item 40) &gt; returns false when matching objects omit counters but counters tracking exists elsewhere" time="0.0033888">
        </testcase>
        <testcase classname="tests/named-exile-with-counter.intervening-if.test.ts" name="Intervening-if: &quot;if &lt;Name&gt; is in exile with an &lt;counter&gt; counter on it&quot; (Item 40) &gt; uses refs-provided explicit exile id when provided" time="0.0008303">
        </testcase>
    </testsuite>
    <testsuite name="tests/named-permanent-has-counters.intervening-if.test.ts" timestamp="2026-04-23T07:32:39.957Z" hostname="A2Ryzen9" tests="4" failures="0" errors="0" skipped="0" time="0.0679465">
        <testcase classname="tests/named-permanent-has-counters.intervening-if.test.ts" name="intervening-if: &quot;if &lt;Name&gt; has counters on it&quot; &gt; returns null when named permanent has no counters map and there is no evidence counters tracking exists" time="0.0471826">
        </testcase>
        <testcase classname="tests/named-permanent-has-counters.intervening-if.test.ts" name="intervening-if: &quot;if &lt;Name&gt; has counters on it&quot; &gt; returns false when named permanent has no counters map but counters tracking exists elsewhere on battlefield" time="0.0171453">
        </testcase>
        <testcase classname="tests/named-permanent-has-counters.intervening-if.test.ts" name="intervening-if: &quot;if &lt;Name&gt; has counters on it&quot; &gt; returns true when named permanent explicitly has counters (even if no other counters tracking evidence exists)" time="0.00064">
        </testcase>
        <testcase classname="tests/named-permanent-has-counters.intervening-if.test.ts" name="intervening-if: &quot;if &lt;Name&gt; has counters on it&quot; &gt; returns false when named permanent explicitly has an empty counters map" time="0.0006386">
        </testcase>
    </testsuite>
    <testsuite name="tests/named-permanent-is-creature.intervening-if.test.ts" timestamp="2026-04-23T07:32:39.957Z" hostname="A2Ryzen9" tests="6" failures="0" errors="0" skipped="0" time="0.0735295">
        <testcase classname="tests/named-permanent-is-creature.intervening-if.test.ts" name="Intervening-if: &quot;if &lt;Name&gt; is a creature&quot; (Item 39) &gt; returns true/false from type_line when there is a unique battlefield match" time="0.0678855">
        </testcase>
        <testcase classname="tests/named-permanent-is-creature.intervening-if.test.ts" name="Intervening-if: &quot;if &lt;Name&gt; is a creature&quot; (Item 39) &gt; returns true/false from card.types when type_line is unavailable" time="0.0007768">
        </testcase>
        <testcase classname="tests/named-permanent-is-creature.intervening-if.test.ts" name="Intervening-if: &quot;if &lt;Name&gt; is a creature&quot; (Item 39) &gt; returns null when a unique match exists but there is no type information" time="0.000316">
        </testcase>
        <testcase classname="tests/named-permanent-is-creature.intervening-if.test.ts" name="Intervening-if: &quot;if &lt;Name&gt; is a creature&quot; (Item 39) &gt; prefers sourcePermanent when its name matches (avoids multi-copy ambiguity)" time="0.0004084">
        </testcase>
        <testcase classname="tests/named-permanent-is-creature.intervening-if.test.ts" name="Intervening-if: &quot;if &lt;Name&gt; is a creature&quot; (Item 39) &gt; returns false when no battlefield matches exist" time="0.0003057">
        </testcase>
        <testcase classname="tests/named-permanent-is-creature.intervening-if.test.ts" name="Intervening-if: &quot;if &lt;Name&gt; is a creature&quot; (Item 39) &gt; returns null when battlefield match is ambiguous and no sourcePermanent disambiguates" time="0.0003446">
        </testcase>
    </testsuite>
    <testsuite name="tests/named-zone-and-counters.intervening-if.test.ts" timestamp="2026-04-23T07:32:39.958Z" hostname="A2Ryzen9" tests="8" failures="0" errors="0" skipped="0" time="0.1417367">
        <testcase classname="tests/named-zone-and-counters.intervening-if.test.ts" name="Intervening-if: named zone / counters / battlefield-count batch &gt; handles shorthand name matching for named tapped/untapped" time="0.0977735">
        </testcase>
        <testcase classname="tests/named-zone-and-counters.intervening-if.test.ts" name="Intervening-if: named zone / counters / battlefield-count batch &gt; handles generic &quot;it&quot; keyword/counter templates conservatively" time="0.0193026">
        </testcase>
        <testcase classname="tests/named-zone-and-counters.intervening-if.test.ts" name="Intervening-if: named zone / counters / battlefield-count batch &gt; evaluates &quot;if it was historic&quot; via type line" time="0.0010292">
        </testcase>
        <testcase classname="tests/named-zone-and-counters.intervening-if.test.ts" name="Intervening-if: named zone / counters / battlefield-count batch &gt; evaluates battlefield-count templates" time="0.0021927">
        </testcase>
        <testcase classname="tests/named-zone-and-counters.intervening-if.test.ts" name="Intervening-if: named zone / counters / battlefield-count batch &gt; evaluates &quot;another creature is on the battlefield&quot; using sourcePermanent id" time="0.0008195">
        </testcase>
        <testcase classname="tests/named-zone-and-counters.intervening-if.test.ts" name="Intervening-if: named zone / counters / battlefield-count batch &gt; evaluates command-zone-only and command-zone-or-battlefield clauses for commanders (shorthand Oracle name)" time="0.0088104">
        </testcase>
        <testcase classname="tests/named-zone-and-counters.intervening-if.test.ts" name="Intervening-if: named zone / counters / battlefield-count batch &gt; evaluates named graveyard-or-battlefield and named exiled clauses" time="0.0073179">
        </testcase>
        <testcase classname="tests/named-zone-and-counters.intervening-if.test.ts" name="Intervening-if: named zone / counters / battlefield-count batch &gt; evaluates &quot;this creature has N or fewer &lt;counter&gt; counters on it&quot; (e.g. judgment counters)" time="0.0009263">
        </testcase>
    </testsuite>
    <testsuite name="tests/no-other-creatures-attacking-that-player.intervening-if.test.ts" timestamp="2026-04-23T07:32:39.960Z" hostname="A2Ryzen9" tests="4" failures="0" errors="0" skipped="0" time="0.0951104">
        <testcase classname="tests/no-other-creatures-attacking-that-player.intervening-if.test.ts" name="Intervening-if: if no other creatures are attacking that player &gt; returns true when declared-attacker tracking shows only this attacker" time="0.0564599">
        </testcase>
        <testcase classname="tests/no-other-creatures-attacking-that-player.intervening-if.test.ts" name="Intervening-if: if no other creatures are attacking that player &gt; uses declared-attacker tracking to decide true/false when multiple attackers exist" time="0.0318496">
        </testcase>
        <testcase classname="tests/no-other-creatures-attacking-that-player.intervening-if.test.ts" name="Intervening-if: if no other creatures are attacking that player &gt; returns null when declared attackers exist but their target is unknown" time="0.0015142">
        </testcase>
        <testcase classname="tests/no-other-creatures-attacking-that-player.intervening-if.test.ts" name="Intervening-if: if no other creatures are attacking that player &gt; falls back to battlefield scan when declared-attacker tracking is absent" time="0.0018371">
        </testcase>
    </testsuite>
    <testsuite name="tests/noncombat-damage-to-player.intervening-if.test.ts" timestamp="2026-04-23T07:32:39.961Z" hostname="A2Ryzen9" tests="3" failures="0" errors="0" skipped="0" time="0.1234788">
        <testcase classname="tests/noncombat-damage-to-player.intervening-if.test.ts" name="Noncombat damage-to-player triggers - intervening-if at trigger time &gt; does not queue deals-damage trigger when intervening-if (that player hand size) is false" time="0.0958035">
        </testcase>
        <testcase classname="tests/noncombat-damage-to-player.intervening-if.test.ts" name="Noncombat damage-to-player triggers - intervening-if at trigger time &gt; queues deals-damage trigger when intervening-if (that player hand size) is true" time="0.0215484">
        </testcase>
        <testcase classname="tests/noncombat-damage-to-player.intervening-if.test.ts" name="Noncombat damage-to-player triggers - intervening-if at trigger time &gt; queues trigger but fizzles at resolution when intervening-if becomes false" time="0.0015327">
        </testcase>
    </testsuite>
    <testsuite name="tests/nykthos.devotion-color-choice.integration.test.ts" timestamp="2026-04-23T07:32:39.961Z" hostname="A2Ryzen9" tests="1" failures="0" errors="0" skipped="0" time="0.1747357">
        <testcase classname="tests/nykthos.devotion-color-choice.integration.test.ts" name="Nykthos devotion color choice (integration) &gt; pays {2}, queues a color choice, and adds mana equal to devotion to the chosen color" time="0.1589541">
        </testcase>
    </testsuite>
    <testsuite name="tests/oil-counters-glistening-extractor.intervening-if.test.ts" timestamp="2026-04-23T07:32:39.961Z" hostname="A2Ryzen9" tests="5" failures="0" errors="0" skipped="0" time="0.0680605">
        <testcase classname="tests/oil-counters-glistening-extractor.intervening-if.test.ts" name="Intervening-if: oil counters on Glistening Extractor &gt; returns null when battlefield is not tracked" time="0.0436962">
        </testcase>
        <testcase classname="tests/oil-counters-glistening-extractor.intervening-if.test.ts" name="Intervening-if: oil counters on Glistening Extractor &gt; returns null when counters tracking is absent everywhere" time="0.018639">
        </testcase>
        <testcase classname="tests/oil-counters-glistening-extractor.intervening-if.test.ts" name="Intervening-if: oil counters on Glistening Extractor &gt; returns true when counters tracking exists and Extractor has oil &gt; 0" time="0.0006539">
        </testcase>
        <testcase classname="tests/oil-counters-glistening-extractor.intervening-if.test.ts" name="Intervening-if: oil counters on Glistening Extractor &gt; returns false when counters tracking exists and Extractor has oil = 0" time="0.0005382">
        </testcase>
        <testcase classname="tests/oil-counters-glistening-extractor.intervening-if.test.ts" name="Intervening-if: oil counters on Glistening Extractor &gt; returns false when counters tracking exists but Extractor omits counters object" time="0.0004363">
        </testcase>
    </testsuite>
    <testsuite name="tests/opening-hand-actions.replay.test.ts" timestamp="2026-04-23T07:32:39.962Z" hostname="A2Ryzen9" tests="1" failures="0" errors="0" skipped="0" time="0.0249537">
        <testcase classname="tests/opening-hand-actions.replay.test.ts" name="opening hand replay semantics &gt; replays Gemstone Caverns with a luck counter for a non-starting player" time="0.0223557">
        </testcase>
    </testsuite>
    <testsuite name="tests/opening-hand-actions.validate-before-complete.integration.test.ts" timestamp="2026-04-23T07:32:39.963Z" hostname="A2Ryzen9" tests="3" failures="0" errors="0" skipped="0" time="0.3814193">
        <testcase classname="tests/opening-hand-actions.validate-before-complete.integration.test.ts" name="OPENING_HAND_ACTIONS validate-before-complete (integration) &gt; does not consume the step on invalid selection" time="0.1102271">
        </testcase>
        <testcase classname="tests/opening-hand-actions.validate-before-complete.integration.test.ts" name="OPENING_HAND_ACTIONS validate-before-complete (integration) &gt; puts Gemstone Caverns onto the battlefield with a luck counter for a non-starting player" time="0.0063124">
        </testcase>
        <testcase classname="tests/opening-hand-actions.validate-before-complete.integration.test.ts" name="OPENING_HAND_ACTIONS validate-before-complete (integration) &gt; rejects Gemstone Caverns for the starting player and keeps the step active" time="0.0024606">
        </testcase>
    </testsuite>
    <testsuite name="tests/opponent-cast-blue-or-black-spell-this-turn.intervening-if.test.ts" timestamp="2026-04-23T07:32:39.963Z" hostname="A2Ryzen9" tests="4" failures="0" errors="0" skipped="0" time="0.0836368">
        <testcase classname="tests/opponent-cast-blue-or-black-spell-this-turn.intervening-if.test.ts" name="Intervening-if: &quot;if an opponent cast a blue and/or black spell this turn&quot; &gt; is true if an opponent cast a blue spell this turn" time="0.0615328">
        </testcase>
        <testcase classname="tests/opponent-cast-blue-or-black-spell-this-turn.intervening-if.test.ts" name="Intervening-if: &quot;if an opponent cast a blue and/or black spell this turn&quot; &gt; is false if only non-blue/non-black opponent spells were cast this turn" time="0.016799">
        </testcase>
        <testcase classname="tests/opponent-cast-blue-or-black-spell-this-turn.intervening-if.test.ts" name="Intervening-if: &quot;if an opponent cast a blue and/or black spell this turn&quot; &gt; is null if opponent spell colors are unknown and none are known to qualify" time="0.001729">
        </testcase>
        <testcase classname="tests/opponent-cast-blue-or-black-spell-this-turn.intervening-if.test.ts" name="Intervening-if: &quot;if an opponent cast a blue and/or black spell this turn&quot; &gt; ignores spells cast by you" time="0.0007227">
        </testcase>
    </testsuite>
    <testsuite name="tests/opponent-may-pay-choice.validate-before-complete.integration.test.ts" timestamp="2026-04-23T07:32:39.964Z" hostname="A2Ryzen9" tests="2" failures="0" errors="0" skipped="0" time="0.0725313">
        <testcase classname="tests/opponent-may-pay-choice.validate-before-complete.integration.test.ts" name="opponentMayPayChoice validate-before-complete (integration) &gt; does not consume the step on insufficient mana when selecting pay" time="0.0528862">
        </testcase>
        <testcase classname="tests/opponent-may-pay-choice.validate-before-complete.integration.test.ts" name="opponentMayPayChoice validate-before-complete (integration) &gt; queues migrated opponent-pay prompts through the shared optional-payment path" time="0.0055542">
        </testcase>
    </testsuite>
    <testsuite name="tests/opponent-may-pay.authorization.integration.test.ts" timestamp="2026-04-23T07:32:39.964Z" hostname="A2Ryzen9" tests="2" failures="0" errors="0" skipped="0" time="0.0269644">
        <testcase classname="tests/opponent-may-pay.authorization.integration.test.ts" name="opponent-may-pay authorization (integration) &gt; does not allow a non-judge to emitOpponentMayPayPrompt" time="0.0049095">
        </testcase>
        <testcase classname="tests/opponent-may-pay.authorization.integration.test.ts" name="opponent-may-pay authorization (integration) &gt; does not throw on missing payload and ignores malformed shortcut payloads" time="0.0019459">
        </testcase>
    </testsuite>
    <testsuite name="tests/opponent-may-pay.replay.test.ts" timestamp="2026-04-23T07:32:39.965Z" hostname="A2Ryzen9" tests="5" failures="0" errors="0" skipped="0" time="0.1000769">
        <testcase classname="tests/opponent-may-pay.replay.test.ts" name="opponent may pay replay semantics &gt; replays a paid choice by consuming the deciding player mana" time="0.0211875">
        </testcase>
        <testcase classname="tests/opponent-may-pay.replay.test.ts" name="opponent may pay replay semantics &gt; replays declined draw effects for the source controller" time="0.001357">
        </testcase>
        <testcase classname="tests/opponent-may-pay.replay.test.ts" name="opponent may pay replay semantics &gt; replays declined treasure effects for the source controller" time="0.0720676">
        </testcase>
        <testcase classname="tests/opponent-may-pay.replay.test.ts" name="opponent may pay replay semantics &gt; prefers persisted declined draw counts over replay heuristics" time="0.0008763">
        </testcase>
        <testcase classname="tests/opponent-may-pay.replay.test.ts" name="opponent may pay replay semantics &gt; prefers persisted declined treasure counts over replay heuristics" time="0.0016848">
        </testcase>
    </testsuite>
    <testsuite name="tests/opponent-pay.trigger-resolution.integration.test.ts" timestamp="2026-04-23T07:32:39.966Z" hostname="A2Ryzen9" tests="3" failures="0" errors="0" skipped="0" time="0.7813699">
        <testcase classname="tests/opponent-pay.trigger-resolution.integration.test.ts" name="opponent-pay trigger resolution integration &gt; queues an opponent-pay prompt from resolveTopOfStack and resolves the declined draw effect" time="0.0453454">
        </testcase>
        <testcase classname="tests/opponent-pay.trigger-resolution.integration.test.ts" name="opponent-pay trigger resolution integration &gt; pushes a Smothering Tithe trigger from drawCards and resolves the declined Treasure outcome" time="0.1458764">
        </testcase>
        <testcase classname="tests/opponent-pay.trigger-resolution.integration.test.ts" name="opponent-pay trigger resolution integration &gt; replays resolveTopOfStack without applying the effect until opponentMayPayResolve arrives" time="0.0221349">
        </testcase>
    </testsuite>
    <testsuite name="tests/opponents-control-no-creatures.intervening-if.test.ts" timestamp="2026-04-23T07:32:39.966Z" hostname="A2Ryzen9" tests="1" failures="0" errors="0" skipped="0" time="0.0646958">
        <testcase classname="tests/opponents-control-no-creatures.intervening-if.test.ts" name="Intervening-if: opponents control none &gt; evaluates &quot;if your opponents control no creatures&quot;" time="0.0621238">
        </testcase>
    </testsuite>
    <testsuite name="tests/option-choice.replay.test.ts" timestamp="2026-04-23T07:32:39.967Z" hostname="A2Ryzen9" tests="3" failures="0" errors="0" skipped="0" time="0.0267976">
        <testcase classname="tests/option-choice.replay.test.ts" name="option choice replay semantics &gt; replays hand-to-battlefield moves before queued enters choices resolve" time="0.0231915">
        </testcase>
        <testcase classname="tests/option-choice.replay.test.ts" name="option choice replay semantics &gt; replays a single chosen option from the persisted chosenOptions payload" time="0.0005751">
        </testcase>
        <testcase classname="tests/option-choice.replay.test.ts" name="option choice replay semantics &gt; replays multiple chosen options onto chosenOptions" time="0.0003532">
        </testcase>
    </testsuite>
    <testsuite name="tests/option-choice.validate-before-complete.integration.test.ts" timestamp="2026-04-23T07:32:39.967Z" hostname="A2Ryzen9" tests="1" failures="0" errors="0" skipped="0" time="0.0469894">
        <testcase classname="tests/option-choice.validate-before-complete.integration.test.ts" name="OPTION_CHOICE validate-before-complete (integration) &gt; does not consume the step on invalid selection" time="0.0344378">
        </testcase>
    </testsuite>
    <testsuite name="tests/optional-discard-then-draw-choice.integration.test.ts" timestamp="2026-04-23T07:32:39.967Z" hostname="A2Ryzen9" tests="2" failures="0" errors="0" skipped="0" time="0.1311169">
        <testcase classname="tests/optional-discard-then-draw-choice.integration.test.ts" name="optional discard then draw choice (integration) &gt; does nothing when the player declines to discard" time="0.0302704">
        </testcase>
        <testcase classname="tests/optional-discard-then-draw-choice.integration.test.ts" name="optional discard then draw choice (integration) &gt; queues a discard selection with afterDiscardDrawCount when the player chooses to discard" time="0.0238794">
        </testcase>
    </testsuite>
    <testsuite name="tests/optional-payment-prompts.integration.test.ts" timestamp="2026-04-23T07:32:39.968Z" hostname="A2Ryzen9" tests="2" failures="0" errors="0" skipped="0" time="0.0583358">
        <testcase classname="tests/optional-payment-prompts.integration.test.ts" name="shared optional payment prompts (integration) &gt; does not consume life-payment prompts on insufficient life and succeeds after retry" time="0.0338185">
        </testcase>
        <testcase classname="tests/optional-payment-prompts.integration.test.ts" name="shared optional payment prompts (integration) &gt; tracks shock-land life payments as life lost this turn when the player pays" time="0.0120365">
        </testcase>
    </testsuite>
    <testsuite name="tests/optional-triggered-ability-choice.integration.test.ts" timestamp="2026-04-23T07:32:39.968Z" hostname="A2Ryzen9" tests="5" failures="0" errors="0" skipped="0" time="0.0681522">
        <testcase classname="tests/optional-triggered-ability-choice.integration.test.ts" name="optional triggered ability integration &gt; queues an option choice and resolves the trigger only after accepting" time="0.0487083">
        </testcase>
        <testcase classname="tests/optional-triggered-ability-choice.integration.test.ts" name="optional triggered ability integration &gt; queues an option choice and skips the trigger when declined" time="0.0029743">
        </testcase>
        <testcase classname="tests/optional-triggered-ability-choice.integration.test.ts" name="optional triggered ability integration &gt; auto-resolves optional stack triggers when a saved always_yes shortcut matches" time="0.0013824">
        </testcase>
        <testcase classname="tests/optional-triggered-ability-choice.integration.test.ts" name="optional triggered ability integration &gt; auto-declines optional stack triggers when a saved always_no shortcut matches" time="0.0008619">
        </testcase>
        <testcase classname="tests/optional-triggered-ability-choice.integration.test.ts" name="optional triggered ability integration &gt; auto-resolves Curiosity-style optional stack triggers when a saved always_yes shortcut matches" time="0.0013445">
        </testcase>
    </testsuite>
    <testsuite name="tests/optional-triggered-ability-persistence.integration.test.ts" timestamp="2026-04-23T07:32:39.969Z" hostname="A2Ryzen9" tests="2" failures="0" errors="0" skipped="0" time="0.0662612">
        <testcase classname="tests/optional-triggered-ability-persistence.integration.test.ts" name="optional triggered ability persistence (integration) &gt; persists the queued optional-trigger prompt and an accept response" time="0.0521283">
        </testcase>
        <testcase classname="tests/optional-triggered-ability-persistence.integration.test.ts" name="optional triggered ability persistence (integration) &gt; persists a decline response for an optional trigger" time="0.0027562">
        </testcase>
    </testsuite>
    <testsuite name="tests/optional-triggered-ability.replay.test.ts" timestamp="2026-04-23T07:32:39.970Z" hostname="A2Ryzen9" tests="3" failures="0" errors="0" skipped="0" time="0.0604349">
        <testcase classname="tests/optional-triggered-ability.replay.test.ts" name="optional triggered ability replay semantics &gt; replays the queued optional-trigger prompt during stack resolution replay" time="0.0227653">
        </testcase>
        <testcase classname="tests/optional-triggered-ability.replay.test.ts" name="optional triggered ability replay semantics &gt; replays an accepted optional-trigger choice by resolving the deferred trigger" time="0.0239075">
        </testcase>
        <testcase classname="tests/optional-triggered-ability.replay.test.ts" name="optional triggered ability replay semantics &gt; replays a declined optional-trigger choice by clearing the queued prompt only" time="0.0072279">
        </testcase>
    </testsuite>
    <testsuite name="tests/oracle-prompt-context.test.ts" timestamp="2026-04-23T07:32:39.970Z" hostname="A2Ryzen9" tests="1" failures="0" errors="0" skipped="0" time="0.0058015">
        <testcase classname="tests/oracle-prompt-context.test.ts" name="extractModalModesFromOracleText &gt; parses single-line choose-one modal text separated by semicolon-or branches" time="0.0031247">
        </testcase>
    </testsuite>
    <testsuite name="tests/oracleIRFallback.mass-destroy.test.ts" timestamp="2026-04-23T07:32:39.971Z" hostname="A2Ryzen9" tests="12" failures="0" errors="0" skipped="0" time="0.3178948">
        <testcase classname="tests/oracleIRFallback.mass-destroy.test.ts" name="Oracle IR fallback (server) - mass battlefield actions &gt; applies &quot;Destroy all creatures&quot; for uncategorized spells" time="0.1865225">
        </testcase>
        <testcase classname="tests/oracleIRFallback.mass-destroy.test.ts" name="Oracle IR fallback (server) - mass battlefield actions &gt; applies &quot;Destroy all artifacts&quot; for uncategorized spells" time="0.0585483">
        </testcase>
        <testcase classname="tests/oracleIRFallback.mass-destroy.test.ts" name="Oracle IR fallback (server) - mass battlefield actions &gt; applies &quot;Destroy all nonland permanents&quot; for uncategorized spells" time="0.0110058">
        </testcase>
        <testcase classname="tests/oracleIRFallback.mass-destroy.test.ts" name="Oracle IR fallback (server) - mass battlefield actions &gt; applies &quot;Destroy all artifacts and enchantments&quot; for uncategorized spells" time="0.0091003">
        </testcase>
        <testcase classname="tests/oracleIRFallback.mass-destroy.test.ts" name="Oracle IR fallback (server) - mass battlefield actions &gt; applies &quot;Destroy all lands&quot; for uncategorized spells" time="0.0103746">
        </testcase>
        <testcase classname="tests/oracleIRFallback.mass-destroy.test.ts" name="Oracle IR fallback (server) - mass battlefield actions &gt; applies comma-separated destroy-all types for uncategorized spells" time="0.0047682">
        </testcase>
        <testcase classname="tests/oracleIRFallback.mass-destroy.test.ts" name="Oracle IR fallback (server) - mass battlefield actions &gt; applies &quot;Destroy all planeswalkers&quot; for uncategorized spells" time="0.003181">
        </testcase>
        <testcase classname="tests/oracleIRFallback.mass-destroy.test.ts" name="Oracle IR fallback (server) - mass battlefield actions &gt; applies &quot;Destroy all battles&quot; for uncategorized spells" time="0.0055069">
        </testcase>
        <testcase classname="tests/oracleIRFallback.mass-destroy.test.ts" name="Oracle IR fallback (server) - mass battlefield actions &gt; applies &quot;Destroy all creatures and planeswalkers&quot; for uncategorized spells" time="0.0156196">
        </testcase>
        <testcase classname="tests/oracleIRFallback.mass-destroy.test.ts" name="Oracle IR fallback (server) - mass battlefield actions &gt; applies &quot;Destroy all creatures you control&quot; for uncategorized spells" time="0.0038221">
        </testcase>
        <testcase classname="tests/oracleIRFallback.mass-destroy.test.ts" name="Oracle IR fallback (server) - mass battlefield actions &gt; applies &quot;Destroy all creatures your opponents control&quot; for uncategorized spells" time="0.0031219">
        </testcase>
        <testcase classname="tests/oracleIRFallback.mass-destroy.test.ts" name="Oracle IR fallback (server) - mass battlefield actions &gt; applies &quot;Destroy all creatures you don&apos;t control&quot; for uncategorized spells" time="0.0022244">
        </testcase>
    </testsuite>
    <testsuite name="tests/other-wall-blocking-only.intervening-if.test.ts" timestamp="2026-04-23T07:32:39.972Z" hostname="A2Ryzen9" tests="5" failures="0" errors="0" skipped="0" time="0.0888232">
        <testcase classname="tests/other-wall-blocking-only.intervening-if.test.ts" name="Intervening-if: &apos;if at least one other Wall creature is blocking that creature and no non-Wall creatures are blocking that creature&apos; (Item 83) &gt; returns true when all blockers are walls and there is at least one other wall besides the source" time="0.0569227">
        </testcase>
        <testcase classname="tests/other-wall-blocking-only.intervening-if.test.ts" name="Intervening-if: &apos;if at least one other Wall creature is blocking that creature and no non-Wall creatures are blocking that creature&apos; (Item 83) &gt; returns false when any known non-wall creature is blocking that creature" time="0.0251576">
        </testcase>
        <testcase classname="tests/other-wall-blocking-only.intervening-if.test.ts" name="Intervening-if: &apos;if at least one other Wall creature is blocking that creature and no non-Wall creatures are blocking that creature&apos; (Item 83) &gt; returns false when only the source wall is blocking (no other wall)" time="0.0010502">
        </testcase>
        <testcase classname="tests/other-wall-blocking-only.intervening-if.test.ts" name="Intervening-if: &apos;if at least one other Wall creature is blocking that creature and no non-Wall creatures are blocking that creature&apos; (Item 83) &gt; returns null when blocker identity is incomplete (unknown blockers could be non-walls)" time="0.0007891">
        </testcase>
        <testcase classname="tests/other-wall-blocking-only.intervening-if.test.ts" name="Intervening-if: &apos;if at least one other Wall creature is blocking that creature and no non-Wall creatures are blocking that creature&apos; (Item 83) &gt; can compute blockers from battlefield blockedBy when blockingCreatureIds are not provided" time="0.0005872">
        </testcase>
    </testsuite>
    <testsuite name="tests/overload-mode-selection.integration.test.ts" timestamp="2026-04-23T07:32:39.973Z" hostname="A2Ryzen9" tests="2" failures="0" errors="0" skipped="0" time="0.2318924">
        <testcase classname="tests/overload-mode-selection.integration.test.ts" name="Overload mode selection (integration) &gt; choosing normal for Vandalblast resumes into target selection instead of re-prompting overload" time="0.1765224">
        </testcase>
        <testcase classname="tests/overload-mode-selection.integration.test.ts" name="Overload mode selection (integration) &gt; requestCastSpell offers overload for Cyclonic Rift before target selection and resumes with the overload cost" time="0.0354406">
        </testcase>
    </testsuite>
    <testsuite name="tests/own-and-control-both-sides.intervening-if.test.ts" timestamp="2026-04-23T07:32:39.973Z" hostname="A2Ryzen9" tests="5" failures="0" errors="0" skipped="0" time="0.0829174">
        <testcase classname="tests/own-and-control-both-sides.intervening-if.test.ts" name="Intervening-if: &apos;if you both own and control &lt;X&gt; and a creature named &lt;Y&gt;&apos; (Item 77) &gt; returns true when both sides have an owned+controlled permanent" time="0.0540883">
        </testcase>
        <testcase classname="tests/own-and-control-both-sides.intervening-if.test.ts" name="Intervening-if: &apos;if you both own and control &lt;X&gt; and a creature named &lt;Y&gt;&apos; (Item 77) &gt; returns false when the named creature does not exist on the battlefield" time="0.0227842">
        </testcase>
        <testcase classname="tests/own-and-control-both-sides.intervening-if.test.ts" name="Intervening-if: &apos;if you both own and control &lt;X&gt; and a creature named &lt;Y&gt;&apos; (Item 77) &gt; returns null when you control a candidate but its owner metadata is unknown" time="0.0014233">
        </testcase>
        <testcase classname="tests/own-and-control-both-sides.intervening-if.test.ts" name="Intervening-if: &apos;if you both own and control &lt;X&gt; and a creature named &lt;Y&gt;&apos; (Item 77) &gt; returns false when the named creature exists but you do not control it" time="0.0010227">
        </testcase>
        <testcase classname="tests/own-and-control-both-sides.intervening-if.test.ts" name="Intervening-if: &apos;if you both own and control &lt;X&gt; and a creature named &lt;Y&gt;&apos; (Item 77) &gt; supports a named left-side permanent (not just &quot;this creature&quot;)" time="0.0006605">
        </testcase>
    </testsuite>
    <testsuite name="tests/panglacial-wurm.library-search.integration.test.ts" timestamp="2026-04-23T07:32:39.974Z" hostname="A2Ryzen9" tests="3" failures="0" errors="0" skipped="0" time="0.1193797">
        <testcase classname="tests/panglacial-wurm.library-search.integration.test.ts" name="Panglacial Wurm library-search casting (integration) &gt; surfaces Panglacial Wurm separately from ordinary search results" time="0.0060655">
        </testcase>
        <testcase classname="tests/panglacial-wurm.library-search.integration.test.ts" name="Panglacial Wurm library-search casting (integration) &gt; restores the suspended library search when Panglacial casting is cancelled" time="0.0376311">
        </testcase>
        <testcase classname="tests/panglacial-wurm.library-search.integration.test.ts" name="Panglacial Wurm library-search casting (integration) &gt; casts Panglacial Wurm from library and then restores the search prompt" time="0.0642581">
        </testcase>
    </testsuite>
    <testsuite name="tests/paradigm.integration.test.ts" timestamp="2026-04-23T07:32:39.974Z" hostname="A2Ryzen9" tests="4" failures="0" errors="0" skipped="0" time="0.1813628">
        <testcase classname="tests/paradigm.integration.test.ts" name="Paradigm integration &gt; adds a Paradigm trigger at the beginning of your precombat main phase" time="0.0235389">
        </testcase>
        <testcase classname="tests/paradigm.integration.test.ts" name="Paradigm integration &gt; does not add a Paradigm trigger during upkeep" time="0.0018691">
        </testcase>
        <testcase classname="tests/paradigm.integration.test.ts" name="Paradigm integration &gt; queues a cast-from-exile prompt for a temporary Paradigm copy and removes it on decline" time="0.053594">
        </testcase>
        <testcase classname="tests/paradigm.integration.test.ts" name="Paradigm integration &gt; casts a Paradigm copy from exile and the copy ceases after resolution" time="0.0880308">
        </testcase>
    </testsuite>
    <testsuite name="tests/parseDecklist.test.ts" timestamp="2026-04-23T07:32:39.974Z" hostname="A2Ryzen9" tests="40" failures="0" errors="0" skipped="0" time="0.0171915">
        <testcase classname="tests/parseDecklist.test.ts" name="shouldSkipDeckLine &gt; returns true for empty lines" time="0.0011906">
        </testcase>
        <testcase classname="tests/parseDecklist.test.ts" name="shouldSkipDeckLine &gt; returns true for sideboard markers" time="0.0003389">
        </testcase>
        <testcase classname="tests/parseDecklist.test.ts" name="shouldSkipDeckLine &gt; returns true for comments" time="0.0001808">
        </testcase>
        <testcase classname="tests/parseDecklist.test.ts" name="shouldSkipDeckLine &gt; returns true for section headers" time="0.0004798">
        </testcase>
        <testcase classname="tests/parseDecklist.test.ts" name="shouldSkipDeckLine &gt; returns false for valid card lines" time="0.0001971">
        </testcase>
        <testcase classname="tests/parseDecklist.test.ts" name="parseDecklist &gt; basic formats &gt; parses &quot;1 Sol Ring&quot; format" time="0.0022427">
        </testcase>
        <testcase classname="tests/parseDecklist.test.ts" name="parseDecklist &gt; basic formats &gt; parses &quot;1x Sol Ring&quot; format" time="0.0005493">
        </testcase>
        <testcase classname="tests/parseDecklist.test.ts" name="parseDecklist &gt; basic formats &gt; parses &quot;Sol Ring x1&quot; format" time="0.0003975">
        </testcase>
        <testcase classname="tests/parseDecklist.test.ts" name="parseDecklist &gt; basic formats &gt; parses card name only (no quantity)" time="0.0004188">
        </testcase>
        <testcase classname="tests/parseDecklist.test.ts" name="parseDecklist &gt; basic formats &gt; parses multiple cards" time="0.0006205">
        </testcase>
        <testcase classname="tests/parseDecklist.test.ts" name="parseDecklist &gt; Moxfield/Scryfall formats with set codes &gt; parses &quot;1 Sol Ring (C14) 276&quot; format" time="0.0002169">
        </testcase>
        <testcase classname="tests/parseDecklist.test.ts" name="parseDecklist &gt; Moxfield/Scryfall formats with set codes &gt; parses &quot;2 Arcane Signet (ELD) 331&quot; format" time="0.0002395">
        </testcase>
        <testcase classname="tests/parseDecklist.test.ts" name="parseDecklist &gt; Moxfield/Scryfall formats with set codes &gt; parses &quot;1x Sol Ring (C14) 276&quot; format" time="0.0002155">
        </testcase>
        <testcase classname="tests/parseDecklist.test.ts" name="parseDecklist &gt; Moxfield/Scryfall formats with set codes &gt; parses &quot;1 Sol Ring (C14:276)&quot; format" time="0.0003018">
        </testcase>
        <testcase classname="tests/parseDecklist.test.ts" name="parseDecklist &gt; Moxfield/Scryfall formats with set codes &gt; parses &quot;1 Sol Ring 276 (C14)&quot; format" time="0.0002874">
        </testcase>
        <testcase classname="tests/parseDecklist.test.ts" name="parseDecklist &gt; Moxfield/Scryfall formats with set codes &gt; parses card with just set code &quot;(C14)&quot;" time="0.0002148">
        </testcase>
        <testcase classname="tests/parseDecklist.test.ts" name="parseDecklist &gt; Moxfield/Scryfall formats with set codes &gt; parses collector number with letter suffix like &quot;276a&quot;" time="0.0002209">
        </testcase>
        <testcase classname="tests/parseDecklist.test.ts" name="parseDecklist &gt; edge cases &gt; handles blank lines" time="0.0001821">
        </testcase>
        <testcase classname="tests/parseDecklist.test.ts" name="parseDecklist &gt; edge cases &gt; skips sideboard marker lines (SB: prefix)" time="0.0001927">
        </testcase>
        <testcase classname="tests/parseDecklist.test.ts" name="parseDecklist &gt; edge cases &gt; skips SIDEBOARD section header" time="0.0002429">
        </testcase>
        <testcase classname="tests/parseDecklist.test.ts" name="parseDecklist &gt; edge cases &gt; skips comment lines" time="0.0001856">
        </testcase>
        <testcase classname="tests/parseDecklist.test.ts" name="parseDecklist &gt; edge cases &gt; skips section headers" time="0.0001804">
        </testcase>
        <testcase classname="tests/parseDecklist.test.ts" name="parseDecklist &gt; edge cases &gt; aggregates duplicate card entries" time="0.0002058">
        </testcase>
        <testcase classname="tests/parseDecklist.test.ts" name="parseDecklist &gt; edge cases &gt; normalizes card names with extra whitespace" time="0.0001624">
        </testcase>
        <testcase classname="tests/parseDecklist.test.ts" name="parseDecklist &gt; edge cases &gt; handles cards with numbers in name" time="0.0001572">
        </testcase>
        <testcase classname="tests/parseDecklist.test.ts" name="parseDecklist &gt; full Moxfield deck export &gt; parses a typical Moxfield export" time="0.0002955">
        </testcase>
        <testcase classname="tests/parseDecklist.test.ts" name="extractMoxfieldDeckId &gt; extracts deck ID from standard moxfield URL" time="0.0001748">
        </testcase>
        <testcase classname="tests/parseDecklist.test.ts" name="extractMoxfieldDeckId &gt; extracts deck ID from www.moxfield URL" time="0.0001336">
        </testcase>
        <testcase classname="tests/parseDecklist.test.ts" name="extractMoxfieldDeckId &gt; extracts deck ID from URL with query params" time="0.0000862">
        </testcase>
        <testcase classname="tests/parseDecklist.test.ts" name="extractMoxfieldDeckId &gt; returns null for non-moxfield URLs" time="0.0001152">
        </testcase>
        <testcase classname="tests/parseDecklist.test.ts" name="extractMoxfieldDeckId &gt; returns null for invalid input" time="0.0002794">
        </testcase>
        <testcase classname="tests/parseDecklist.test.ts" name="isMoxfieldUrl &gt; returns true for valid moxfield URLs" time="0.0002589">
        </testcase>
        <testcase classname="tests/parseDecklist.test.ts" name="isMoxfieldUrl &gt; returns false for non-moxfield URLs" time="0.0001235">
        </testcase>
        <testcase classname="tests/parseDecklist.test.ts" name="expandDecklistToIndividualCards &gt; expands cards with count &gt; 1 into separate entries" time="0.0008506">
        </testcase>
        <testcase classname="tests/parseDecklist.test.ts" name="expandDecklistToIndividualCards &gt; handles single-count cards correctly" time="0.0001558">
        </testcase>
        <testcase classname="tests/parseDecklist.test.ts" name="expandDecklistToIndividualCards &gt; handles empty input" time="0.0001347">
        </testcase>
        <testcase classname="tests/parseDecklist.test.ts" name="expandDecklistToIndividualCards &gt; handles large counts" time="0.0008965">
        </testcase>
        <testcase classname="tests/parseDecklist.test.ts" name="parsedDecklistToExpandedString &gt; converts cards to expanded string format" time="0.0001617">
        </testcase>
        <testcase classname="tests/parseDecklist.test.ts" name="parsedDecklistToExpandedString &gt; handles empty input" time="0.000115">
        </testcase>
        <testcase classname="tests/parseDecklist.test.ts" name="parsedDecklistToExpandedString &gt; handles cards with count 1" time="0.0001121">
        </testcase>
    </testsuite>
    <testsuite name="tests/pay-life-as-cost.battlefield-activation.integration.test.ts" timestamp="2026-04-23T07:32:39.979Z" hostname="A2Ryzen9" tests="1" failures="0" errors="0" skipped="0" time="0.1311126">
        <testcase classname="tests/pay-life-as-cost.battlefield-activation.integration.test.ts" name="Pay-life-as-activation-cost (integration) &gt; pays life as a cost and puts the ability on the stack" time="0.1009203">
        </testcase>
    </testsuite>
    <testsuite name="tests/pay-life-sacrifice-self-mana-color-selection.integration.test.ts" timestamp="2026-04-23T07:32:39.979Z" hostname="A2Ryzen9" tests="3" failures="0" errors="0" skipped="0" time="0.0993068">
        <testcase classname="tests/pay-life-sacrifice-self-mana-color-selection.integration.test.ts" name="Pay-life + sacrifice-self mana ability with color choice (integration) &gt; defers life until mana color selection submit and persists activation evidence" time="0.0686038">
        </testcase>
        <testcase classname="tests/pay-life-sacrifice-self-mana-color-selection.integration.test.ts" name="Pay-life + sacrifice-self mana ability with color choice (integration) &gt; does not consume the step on invalid color selection" time="0.0116696">
        </testcase>
        <testcase classname="tests/pay-life-sacrifice-self-mana-color-selection.integration.test.ts" name="Pay-life + sacrifice-self mana ability with color choice (integration) &gt; does not consume the step on insufficient life for deferred activation-cost evidence" time="0.0065117">
        </testcase>
    </testsuite>
    <testsuite name="tests/pay-mana-to-look-and-choose-card.integration.test.ts" timestamp="2026-04-23T07:32:39.980Z" hostname="A2Ryzen9" tests="1" failures="0" errors="0" skipped="0" time="0.0482303">
        <testcase classname="tests/pay-mana-to-look-and-choose-card.integration.test.ts" name="pay mana to look and choose card (integration) &gt; spends mana, looks at X cards, and moves one to hand with the rest randomized to the bottom" time="0.0352779">
        </testcase>
    </testsuite>
    <testsuite name="tests/pest-infestation.request-cast.integration.test.ts" timestamp="2026-04-23T07:32:39.980Z" hostname="A2Ryzen9" tests="1" failures="0" errors="0" skipped="0" time="0.3284878">
        <testcase classname="tests/pest-infestation.request-cast.integration.test.ts" name="Pest Infestation request-cast flow &gt; chooses X before targets and pays the expanded XX mana cost" time="0.3150167">
        </testcase>
    </testsuite>
    <testsuite name="tests/phase-triggers.intervening-if.test.ts" timestamp="2026-04-23T07:32:39.981Z" hostname="A2Ryzen9" tests="4" failures="0" errors="0" skipped="0" time="0.0590024">
        <testcase classname="tests/phase-triggers.intervening-if.test.ts" name="Intervening-if phase trigger filtering (trigger time) &gt; filters beginning-of-combat triggers when recognized intervening-if is false" time="0.0492272">
        </testcase>
        <testcase classname="tests/phase-triggers.intervening-if.test.ts" name="Intervening-if phase trigger filtering (trigger time) &gt; filters end-step triggers when recognized intervening-if is false" time="0.0029008">
        </testcase>
        <testcase classname="tests/phase-triggers.intervening-if.test.ts" name="Intervening-if phase trigger filtering (trigger time) &gt; filters end-step triggers when &apos;that player&apos; refers to the active player" time="0.0025796">
        </testcase>
        <testcase classname="tests/phase-triggers.intervening-if.test.ts" name="Intervening-if phase trigger filtering (trigger time) &gt; prevents self-referential permanents from untapping during their controller&apos;s untap step" time="0.0005306">
        </testcase>
    </testsuite>
    <testsuite name="tests/phyrexian-mana-payment-choice-as-cost.battlefield-activation.integration.test.ts" timestamp="2026-04-23T07:32:39.981Z" hostname="A2Ryzen9" tests="4" failures="0" errors="0" skipped="0" time="0.2358148">
        <testcase classname="tests/phyrexian-mana-payment-choice-as-cost.battlefield-activation.integration.test.ts" name="Phyrexian mana payment choice as activation cost (integration) &gt; enqueues MANA_PAYMENT_CHOICE, then applies tap + life on submit and persists evidence for replay" time="0.1752994">
        </testcase>
        <testcase classname="tests/phyrexian-mana-payment-choice-as-cost.battlefield-activation.integration.test.ts" name="Phyrexian mana payment choice as activation cost (integration) &gt; allows cancelling MANA_PAYMENT_CHOICE without applying costs or persisting activation evidence" time="0.0120405">
        </testcase>
        <testcase classname="tests/phyrexian-mana-payment-choice-as-cost.battlefield-activation.integration.test.ts" name="Phyrexian mana payment choice as activation cost (integration) &gt; does not consume MANA_PAYMENT_CHOICE step when chosen payment is not currently payable" time="0.0096273">
        </testcase>
        <testcase classname="tests/phyrexian-mana-payment-choice-as-cost.battlefield-activation.integration.test.ts" name="Phyrexian mana payment choice as activation cost (integration) &gt; propagates activatedAbilityText into the follow-up sacrifice step after Phyrexian payment choice" time="0.0165193">
        </testcase>
    </testsuite>
    <testsuite name="tests/planeswalked-to-unyaro-this-turn.intervening-if.test.ts" timestamp="2026-04-23T07:32:39.982Z" hostname="A2Ryzen9" tests="4" failures="0" errors="0" skipped="0" time="0.0611254">
        <testcase classname="tests/planeswalked-to-unyaro-this-turn.intervening-if.test.ts" name="Intervening-if: &quot;if you planeswalked to Unyaro this turn&quot; (Item 13) &gt; returns false when Planechase is not enabled (NYI treated as disabled)" time="0.0421327">
        </testcase>
        <testcase classname="tests/planeswalked-to-unyaro-this-turn.intervening-if.test.ts" name="Intervening-if: &quot;if you planeswalked to Unyaro this turn&quot; (Item 13) &gt; returns true when enabled and tracker includes Unyaro" time="0.0146621">
        </testcase>
        <testcase classname="tests/planeswalked-to-unyaro-this-turn.intervening-if.test.ts" name="Intervening-if: &quot;if you planeswalked to Unyaro this turn&quot; (Item 13) &gt; returns false when enabled and tracker is an empty list" time="0.0005086">
        </testcase>
        <testcase classname="tests/planeswalked-to-unyaro-this-turn.intervening-if.test.ts" name="Intervening-if: &quot;if you planeswalked to Unyaro this turn&quot; (Item 13) &gt; returns null when enabled but the tracker shape is missing" time="0.0007458">
        </testcase>
    </testsuite>
    <testsuite name="tests/play-land.broadcast-suppression.integration.test.ts" timestamp="2026-04-23T07:32:39.982Z" hostname="A2Ryzen9" tests="1" failures="0" errors="0" skipped="0" time="0.1704405">
        <testcase classname="tests/play-land.broadcast-suppression.integration.test.ts" name="play land broadcast automation suppression (integration) &gt; suppresses exactly one broadcast-driven auto-pass after a manual land play" time="0.1446567">
        </testcase>
    </testsuite>
    <testsuite name="tests/playable-cards.broadcast.integration.test.ts" timestamp="2026-04-23T07:32:39.982Z" hostname="A2Ryzen9" tests="10" failures="0" errors="0" skipped="0" time="0.0528533">
        <testcase classname="tests/playable-cards.broadcast.integration.test.ts" name="broadcastGame playable card refresh &gt; replaces stale playableCards with the current post-payment eligibility" time="0.0163812">
        </testcase>
        <testcase classname="tests/playable-cards.broadcast.integration.test.ts" name="broadcastGame playable card refresh &gt; does not highlight a hand instant when the only discard mana source would require discarding that spell" time="0.0078449">
        </testcase>
        <testcase classname="tests/playable-cards.broadcast.integration.test.ts" name="broadcastGame playable card refresh &gt; does not highlight an improvise hand instant when the only colored mana line would require discarding that spell" time="0.0094663">
        </testcase>
        <testcase classname="tests/playable-cards.broadcast.integration.test.ts" name="broadcastGame playable card refresh &gt; highlights the library zone when the top card is a playable land from the shared land surface" time="0.0012929">
        </testcase>
        <testcase classname="tests/playable-cards.broadcast.integration.test.ts" name="broadcastGame playable card refresh &gt; highlights a reduced-cost commander from the shared commander surface" time="0.0033773">
        </testcase>
        <testcase classname="tests/playable-cards.broadcast.integration.test.ts" name="broadcastGame playable card refresh &gt; does not highlight Baeloth when Homeward Path, Training Center, and Izzet Signet only make three mana total" time="0.0045616">
        </testcase>
        <testcase classname="tests/playable-cards.broadcast.integration.test.ts" name="broadcastGame playable card refresh &gt; does not highlight multi-mana hand spells after casting an any-color rock with all lands tapped" time="0.0031091">
        </testcase>
        <testcase classname="tests/playable-cards.broadcast.integration.test.ts" name="broadcastGame playable card refresh &gt; does not highlight Growing Rites as a land play when its front face is an enchantment" time="0.0011072">
        </testcase>
        <testcase classname="tests/playable-cards.broadcast.integration.test.ts" name="broadcastGame playable card refresh &gt; still highlights Growing Rites as a castable spell after land plays are exhausted" time="0.0014415">
        </testcase>
        <testcase classname="tests/playable-cards.broadcast.integration.test.ts" name="broadcastGame playable card refresh &gt; broadcasts repaired priority immediately when main-phase priority is null with no pending resolution" time="0.0015563">
        </testcase>
    </testsuite>
    <testsuite name="tests/playable-from-exile.library-search-replay.integration.test.ts" timestamp="2026-04-23T07:32:39.983Z" hostname="A2Ryzen9" tests="1" failures="0" errors="0" skipped="0" time="0.0584344">
        <testcase classname="tests/playable-from-exile.library-search-replay.integration.test.ts" name="playable-from-exile library-search replay semantics (integration) &gt; persists and replays exile-play permissions from a resolved library search" time="0.0479285">
        </testcase>
    </testsuite>
    <testsuite name="tests/playable-from-exile.lifecycle.test.ts" timestamp="2026-04-23T07:32:39.983Z" hostname="A2Ryzen9" tests="7" failures="0" errors="0" skipped="0" time="0.0477748">
        <testcase classname="tests/playable-from-exile.lifecycle.test.ts" name="playableFromExile lifecycle (server) &gt; consumes playableFromExile and strips tags when casting from exile" time="0.0198687">
        </testcase>
        <testcase classname="tests/playable-from-exile.lifecycle.test.ts" name="playableFromExile lifecycle (server) &gt; consumes legacy array-shaped playableFromExile when casting from exile" time="0.0012717">
        </testcase>
        <testcase classname="tests/playable-from-exile.lifecycle.test.ts" name="playableFromExile lifecycle (server) &gt; consumes playableFromExile and strips tags when playing land from exile" time="0.0079668">
        </testcase>
        <testcase classname="tests/playable-from-exile.lifecycle.test.ts" name="playableFromExile lifecycle (server) &gt; consumes legacy array-shaped playableFromExile when playing land from exile" time="0.0036784">
        </testcase>
        <testcase classname="tests/playable-from-exile.lifecycle.test.ts" name="playableFromExile lifecycle (server) &gt; prunes expired numeric entries on nextTurn" time="0.0100296">
        </testcase>
        <testcase classname="tests/playable-from-exile.lifecycle.test.ts" name="playableFromExile lifecycle (server) &gt; cleans up playableFromExile when a card leaves exile via linked-exile return" time="0.0007418">
        </testcase>
        <testcase classname="tests/playable-from-exile.lifecycle.test.ts" name="playableFromExile lifecycle (server) &gt; cleans up playableFromExile when a linked-exile source is bounced by the shared zone helper" time="0.0011902">
        </testcase>
    </testsuite>
    <testsuite name="tests/played-from-exile.tracking.test.ts" timestamp="2026-04-23T07:32:39.984Z" hostname="A2Ryzen9" tests="2" failures="0" errors="0" skipped="0" time="0.0438298">
        <testcase classname="tests/played-from-exile.tracking.test.ts" name="Played-from-exile tracking (this turn) &gt; marks playedCardFromExileThisTurn when casting from exile by id" time="0.020519">
        </testcase>
        <testcase classname="tests/played-from-exile.tracking.test.ts" name="Played-from-exile tracking (this turn) &gt; marks playedCardFromExileThisTurn when playing a land from exile by id" time="0.020756">
        </testcase>
    </testsuite>
    <testsuite name="tests/player-choice.validate-before-complete.integration.test.ts" timestamp="2026-04-23T07:32:39.984Z" hostname="A2Ryzen9" tests="1" failures="0" errors="0" skipped="0" time="0.0393689">
        <testcase classname="tests/player-choice.validate-before-complete.integration.test.ts" name="PLAYER_CHOICE validate-before-complete (integration) &gt; does not consume the step on invalid selection" time="0.0253298">
        </testcase>
    </testsuite>
    <testsuite name="tests/player-selection.goad-turn-order.test.ts" timestamp="2026-04-23T07:32:39.985Z" hostname="A2Ryzen9" tests="5" failures="0" errors="0" skipped="0" time="0.0491173">
        <testcase classname="tests/player-selection.goad-turn-order.test.ts" name="player selection goad turn-order semantics &gt; sets goad expiry to the choosing player&apos;s next turn in multiplayer order" time="0.0064649">
        </testcase>
        <testcase classname="tests/player-selection.goad-turn-order.test.ts" name="player selection goad turn-order semantics &gt; respects queued extra turns when setting goad expiry" time="0.0014427">
        </testcase>
        <testcase classname="tests/player-selection.goad-turn-order.test.ts" name="player selection goad turn-order semantics &gt; replays persisted control-change player selection state" time="0.0219953">
        </testcase>
        <testcase classname="tests/player-selection.goad-turn-order.test.ts" name="player selection goad turn-order semantics &gt; moves prepared exile copies during live and replayed control-change player selection" time="0.0035228">
        </testcase>
        <testcase classname="tests/player-selection.goad-turn-order.test.ts" name="player selection goad turn-order semantics &gt; replays persisted chosen-player selection state" time="0.000669">
        </testcase>
    </testsuite>
    <testsuite name="tests/players-being-attacked-poisoned.intervening-if.test.ts" timestamp="2026-04-23T07:32:39.985Z" hostname="A2Ryzen9" tests="4" failures="0" errors="0" skipped="0" time="0.0674349">
        <testcase classname="tests/players-being-attacked-poisoned.intervening-if.test.ts" name="Intervening-if: if one or more players being attacked are poisoned &gt; prefers attackedDefendingPlayersThisCombatByPlayer tracking" time="0.0612129">
        </testcase>
        <testcase classname="tests/players-being-attacked-poisoned.intervening-if.test.ts" name="Intervening-if: if one or more players being attacked are poisoned &gt; returns null when attackedDefendingPlayersThisCombatByPlayer is present but has no lists" time="0.0010371">
        </testcase>
        <testcase classname="tests/players-being-attacked-poisoned.intervening-if.test.ts" name="Intervening-if: if one or more players being attacked are poisoned &gt; fallback resolves planeswalker/battle targets to their controller" time="0.0005113">
        </testcase>
        <testcase classname="tests/players-being-attacked-poisoned.intervening-if.test.ts" name="Intervening-if: if one or more players being attacked are poisoned &gt; fallback is conservative when planeswalker/battle controller is unknown" time="0.000909">
        </testcase>
    </testsuite>
    <testsuite name="tests/plus-one-counter-placed-under-your-control-this-turn.intervening-if.test.ts" timestamp="2026-04-23T07:32:39.986Z" hostname="A2Ryzen9" tests="4" failures="0" errors="0" skipped="0" time="0.0794645">
        <testcase classname="tests/plus-one-counter-placed-under-your-control-this-turn.intervening-if.test.ts" name="Intervening-if: &quot;if a +1/+1 counter was put on a permanent under your control this turn&quot; &gt; is false before any +1/+1 counters are placed" time="0.061339">
        </testcase>
        <testcase classname="tests/plus-one-counter-placed-under-your-control-this-turn.intervening-if.test.ts" name="Intervening-if: &quot;if a +1/+1 counter was put on a permanent under your control this turn&quot; &gt; becomes true when +1/+1 counters are added to a permanent you control via updateCounters" time="0.0131747">
        </testcase>
        <testcase classname="tests/plus-one-counter-placed-under-your-control-this-turn.intervening-if.test.ts" name="Intervening-if: &quot;if a +1/+1 counter was put on a permanent under your control this turn&quot; &gt; is false when +1/+1 counters are placed, but only on an opponent-controlled permanent" time="0.0017211">
        </testcase>
        <testcase classname="tests/plus-one-counter-placed-under-your-control-this-turn.intervening-if.test.ts" name="Intervening-if: &quot;if a +1/+1 counter was put on a permanent under your control this turn&quot; &gt; is null when tracking is missing" time="0.0007229">
        </testcase>
    </testsuite>
    <testsuite name="tests/ponder-effect.validate-before-complete.integration.test.ts" timestamp="2026-04-23T07:32:39.987Z" hostname="A2Ryzen9" tests="1" failures="0" errors="0" skipped="0" time="0.0579587">
        <testcase classname="tests/ponder-effect.validate-before-complete.integration.test.ts" name="PONDER_EFFECT validate-before-complete (integration) &gt; does not consume the step on malformed ponder selection" time="0.0420573">
        </testcase>
    </testsuite>
    <testsuite name="tests/positive-only-bargain-additional-cost.intervening-if.test.ts" timestamp="2026-04-23T07:32:39.987Z" hostname="A2Ryzen9" tests="2" failures="0" errors="0" skipped="0" time="0.0707177">
        <testcase classname="tests/positive-only-bargain-additional-cost.intervening-if.test.ts" name="Intervening-if: positive-only bargain + additional cost &gt; &apos;if it was bargained&apos; is deterministic only when bargainResolved is true" time="0.0376314">
        </testcase>
        <testcase classname="tests/positive-only-bargain-additional-cost.intervening-if.test.ts" name="Intervening-if: positive-only bargain + additional cost &gt; &apos;if its additional cost was paid&apos; is positive-only" time="0.0305601">
        </testcase>
    </testsuite>
    <testsuite name="tests/postcombat-main.combat-damage.regression.integration.test.ts" timestamp="2026-04-23T07:32:39.988Z" hostname="A2Ryzen9" tests="2" failures="0" errors="0" skipped="0" time="0.1019035">
        <testcase classname="tests/postcombat-main.combat-damage.regression.integration.test.ts" name="Postcombat main combat-damage regressions &gt; queues and resolves second-main combat-damage count triggers from permanents" time="0.0964492">
        </testcase>
        <testcase classname="tests/postcombat-main.combat-damage.regression.integration.test.ts" name="Postcombat main combat-damage regressions &gt; resolves draw-per-opponent combat-damage counts from shared tracking" time="0.0022134">
        </testcase>
    </testsuite>
    <testsuite name="tests/precon-live-e2e.integration.test.ts" timestamp="2026-04-23T07:32:39.988Z" hostname="A2Ryzen9" tests="2" failures="0" errors="0" skipped="1" time="7.4238377">
        <testcase classname="tests/precon-live-e2e.integration.test.ts" name="live server precon end-to-end &gt; loads the three txt decks into the real server engine and advances multiple live turns without stalling" time="7.4081903">
            <system-out>
[precon-live] game=precon_live_e2e_server_integration rngSeed=2072573622 (default regression seed)

            </system-out>
        </testcase>
        <testcase classname="tests/precon-live-e2e.integration.test.ts" name="live server precon end-to-end &gt; finishes the three txt decks through the real server engine" time="0">
            <skipped/>
        </testcase>
    </testsuite>
    <testsuite name="tests/prepared.integration.test.ts" timestamp="2026-04-23T07:32:39.989Z" hostname="A2Ryzen9" tests="10" failures="0" errors="0" skipped="0" time="0.6100715">
        <testcase classname="tests/prepared.integration.test.ts" name="Prepared integration &gt; resolves a prepare creature on its front face and creates a prepared exile copy on entry" time="0.030094">
        </testcase>
        <testcase classname="tests/prepared.integration.test.ts" name="Prepared integration &gt; queues payment using the front face mana cost when casting a prepare card from hand" time="0.0071696">
        </testcase>
        <testcase classname="tests/prepared.integration.test.ts" name="Prepared integration &gt; unprepares the source permanent when a prepared copy is cast and the copy ceases after resolution" time="0.1325184">
        </testcase>
        <testcase classname="tests/prepared.integration.test.ts" name="Prepared integration &gt; marks Emeritus of Truce prepared when its post-token condition is satisfied" time="0.023105">
        </testcase>
        <testcase classname="tests/prepared.integration.test.ts" name="Prepared integration &gt; does not prepare when a life-gain condition is false" time="0.0100892">
        </testcase>
        <testcase classname="tests/prepared.integration.test.ts" name="Prepared integration &gt; prepares when a life-gain threshold condition is met" time="0.0014105">
        </testcase>
        <testcase classname="tests/prepared.integration.test.ts" name="Prepared integration &gt; does not prepare when a hand-size condition is false" time="0.0014228">
        </testcase>
        <testcase classname="tests/prepared.integration.test.ts" name="Prepared integration &gt; does not prepare when a land-count condition is false" time="0.0012602">
        </testcase>
        <testcase classname="tests/prepared.integration.test.ts" name="Prepared integration &gt; removes a prepared exile copy immediately when the source permanent goes to the graveyard" time="0.0036354">
        </testcase>
        <testcase classname="tests/prepared.integration.test.ts" name="Prepared integration &gt; removes a prepared exile copy immediately when the source permanent returns to hand" time="0.00117">
        </testcase>
    </testsuite>
    <testsuite name="tests/priority-timeout.trigger-shortcuts.test.ts" timestamp="2026-04-23T07:32:39.990Z" hostname="A2Ryzen9" tests="3" failures="0" errors="0" skipped="0" time="0.0374744">
        <testcase classname="tests/priority-timeout.trigger-shortcuts.test.ts" name="priority timeout trigger shortcuts &gt; does not timeout auto-pass a human player with legal responses when no trigger shortcut applies" time="0.0213116">
        </testcase>
        <testcase classname="tests/priority-timeout.trigger-shortcuts.test.ts" name="priority timeout trigger shortcuts &gt; timeout auto-passes a human player when the top trigger source is yielded" time="0.0122575">
        </testcase>
        <testcase classname="tests/priority-timeout.trigger-shortcuts.test.ts" name="priority timeout trigger shortcuts &gt; timeout auto-passes a human player when always_resolve matches the top trigger source" time="0.0015861">
        </testcase>
    </testsuite>
    <testsuite name="tests/priority.inroom.authorization.integration.test.ts" timestamp="2026-04-23T07:32:39.990Z" hostname="A2Ryzen9" tests="7" failures="0" errors="0" skipped="0" time="0.0272386">
        <testcase classname="tests/priority.inroom.authorization.integration.test.ts" name="priority handlers in-room authorization (integration) &gt; blocks clearPriorityTimer when socket is a spectator seat" time="0.0055496">
        </testcase>
        <testcase classname="tests/priority.inroom.authorization.integration.test.ts" name="priority handlers in-room authorization (integration) &gt; blocks schedulePriorityTimeout when socket is a spectator seat" time="0.0010828">
        </testcase>
        <testcase classname="tests/priority.inroom.authorization.integration.test.ts" name="priority handlers in-room authorization (integration) &gt; blocks schedulePriorityTimeout when socket is not in game room" time="0.0007596">
        </testcase>
        <testcase classname="tests/priority.inroom.authorization.integration.test.ts" name="priority handlers in-room authorization (integration) &gt; blocks clearPriorityTimer when socket is not in game room" time="0.0008917">
        </testcase>
        <testcase classname="tests/priority.inroom.authorization.integration.test.ts" name="priority handlers in-room authorization (integration) &gt; blocks schedulePriorityTimeout when player is not seated" time="0.000725">
        </testcase>
        <testcase classname="tests/priority.inroom.authorization.integration.test.ts" name="priority handlers in-room authorization (integration) &gt; blocks clearPriorityTimer when player is not seated" time="0.0007088">
        </testcase>
        <testcase classname="tests/priority.inroom.authorization.integration.test.ts" name="priority handlers in-room authorization (integration) &gt; does not crash on missing payload" time="0.0013041">
        </testcase>
    </testsuite>
    <testsuite name="tests/priority.trigger-shortcuts.test.ts" timestamp="2026-04-23T07:32:39.991Z" hostname="A2Ryzen9" tests="2" failures="0" errors="0" skipped="0" time="0.0307076">
        <testcase classname="tests/priority.trigger-shortcuts.test.ts" name="priority trigger shortcuts &gt; auto-passes a responding player with a legal instant when the top trigger source is yielded" time="0.019974">
        </testcase>
        <testcase classname="tests/priority.trigger-shortcuts.test.ts" name="priority trigger shortcuts &gt; auto-passes a responding player with a legal instant when always_resolve matches the top trigger source" time="0.0081105">
        </testcase>
    </testsuite>
    <testsuite name="tests/priority_land.test.ts" timestamp="2026-04-23T07:32:39.992Z" hostname="A2Ryzen9" tests="6" failures="0" errors="0" skipped="0" time="0.0454112">
        <testcase classname="tests/priority_land.test.ts" name="Priority after playing land &gt; should set turnPlayer and priority when first non-spectator player joins" time="0.021083">
        </testcase>
        <testcase classname="tests/priority_land.test.ts" name="Priority after playing land &gt; should retain priority after playing a land" time="0.0093808">
        </testcase>
        <testcase classname="tests/priority_land.test.ts" name="Priority after playing land &gt; should not set turnPlayer/priority for spectators" time="0.0002836">
        </testcase>
        <testcase classname="tests/priority_land.test.ts" name="Priority after playing land &gt; should give turnPlayer/priority to first non-spectator even if spectators joined first" time="0.0004226">
        </testcase>
        <testcase classname="tests/priority_land.test.ts" name="Priority with multiple players &gt; should give turnPlayer/priority to the first non-spectator player when 3 players join" time="0.0004087">
        </testcase>
        <testcase classname="tests/priority_land.test.ts" name="Priority with multiple players &gt; should allow priority to pass correctly in multiplayer after playing a land" time="0.0108462">
        </testcase>
    </testsuite>
    <testsuite name="tests/proliferate-fateseal-clash.replay.test.ts" timestamp="2026-04-23T07:32:39.993Z" hostname="A2Ryzen9" tests="3" failures="0" errors="0" skipped="0" time="0.0334578">
        <testcase classname="tests/proliferate-fateseal-clash.replay.test.ts" name="proliferate, fateseal, and clash replay semantics &gt; replays proliferate by adding one of each existing counter to permanents and players" time="0.0225914">
        </testcase>
        <testcase classname="tests/proliferate-fateseal-clash.replay.test.ts" name="proliferate, fateseal, and clash replay semantics &gt; replays fateseal by restoring the chosen top and bottom library order" time="0.0011322">
        </testcase>
        <testcase classname="tests/proliferate-fateseal-clash.replay.test.ts" name="proliferate, fateseal, and clash replay semantics &gt; replays clash by moving the revealed top card to the bottom when chosen" time="0.0068937">
        </testcase>
    </testsuite>
    <testsuite name="tests/proliferate.tracking.integration.test.ts" timestamp="2026-04-23T07:32:39.993Z" hostname="A2Ryzen9" tests="1" failures="0" errors="0" skipped="0" time="0.0655541">
        <testcase classname="tests/proliferate.tracking.integration.test.ts" name="proliferate live tracking &gt; tracks creature counter placement when proliferate resolves live" time="0.0358885">
        </testcase>
    </testsuite>
    <testsuite name="tests/proliferate.validate-before-complete.integration.test.ts" timestamp="2026-04-23T07:32:39.993Z" hostname="A2Ryzen9" tests="1" failures="0" errors="0" skipped="0" time="0.0459951">
        <testcase classname="tests/proliferate.validate-before-complete.integration.test.ts" name="PROLIFERATE validate-before-complete (integration) &gt; does not consume the step on invalid selection" time="0.0321449">
        </testcase>
    </testsuite>
    <testsuite name="tests/protean-hulk.search.integration.test.ts" timestamp="2026-04-23T07:32:39.994Z" hostname="A2Ryzen9" tests="2" failures="0" errors="0" skipped="0" time="0.1036195">
        <testcase classname="tests/protean-hulk.search.integration.test.ts" name="Protean Hulk library search support &gt; queues a library search step with a total mana value cap when Protean Hulk resolves" time="0.0389289">
        </testcase>
        <testcase classname="tests/protean-hulk.search.integration.test.ts" name="Protean Hulk library search support &gt; rejects over-budget creature selections without consuming the step" time="0.0462084">
        </testcase>
    </testsuite>
    <testsuite name="tests/rampage.block-trigger.integration.test.ts" timestamp="2026-04-23T07:32:39.994Z" hostname="A2Ryzen9" tests="2" failures="0" errors="0" skipped="0" time="0.206967">
        <testcase classname="tests/rampage.block-trigger.integration.test.ts" name="rampage block trigger automation &gt; pushes a rampage trigger and scales the bonus by extra blockers on resolution" time="0.1886547">
        </testcase>
        <testcase classname="tests/rampage.block-trigger.integration.test.ts" name="rampage block trigger automation &gt; replays a persisted rampage trigger using the blocker snapshot on the stack item" time="0.0074148">
        </testcase>
    </testsuite>
    <testsuite name="tests/randomness.inroom.authorization.integration.test.ts" timestamp="2026-04-23T07:32:39.995Z" hostname="A2Ryzen9" tests="3" failures="0" errors="0" skipped="0" time="0.022069">
        <testcase classname="tests/randomness.inroom.authorization.integration.test.ts" name="randomness in-room authorization (integration) &gt; blocks rollDie when socket is not in the game room" time="0.0045863">
        </testcase>
        <testcase classname="tests/randomness.inroom.authorization.integration.test.ts" name="randomness in-room authorization (integration) &gt; blocks rollDie when player is a spectator seat" time="0.0009629">
        </testcase>
        <testcase classname="tests/randomness.inroom.authorization.integration.test.ts" name="randomness in-room authorization (integration) &gt; does not crash on missing payload" time="0.0015488">
        </testcase>
    </testsuite>
    <testsuite name="tests/rasputin-started-untapped.intervening-if.test.ts" timestamp="2026-04-23T07:32:39.995Z" hostname="A2Ryzen9" tests="3" failures="0" errors="0" skipped="0" time="0.0877287">
        <testcase classname="tests/rasputin-started-untapped.intervening-if.test.ts" name="Intervening-if: Rasputin started the turn untapped &gt; returns null when no snapshot exists and no explicit boolean is present" time="0.0609802">
        </testcase>
        <testcase classname="tests/rasputin-started-untapped.intervening-if.test.ts" name="Intervening-if: Rasputin started the turn untapped &gt; uses nextTurn snapshot to return true/false deterministically" time="0.024111">
        </testcase>
        <testcase classname="tests/rasputin-started-untapped.intervening-if.test.ts" name="Intervening-if: Rasputin started the turn untapped &gt; returns false when snapshot exists but permanent id is missing (not on battlefield at turn begin)" time="0.0003183">
        </testcase>
    </testsuite>
    <testsuite name="tests/rebound-may-ability.integration.test.ts" timestamp="2026-04-23T07:32:39.996Z" hostname="A2Ryzen9" tests="2" failures="0" errors="0" skipped="0" time="0.0790615">
        <testcase classname="tests/rebound-may-ability.integration.test.ts" name="Rebound may ability integration &gt; uses the shared may prompt and casts the rebound spell on accept" time="0.0554389">
        </testcase>
        <testcase classname="tests/rebound-may-ability.integration.test.ts" name="Rebound may ability integration &gt; uses the shared may prompt and moves the rebound spell to graveyard on decline" time="0.0039957">
        </testcase>
    </testsuite>
    <testsuite name="tests/reconfigure.generic-ability-routing.integration.test.ts" timestamp="2026-04-23T07:32:39.996Z" hostname="A2Ryzen9" tests="1" failures="0" errors="0" skipped="0" time="0.2297132">
        <testcase classname="tests/reconfigure.generic-ability-routing.integration.test.ts" name="Reconfigure generic ability routing (integration) &gt; routes parser-emitted reconfigure attach and unattach ids through live server handling" time="0.2139732">
        </testcase>
    </testsuite>
    <testsuite name="tests/recruiter-of-guard.test.ts" timestamp="2026-04-23T07:32:39.996Z" hostname="A2Ryzen9" tests="2" failures="0" errors="0" skipped="0" time="0.004057">
        <testcase classname="tests/recruiter-of-guard.test.ts" name="Recruiter of the Guard - Library Search &gt; should show all 4 copies of Recruiter of the Guard when searching" time="0.0012019">
        </testcase>
        <testcase classname="tests/recruiter-of-guard.test.ts" name="Recruiter of the Guard - Library Search &gt; should show all 4 copies even after client-side re-filtering" time="0.0003288">
        </testcase>
    </testsuite>
    <testsuite name="tests/remaining-gates-refs-id.intervening-if.test.ts" timestamp="2026-04-23T07:32:39.997Z" hostname="A2Ryzen9" tests="6" failures="0" errors="0" skipped="0" time="0.0855119">
        <testcase classname="tests/remaining-gates-refs-id.intervening-if.test.ts" name="Intervening-if: remaining sourcePermanent gates work via refs-id &gt; &quot;if you control no other X&quot; excludes self via refs.thisPermanentId" time="0.0466854">
        </testcase>
        <testcase classname="tests/remaining-gates-refs-id.intervening-if.test.ts" name="Intervening-if: remaining sourcePermanent gates work via refs-id &gt; &quot;this creature didn&apos;t enter the battlefield this turn&quot; uses the per-turn ETB tracker via refs-id" time="0.0151136">
        </testcase>
        <testcase classname="tests/remaining-gates-refs-id.intervening-if.test.ts" name="Intervening-if: remaining sourcePermanent gates work via refs-id &gt; equipment clause resolves attached creature via refs.thisPermanentId" time="0.00122">
        </testcase>
        <testcase classname="tests/remaining-gates-refs-id.intervening-if.test.ts" name="Intervening-if: remaining sourcePermanent gates work via refs-id &gt; Liberator power comparison resolves Liberator via refs-id" time="0.0070073">
        </testcase>
        <testcase classname="tests/remaining-gates-refs-id.intervening-if.test.ts" name="Intervening-if: remaining sourcePermanent gates work via refs-id &gt; &quot;this card is exiled&quot; can be answered by scanning zones using refs.thisCardId" time="0.0055726">
        </testcase>
        <testcase classname="tests/remaining-gates-refs-id.intervening-if.test.ts" name="Intervening-if: remaining sourcePermanent gates work via refs-id &gt; &quot;Elf in graveyard and this creature has a -1/-1 counter&quot; works via refs-id creature lookup" time="0.0063305">
        </testcase>
    </testsuite>
    <testsuite name="tests/remove-counters-as-cost.battlefield-activation.integration.test.ts" timestamp="2026-04-23T07:32:39.998Z" hostname="A2Ryzen9" tests="1" failures="0" errors="0" skipped="0" time="0.1058537">
        <testcase classname="tests/remove-counters-as-cost.battlefield-activation.integration.test.ts" name="Remove-counters-as-activation-cost (source only) (integration) &gt; removes a counter from the source as a cost and puts the ability on the stack" time="0.0917786">
        </testcase>
    </testsuite>
    <testsuite name="tests/remove-counters-other-permanent-as-cost.battlefield-activation.resolution-queue.integration.test.ts" timestamp="2026-04-23T07:32:39.998Z" hostname="A2Ryzen9" tests="1" failures="0" errors="0" skipped="0" time="0.188648">
        <testcase classname="tests/remove-counters-other-permanent-as-cost.battlefield-activation.resolution-queue.integration.test.ts" name="Remove-counters-from-other-permanent as activation cost via Resolution Queue (integration) &gt; enqueues TARGET_SELECTION and resumes activation after removing counters from an artifact you control" time="0.1751024">
        </testcase>
    </testsuite>
    <testsuite name="tests/reorder-effects.replay.test.ts" timestamp="2026-04-23T07:32:39.998Z" hostname="A2Ryzen9" tests="7" failures="0" errors="0" skipped="0" time="0.0358517">
        <testcase classname="tests/reorder-effects.replay.test.ts" name="reorder effect replay semantics &gt; replays scry completion and clears stale pending state" time="0.0197519">
        </testcase>
        <testcase classname="tests/reorder-effects.replay.test.ts" name="reorder effect replay semantics &gt; replays surveil completion and clears stale pending state" time="0.0012287">
        </testcase>
        <testcase classname="tests/reorder-effects.replay.test.ts" name="reorder effect replay semantics &gt; replays surveil follow-up exile prompts after surveil completion" time="0.0094339">
        </testcase>
        <testcase classname="tests/reorder-effects.replay.test.ts" name="reorder effect replay semantics &gt; replays ponder-style completion by restoring hand and library state" time="0.0008122">
        </testcase>
        <testcase classname="tests/reorder-effects.replay.test.ts" name="reorder effect replay semantics &gt; replays bottom-order completion by restoring the final library and clearing pending prompt state" time="0.0006832">
        </testcase>
        <testcase classname="tests/reorder-effects.replay.test.ts" name="reorder effect replay semantics &gt; reconstructs bottom-order prompts from persisted library-search state" time="0.0008165">
        </testcase>
        <testcase classname="tests/reorder-effects.replay.test.ts" name="reorder effect replay semantics &gt; replays queue-first bottom-order prompts persisted separately from library search resolution" time="0.0006115">
        </testcase>
    </testsuite>
    <testsuite name="tests/replacement-effect-order.inroom.authorization.integration.test.ts" timestamp="2026-04-23T07:32:39.999Z" hostname="A2Ryzen9" tests="1" failures="0" errors="0" skipped="0" time="0.0242718">
        <testcase classname="tests/replacement-effect-order.inroom.authorization.integration.test.ts" name="replacement effect order in-room authorization (integration) &gt; blocks setReplacementEffectOrder when socket is not in the game room" time="0.0099665">
        </testcase>
    </testsuite>
    <testsuite name="tests/replay-coverage.meta.test.ts" timestamp="2026-04-23T07:32:39.999Z" hostname="A2Ryzen9" tests="2" failures="0" errors="0" skipped="0" time="0.5632026">
        <testcase classname="tests/replay-coverage.meta.test.ts" name="interactive replay coverage guard &gt; forces every persisted interaction event to be classified as guarded or exempt" time="0.010325">
        </testcase>
        <testcase classname="tests/replay-coverage.meta.test.ts" name="interactive replay coverage guard &gt; requires replay-named test coverage for every guarded interaction event" time="0.5499726">
        </testcase>
    </testsuite>
    <testsuite name="tests/replay.authorization.integration.test.ts" timestamp="2026-04-23T07:32:40.000Z" hostname="A2Ryzen9" tests="6" failures="0" errors="0" skipped="0" time="0.0275583">
        <testcase classname="tests/replay.authorization.integration.test.ts" name="replay authorization (integration) &gt; does not allow startReplay when not in the game room" time="0.0050906">
        </testcase>
        <testcase classname="tests/replay.authorization.integration.test.ts" name="replay authorization (integration) &gt; does not allow startReplay when socket.data.gameId mismatches (even if in room)" time="0.0010917">
        </testcase>
        <testcase classname="tests/replay.authorization.integration.test.ts" name="replay authorization (integration) &gt; does not allow startReplay before gameOver" time="0.0009132">
        </testcase>
        <testcase classname="tests/replay.authorization.integration.test.ts" name="replay authorization (integration) &gt; allows startReplay after gameOver for in-room participant" time="0.0014754">
        </testcase>
        <testcase classname="tests/replay.authorization.integration.test.ts" name="replay authorization (integration) &gt; does not throw when payload is missing (crash-safety)" time="0.0013309">
        </testcase>
        <testcase classname="tests/replay.authorization.integration.test.ts" name="replay authorization (integration) &gt; ignores malformed replay control payloads safely" time="0.0012403">
        </testcase>
    </testsuite>
    <testsuite name="tests/replay.comprehensive.test.ts" timestamp="2026-04-23T07:32:40.000Z" hostname="A2Ryzen9" tests="12" failures="0" errors="0" skipped="0" time="0.0997241">
        <testcase classname="tests/replay.comprehensive.test.ts" name="Enhanced Replay System &gt; Equipment events replay &gt; should correctly replay equipment attachment" time="0.0225729">
        </testcase>
        <testcase classname="tests/replay.comprehensive.test.ts" name="Enhanced Replay System &gt; Foretell events replay &gt; should correctly replay foretell action" time="0.0005555">
        </testcase>
        <testcase classname="tests/replay.comprehensive.test.ts" name="Enhanced Replay System &gt; Phase out events replay &gt; should correctly replay phase out action" time="0.006769">
        </testcase>
        <testcase classname="tests/replay.comprehensive.test.ts" name="Enhanced Replay System &gt; Concede events replay &gt; should correctly replay concede action" time="0.0005313">
        </testcase>
        <testcase classname="tests/replay.comprehensive.test.ts" name="Enhanced Replay System &gt; Full replay consistency &gt; should maintain full state consistency through replay" time="0.0023899">
        </testcase>
        <testcase classname="tests/replay.comprehensive.test.ts" name="Enhanced Replay System &gt; Full replay consistency &gt; should replay all events in sequence without errors" time="0.060638">
        </testcase>
        <testcase classname="tests/replay.comprehensive.test.ts" name="Enhanced Replay System &gt; DB event transformation &gt; should correctly transform new event types from DB format" time="0.0005491">
        </testcase>
        <testcase classname="tests/replay.comprehensive.test.ts" name="Enhanced Replay System &gt; DB event transformation &gt; should correctly transform additional cost events" time="0.0002385">
        </testcase>
        <testcase classname="tests/replay.comprehensive.test.ts" name="Enhanced Replay System &gt; Additional cost events replay &gt; should correctly replay discard additional cost" time="0.0006483">
        </testcase>
        <testcase classname="tests/replay.comprehensive.test.ts" name="Enhanced Replay System &gt; Additional cost events replay &gt; should correctly replay sacrifice additional cost" time="0.0003793">
        </testcase>
        <testcase classname="tests/replay.comprehensive.test.ts" name="Enhanced Replay System &gt; Graveyard target events replay &gt; should correctly replay graveyard to hand movement" time="0.0004571">
        </testcase>
        <testcase classname="tests/replay.comprehensive.test.ts" name="Enhanced Replay System &gt; Graveyard target events replay &gt; should correctly replay graveyard to battlefield movement" time="0.0003494">
        </testcase>
    </testsuite>
    <testsuite name="tests/replay.nextstep-persistence.integration.test.ts" timestamp="2026-04-23T07:32:40.002Z" hostname="A2Ryzen9" tests="3" failures="0" errors="0" skipped="0" time="0.5473935">
        <testcase classname="tests/replay.nextstep-persistence.integration.test.ts" name="replay nextStep persistence integration &gt; persists nextStep when broadcast auto-pass advances the step" time="0.0650047">
        </testcase>
        <testcase classname="tests/replay.nextstep-persistence.integration.test.ts" name="replay nextStep persistence integration &gt; persists exactly one cleanup nextStep and restores the next turn on replay" time="0.0104735">
        </testcase>
        <testcase classname="tests/replay.nextstep-persistence.integration.test.ts" name="replay nextStep persistence integration &gt; reverts temporary prepared control changes during cleanup timeout and replay" time="0.0690482">
        </testcase>
    </testsuite>
    <testsuite name="tests/replay.nextStep.turn-advance.test.ts" timestamp="2026-04-23T07:32:40.003Z" hostname="A2Ryzen9" tests="2" failures="0" errors="0" skipped="0" time="0.0544098">
        <testcase classname="tests/replay.nextStep.turn-advance.test.ts" name="replay(nextStep) turn advancement determinism &gt; advances the turn during replay when nextStep reaches cleanup and no nextTurn event follows" time="0.0506805">
        </testcase>
        <testcase classname="tests/replay.nextStep.turn-advance.test.ts" name="replay(nextStep) turn advancement determinism &gt; does not double-advance when an explicit nextTurn event follows nextStep during replay" time="0.0012377">
        </testcase>
    </testsuite>
    <testsuite name="tests/request-cast.additional-cost-prompt-persistence.integration.test.ts" timestamp="2026-04-23T07:32:40.003Z" hostname="A2Ryzen9" tests="6" failures="0" errors="0" skipped="0" time="0.1261506">
        <testcase classname="tests/request-cast.additional-cost-prompt-persistence.integration.test.ts" name="requestCastSpell additional-cost prompt persistence (integration) &gt; persists queued mana payment prompts for no-target spells" time="0.0252472">
        </testcase>
        <testcase classname="tests/request-cast.additional-cost-prompt-persistence.integration.test.ts" name="requestCastSpell additional-cost prompt persistence (integration) &gt; persists queued blight-or-pay prompts for no-target spells" time="0.0128562">
        </testcase>
        <testcase classname="tests/request-cast.additional-cost-prompt-persistence.integration.test.ts" name="requestCastSpell additional-cost prompt persistence (integration) &gt; persists ordered blight choice and spell target prompts for targeted spells" time="0.0096992">
        </testcase>
        <testcase classname="tests/request-cast.additional-cost-prompt-persistence.integration.test.ts" name="requestCastSpell additional-cost prompt persistence (integration) &gt; persists the follow-up payment prompt after choosing pay-mana for a no-target blight spell" time="0.051476">
        </testcase>
        <testcase classname="tests/request-cast.additional-cost-prompt-persistence.integration.test.ts" name="requestCastSpell additional-cost prompt persistence (integration) &gt; persists ordered blight target-selection and spell target prompts for targeted spells" time="0.0045182">
        </testcase>
        <testcase classname="tests/request-cast.additional-cost-prompt-persistence.integration.test.ts" name="requestCastSpell additional-cost prompt persistence (integration) &gt; persists the follow-up blight target step after choosing blight for a targeted spell" time="0.0074168">
        </testcase>
    </testsuite>
    <testsuite name="tests/reset.identity.test.ts" timestamp="2026-04-23T07:32:40.004Z" hostname="A2Ryzen9" tests="1" failures="0" errors="0" skipped="0" time="0.030595">
        <testcase classname="tests/reset.identity.test.ts" name="Reset clears in-place without breaking references &gt; keeps state maps identity and reflects future updates" time="0.0276843">
        </testcase>
    </testsuite>
    <testsuite name="tests/resolution-step.ordering.validate-before-complete.integration.test.ts" timestamp="2026-04-23T07:32:40.005Z" hostname="A2Ryzen9" tests="3" failures="0" errors="0" skipped="0" time="0.0572624">
        <testcase classname="tests/resolution-step.ordering.validate-before-complete.integration.test.ts" name="Resolution step ordering (integration) &gt; does not allow completing a later pending step for the same player" time="0.0357423">
        </testcase>
        <testcase classname="tests/resolution-step.ordering.validate-before-complete.integration.test.ts" name="Resolution step ordering (integration) &gt; does not allow cancelling a later pending step for the same player" time="0.0027269">
        </testcase>
        <testcase classname="tests/resolution-step.ordering.validate-before-complete.integration.test.ts" name="Resolution step ordering (integration) &gt; does not allow completing a stale step after a higher-priority step is inserted ahead of it" time="0.0022251">
        </testcase>
    </testsuite>
    <testsuite name="tests/resolution-timeout.recovery.integration.test.ts" timestamp="2026-04-23T07:32:40.005Z" hostname="A2Ryzen9" tests="2" failures="0" errors="0" skipped="0" time="0.3554391">
        <testcase classname="tests/resolution-timeout.recovery.integration.test.ts" name="resolution timeout recovery &gt; times out a stuck resolution step, logs it as broken, and restores priority" time="0.0376201">
        </testcase>
        <testcase classname="tests/resolution-timeout.recovery.integration.test.ts" name="resolution timeout recovery &gt; replays timeout recovery by cancelling the recorded step and restoring priority" time="0.0018437">
        </testcase>
    </testsuite>
    <testsuite name="tests/resolution.distinct-targets.test.ts" timestamp="2026-04-23T07:32:40.006Z" hostname="A2Ryzen9" tests="11" failures="0" errors="0" skipped="0" time="0.0812064">
        <testcase classname="tests/resolution.distinct-targets.test.ts" name="Resolution TARGET_SELECTION distinct-target enforcement &gt; rejects selecting the same id across sequential TARGET_SELECTION steps for the same sourceId" time="0.0329278">
        </testcase>
        <testcase classname="tests/resolution.distinct-targets.test.ts" name="Resolution TARGET_SELECTION distinct-target enforcement &gt; does not infer cross-step distinctness from &quot;another&quot; when target wording is absent" time="0.002681">
        </testcase>
        <testcase classname="tests/resolution.distinct-targets.test.ts" name="Resolution TARGET_SELECTION distinct-target enforcement &gt; infers cross-step distinctness from &quot;other target&quot; without an explicit flag" time="0.0028159">
        </testcase>
        <testcase classname="tests/resolution.distinct-targets.test.ts" name="Resolution TARGET_SELECTION distinct-target enforcement &gt; infers cross-step distinctness from &quot;second target&quot; without an explicit flag" time="0.0030033">
        </testcase>
        <testcase classname="tests/resolution.distinct-targets.test.ts" name="Resolution TARGET_SELECTION distinct-target enforcement &gt; infers cross-step distinctness from &quot;new target&quot; without an explicit flag" time="0.0025145">
        </testcase>
        <testcase classname="tests/resolution.distinct-targets.test.ts" name="Resolution TARGET_SELECTION distinct-target enforcement &gt; infers cross-step distinctness from plural &quot;other targets&quot; without an explicit flag" time="0.0024694">
        </testcase>
        <testcase classname="tests/resolution.distinct-targets.test.ts" name="Resolution TARGET_SELECTION distinct-target enforcement &gt; infers cross-step distinctness from &quot;different creature target&quot; without an explicit flag" time="0.0022129">
        </testcase>
        <testcase classname="tests/resolution.distinct-targets.test.ts" name="Resolution TARGET_SELECTION distinct-target enforcement &gt; infers cross-step distinctness from &quot;another permanent target&quot; without an explicit flag" time="0.0062999">
        </testcase>
        <testcase classname="tests/resolution.distinct-targets.test.ts" name="Resolution TARGET_SELECTION distinct-target enforcement &gt; infers cross-step distinctness from &quot;target ... other than that target&quot; without an explicit flag" time="0.0055379">
        </testcase>
        <testcase classname="tests/resolution.distinct-targets.test.ts" name="Resolution TARGET_SELECTION distinct-target enforcement &gt; infers cross-step distinctness from &quot;other than the chosen target&quot; without an explicit flag" time="0.0024623">
        </testcase>
        <testcase classname="tests/resolution.distinct-targets.test.ts" name="Resolution TARGET_SELECTION distinct-target enforcement &gt; rejects duplicate selection within a single multi-target TARGET_SELECTION step" time="0.0033046">
        </testcase>
    </testsuite>
    <testsuite name="tests/resolve-pending-effect-prompt.integration.test.ts" timestamp="2026-04-23T07:32:40.007Z" hostname="A2Ryzen9" tests="6" failures="0" errors="0" skipped="0" time="0.0660138">
        <testcase classname="tests/resolve-pending-effect-prompt.integration.test.ts" name="pending-effect prompt persistence (integration) &gt; persists cascade prompts with the consumed library snapshot when processPendingCascades queues the resolution step" time="0.0092189">
        </testcase>
        <testcase classname="tests/resolve-pending-effect-prompt.integration.test.ts" name="pending-effect prompt persistence (integration) &gt; persists Ponder-style prompts when processPendingPonder queues the resolution step" time="0.0021281">
        </testcase>
        <testcase classname="tests/resolve-pending-effect-prompt.integration.test.ts" name="pending-effect prompt persistence (integration) &gt; persists proliferate prompts when processPendingProliferate queues the resolution step" time="0.0017083">
        </testcase>
        <testcase classname="tests/resolve-pending-effect-prompt.integration.test.ts" name="pending-effect prompt persistence (integration) &gt; persists Lim-Dul&apos;s Vault prompts when processPendingLimDulsVault queues the resolution step" time="0.0017728">
        </testcase>
        <testcase classname="tests/resolve-pending-effect-prompt.integration.test.ts" name="pending-effect prompt persistence (integration) &gt; persists the initial Dance with Calamity prompt when processPendingDanceWithCalamity queues it" time="0.0018141">
        </testcase>
        <testcase classname="tests/resolve-pending-effect-prompt.integration.test.ts" name="pending-effect prompt persistence (integration) &gt; persists queued follow-up cast-from-exile prompts created from option responses" time="0.0366123">
        </testcase>
    </testsuite>
    <testsuite name="tests/resolve-pending-effect-prompt.replay.test.ts" timestamp="2026-04-23T07:32:40.008Z" hostname="A2Ryzen9" tests="7" failures="0" errors="0" skipped="0" time="0.0379129">
        <testcase classname="tests/resolve-pending-effect-prompt.replay.test.ts" name="pending-effect prompt replay semantics &gt; replays queued cascade prompts together with the consumed library snapshot" time="0.0261841">
        </testcase>
        <testcase classname="tests/resolve-pending-effect-prompt.replay.test.ts" name="pending-effect prompt replay semantics &gt; replays queued Ponder-style prompts" time="0.0007464">
        </testcase>
        <testcase classname="tests/resolve-pending-effect-prompt.replay.test.ts" name="pending-effect prompt replay semantics &gt; replays queued proliferate prompts" time="0.0005628">
        </testcase>
        <testcase classname="tests/resolve-pending-effect-prompt.replay.test.ts" name="pending-effect prompt replay semantics &gt; replays queued Lim-Dul&apos;s Vault prompts" time="0.0067248">
        </testcase>
        <testcase classname="tests/resolve-pending-effect-prompt.replay.test.ts" name="pending-effect prompt replay semantics &gt; replays queued initial Dance with Calamity prompts" time="0.0004487">
        </testcase>
        <testcase classname="tests/resolve-pending-effect-prompt.replay.test.ts" name="pending-effect prompt replay semantics &gt; replays queued follow-up cast-from-exile prompts created from option responses" time="0.0004308">
        </testcase>
        <testcase classname="tests/resolve-pending-effect-prompt.replay.test.ts" name="pending-effect prompt replay semantics &gt; replays queued sacrifice-for-benefit target prompts created from option responses" time="0.0004691">
        </testcase>
    </testsuite>
    <testsuite name="tests/resolve-spell-prompt.integration.test.ts" timestamp="2026-04-23T07:32:40.009Z" hostname="A2Ryzen9" tests="5" failures="0" errors="0" skipped="0" time="0.2854422">
        <testcase classname="tests/resolve-spell-prompt.integration.test.ts" name="resolveSpell prompt persistence (integration) &gt; queues Ponder-style prompts directly during spell resolution without pending staging state" time="0.0339311">
        </testcase>
        <testcase classname="tests/resolve-spell-prompt.integration.test.ts" name="resolveSpell prompt persistence (integration) &gt; persists scry prompts created during spell resolution" time="0.1439998">
        </testcase>
        <testcase classname="tests/resolve-spell-prompt.integration.test.ts" name="resolveSpell prompt persistence (integration) &gt; persists surveil prompts created during spell resolution" time="0.0522738">
        </testcase>
        <testcase classname="tests/resolve-spell-prompt.integration.test.ts" name="resolveSpell prompt persistence (integration) &gt; persists APNAP blight prompts created during spell resolution" time="0.0355845">
        </testcase>
        <testcase classname="tests/resolve-spell-prompt.integration.test.ts" name="resolveSpell prompt persistence (integration) &gt; persists Genesis Wave library-search prompts created during spell resolution" time="0.0066745">
        </testcase>
    </testsuite>
    <testsuite name="tests/resolve-spell-prompt.replay.test.ts" timestamp="2026-04-23T07:32:40.010Z" hostname="A2Ryzen9" tests="5" failures="0" errors="0" skipped="0" time="0.0493636">
        <testcase classname="tests/resolve-spell-prompt.replay.test.ts" name="resolveSpell prompt replay semantics &gt; replays queued Ponder-style prompts created during spell resolution" time="0.0258106">
        </testcase>
        <testcase classname="tests/resolve-spell-prompt.replay.test.ts" name="resolveSpell prompt replay semantics &gt; replays queued scry prompts created during spell resolution" time="0.0010027">
        </testcase>
        <testcase classname="tests/resolve-spell-prompt.replay.test.ts" name="resolveSpell prompt replay semantics &gt; replays queued surveil prompts created during spell resolution" time="0.0008237">
        </testcase>
        <testcase classname="tests/resolve-spell-prompt.replay.test.ts" name="resolveSpell prompt replay semantics &gt; replays queued APNAP blight prompt batches created during spell resolution" time="0.0070934">
        </testcase>
        <testcase classname="tests/resolve-spell-prompt.replay.test.ts" name="resolveSpell prompt replay semantics &gt; replays Genesis Wave library-search prompts created during spell resolution" time="0.0008473">
        </testcase>
    </testsuite>
    <testsuite name="tests/resolve-top-of-stack-prompt.integration.test.ts" timestamp="2026-04-23T07:32:40.011Z" hostname="A2Ryzen9" tests="4" failures="0" errors="0" skipped="0" time="0.0489042">
        <testcase classname="tests/resolve-top-of-stack-prompt.integration.test.ts" name="resolveTopOfStack prompt persistence (integration) &gt; persists targeted triggered abilities that resolve into a target-selection prompt" time="0.0171854">
        </testcase>
        <testcase classname="tests/resolve-top-of-stack-prompt.integration.test.ts" name="resolveTopOfStack prompt persistence (integration) &gt; persists Merrow-style stack resolution prompts before the tap-or-untap follow-up choice" time="0.0026016">
        </testcase>
        <testcase classname="tests/resolve-top-of-stack-prompt.integration.test.ts" name="resolveTopOfStack prompt persistence (integration) &gt; persists bounce-land prompts created during stack resolution" time="0.0016619">
        </testcase>
        <testcase classname="tests/resolve-top-of-stack-prompt.integration.test.ts" name="resolveTopOfStack prompt persistence (integration) &gt; persists spell color-choice prompts created during stack resolution" time="0.0156878">
        </testcase>
    </testsuite>
    <testsuite name="tests/resolve-top-of-stack-prompt.replay.test.ts" timestamp="2026-04-23T07:32:40.012Z" hostname="A2Ryzen9" tests="4" failures="0" errors="0" skipped="0" time="0.03035">
        <testcase classname="tests/resolve-top-of-stack-prompt.replay.test.ts" name="resolveTopOfStack prompt replay semantics &gt; replays queued target-selection prompts created during stack resolution" time="0.0196109">
        </testcase>
        <testcase classname="tests/resolve-top-of-stack-prompt.replay.test.ts" name="resolveTopOfStack prompt replay semantics &gt; replays queued player-choice prompts created during stack resolution" time="0.0007612">
        </testcase>
        <testcase classname="tests/resolve-top-of-stack-prompt.replay.test.ts" name="resolveTopOfStack prompt replay semantics &gt; replays queued bounce-land prompts created during stack resolution" time="0.0005684">
        </testcase>
        <testcase classname="tests/resolve-top-of-stack-prompt.replay.test.ts" name="resolveTopOfStack prompt replay semantics &gt; replays queued spell color-choice prompts created during stack resolution" time="0.0069525">
        </testcase>
    </testsuite>
    <testsuite name="tests/restart-game.authorization.integration.test.ts" timestamp="2026-04-23T07:32:40.012Z" hostname="A2Ryzen9" tests="7" failures="0" errors="0" skipped="0" time="0.0428159">
        <testcase classname="tests/restart-game.authorization.integration.test.ts" name="restartGame authorization (integration) &gt; does not allow the creator to restart when socket.data.gameId mismatches (even if in room)" time="0.0102862">
        </testcase>
        <testcase classname="tests/restart-game.authorization.integration.test.ts" name="restartGame authorization (integration) &gt; does not allow a non-creator to restart (does not wipe resolution queue)" time="0.0018578">
        </testcase>
        <testcase classname="tests/restart-game.authorization.integration.test.ts" name="restartGame authorization (integration) &gt; allows the creator to restart" time="0.0065823">
        </testcase>
        <testcase classname="tests/restart-game.authorization.integration.test.ts" name="restartGame authorization (integration) &gt; fully clears gameplay state while preserving the player roster on restart" time="0.0038864">
        </testcase>
        <testcase classname="tests/restart-game.authorization.integration.test.ts" name="restartGame authorization (integration) &gt; clears stale cleanup discard prompts on restart" time="0.0017795">
        </testcase>
        <testcase classname="tests/restart-game.authorization.integration.test.ts" name="restartGame authorization (integration) &gt; does not allow the creator to restart when not in the game room" time="0.0008124">
        </testcase>
        <testcase classname="tests/restart-game.authorization.integration.test.ts" name="restartGame authorization (integration) &gt; does not allow the creator to restartGameClear when not in the game room" time="0.0006752">
        </testcase>
    </testsuite>
    <testsuite name="tests/restart.replay.test.ts" timestamp="2026-04-23T07:32:40.013Z" hostname="A2Ryzen9" tests="10" failures="0" errors="0" skipped="0" time="0.0878625">
        <testcase classname="tests/restart.replay.test.ts" name="Server restart replay &gt; should produce identical library order after server restart and replay" time="0.0210794">
        </testcase>
        <testcase classname="tests/restart.replay.test.ts" name="Server restart replay &gt; should preserve library order when only import+shuffle events are replayed (no draw)" time="0.0007704">
        </testcase>
        <testcase classname="tests/restart.replay.test.ts" name="Server restart replay &gt; verifies that the rngSeed event is correctly transformed from DB format" time="0.0001956">
        </testcase>
        <testcase classname="tests/restart.replay.test.ts" name="Server restart replay &gt; should correctly replay mulligan events after server restart" time="0.0110864">
        </testcase>
        <testcase classname="tests/restart.replay.test.ts" name="Server restart replay &gt; should replay setCommander + opening draw flow correctly" time="0.0017635">
        </testcase>
        <testcase classname="tests/restart.replay.test.ts" name="Server restart replay &gt; should handle backward compatibility: old games without explicit shuffle/draw events" time="0.0011009">
        </testcase>
        <testcase classname="tests/restart.replay.test.ts" name="Server restart replay &gt; should correctly replay playLand events and preserve lands on battlefield" time="0.0135935">
        </testcase>
        <testcase classname="tests/restart.replay.test.ts" name="Server restart replay &gt; should replay AI land plays from persisted card snapshots" time="0.0014966">
        </testcase>
        <testcase classname="tests/restart.replay.test.ts" name="Server restart replay &gt; should replay AI shock land outcomes using persisted land state" time="0.0044532">
        </testcase>
        <testcase classname="tests/restart.replay.test.ts" name="Server restart replay &gt; should replay a resolved commander cast onto the battlefield after restart" time="0.0295449">
        </testcase>
    </testsuite>
    <testsuite name="tests/return-controlled-permanent-choice.integration.test.ts" timestamp="2026-04-23T07:32:40.014Z" hostname="A2Ryzen9" tests="1" failures="0" errors="0" skipped="0" time="0.0590417">
        <testcase classname="tests/return-controlled-permanent-choice.integration.test.ts" name="return controlled permanent choice (integration) &gt; uses generic return-controlled-permanent payload fields to move the chosen permanent to hand" time="0.0341736">
        </testcase>
    </testsuite>
    <testsuite name="tests/return-from-graveyard.simple-replay.integration.test.ts" timestamp="2026-04-23T07:32:40.015Z" hostname="A2Ryzen9" tests="5" failures="0" errors="0" skipped="0" time="0.1338779">
        <testcase classname="tests/return-from-graveyard.simple-replay.integration.test.ts" name="simple return-from-graveyard replay semantics (integration) &gt; live return-from-graveyard moves a card from graveyard to hand for the simple path" time="0.0210868">
        </testcase>
        <testcase classname="tests/return-from-graveyard.simple-replay.integration.test.ts" name="simple return-from-graveyard replay semantics (integration) &gt; queues and persists self ETB triggers when the simple return path puts the card onto the battlefield" time="0.0665247">
        </testcase>
        <testcase classname="tests/return-from-graveyard.simple-replay.integration.test.ts" name="simple return-from-graveyard replay semantics (integration) &gt; respects sorcery-speed timing on generic return-from-graveyard abilities when the oracle text requires it" time="0.0010264">
        </testcase>
        <testcase classname="tests/return-from-graveyard.simple-replay.integration.test.ts" name="simple return-from-graveyard replay semantics (integration) &gt; replays return-from-graveyard to battlefield for the simple destination path" time="0.0273712">
        </testcase>
        <testcase classname="tests/return-from-graveyard.simple-replay.integration.test.ts" name="simple return-from-graveyard replay semantics (integration) &gt; falls back to deterministic ids for legacy return-from-graveyard battlefield events" time="0.0024139">
        </testcase>
    </testsuite>
    <testsuite name="tests/return-to-hand-as-cost.battlefield-activation.resolution-queue.integration.test.ts" timestamp="2026-04-23T07:32:40.015Z" hostname="A2Ryzen9" tests="2" failures="0" errors="0" skipped="0" time="0.2017716">
        <testcase classname="tests/return-to-hand-as-cost.battlefield-activation.resolution-queue.integration.test.ts" name="Return-to-hand-as-activation-cost via Resolution Queue (integration) &gt; supports &apos;Pay 2 life, Return a creature you control...&apos; (life deferred until selection submit)" time="0.1777373">
        </testcase>
        <testcase classname="tests/return-to-hand-as-cost.battlefield-activation.resolution-queue.integration.test.ts" name="Return-to-hand-as-activation-cost via Resolution Queue (integration) &gt; supports &apos;Return another creature you control...&apos; wording" time="0.0100565">
        </testcase>
    </testsuite>
    <testsuite name="tests/rng.replay.test.ts" timestamp="2026-04-23T07:32:40.016Z" hostname="A2Ryzen9" tests="3" failures="0" errors="0" skipped="0" time="0.0341725">
        <testcase classname="tests/rng.replay.test.ts" name="RNG determinism and replay &gt; replays the same shuffle/draw sequence with the same seed and events" time="0.0216155">
        </testcase>
        <testcase classname="tests/rng.replay.test.ts" name="RNG determinism and replay &gt; double-shuffle leads to a different order than single-shuffle (with same seed)" time="0.0095876">
        </testcase>
        <testcase classname="tests/rng.replay.test.ts" name="RNG determinism and replay &gt; later shuffle is deterministic given prior history (seed + prior draws)" time="0.0006015">
        </testcase>
    </testsuite>
    <testsuite name="tests/rules-bridge.choice-required.integration.test.ts" timestamp="2026-04-23T07:32:40.016Z" hostname="A2Ryzen9" tests="9" failures="0" errors="0" skipped="0" time="0.5228683">
        <testcase classname="tests/rules-bridge.choice-required.integration.test.ts" name="RulesBridge choice-required integration &gt; enqueues resolution queue steps for unresolved triggered ability choices" time="0.2135969">
        </testcase>
        <testcase classname="tests/rules-bridge.choice-required.integration.test.ts" name="RulesBridge choice-required integration &gt; executes the grouped trigger on the authoritative game state after all queue responses resolve" time="0.0493113">
        </testcase>
        <testcase classname="tests/rules-bridge.choice-required.integration.test.ts" name="RulesBridge choice-required integration &gt; clears the grouped queue and leaves state unchanged when the MAY choice is declined" time="0.0091877">
        </testcase>
        <testcase classname="tests/rules-bridge.choice-required.integration.test.ts" name="RulesBridge choice-required integration &gt; clears the grouped queue and leaves state unchanged when the MAY choice is cancelled" time="0.0116716">
        </testcase>
        <testcase classname="tests/rules-bridge.choice-required.integration.test.ts" name="RulesBridge choice-required integration &gt; executes grouped target-opponent trigger choices on the authoritative game state" time="0.0177722">
        </testcase>
        <testcase classname="tests/rules-bridge.choice-required.integration.test.ts" name="RulesBridge choice-required integration &gt; executes grouped target-player trigger choices on the authoritative game state" time="0.0138075">
        </testcase>
        <testcase classname="tests/rules-bridge.choice-required.integration.test.ts" name="RulesBridge choice-required integration &gt; executes grouped choose_mode trigger choices on the authoritative game state" time="0.1140717">
        </testcase>
        <testcase classname="tests/rules-bridge.choice-required.integration.test.ts" name="RulesBridge choice-required integration &gt; creates unresolved Merrow choice steps from a real Summon the School cast" time="0.0301715">
        </testcase>
        <testcase classname="tests/rules-bridge.choice-required.integration.test.ts" name="RulesBridge choice-required integration &gt; applies stacked token doublers during a real Summon the School cast" time="0.0337467">
        </testcase>
    </testsuite>
    <testsuite name="tests/rules-bridge.event-forwarding.test.ts" timestamp="2026-04-23T07:32:40.017Z" hostname="A2Ryzen9" tests="2" failures="0" errors="0" skipped="0" time="0.0180637">
        <testcase classname="tests/rules-bridge.event-forwarding.test.ts" name="RulesBridge event forwarding &gt; forwards only same-game rules events" time="0.0139045">
        </testcase>
        <testcase classname="tests/rules-bridge.event-forwarding.test.ts" name="RulesBridge event forwarding &gt; removes all shared rules-engine listeners on dispose" time="0.0008232">
        </testcase>
    </testsuite>
    <testsuite name="tests/rules-bridge.phase-triggers.integration.test.ts" timestamp="2026-04-23T07:32:40.017Z" hostname="A2Ryzen9" tests="8" failures="0" errors="0" skipped="0" time="0.444899">
        <testcase classname="tests/rules-bridge.phase-triggers.integration.test.ts" name="RulesBridge phase-trigger integration &gt; uses refreshed priority state when reinitialized before validating land plays" time="0.0043337">
        </testcase>
        <testcase classname="tests/rules-bridge.phase-triggers.integration.test.ts" name="RulesBridge phase-trigger integration &gt; enqueues beginning-of-combat triggered choices after advanceGame enters BEGIN_COMBAT" time="0.2857956">
        </testcase>
        <testcase classname="tests/rules-bridge.phase-triggers.integration.test.ts" name="RulesBridge phase-trigger integration &gt; resolves Helm of the Host beginning-of-combat trigger through advanceGame" time="0.0974864">
        </testcase>
        <testcase classname="tests/rules-bridge.phase-triggers.integration.test.ts" name="RulesBridge phase-trigger integration &gt; queues and resolves each-combat triggers for all controllers through advanceGame" time="0.0130839">
        </testcase>
        <testcase classname="tests/rules-bridge.phase-triggers.integration.test.ts" name="RulesBridge phase-trigger integration &gt; queues and resolves your-upkeep triggers through advanceGame" time="0.0098139">
        </testcase>
        <testcase classname="tests/rules-bridge.phase-triggers.integration.test.ts" name="RulesBridge phase-trigger integration &gt; queues and resolves your-end-step triggers through advanceGame" time="0.0062969">
        </testcase>
        <testcase classname="tests/rules-bridge.phase-triggers.integration.test.ts" name="RulesBridge phase-trigger integration &gt; queues and resolves each-upkeep triggers for all controllers through advanceGame" time="0.0144505">
        </testcase>
        <testcase classname="tests/rules-bridge.phase-triggers.integration.test.ts" name="RulesBridge phase-trigger integration &gt; queues and resolves each-end-step triggers for all controllers through advanceGame" time="0.0074783">
        </testcase>
    </testsuite>
    <testsuite name="tests/sacrifice-another-permanent-for-benefit.integration.test.ts" timestamp="2026-04-23T07:32:40.018Z" hostname="A2Ryzen9" tests="1" failures="0" errors="0" skipped="0" time="0.0820505">
        <testcase classname="tests/sacrifice-another-permanent-for-benefit.integration.test.ts" name="sacrifice another permanent for benefit (integration) &gt; lets the controller sacrifice another permanent to gain life and draw cards" time="0.0526752">
        </testcase>
    </testsuite>
    <testsuite name="tests/sacrifice-as-cost.pay-life.battlefield-activation.resolution-queue.integration.test.ts" timestamp="2026-04-23T07:32:40.018Z" hostname="A2Ryzen9" tests="1" failures="0" errors="0" skipped="0" time="0.2145061">
        <testcase classname="tests/sacrifice-as-cost.pay-life.battlefield-activation.resolution-queue.integration.test.ts" name="Pay-life + sacrifice as activation cost via Resolution Queue (integration) &gt; enqueues TARGET_SELECTION with lifeToPayForCost and defers life until selection submit" time="0.1997758">
        </testcase>
    </testsuite>
    <testsuite name="tests/sacrifice-permanent.integration.test.ts" timestamp="2026-04-23T07:32:40.019Z" hostname="A2Ryzen9" tests="2" failures="0" errors="0" skipped="0" time="0.0577009">
        <testcase classname="tests/sacrifice-permanent.integration.test.ts" name="sacrificePermanent live tracking (integration) &gt; tracks sacrificed Clues in live play and token Clues cease to exist" time="0.036809">
        </testcase>
        <testcase classname="tests/sacrifice-permanent.integration.test.ts" name="sacrificePermanent live tracking (integration) &gt; tracks sacrificed Foods in live play and non-token Foods go to the graveyard" time="0.0024203">
        </testcase>
    </testsuite>
    <testsuite name="tests/sacrifice-selection.replay.test.ts" timestamp="2026-04-23T07:32:40.019Z" hostname="A2Ryzen9" tests="2" failures="0" errors="0" skipped="0" time="0.0275896">
        <testcase classname="tests/sacrifice-selection.replay.test.ts" name="sacrificeSelectionResolve replay &gt; replays the sacrificed permanents and clears the queued target-selection step" time="0.0239641">
        </testcase>
        <testcase classname="tests/sacrifice-selection.replay.test.ts" name="sacrificeSelectionResolve replay &gt; replays sacrificed token permanents by preserving their graveyard snapshot" time="0.0008334">
        </testcase>
    </testsuite>
    <testsuite name="tests/sacrifice-self-as-cost.battlefield-activation.integration.test.ts" timestamp="2026-04-23T07:32:40.020Z" hostname="A2Ryzen9" tests="1" failures="0" errors="0" skipped="0" time="0.0723479">
        <testcase classname="tests/sacrifice-self-as-cost.battlefield-activation.integration.test.ts" name="Sacrifice self as activation cost (integration) &gt; sacrifices the source immediately and puts the ability on the stack" time="0.0487706">
        </testcase>
    </testsuite>
    <testsuite name="tests/sacrifice-unless-pay-choice.validation.integration.test.ts" timestamp="2026-04-23T07:32:40.020Z" hostname="A2Ryzen9" tests="10" failures="0" errors="0" skipped="0" time="0.2873356">
        <testcase classname="tests/sacrifice-unless-pay-choice.validation.integration.test.ts" name="sacrificeUnlessPayChoice validate-before-complete (integration) &gt; does not consume the step or sacrifice on insufficient mana" time="0.1402611">
        </testcase>
        <testcase classname="tests/sacrifice-unless-pay-choice.validation.integration.test.ts" name="sacrificeUnlessPayChoice validate-before-complete (integration) &gt; can pay from an untapped mana source while priority is null" time="0.0194805">
        </testcase>
        <testcase classname="tests/sacrifice-unless-pay-choice.validation.integration.test.ts" name="sacrificeUnlessPayChoice validate-before-complete (integration) &gt; can pay with a Treasure through the mana payment choice prompt" time="0.014413">
        </testcase>
        <testcase classname="tests/sacrifice-unless-pay-choice.validation.integration.test.ts" name="sacrificeUnlessPayChoice validate-before-complete (integration) &gt; accepts the selected simple mana line even when another line has additional costs" time="0.0128598">
        </testcase>
        <testcase classname="tests/sacrifice-unless-pay-choice.validation.integration.test.ts" name="sacrificeUnlessPayChoice validate-before-complete (integration) &gt; accepts a selected simple mana-cost mixed bundle and leaves the excess mana floating" time="0.0099883">
        </testcase>
        <testcase classname="tests/sacrifice-unless-pay-choice.validation.integration.test.ts" name="sacrificeUnlessPayChoice validate-before-complete (integration) &gt; rejects a selected line with unsupported non-mana additional costs even when another line on the source is simple" time="0.0026506">
        </testcase>
        <testcase classname="tests/sacrifice-unless-pay-choice.validation.integration.test.ts" name="sacrificeUnlessPayChoice validate-before-complete (integration) &gt; does not sacrifice a selected reusable mana line just because another line self-sacrifices" time="0.0111133">
        </testcase>
        <testcase classname="tests/sacrifice-unless-pay-choice.validation.integration.test.ts" name="sacrificeUnlessPayChoice validate-before-complete (integration) &gt; auto-pays with a self-sacrifice mana source when it is the only option" time="0.0177981">
        </testcase>
        <testcase classname="tests/sacrifice-unless-pay-choice.validation.integration.test.ts" name="sacrificeUnlessPayChoice validate-before-complete (integration) &gt; persists Treasure-backed auto-pay evidence for sacrifice-unless-pay prompts" time="0.0139647">
        </testcase>
        <testcase classname="tests/sacrifice-unless-pay-choice.validation.integration.test.ts" name="sacrificeUnlessPayChoice validate-before-complete (integration) &gt; prefers reusable mana sources over Treasure for generic auto-pay" time="0.0238151">
        </testcase>
    </testsuite>
    <testsuite name="tests/saved-decks.inroom.authorization.integration.test.ts" timestamp="2026-04-23T07:32:40.022Z" hostname="A2Ryzen9" tests="3" failures="0" errors="0" skipped="0" time="0.017205">
        <testcase classname="tests/saved-decks.inroom.authorization.integration.test.ts" name="saved decks in-room authorization (integration) &gt; blocks listSavedDecks when socket is not in the game room" time="0.0036836">
        </testcase>
        <testcase classname="tests/saved-decks.inroom.authorization.integration.test.ts" name="saved decks in-room authorization (integration) &gt; blocks getSavedDeck when socket is not in the game room" time="0.000621">
        </testcase>
        <testcase classname="tests/saved-decks.inroom.authorization.integration.test.ts" name="saved decks in-room authorization (integration) &gt; does not throw when payload is missing (crash-safety)" time="0.001011">
        </testcase>
    </testsuite>
    <testsuite name="tests/scavenge-encore.graveyard-replay.integration.test.ts" timestamp="2026-04-23T07:32:40.022Z" hostname="A2Ryzen9" tests="8" failures="0" errors="0" skipped="0" time="0.2271995">
        <testcase classname="tests/scavenge-encore.graveyard-replay.integration.test.ts" name="scavenge and encore graveyard replay semantics (integration) &gt; live scavenge queues a target and adds counters to the chosen creature" time="0.0569691">
        </testcase>
        <testcase classname="tests/scavenge-encore.graveyard-replay.integration.test.ts" name="scavenge and encore graveyard replay semantics (integration) &gt; live scavenge requires sorcery-speed timing" time="0.0010656">
        </testcase>
        <testcase classname="tests/scavenge-encore.graveyard-replay.integration.test.ts" name="scavenge and encore graveyard replay semantics (integration) &gt; live encore exiles the card, creates one token per opponent, and enforces each token&apos;s required defender" time="0.1210445">
        </testcase>
        <testcase classname="tests/scavenge-encore.graveyard-replay.integration.test.ts" name="scavenge and encore graveyard replay semantics (integration) &gt; live encore queues and persists each token self ETB trigger" time="0.0075921">
        </testcase>
        <testcase classname="tests/scavenge-encore.graveyard-replay.integration.test.ts" name="scavenge and encore graveyard replay semantics (integration) &gt; live encore requires sorcery-speed timing" time="0.0010187">
        </testcase>
        <testcase classname="tests/scavenge-encore.graveyard-replay.integration.test.ts" name="scavenge and encore graveyard replay semantics (integration) &gt; replays encore by exiling the card, rebuilding the token copies, and scheduling next-end-step sacrifice" time="0.0259419">
        </testcase>
        <testcase classname="tests/scavenge-encore.graveyard-replay.integration.test.ts" name="scavenge and encore graveyard replay semantics (integration) &gt; replays a queued scavenge target prompt after activation before the choice is made" time="0.0016163">
        </testcase>
        <testcase classname="tests/scavenge-encore.graveyard-replay.integration.test.ts" name="scavenge and encore graveyard replay semantics (integration) &gt; replays scavenge by exiling the card and restoring the counter target result" time="0.0008864">
        </testcase>
    </testsuite>
    <testsuite name="tests/scry-followup-choice.integration.test.ts" timestamp="2026-04-23T07:32:40.023Z" hostname="A2Ryzen9" tests="3" failures="0" errors="0" skipped="0" time="0.223498">
        <testcase classname="tests/scry-followup-choice.integration.test.ts" name="scry followup choice (integration) &gt; applies damage to each opponent after scry resolves" time="0.0426997">
        </testcase>
        <testcase classname="tests/scry-followup-choice.integration.test.ts" name="scry followup choice (integration) &gt; draws after scry when no condition is required" time="0.0059184">
        </testcase>
        <testcase classname="tests/scry-followup-choice.integration.test.ts" name="scry followup choice (integration) &gt; skips conditional draw when controller does not control an artifact" time="0.0022612">
        </testcase>
    </testsuite>
    <testsuite name="tests/scry.validate-before-complete.integration.test.ts" timestamp="2026-04-23T07:32:40.024Z" hostname="A2Ryzen9" tests="1" failures="0" errors="0" skipped="0" time="0.0796961">
        <testcase classname="tests/scry.validate-before-complete.integration.test.ts" name="SCRY validate-before-complete (integration) &gt; does not consume the step on invalid selection" time="0.052912">
        </testcase>
    </testsuite>
    <testsuite name="tests/set-life.replay.test.ts" timestamp="2026-04-23T07:32:40.024Z" hostname="A2Ryzen9" tests="1" failures="0" errors="0" skipped="0" time="0.0244814">
        <testcase classname="tests/set-life.replay.test.ts" name="setLife replay semantics &gt; replays live setLife events that persist the absolute total as newLife" time="0.0219895">
        </testcase>
    </testsuite>
    <testsuite name="tests/shared-text-utils.test.ts" timestamp="2026-04-23T07:32:40.024Z" hostname="A2Ryzen9" tests="1" failures="0" errors="0" skipped="0" time="0.005503">
        <testcase classname="tests/shared-text-utils.test.ts" name="shared text utils &gt; treats singular &quot;Sacrifice another ...&quot; costs as one required other sacrifice" time="0.0028178">
        </testcase>
    </testsuite>
    <testsuite name="tests/shares-card-type-with-exiled-card.intervening-if.test.ts" timestamp="2026-04-23T07:32:40.025Z" hostname="A2Ryzen9" tests="4" failures="0" errors="0" skipped="0" time="0.1098845">
        <testcase classname="tests/shares-card-type-with-exiled-card.intervening-if.test.ts" name="Intervening-if: shares a card type with the exiled card &gt; returns true when the triggering spell shares a card type with the exiled card" time="0.0865448">
        </testcase>
        <testcase classname="tests/shares-card-type-with-exiled-card.intervening-if.test.ts" name="Intervening-if: shares a card type with the exiled card &gt; returns false when the triggering spell does not share a card type with the exiled card" time="0.0189531">
        </testcase>
        <testcase classname="tests/shares-card-type-with-exiled-card.intervening-if.test.ts" name="Intervening-if: shares a card type with the exiled card &gt; stays conservative (null) when the exiled card cannot be found from tracked state" time="0.0009241">
        </testcase>
        <testcase classname="tests/shares-card-type-with-exiled-card.intervening-if.test.ts" name="Intervening-if: shares a card type with the exiled card &gt; stays conservative (null) when triggering stack item is missing" time="0.0006918">
        </testcase>
    </testsuite>
    <testsuite name="tests/shares-mana-value-with-uncrossed-digits.intervening-if.test.ts" timestamp="2026-04-23T07:32:40.025Z" hostname="A2Ryzen9" tests="4" failures="0" errors="0" skipped="0" time="0.0895701">
        <testcase classname="tests/shares-mana-value-with-uncrossed-digits.intervening-if.test.ts" name="Intervening-if: &apos;if it shares a mana value with one or more uncrossed digits in the chosen number&apos; (Item 85) &gt; returns true when its mana value matches an uncrossed digit (explicit refs)" time="0.0582069">
        </testcase>
        <testcase classname="tests/shares-mana-value-with-uncrossed-digits.intervening-if.test.ts" name="Intervening-if: &apos;if it shares a mana value with one or more uncrossed digits in the chosen number&apos; (Item 85) &gt; returns false when its mana value does not match any uncrossed digit (explicit refs)" time="0.0270325">
        </testcase>
        <testcase classname="tests/shares-mana-value-with-uncrossed-digits.intervening-if.test.ts" name="Intervening-if: &apos;if it shares a mana value with one or more uncrossed digits in the chosen number&apos; (Item 85) &gt; returns null when uncrossed digits are not available" time="0.0009076">
        </testcase>
        <testcase classname="tests/shares-mana-value-with-uncrossed-digits.intervening-if.test.ts" name="Intervening-if: &apos;if it shares a mana value with one or more uncrossed digits in the chosen number&apos; (Item 85) &gt; can resolve mana value from triggering stack item when refs provide triggeringStackItemId" time="0.0008035">
        </testcase>
    </testsuite>
    <testsuite name="tests/shock-land-and-request-cast.regression.integration.test.ts" timestamp="2026-04-23T07:32:40.026Z" hostname="A2Ryzen9" tests="7" failures="0" errors="0" skipped="0" time="0.3911412">
        <testcase classname="tests/shock-land-and-request-cast.regression.integration.test.ts" name="shock land and request-cast regressions (integration) &gt; keeps Steam Vents tapped when the player chooses enter tapped through the live playLand flow" time="0.1650951">
        </testcase>
        <testcase classname="tests/shock-land-and-request-cast.regression.integration.test.ts" name="shock land and request-cast regressions (integration) &gt; re-emits the queued spell payment step instead of failing when the same card is double-clicked again" time="0.0104416">
        </testcase>
        <testcase classname="tests/shock-land-and-request-cast.regression.integration.test.ts" name="shock land and request-cast regressions (integration) &gt; completes a targeted instant cast after target selection even if priority was restored before payment resumes" time="0.1560615">
        </testcase>
        <testcase classname="tests/shock-land-and-request-cast.regression.integration.test.ts" name="shock land and request-cast regressions (integration) &gt; completes a targetless artifact cast after payment and removes it from hand" time="0.0165675">
        </testcase>
        <testcase classname="tests/shock-land-and-request-cast.regression.integration.test.ts" name="shock land and request-cast regressions (integration) &gt; continues a paid targetless artifact cast when RulesBridge rejects the post-payment validation" time="0.0119283">
        </testcase>
        <testcase classname="tests/shock-land-and-request-cast.regression.integration.test.ts" name="shock land and request-cast regressions (integration) &gt; queues payment instead of rejecting a modal DFC when casting its spell face" time="0.0023891">
        </testcase>
        <testcase classname="tests/shock-land-and-request-cast.regression.integration.test.ts" name="shock land and request-cast regressions (integration) &gt; preserves the Adventure face through completeCastSpell and stacks the spell face" time="0.0081242">
        </testcase>
    </testsuite>
    <testsuite name="tests/single-target.intervening-if.test.ts" timestamp="2026-04-23T07:32:40.027Z" hostname="A2Ryzen9" tests="3" failures="0" errors="0" skipped="0" time="0.0946317">
        <testcase classname="tests/single-target.intervening-if.test.ts" name="Intervening-if: single target &gt; can evaluate &quot;if it has a single target&quot; from refs.stackItem.targets" time="0.0889782">
        </testcase>
        <testcase classname="tests/single-target.intervening-if.test.ts" name="Intervening-if: single target &gt; can evaluate via triggeringStackItemId lookup in ctx.state.stack" time="0.0016783">
        </testcase>
        <testcase classname="tests/single-target.intervening-if.test.ts" name="Intervening-if: single target &gt; stays conservative (null) when there is no target metadata" time="0.0007917">
        </testcase>
    </testsuite>
    <testsuite name="tests/skip-to-phase.replay.test.ts" timestamp="2026-04-23T07:32:40.028Z" hostname="A2Ryzen9" tests="4" failures="0" errors="0" skipped="0" time="0.0336027">
        <testcase classname="tests/skip-to-phase.replay.test.ts" name="skipToPhase replay semantics &gt; replays trigger-stopped skips by restoring pendingPhaseSkip and TRIGGER_ORDER state" time="0.0191551">
        </testcase>
        <testcase classname="tests/skip-to-phase.replay.test.ts" name="skipToPhase replay semantics &gt; replays auto-continued skips by inferring the target phase from pendingPhaseSkip" time="0.0006444">
        </testcase>
        <testcase classname="tests/skip-to-phase.replay.test.ts" name="skipToPhase replay semantics &gt; replays skipToPhase untap side effects from the live skip path" time="0.0097475">
        </testcase>
        <testcase classname="tests/skip-to-phase.replay.test.ts" name="skipToPhase replay semantics &gt; replays final skipToPhase events by clearing combat state and restoring turn-player priority" time="0.0007599">
        </testcase>
    </testsuite>
    <testsuite name="tests/skipToPhase.test.ts" timestamp="2026-04-23T07:32:40.028Z" hostname="A2Ryzen9" tests="10" failures="0" errors="0" skipped="0" time="0.1276429">
        <testcase classname="tests/skipToPhase.test.ts" name="skipToPhase turn-based actions &gt; should draw a card when skipping from UPKEEP to MAIN1" time="0.0245036">
        </testcase>
        <testcase classname="tests/skipToPhase.test.ts" name="skipToPhase turn-based actions &gt; should NOT draw when skipping from MAIN1 to MAIN2" time="0.0003709">
        </testcase>
        <testcase classname="tests/skipToPhase.test.ts" name="skipToPhase turn-based actions &gt; should untap permanents when skipping from UNTAP to MAIN1" time="0.0634928">
        </testcase>
        <testcase classname="tests/skipToPhase.test.ts" name="skipToPhase turn-based actions &gt; should draw when skipping from UNTAP to MAIN1" time="0.0065266">
        </testcase>
        <testcase classname="tests/skipToPhase.test.ts" name="skipToPhase turn-based actions &gt; should NOT draw when already past DRAW step" time="0.000581">
        </testcase>
        <testcase classname="tests/skipToPhase.test.ts" name="skipToPhase turn-based actions &gt; should reset priority tracking when skipping to a phase" time="0.0004397">
        </testcase>
        <testcase classname="tests/skipToPhase.test.ts" name="skipToPhase turn-based actions &gt; should prevent auto-advance after skipToPhase in single-player game" time="0.0154963">
        </testcase>
        <testcase classname="tests/skipToPhase.test.ts" name="skipToPhase turn-based actions &gt; should prevent auto-pass when justSkippedToPhase is set" time="0.0106865">
        </testcase>
        <testcase classname="tests/skipToPhase.test.ts" name="skipToPhase turn-based actions &gt; should clear justSkippedToPhase after initiator passes" time="0.0007915">
        </testcase>
        <testcase classname="tests/skipToPhase.test.ts" name="skipToPhase turn-based actions &gt; should clear justSkippedToPhase when moving to different phase" time="0.0009373">
        </testcase>
    </testsuite>
    <testsuite name="tests/skullbriar.zone-counters.test.ts" timestamp="2026-04-23T07:32:40.029Z" hostname="A2Ryzen9" tests="2" failures="0" errors="0" skipped="0" time="0.0141634">
        <testcase classname="tests/skullbriar.zone-counters.test.ts" name="Skullbriar zone counters &gt; keeps Skullbriar counters when it moves from battlefield to graveyard" time="0.0101616">
        </testcase>
        <testcase classname="tests/skullbriar.zone-counters.test.ts" name="Skullbriar zone counters &gt; preserves Skullbriar counters on the queued commander-zone replacement payload" time="0.0013741">
        </testcase>
    </testsuite>
    <testsuite name="tests/snow-mana-spent-of-spells-colors.intervening-if.test.ts" timestamp="2026-04-23T07:32:40.030Z" hostname="A2Ryzen9" tests="6" failures="0" errors="0" skipped="0" time="0.074629">
        <testcase classname="tests/snow-mana-spent-of-spells-colors.intervening-if.test.ts" name="Intervening-if: &apos;if {S} of any of that spell&apos;s colors was spent to cast it&apos; (Item 74) &gt; returns true when snow mana spent by color shows a positive amount for one of the spells colors" time="0.050501">
        </testcase>
        <testcase classname="tests/snow-mana-spent-of-spells-colors.intervening-if.test.ts" name="Intervening-if: &apos;if {S} of any of that spell&apos;s colors was spent to cast it&apos; (Item 74) &gt; returns null when snow spend breakdown exists but does not prove non-snow (positive-only)" time="0.0192122">
        </testcase>
        <testcase classname="tests/snow-mana-spent-of-spells-colors.intervening-if.test.ts" name="Intervening-if: &apos;if {S} of any of that spell&apos;s colors was spent to cast it&apos; (Item 74) &gt; returns false for colorless spells (no colors to match)" time="0.000741">
        </testcase>
        <testcase classname="tests/snow-mana-spent-of-spells-colors.intervening-if.test.ts" name="Intervening-if: &apos;if {S} of any of that spell&apos;s colors was spent to cast it&apos; (Item 74) &gt; returns true when snowManaColorsSpent contains one of the spells colors" time="0.000511">
        </testcase>
        <testcase classname="tests/snow-mana-spent-of-spells-colors.intervening-if.test.ts" name="Intervening-if: &apos;if {S} of any of that spell&apos;s colors was spent to cast it&apos; (Item 74) &gt; returns false when deterministic spell-color snow spend is explicitly known to be false" time="0.0003572">
        </testcase>
        <testcase classname="tests/snow-mana-spent-of-spells-colors.intervening-if.test.ts" name="Intervening-if: &apos;if {S} of any of that spell&apos;s colors was spent to cast it&apos; (Item 74) &gt; returns true when deterministic spell-color snow spend is explicitly known to be true" time="0.0005564">
        </testcase>
    </testsuite>
    <testsuite name="tests/snow-mana-spent.intervening-if.test.ts" timestamp="2026-04-23T07:32:40.031Z" hostname="A2Ryzen9" tests="6" failures="0" errors="0" skipped="0" time="0.0436076">
        <testcase classname="tests/snow-mana-spent.intervening-if.test.ts" name="Intervening-if: generic snow mana spent to cast it &gt; &apos;if {S} was spent to cast it&apos; returns false when deterministic spend is known false" time="0.0315988">
        </testcase>
        <testcase classname="tests/snow-mana-spent.intervening-if.test.ts" name="Intervening-if: generic snow mana spent to cast it &gt; &apos;if {S} was spent to cast it&apos; returns true when deterministic spend is known true" time="0.006983">
        </testcase>
        <testcase classname="tests/snow-mana-spent.intervening-if.test.ts" name="Intervening-if: generic snow mana spent to cast it &gt; &apos;if {S}{S} was spent to cast it&apos; returns false when deterministic spend is known false" time="0.0004732">
        </testcase>
        <testcase classname="tests/snow-mana-spent.intervening-if.test.ts" name="Intervening-if: generic snow mana spent to cast it &gt; &apos;if {S}{S} was spent to cast it&apos; stays conservative when only a lower bound exists" time="0.0004643">
        </testcase>
        <testcase classname="tests/snow-mana-spent.intervening-if.test.ts" name="Intervening-if: generic snow mana spent to cast it &gt; &apos;if snow mana was spent to cast it&apos; returns false when deterministic spend is known false" time="0.000353">
        </testcase>
        <testcase classname="tests/snow-mana-spent.intervening-if.test.ts" name="Intervening-if: generic snow mana spent to cast it &gt; &apos;if snow mana was spent to cast it&apos; returns true when deterministic spend is known true" time="0.0003467">
        </testcase>
    </testsuite>
    <testsuite name="tests/sokrates.combat-damage-replacement.integration.test.ts" timestamp="2026-04-23T07:32:40.031Z" hostname="A2Ryzen9" tests="1" failures="0" errors="0" skipped="0" time="0.0642757">
        <testcase classname="tests/sokrates.combat-damage-replacement.integration.test.ts" name="Sokrates combat damage replacement &gt; prevents combat damage from a granted ability and makes both players draw half that much, rounded down" time="0.0611156">
        </testcase>
    </testsuite>
    <testsuite name="tests/soldier-program-choice.integration.test.ts" timestamp="2026-04-23T07:32:40.032Z" hostname="A2Ryzen9" tests="1" failures="0" errors="0" skipped="0" time="0.116365">
        <testcase classname="tests/soldier-program-choice.integration.test.ts" name="SOLDIER Military Program choice persistence (integration) &gt; persists token creation, queued Soldier selection, and final chosen counters" time="0.0960043">
        </testcase>
    </testsuite>
    <testsuite name="tests/soldier-program.replay.test.ts" timestamp="2026-04-23T07:32:40.032Z" hostname="A2Ryzen9" tests="1" failures="0" errors="0" skipped="0" time="0.0268785">
        <testcase classname="tests/soldier-program.replay.test.ts" name="SOLDIER Military Program replay semantics &gt; replays token creation and queued Soldier selection after choosing both" time="0.0243396">
        </testcase>
    </testsuite>
    <testsuite name="tests/soulshift-target.integration.test.ts" timestamp="2026-04-23T07:32:40.032Z" hostname="A2Ryzen9" tests="2" failures="0" errors="0" skipped="0" time="0.0935873">
        <testcase classname="tests/soulshift-target.integration.test.ts" name="soulshift target keyword automation (integration) &gt; queues a soulshift target step with only legal spirit cards from your graveyard" time="0.042794">
        </testcase>
        <testcase classname="tests/soulshift-target.integration.test.ts" name="soulshift target keyword automation (integration) &gt; returns the selected spirit card to hand through submitResolutionResponse" time="0.0349985">
        </testcase>
    </testsuite>
    <testsuite name="tests/spacecraft.station-threshold.integration.test.ts" timestamp="2026-04-23T07:32:40.033Z" hostname="A2Ryzen9" tests="3" failures="0" errors="0" skipped="0" time="0.221235">
        <testcase classname="tests/spacecraft.station-threshold.integration.test.ts" name="Spacecraft station threshold routing (integration) &gt; queues Station creature selection as a cancellable resolution step" time="0.1786221">
        </testcase>
        <testcase classname="tests/spacecraft.station-threshold.integration.test.ts" name="Spacecraft station threshold routing (integration) &gt; activates Evendo 12+ ability as a mana ability once the threshold is met" time="0.0211032">
        </testcase>
        <testcase classname="tests/spacecraft.station-threshold.integration.test.ts" name="Spacecraft station threshold routing (integration) &gt; rejects Evendo 12+ ability below the required charge threshold" time="0.0015383">
        </testcase>
    </testsuite>
    <testsuite name="tests/special-counters.common-effects.test.ts" timestamp="2026-04-23T07:32:40.033Z" hostname="A2Ryzen9" tests="4" failures="0" errors="0" skipped="0" time="0.0132666">
        <testcase classname="tests/special-counters.common-effects.test.ts" name="common special-counter effects &gt; exiles a creature with a finality counter instead of putting it into the graveyard when destroyed" time="0.0046263">
        </testcase>
        <testcase classname="tests/special-counters.common-effects.test.ts" name="common special-counter effects &gt; consumes a shield counter to prevent damage to a permanent" time="0.0012869">
        </testcase>
        <testcase classname="tests/special-counters.common-effects.test.ts" name="common special-counter effects &gt; consumes a shield counter instead of destroying the permanent" time="0.0004607">
        </testcase>
        <testcase classname="tests/special-counters.common-effects.test.ts" name="common special-counter effects &gt; treats divinity-style counter grants as indestructible during SBAs" time="0.0041979">
        </testcase>
    </testsuite>
    <testsuite name="tests/special-land-shortcuts.replay.test.ts" timestamp="2026-04-23T07:32:40.034Z" hostname="A2Ryzen9" tests="5" failures="0" errors="0" skipped="0" time="0.2195795">
        <testcase classname="tests/special-land-shortcuts.replay.test.ts" name="special land shortcut replay persistence &gt; persists and replays Mutavault animation shortcut state" time="0.1274308">
        </testcase>
        <testcase classname="tests/special-land-shortcuts.replay.test.ts" name="special land shortcut replay persistence &gt; persists and replays hybrid special-land queue state" time="0.0418138">
        </testcase>
        <testcase classname="tests/special-land-shortcuts.replay.test.ts" name="special land shortcut replay persistence &gt; persists and replays storage-counter shortcut state" time="0.0084449">
        </testcase>
        <testcase classname="tests/special-land-shortcuts.replay.test.ts" name="special land shortcut replay persistence &gt; persists and replays storage-counter mana-selection queue state" time="0.0070295">
        </testcase>
        <testcase classname="tests/special-land-shortcuts.replay.test.ts" name="special land shortcut replay persistence &gt; persists and replays hideaway shortcut state" time="0.0095178">
        </testcase>
    </testsuite>
    <testsuite name="tests/special-land.generic-ability-routing.integration.test.ts" timestamp="2026-04-23T07:32:40.034Z" hostname="A2Ryzen9" tests="11" failures="0" errors="0" skipped="0" time="0.2940499">
        <testcase classname="tests/special-land.generic-ability-routing.integration.test.ts" name="special land generic ability routing (integration) &gt; routes Mutavault animation through the generic parsed ability id" time="0.103583">
        </testcase>
        <testcase classname="tests/special-land.generic-ability-routing.integration.test.ts" name="special land generic ability routing (integration) &gt; routes Graven Cairns hybrid production through the generic parsed ability id" time="0.0473523">
        </testcase>
        <testcase classname="tests/special-land.generic-ability-routing.integration.test.ts" name="special land generic ability routing (integration) &gt; persists damage metadata for queued any-color mana activations" time="0.0356559">
        </testcase>
        <testcase classname="tests/special-land.generic-ability-routing.integration.test.ts" name="special land generic ability routing (integration) &gt; persists damage metadata for direct single-color mana activations" time="0.0090567">
        </testcase>
        <testcase classname="tests/special-land.generic-ability-routing.integration.test.ts" name="special land generic ability routing (integration) &gt; routes Calciform Pools storage-counter addition through the generic parsed ability id" time="0.0037902">
        </testcase>
        <testcase classname="tests/special-land.generic-ability-routing.integration.test.ts" name="special land generic ability routing (integration) &gt; routes Calciform Pools storage-counter removal through the generic parsed ability id" time="0.0130301">
        </testcase>
        <testcase classname="tests/special-land.generic-ability-routing.integration.test.ts" name="special land generic ability routing (integration) &gt; routes Windbrisk Heights hideaway play through the generic parsed ability id" time="0.0129587">
        </testcase>
        <testcase classname="tests/special-land.generic-ability-routing.integration.test.ts" name="special land generic ability routing (integration) &gt; requires total creature power for Mosswort Bridge hideaway play" time="0.0088098">
        </testcase>
        <testcase classname="tests/special-land.generic-ability-routing.integration.test.ts" name="special land generic ability routing (integration) &gt; requires empty hands for Howltooth Hollow hideaway play" time="0.0108974">
        </testcase>
        <testcase classname="tests/special-land.generic-ability-routing.integration.test.ts" name="special land generic ability routing (integration) &gt; requires a library with 20 or fewer cards for Shelldock Isle hideaway play" time="0.0069462">
        </testcase>
        <testcase classname="tests/special-land.generic-ability-routing.integration.test.ts" name="special land generic ability routing (integration) &gt; requires actual damage, not just life loss, for Spinerock Knoll hideaway play" time="0.0139219">
        </testcase>
    </testsuite>
    <testsuite name="tests/spell-cast-copy.replay.integration.test.ts" timestamp="2026-04-23T07:32:40.036Z" hostname="A2Ryzen9" tests="10" failures="0" errors="0" skipped="0" time="0.3928783">
        <testcase classname="tests/spell-cast-copy.replay.integration.test.ts" name="spell-cast copy replay integration &gt; copies chosen-type spells onto the stack and replays copied permanent spells as tokens" time="0.1739676">
        </testcase>
        <testcase classname="tests/spell-cast-copy.replay.integration.test.ts" name="spell-cast copy replay integration &gt; queues and replays retarget prompts for copied chosen-type targeted spells" time="0.0727402">
        </testcase>
        <testcase classname="tests/spell-cast-copy.replay.integration.test.ts" name="spell-cast copy replay integration &gt; retargets copied chosen-type targeted spells through resolution and replays the resolved targets" time="0.0577974">
        </testcase>
        <testcase classname="tests/spell-cast-copy.replay.integration.test.ts" name="spell-cast copy replay integration &gt; queues and replays retarget prompts for copied chosen-type Aura spells" time="0.0116528">
        </testcase>
        <testcase classname="tests/spell-cast-copy.replay.integration.test.ts" name="spell-cast copy replay integration &gt; queues and replays retarget prompts for generic instant-sorcery spell copy triggers" time="0.0095491">
        </testcase>
        <testcase classname="tests/spell-cast-copy.replay.integration.test.ts" name="spell-cast copy replay integration &gt; queues and replays retarget prompts for first instant-sorcery spell copy triggers each turn" time="0.0070159">
        </testcase>
        <testcase classname="tests/spell-cast-copy.replay.integration.test.ts" name="spell-cast copy replay integration &gt; queues and replays retarget prompts for colorless spell copy triggers" time="0.0187384">
        </testcase>
        <testcase classname="tests/spell-cast-copy.replay.integration.test.ts" name="spell-cast copy replay integration &gt; does not copy hand-cast spells for library-qualified copy triggers" time="0.0062459">
        </testcase>
        <testcase classname="tests/spell-cast-copy.replay.integration.test.ts" name="spell-cast copy replay integration &gt; queues and replays retarget prompts for library-qualified spell copy triggers" time="0.0070223">
        </testcase>
        <testcase classname="tests/spell-cast-copy.replay.integration.test.ts" name="spell-cast copy replay integration &gt; copies and replays the first instant-sorcery spell cast from your graveyard each turn" time="0.0179088">
        </testcase>
    </testsuite>
    <testsuite name="tests/spell-cast-reveal-cast.replay.test.ts" timestamp="2026-04-23T07:32:40.038Z" hostname="A2Ryzen9" tests="2" failures="0" errors="0" skipped="0" time="0.0266488">
        <testcase classname="tests/spell-cast-reveal-cast.replay.test.ts" name="spell-cast reveal/cast replay semantics &gt; replays the bottom-reveal choice by clearing the initial prompt and queueing the cast choice" time="0.0226805">
        </testcase>
        <testcase classname="tests/spell-cast-reveal-cast.replay.test.ts" name="spell-cast reveal/cast replay semantics &gt; replays the revealed-card cast choice by clearing the prompt and restoring the stack item" time="0.0008339">
        </testcase>
    </testsuite>
    <testsuite name="tests/spell-cast-reveal-cast.resolution.integration.test.ts" timestamp="2026-04-23T07:32:40.039Z" hostname="A2Ryzen9" tests="1" failures="0" errors="0" skipped="0" time="0.504695">
        <testcase classname="tests/spell-cast-reveal-cast.resolution.integration.test.ts" name="spell-cast reveal/cast queue flow (integration) &gt; moves the triggering spell to the bottom, reveals until a nonland, and offers a free cast" time="0.0434478">
        </testcase>
    </testsuite>
    <testsuite name="tests/spell-cast-trigger-persistence.integration.test.ts" timestamp="2026-04-23T07:32:40.039Z" hostname="A2Ryzen9" tests="14" failures="0" errors="0" skipped="0" time="0.4127815">
        <testcase classname="tests/spell-cast-trigger-persistence.integration.test.ts" name="cast spell trigger persistence (integration) &gt; persists targeted spell-cast triggers as pushTriggeredAbility events" time="0.1437022">
        </testcase>
        <testcase classname="tests/spell-cast-trigger-persistence.integration.test.ts" name="cast spell trigger persistence (integration) &gt; persists opponent spell-cast triggers as pushTriggeredAbility events" time="0.047501">
        </testcase>
        <testcase classname="tests/spell-cast-trigger-persistence.integration.test.ts" name="cast spell trigger persistence (integration) &gt; does not fire from-anywhere-other-than-hand triggers on ordinary hand casts" time="0.0085549">
        </testcase>
        <testcase classname="tests/spell-cast-trigger-persistence.integration.test.ts" name="cast spell trigger persistence (integration) &gt; fires from-anywhere-other-than-hand triggers on exile casts" time="0.0128922">
        </testcase>
        <testcase classname="tests/spell-cast-trigger-persistence.integration.test.ts" name="cast spell trigger persistence (integration) &gt; does not fire cast-from-exile triggers on ordinary hand casts" time="0.0088953">
        </testcase>
        <testcase classname="tests/spell-cast-trigger-persistence.integration.test.ts" name="cast spell trigger persistence (integration) &gt; fires cast-from-exile triggers on exile casts" time="0.0074916">
        </testcase>
        <testcase classname="tests/spell-cast-trigger-persistence.integration.test.ts" name="cast spell trigger persistence (integration) &gt; persists cast-from-graveyard targeted triggers on graveyard casts" time="0.0177923">
        </testcase>
        <testcase classname="tests/spell-cast-trigger-persistence.integration.test.ts" name="cast spell trigger persistence (integration) &gt; persists opponent spell-cast triggers on graveyard casts" time="0.0046373">
        </testcase>
        <testcase classname="tests/spell-cast-trigger-persistence.integration.test.ts" name="cast spell trigger persistence (integration) &gt; creates typed graveyard-cast tokens with keyword text" time="0.0064955">
        </testcase>
        <testcase classname="tests/spell-cast-trigger-persistence.integration.test.ts" name="cast spell trigger persistence (integration) &gt; queues Aura target selection for flashback casts and still fires graveyard spell-cast triggers" time="0.0420504">
        </testcase>
        <testcase classname="tests/spell-cast-trigger-persistence.integration.test.ts" name="cast spell trigger persistence (integration) &gt; fires graveyard spell-cast triggers for live disturb casts" time="0.0055411">
        </testcase>
        <testcase classname="tests/spell-cast-trigger-persistence.integration.test.ts" name="cast spell trigger persistence (integration) &gt; fires heroic triggers for targeted flashback casts" time="0.0568391">
        </testcase>
        <testcase classname="tests/spell-cast-trigger-persistence.integration.test.ts" name="cast spell trigger persistence (integration) &gt; fires heroic triggers for queued Aura flashback casts after target selection" time="0.0069477">
        </testcase>
        <testcase classname="tests/spell-cast-trigger-persistence.integration.test.ts" name="cast spell trigger persistence (integration) &gt; preserves jump-start targets across the discard-cost continuation" time="0.0206297">
        </testcase>
    </testsuite>
    <testsuite name="tests/spell-control-change.cast-path.integration.test.ts" timestamp="2026-04-23T07:32:40.042Z" hostname="A2Ryzen9" tests="3" failures="0" errors="0" skipped="0" time="0.5707805">
        <testcase classname="tests/spell-control-change.cast-path.integration.test.ts" name="spell control change cast path (integration) &gt; casts and resolves Harmless Offering through mixed target selection" time="0.4324825">
        </testcase>
        <testcase classname="tests/spell-control-change.cast-path.integration.test.ts" name="spell control change cast path (integration) &gt; casts and resolves explicit exchange control text through scoped target selection" time="0.0990374">
        </testcase>
        <testcase classname="tests/spell-control-change.cast-path.integration.test.ts" name="spell control change cast path (integration) &gt; rejects invalid shared-type exchange targets before payment and allows a valid retry" time="0.0124463">
        </testcase>
    </testsuite>
    <testsuite name="tests/spell-control-change.integration.test.ts" timestamp="2026-04-23T07:32:40.042Z" hostname="A2Ryzen9" tests="8" failures="0" errors="0" skipped="0" time="0.4187805">
        <testcase classname="tests/spell-control-change.integration.test.ts" name="spell control change resolution &gt; resolves Act of Treason-style temporary control change with untap, haste, and prepared migration" time="0.2646378">
        </testcase>
        <testcase classname="tests/spell-control-change.integration.test.ts" name="spell control change resolution &gt; does not apply temporary control change when an unselected modal mode is the only chosen effect" time="0.0670085">
        </testcase>
        <testcase classname="tests/spell-control-change.integration.test.ts" name="spell control change resolution &gt; resolves Dominate-style permanent control change with prepared migration and no cleanup tracker" time="0.023109">
        </testcase>
        <testcase classname="tests/spell-control-change.integration.test.ts" name="spell control change resolution &gt; resolves Reins of Power by untapping, exchanging all creatures, granting haste, and migrating prepared copies" time="0.0246847">
        </testcase>
        <testcase classname="tests/spell-control-change.integration.test.ts" name="spell control change resolution &gt; resolves Harmless Offering-style donation with prepared migration" time="0.0112573">
        </testcase>
        <testcase classname="tests/spell-control-change.integration.test.ts" name="spell control change resolution &gt; resolves exchange of two target permanents with prepared migration" time="0.0032783">
        </testcase>
        <testcase classname="tests/spell-control-change.integration.test.ts" name="spell control change resolution &gt; resolves explicit target-and-target exchange control text with prepared migration" time="0.0158326">
        </testcase>
        <testcase classname="tests/spell-control-change.integration.test.ts" name="spell control change resolution &gt; does not exchange control when selected permanents do not share a card type" time="0.004559">
        </testcase>
    </testsuite>
    <testsuite name="tests/spell-copy-retarget.replay.integration.test.ts" timestamp="2026-04-23T07:32:40.043Z" hostname="A2Ryzen9" tests="1" failures="0" errors="0" skipped="0" time="0.0834292">
        <testcase classname="tests/spell-copy-retarget.replay.integration.test.ts" name="spell-copy retarget replay integration &gt; persists and replays copied-spell retarget target selection cleanup" time="0.070044">
        </testcase>
    </testsuite>
    <testsuite name="tests/spell-library-search.regression.integration.test.ts" timestamp="2026-04-23T07:32:40.044Z" hostname="A2Ryzen9" tests="4" failures="0" errors="0" skipped="0" time="0.3293221">
        <testcase classname="tests/spell-library-search.regression.integration.test.ts" name="spell library search regressions &gt; filters Skyshroud Claim to Forests and puts both selected lands onto the battlefield" time="0.0790945">
        </testcase>
        <testcase classname="tests/spell-library-search.regression.integration.test.ts" name="spell library search regressions &gt; resolves Abundant Harvest land choice by revealing to the first matching land and putting it into hand" time="0.01101">
        </testcase>
        <testcase classname="tests/spell-library-search.regression.integration.test.ts" name="spell library search regressions &gt; does not treat landcycling reminder text on a resolved spell as a tutor effect" time="0.196949">
        </testcase>
        <testcase classname="tests/spell-library-search.regression.integration.test.ts" name="spell library search regressions &gt; queues follow-up bottom-order prompts directly after library search resolution without pending staging" time="0.005043">
        </testcase>
    </testsuite>
    <testsuite name="tests/spellweaver-helix-refs-id.intervening-if.test.ts" timestamp="2026-04-23T07:32:40.045Z" hostname="A2Ryzen9" tests="1" failures="0" errors="0" skipped="0" time="0.0296014">
        <testcase classname="tests/spellweaver-helix-refs-id.intervening-if.test.ts" name="Intervening-if: Spellweaver Helix-style exiled-name check works via refs-id &gt; works without sourcePermanent via refs.sourcePermanentId + exile-zone tags" time="0.0269489">
        </testcase>
    </testsuite>
    <testsuite name="tests/spree.request-cast.integration.test.ts" timestamp="2026-04-23T07:32:40.045Z" hostname="A2Ryzen9" tests="1" failures="0" errors="0" skipped="0" time="0.0326182">
        <testcase classname="tests/spree.request-cast.integration.test.ts" name="Spree requestCastSpell prompt persistence &gt; persists the initial spree mode-selection prompt before any modes are chosen" time="0.0164718">
        </testcase>
    </testsuite>
    <testsuite name="tests/squad-cost-payment.validate-before-complete.integration.test.ts" timestamp="2026-04-23T07:32:40.046Z" hostname="A2Ryzen9" tests="1" failures="0" errors="0" skipped="0" time="0.0559822">
        <testcase classname="tests/squad-cost-payment.validate-before-complete.integration.test.ts" name="SQUAD_COST_PAYMENT validate-before-complete (integration) &gt; does not consume the step on invalid selection" time="0.0382371">
        </testcase>
    </testsuite>
    <testsuite name="tests/squad-token-self-etb.integration.test.ts" timestamp="2026-04-23T07:32:40.046Z" hostname="A2Ryzen9" tests="1" failures="0" errors="0" skipped="0" time="0.0717911">
        <testcase classname="tests/squad-token-self-etb.integration.test.ts" name="Squad token self ETB persistence &gt; queues and persists self ETB triggers for Squad token copies" time="0.0538875">
        </testcase>
    </testsuite>
    <testsuite name="tests/stack.counter.test.ts" timestamp="2026-04-23T07:32:40.046Z" hostname="A2Ryzen9" tests="2" failures="0" errors="0" skipped="0" time="0.6547934">
        <testcase classname="tests/stack.counter.test.ts" name="Counterspell flow (COUNTER_TARGET_SPELL) &gt; removes targeted stack item and moves it to the controller’s graveyard" time="0.0206274">
        </testcase>
        <testcase classname="tests/stack.counter.test.ts" name="Counterspell flow (COUNTER_TARGET_SPELL) &gt; resolves a counterspell stack item whose target was persisted as a string stack id" time="0.241074">
        </testcase>
    </testsuite>
    <testsuite name="tests/stack.generic-library-and-untap.regression.test.ts" timestamp="2026-04-23T07:32:40.047Z" hostname="A2Ryzen9" tests="5" failures="0" errors="0" skipped="0" time="0.0286291">
        <testcase classname="tests/stack.generic-library-and-untap.regression.test.ts" name="generic stack resolution regressions &gt; filters mana value 6 or greater library searches for Fierce Empath style triggers" time="0.0146569">
        </testcase>
        <testcase classname="tests/stack.generic-library-and-untap.regression.test.ts" name="generic stack resolution regressions &gt; untaps only the controller lands for Bear Umbra style attack triggers" time="0.0016255">
        </testcase>
        <testcase classname="tests/stack.generic-library-and-untap.regression.test.ts" name="generic stack resolution regressions &gt; queues a top-library selection for Loot style activated abilities" time="0.001054">
        </testcase>
        <testcase classname="tests/stack.generic-library-and-untap.regression.test.ts" name="generic stack resolution regressions &gt; grants firebending without front-loading reminder-text mana" time="0.0054539">
        </testcase>
        <testcase classname="tests/stack.generic-library-and-untap.regression.test.ts" name="generic stack resolution regressions &gt; stacks native and granted firebending attack triggers" time="0.003396">
        </testcase>
    </testsuite>
    <testsuite name="tests/stack.regressions.effects.test.ts" timestamp="2026-04-23T07:32:40.048Z" hostname="A2Ryzen9" tests="9" failures="0" errors="0" skipped="0" time="0.383765">
        <testcase classname="tests/stack.regressions.effects.test.ts" name="Stack / zone regression effects &gt; Kynaios creates queued land-or-draw choices even when the trigger description is truncated" time="0.0442571">
        </testcase>
        <testcase classname="tests/stack.regressions.effects.test.ts" name="Stack / zone regression effects &gt; Nature&apos;s Claim grants 4 life to destroyed permanent&apos;s controller" time="0.2318638">
        </testcase>
        <testcase classname="tests/stack.regressions.effects.test.ts" name="Stack / zone regression effects &gt; Venser&apos;s Journal gains life equal to its controller&apos;s hand size on upkeep" time="0.0009743">
        </testcase>
        <testcase classname="tests/stack.regressions.effects.test.ts" name="Stack / zone regression effects &gt; Ivory Tower gains life for cards above four in hand on upkeep" time="0.0070528">
        </testcase>
        <testcase classname="tests/stack.regressions.effects.test.ts" name="Stack / zone regression effects &gt; Elixir of Immortality shuffle moves graveyard + itself into library" time="0.0009806">
        </testcase>
        <testcase classname="tests/stack.regressions.effects.test.ts" name="Stack / zone regression effects &gt; parses generic bottom-then-reveal-until-nonland spell-cast triggers with once-per-turn metadata" time="0.0030271">
        </testcase>
        <testcase classname="tests/stack.regressions.effects.test.ts" name="Stack / zone regression effects &gt; shows a revealed nonpermanent top card to viewers while it remains on top" time="0.0018431">
        </testcase>
        <testcase classname="tests/stack.regressions.effects.test.ts" name="Stack / zone regression effects &gt; Deploy to the Front counts all creatures and uses shared token replacement effects" time="0.0874689">
        </testcase>
        <testcase classname="tests/stack.regressions.effects.test.ts" name="Stack / zone regression effects &gt; Steel Hellkite {X} destroys nonland permanents with mana value X for damaged opponents" time="0.002475">
        </testcase>
    </testsuite>
    <testsuite name="tests/stack.replay-idempotency-zone-repair.test.ts" timestamp="2026-04-23T07:32:40.049Z" hostname="A2Ryzen9" tests="2" failures="0" errors="0" skipped="0" time="0.004676">
        <testcase classname="tests/stack.replay-idempotency-zone-repair.test.ts" name="replay idempotency repairs stale source zones &gt; removes a replayed land from hand when it is already on the battlefield" time="0.0020308">
        </testcase>
        <testcase classname="tests/stack.replay-idempotency-zone-repair.test.ts" name="replay idempotency repairs stale source zones &gt; removes a replayed spell from hand when it is already on the stack" time="0.0009016">
        </testcase>
    </testsuite>
    <testsuite name="tests/state-based-actions.dynamic-toughness.test.ts" timestamp="2026-04-23T07:32:40.049Z" hostname="A2Ryzen9" tests="2" failures="0" errors="0" skipped="0" time="0.0067702">
        <testcase classname="tests/state-based-actions.dynamic-toughness.test.ts" name="applyStateBasedActions dynamic toughness &gt; does not destroy Omnath when floating green mana raises toughness above marked damage" time="0.003401">
        </testcase>
        <testcase classname="tests/state-based-actions.dynamic-toughness.test.ts" name="applyStateBasedActions dynamic toughness &gt; respects anthem-style toughness bonuses when checking lethal damage" time="0.0005842">
        </testcase>
    </testsuite>
    <testsuite name="tests/static-effects.mana-grants.test.ts" timestamp="2026-04-23T07:32:40.050Z" hostname="A2Ryzen9" tests="3" failures="0" errors="0" skipped="0" time="0.1037494">
        <testcase classname="tests/static-effects.mana-grants.test.ts" name="Static effect mana-grant abilities &gt; grants Cryptolith Rite mana text to creatures you control, not the enchantment" time="0.0582573">
        </testcase>
        <testcase classname="tests/static-effects.mana-grants.test.ts" name="Static effect mana-grant abilities &gt; grants Citanul Hierophants mana text to creatures you control" time="0.0403492">
        </testcase>
        <testcase classname="tests/static-effects.mana-grants.test.ts" name="Static effect mana-grant abilities &gt; grants Ozai its conditional flying and indestructible only at six or more unspent mana" time="0.0023742">
        </testcase>
    </testsuite>
    <testsuite name="tests/station-creature-selection.validate-before-complete.integration.test.ts" timestamp="2026-04-23T07:32:40.050Z" hostname="A2Ryzen9" tests="1" failures="0" errors="0" skipped="0" time="0.0672981">
        <testcase classname="tests/station-creature-selection.validate-before-complete.integration.test.ts" name="STATION_CREATURE_SELECTION validate-before-complete (integration) &gt; does not consume the step on invalid selection" time="0.0527642">
        </testcase>
    </testsuite>
    <testsuite name="tests/station-threshold-keyword-line.battlefield-activation.integration.test.ts" timestamp="2026-04-23T07:32:40.050Z" hostname="A2Ryzen9" tests="1" failures="0" errors="0" skipped="0" time="0.207048">
        <testcase classname="tests/station-threshold-keyword-line.battlefield-activation.integration.test.ts" name="Station activation with threshold on keyword-following line (integration) &gt; queues Station with the correct threshold and does not mark the spacecraft stationed early" time="0.1848689">
        </testcase>
    </testsuite>
    <testsuite name="tests/status-and-counters-refs-id.intervening-if.test.ts" timestamp="2026-04-23T07:32:40.050Z" hostname="A2Ryzen9" tests="2" failures="0" errors="0" skipped="0" time="0.0502488">
        <testcase classname="tests/status-and-counters-refs-id.intervening-if.test.ts" name="Intervening-if: status/counter templates work via refs-id &gt; tapped/untapped, token, name, type, chosen color work without sourcePermanent" time="0.0454054">
        </testcase>
        <testcase classname="tests/status-and-counters-refs-id.intervening-if.test.ts" name="Intervening-if: status/counter templates work via refs-id &gt; ki counters, battalion, and blocking-a-colored-creature work without sourcePermanent" time="0.0015319">
        </testcase>
    </testsuite>
    <testsuite name="tests/stonybrook-banneret.request-cast.integration.test.ts" timestamp="2026-04-23T07:32:40.051Z" hostname="A2Ryzen9" tests="2" failures="0" errors="0" skipped="0" time="0.0403784">
        <testcase classname="tests/stonybrook-banneret.request-cast.integration.test.ts" name="Banneret request-cast flow (integration) &gt; reduces Merfolk/Wizard spell payment by {1} in the queued mana payment step" time="0.0212179">
        </testcase>
        <testcase classname="tests/stonybrook-banneret.request-cast.integration.test.ts" name="Banneret request-cast flow (integration) &gt; reduces other Banneret subtype pairs without hardcoded Stonybrook logic" time="0.0026982">
        </testcase>
    </testsuite>
    <testsuite name="tests/stun-counters.replay.test.ts" timestamp="2026-04-23T07:32:40.051Z" hostname="A2Ryzen9" tests="5" failures="0" errors="0" skipped="0" time="0.1183846">
        <testcase classname="tests/stun-counters.replay.test.ts" name="stun counter support &gt; removes one stun counter instead of untapping during the untap step" time="0.0478497">
        </testcase>
        <testcase classname="tests/stun-counters.replay.test.ts" name="stun counter support &gt; replay applies the same stun-counter untap replacement during nextStep" time="0.0094551">
        </testcase>
        <testcase classname="tests/stun-counters.replay.test.ts" name="stun counter support &gt; restores the same stun-counter untap result from persisted restart replay events" time="0.0022446">
        </testcase>
        <testcase classname="tests/stun-counters.replay.test.ts" name="stun counter support &gt; reset plus replay without the nextStep event restores the pre-advance stun state" time="0.0017022">
        </testcase>
        <testcase classname="tests/stun-counters.replay.test.ts" name="stun counter support &gt; resolves the explicit stun-counter template by tapping the target and adding two stun counters" time="0.053178">
        </testcase>
    </testsuite>
    <testsuite name="tests/summon-the-school.graveyard-recursion.integration.test.ts" timestamp="2026-04-23T07:32:40.052Z" hostname="A2Ryzen9" tests="3" failures="0" errors="0" skipped="0" time="0.1881374">
        <testcase classname="tests/summon-the-school.graveyard-recursion.integration.test.ts" name="Summon the School graveyard recursion (integration) &gt; queues the tap-four-Merfolk cost and returns Summon the School to hand when paid" time="0.1591936">
        </testcase>
        <testcase classname="tests/summon-the-school.graveyard-recursion.integration.test.ts" name="Summon the School graveyard recursion (integration) &gt; replays the tap-four-Merfolk return path by tapping the chosen creatures and moving the card to hand" time="0.0147042">
        </testcase>
        <testcase classname="tests/summon-the-school.graveyard-recursion.integration.test.ts" name="Summon the School graveyard recursion (integration) &gt; replays the unresolved tap-four-Merfolk cost prompt before any creatures are tapped" time="0.0015888">
        </testcase>
    </testsuite>
    <testsuite name="tests/summon-the-school.loop-replay.integration.test.ts" timestamp="2026-04-23T07:32:40.052Z" hostname="A2Ryzen9" tests="1" failures="0" errors="0" skipped="0" time="0.7098718">
        <testcase classname="tests/summon-the-school.loop-replay.integration.test.ts" name="Summon the School loop replay persistence (integration) &gt; replays a recorded Summon loop line that taps one of the newly created tokens for Drowner of Secrets" time="0.6990339">
        </testcase>
    </testsuite>
    <testsuite name="tests/sundial.inroom.authorization.integration.test.ts" timestamp="2026-04-23T07:32:40.053Z" hostname="A2Ryzen9" tests="7" failures="0" errors="0" skipped="0" time="0.0404811">
        <testcase classname="tests/sundial.inroom.authorization.integration.test.ts" name="sundialActivate in-room authorization (integration) &gt; rejects sundialActivate when socket is not in the game room" time="0.00467">
        </testcase>
        <testcase classname="tests/sundial.inroom.authorization.integration.test.ts" name="sundialActivate in-room authorization (integration) &gt; rejects sundialActivate when socket.data.gameId mismatches (even if in room)" time="0.0009213">
        </testcase>
        <testcase classname="tests/sundial.inroom.authorization.integration.test.ts" name="sundialActivate in-room authorization (integration) &gt; rejects sundialActivate when player does not control a battlefield Sundial (even if they have one in hand)" time="0.0007555">
        </testcase>
        <testcase classname="tests/sundial.inroom.authorization.integration.test.ts" name="sundialActivate in-room authorization (integration) &gt; rejects sundialActivate when player doesn&apos;t have priority" time="0.0008703">
        </testcase>
        <testcase classname="tests/sundial.inroom.authorization.integration.test.ts" name="sundialActivate in-room authorization (integration) &gt; rejects sundialActivate when Sundial is tapped" time="0.0008103">
        </testcase>
        <testcase classname="tests/sundial.inroom.authorization.integration.test.ts" name="sundialActivate in-room authorization (integration) &gt; allows sundialActivate when player controls untapped Sundial, has priority, and can pay {1}" time="0.0148841">
        </testcase>
        <testcase classname="tests/sundial.inroom.authorization.integration.test.ts" name="sundialActivate in-room authorization (integration) &gt; does not throw when payload is missing (crash-safety)" time="0.001862">
        </testcase>
    </testsuite>
    <testsuite name="tests/surveil.validate-before-complete.integration.test.ts" timestamp="2026-04-23T07:32:40.054Z" hostname="A2Ryzen9" tests="2" failures="0" errors="0" skipped="0" time="0.0814527">
        <testcase classname="tests/surveil.validate-before-complete.integration.test.ts" name="SURVEIL validate-before-complete (integration) &gt; does not consume the step on invalid selection" time="0.0480952">
        </testcase>
        <testcase classname="tests/surveil.validate-before-complete.integration.test.ts" name="SURVEIL validate-before-complete (integration) &gt; persists follow-up graveyard exile prompts created after surveil resolves" time="0.0050873">
        </testcase>
    </testsuite>
    <testsuite name="tests/suspected-and-counters-based-artifacts.intervening-if.test.ts" timestamp="2026-04-23T07:32:40.054Z" hostname="A2Ryzen9" tests="10" failures="0" errors="0" skipped="0" time="0.0561351">
        <testcase classname="tests/suspected-and-counters-based-artifacts.intervening-if.test.ts" name="Intervening-if: not suspected + counters-based artifacts + exiled-with-counter &gt; if it&apos;s not suspected: returns null when flag unknown" time="0.0276101">
        </testcase>
        <testcase classname="tests/suspected-and-counters-based-artifacts.intervening-if.test.ts" name="Intervening-if: not suspected + counters-based artifacts + exiled-with-counter &gt; if it&apos;s not suspected: returns true/false from suspected flag" time="0.0053934">
        </testcase>
        <testcase classname="tests/suspected-and-counters-based-artifacts.intervening-if.test.ts" name="Intervening-if: not suspected + counters-based artifacts + exiled-with-counter &gt; artifact loyalty counters: returns null when battlefield not tracked" time="0.0117526">
        </testcase>
        <testcase classname="tests/suspected-and-counters-based-artifacts.intervening-if.test.ts" name="Intervening-if: not suspected + counters-based artifacts + exiled-with-counter &gt; artifact loyalty counters: returns null when counters tracking absent everywhere" time="0.0053482">
        </testcase>
        <testcase classname="tests/suspected-and-counters-based-artifacts.intervening-if.test.ts" name="Intervening-if: not suspected + counters-based artifacts + exiled-with-counter &gt; artifact loyalty counters: returns false when counters tracking exists and source has none" time="0.0004418">
        </testcase>
        <testcase classname="tests/suspected-and-counters-based-artifacts.intervening-if.test.ts" name="Intervening-if: not suspected + counters-based artifacts + exiled-with-counter &gt; artifact loyalty counters: returns true when loyalty &gt; 0" time="0.0003529">
        </testcase>
        <testcase classname="tests/suspected-and-counters-based-artifacts.intervening-if.test.ts" name="Intervening-if: not suspected + counters-based artifacts + exiled-with-counter &gt; artifact charge counters (N or more): returns deterministic false/true when tracking exists" time="0.0009075">
        </testcase>
        <testcase classname="tests/suspected-and-counters-based-artifacts.intervening-if.test.ts" name="Intervening-if: not suspected + counters-based artifacts + exiled-with-counter &gt; exiled-with-counter: returns null when counters tracking absent everywhere" time="0.0005219">
        </testcase>
        <testcase classname="tests/suspected-and-counters-based-artifacts.intervening-if.test.ts" name="Intervening-if: not suspected + counters-based artifacts + exiled-with-counter &gt; exiled-with-counter: returns false when tracking exists and the card has no counters object" time="0.0005623">
        </testcase>
        <testcase classname="tests/suspected-and-counters-based-artifacts.intervening-if.test.ts" name="Intervening-if: not suspected + counters-based artifacts + exiled-with-counter &gt; exiled-with-counter: returns true when the exiled card has the counter" time="0.0004089">
        </testcase>
    </testsuite>
    <testsuite name="tests/suspend-cast.validate-before-complete.integration.test.ts" timestamp="2026-04-23T07:32:40.056Z" hostname="A2Ryzen9" tests="1" failures="0" errors="0" skipped="0" time="0.0481668">
        <testcase classname="tests/suspend-cast.validate-before-complete.integration.test.ts" name="SUSPEND_CAST validate-before-complete (integration) &gt; does not consume the step when the card is not in hand" time="0.0246021">
        </testcase>
    </testsuite>
    <testsuite name="tests/tanuki-transplanter.attack-trigger.integration.test.ts" timestamp="2026-04-23T07:32:40.057Z" hostname="A2Ryzen9" tests="4" failures="0" errors="0" skipped="0" time="0.1065167">
        <testcase classname="tests/tanuki-transplanter.attack-trigger.integration.test.ts" name="Tanuki Transplanter attack trigger &gt; adds green mana equal to equipped creature power when the attached creature attacks" time="0.061189">
        </testcase>
        <testcase classname="tests/tanuki-transplanter.attack-trigger.integration.test.ts" name="Tanuki Transplanter attack trigger &gt; detects its self-attack trigger while unattached" time="0.001161">
        </testcase>
        <testcase classname="tests/tanuki-transplanter.attack-trigger.integration.test.ts" name="Tanuki Transplanter attack trigger &gt; keeps Tanuki mana through later phase changes but clears it on the next turn" time="0.0325701">
        </testcase>
        <testcase classname="tests/tanuki-transplanter.attack-trigger.integration.test.ts" name="Tanuki Transplanter attack trigger &gt; clears temporary mana that only lasts until end of combat" time="0.0017116">
        </testcase>
    </testsuite>
    <testsuite name="tests/tap-other-as-cost.battlefield-activation.resolution-queue.integration.test.ts" timestamp="2026-04-23T07:32:40.057Z" hostname="A2Ryzen9" tests="4" failures="0" errors="0" skipped="0" time="0.2714501">
        <testcase classname="tests/tap-other-as-cost.battlefield-activation.resolution-queue.integration.test.ts" name="Tap-other-as-activation-cost via Resolution Queue (integration) &gt; enqueues TAP_UNTAP_TARGET and resumes activation after tapping a creature you control" time="0.1996082">
        </testcase>
        <testcase classname="tests/tap-other-as-cost.battlefield-activation.resolution-queue.integration.test.ts" name="Tap-other-as-activation-cost via Resolution Queue (integration) &gt; supports multi-type tap-other costs (artifact creature) by requiring all types" time="0.0168529">
        </testcase>
        <testcase classname="tests/tap-other-as-cost.battlefield-activation.resolution-queue.integration.test.ts" name="Tap-other-as-activation-cost via Resolution Queue (integration) &gt; supports tap-other costs with a simple power restriction (power 2 or less)" time="0.0100972">
        </testcase>
        <testcase classname="tests/tap-other-as-cost.battlefield-activation.resolution-queue.integration.test.ts" name="Tap-other-as-activation-cost via Resolution Queue (integration) &gt; supports tap-other costs that also pay life (deferred until target tap selection)" time="0.0128501">
        </testcase>
    </testsuite>
    <testsuite name="tests/tap-permanent.inroom.authorization.integration.test.ts" timestamp="2026-04-23T07:32:40.058Z" hostname="A2Ryzen9" tests="3" failures="0" errors="0" skipped="0" time="0.0374546">
        <testcase classname="tests/tap-permanent.inroom.authorization.integration.test.ts" name="tapPermanent in-room authorization (integration) &gt; blocks tapPermanent when socket is not in the game room (no mutation)" time="0.0154543">
        </testcase>
        <testcase classname="tests/tap-permanent.inroom.authorization.integration.test.ts" name="tapPermanent in-room authorization (integration) &gt; blocks tapPermanent when socket.data.gameId is set and mismatched (no mutation)" time="0.0013921">
        </testcase>
        <testcase classname="tests/tap-permanent.inroom.authorization.integration.test.ts" name="tapPermanent in-room authorization (integration) &gt; does not throw when payload is missing (crash-safety)" time="0.0047876">
        </testcase>
    </testsuite>
    <testsuite name="tests/tap-permanent.replay.test.ts" timestamp="2026-04-23T07:32:40.058Z" hostname="A2Ryzen9" tests="4" failures="0" errors="0" skipped="0" time="0.1547925">
        <testcase classname="tests/tap-permanent.replay.test.ts" name="tapPermanent replay semantics &gt; replays recorded mana deltas, mana costs, and life loss on tapPermanent" time="0.0219723">
        </testcase>
        <testcase classname="tests/tap-permanent.replay.test.ts" name="tapPermanent replay semantics &gt; keeps legacy tapPermanent events as tap-only when no resource deltas were persisted" time="0.0008178">
        </testcase>
        <testcase classname="tests/tap-permanent.replay.test.ts" name="tapPermanent replay semantics &gt; persists recorded mana deltas for simple live tapPermanent mana production" time="0.1149761">
        </testcase>
        <testcase classname="tests/tap-permanent.replay.test.ts" name="tapPermanent replay semantics &gt; uses the derived tap-line amount for legacy quick-tap mana production" time="0.0037658">
        </testcase>
    </testsuite>
    <testsuite name="tests/tap-untap-choice-persistence.integration.test.ts" timestamp="2026-04-23T07:32:40.059Z" hostname="A2Ryzen9" tests="1" failures="0" errors="0" skipped="0" time="0.0520901">
        <testcase classname="tests/tap-untap-choice-persistence.integration.test.ts" name="tap/untap follow-up prompt persistence &gt; persists the queued tap-or-untap decision after target selection" time="0.036917">
        </testcase>
    </testsuite>
    <testsuite name="tests/tap-untap-choice.replay.test.ts" timestamp="2026-04-23T07:32:40.059Z" hostname="A2Ryzen9" tests="1" failures="0" errors="0" skipped="0" time="0.0225679">
        <testcase classname="tests/tap-untap-choice.replay.test.ts" name="tap/untap follow-up replay semantics &gt; replays targetSelectionTapUntapPrompt by restoring the queued decision step" time="0.0194528">
        </testcase>
    </testsuite>
    <testsuite name="tests/tap-untap-target.validate-before-complete.integration.test.ts" timestamp="2026-04-23T07:32:40.060Z" hostname="A2Ryzen9" tests="1" failures="0" errors="0" skipped="0" time="0.5086192">
        <testcase classname="tests/tap-untap-target.validate-before-complete.integration.test.ts" name="TAP_UNTAP_TARGET validate-before-complete (integration) &gt; does not consume the step on invalid target count / target ids" time="0.0345599">
        </testcase>
    </testsuite>
    <testsuite name="tests/target-selection.stale-target.validate-before-complete.integration.test.ts" timestamp="2026-04-23T07:32:40.060Z" hostname="A2Ryzen9" tests="2" failures="0" errors="0" skipped="0" time="0.0571706">
        <testcase classname="tests/target-selection.stale-target.validate-before-complete.integration.test.ts" name="TARGET_SELECTION stale-target validate-before-complete (integration) &gt; does not consume the step if the target no longer exists (action-based TARGET_SELECTION)" time="0.0345336">
        </testcase>
        <testcase classname="tests/target-selection.stale-target.validate-before-complete.integration.test.ts" name="TARGET_SELECTION stale-target validate-before-complete (integration) &gt; does not consume the step if a move_graveyard_card_to_hand target is no longer in the graveyard" time="0.004978">
        </testcase>
    </testsuite>
    <testsuite name="tests/targeting-stackitem-refs.intervening-if.test.ts" timestamp="2026-04-23T07:32:40.060Z" hostname="A2Ryzen9" tests="2" failures="0" errors="0" skipped="0" time="0.0620557">
        <testcase classname="tests/targeting-stackitem-refs.intervening-if.test.ts" name="Intervening-if: targeting clauses prefer refs.stackItem &gt; &quot;if it targets a creature you control with the chosen name&quot; works from refs.stackItem" time="0.0568591">
        </testcase>
        <testcase classname="tests/targeting-stackitem-refs.intervening-if.test.ts" name="Intervening-if: targeting clauses prefer refs.stackItem &gt; &quot;if it targets one or more other permanents you control&quot; works from refs.stackItem" time="0.0023334">
        </testcase>
    </testsuite>
    <testsuite name="tests/targeting.artifact-enchantment.test.ts" timestamp="2026-04-23T07:32:40.061Z" hostname="A2Ryzen9" tests="5" failures="0" errors="0" skipped="0" time="0.0205027">
        <testcase classname="tests/targeting.artifact-enchantment.test.ts" name="Targeting artifacts and enchantments &gt; categorizes &quot;destroy target artifact or enchantment&quot; correctly" time="0.0129065">
        </testcase>
        <testcase classname="tests/targeting.artifact-enchantment.test.ts" name="Targeting artifacts and enchantments &gt; evaluates targets for artifact or enchantment spells" time="0.0022889">
        </testcase>
        <testcase classname="tests/targeting.artifact-enchantment.test.ts" name="Targeting artifacts and enchantments &gt; evaluates targets for single artifact spells" time="0.0005027">
        </testcase>
        <testcase classname="tests/targeting.artifact-enchantment.test.ts" name="Targeting artifacts and enchantments &gt; evaluates targets for single enchantment spells" time="0.0005929">
        </testcase>
        <testcase classname="tests/targeting.artifact-enchantment.test.ts" name="Targeting artifacts and enchantments &gt; resolves destroy all artifacts" time="0.0015191">
        </testcase>
    </testsuite>
    <testsuite name="tests/targeting.damage.effects.test.ts" timestamp="2026-04-23T07:32:40.061Z" hostname="A2Ryzen9" tests="13" failures="0" errors="0" skipped="0" time="0.1156525">
        <testcase classname="tests/targeting.damage.effects.test.ts" name="Damage effects via resolveSpell (ANY_TARGET_DAMAGE, DAMAGE_EACH) &gt; reduces player life total for ANY_TARGET_DAMAGE" time="0.0232354">
        </testcase>
        <testcase classname="tests/targeting.damage.effects.test.ts" name="Damage effects via resolveSpell (ANY_TARGET_DAMAGE, DAMAGE_EACH) &gt; removes a creature permanent when lethal damage is applied" time="0.0543513">
        </testcase>
        <testcase classname="tests/targeting.damage.effects.test.ts" name="Damage effects via resolveSpell (ANY_TARGET_DAMAGE, DAMAGE_EACH) &gt; Lightning Bolt (3 damage) kills a 1/1 creature - simulates AI casting" time="0.0092612">
        </testcase>
        <testcase classname="tests/targeting.damage.effects.test.ts" name="Damage effects via resolveSpell (ANY_TARGET_DAMAGE, DAMAGE_EACH) &gt; DAMAGE_EACH applies to all creatures and removes 1-toughness tokens when amount &gt;= toughness" time="0.0031162">
        </testcase>
        <testcase classname="tests/targeting.damage.effects.test.ts" name="Damage effects via resolveSpell (ANY_TARGET_DAMAGE, DAMAGE_EACH) &gt; categorizeSpell: deals N damage to target player -&gt; DAMAGE_TARGET_PLAYER" time="0.0072163">
        </testcase>
        <testcase classname="tests/targeting.damage.effects.test.ts" name="Damage effects via resolveSpell (ANY_TARGET_DAMAGE, DAMAGE_EACH) &gt; evaluateTargeting: target opponent excludes caster" time="0.0045347">
        </testcase>
        <testcase classname="tests/targeting.damage.effects.test.ts" name="Damage effects via resolveSpell (ANY_TARGET_DAMAGE, DAMAGE_EACH) &gt; categorizeSpell: deals N damage to target creature an opponent controls -&gt; DAMAGE_TARGET (opponentOnly)" time="0.0026954">
        </testcase>
        <testcase classname="tests/targeting.damage.effects.test.ts" name="Damage effects via resolveSpell (ANY_TARGET_DAMAGE, DAMAGE_EACH) &gt; evaluateTargeting: scoped DAMAGE_TARGET excludes caster-controlled permanents" time="0.0037893">
        </testcase>
        <testcase classname="tests/targeting.damage.effects.test.ts" name="Damage effects via resolveSpell (ANY_TARGET_DAMAGE, DAMAGE_EACH) &gt; resolveSpell: scoped DAMAGE_TARGET does not produce effects for illegal chosen target" time="0.0009783">
        </testcase>
        <testcase classname="tests/targeting.damage.effects.test.ts" name="Damage effects via resolveSpell (ANY_TARGET_DAMAGE, DAMAGE_EACH) &gt; DAMAGE_TARGET_PLAYER reduces life total" time="0.0003297">
        </testcase>
        <testcase classname="tests/targeting.damage.effects.test.ts" name="Damage effects via resolveSpell (ANY_TARGET_DAMAGE, DAMAGE_EACH) &gt; DAMAGE_EACH_OPPONENT reduces opponents life only" time="0.000383">
        </testcase>
        <testcase classname="tests/targeting.damage.effects.test.ts" name="Damage effects via resolveSpell (ANY_TARGET_DAMAGE, DAMAGE_EACH) &gt; DAMAGE_EACH can target creatures and planeswalkers together (resolveSpell output)" time="0.0010931">
        </testcase>
        <testcase classname="tests/targeting.damage.effects.test.ts" name="Damage effects via resolveSpell (ANY_TARGET_DAMAGE, DAMAGE_EACH) &gt; DAMAGE_EACH supports controllerOnly scope (resolveSpell output)" time="0.0008659">
        </testcase>
    </testsuite>
    <testsuite name="tests/targeting.resolve.test.ts" timestamp="2026-04-23T07:32:40.063Z" hostname="A2Ryzen9" tests="8" failures="0" errors="0" skipped="0" time="0.0899685">
        <testcase classname="tests/targeting.resolve.test.ts" name="Targeting resolve destroy/exile &gt; destroys chosen targets" time="0.0537073">
        </testcase>
        <testcase classname="tests/targeting.resolve.test.ts" name="Targeting resolve destroy/exile &gt; exiles all creatures" time="0.002196">
        </testcase>
        <testcase classname="tests/targeting.resolve.test.ts" name="Targeting resolve destroy/exile &gt; destroy all creatures you control only affects your permanents" time="0.0107853">
        </testcase>
        <testcase classname="tests/targeting.resolve.test.ts" name="Targeting resolve destroy/exile &gt; exile all creatures your opponents control only affects opponents" time="0.0123787">
        </testcase>
        <testcase classname="tests/targeting.resolve.test.ts" name="Targeting resolve destroy/exile &gt; destroy all artifacts target player controls affects only that player" time="0.0014015">
        </testcase>
        <testcase classname="tests/targeting.resolve.test.ts" name="Targeting resolve destroy/exile &gt; categorizeSpell: &quot;Destroy up to two target nonland permanents&quot; -&gt; DESTROY_TARGET (nonlandOnly, max 2)" time="0.0014657">
        </testcase>
        <testcase classname="tests/targeting.resolve.test.ts" name="Targeting resolve destroy/exile &gt; categorizeSpell + evaluateTargeting: Beast Within stays on target permanent despite later token text" time="0.0048684">
        </testcase>
        <testcase classname="tests/targeting.resolve.test.ts" name="Targeting resolve destroy/exile &gt; DESTROY_TARGET with nonlandOnly skips lands (defensive)" time="0.0003881">
        </testcase>
    </testsuite>
    <testsuite name="tests/targeting.templates.blight.test.ts" timestamp="2026-04-23T07:32:40.064Z" hostname="A2Ryzen9" tests="6" failures="0" errors="0" skipped="0" time="0.034577">
        <testcase classname="tests/targeting.templates.blight.test.ts" name="Oracle templates: Blight (Lorwyn Eclipsed) &gt; categorizeSpell: &quot;Each opponent blights 1.&quot; -&gt; BLIGHT_EACH_OPPONENT (supports numerals + reminder text)" time="0.0059533">
        </testcase>
        <testcase classname="tests/targeting.templates.blight.test.ts" name="Oracle templates: Blight (Lorwyn Eclipsed) &gt; resolveSpell: BLIGHT_EACH_OPPONENT -&gt; QueueBlightEachOpponent" time="0.0206999">
        </testcase>
        <testcase classname="tests/targeting.templates.blight.test.ts" name="Oracle templates: Blight (Lorwyn Eclipsed) &gt; categorizeSpell + evaluateTargeting: &quot;Target opponent blights 2.&quot; -&gt; BLIGHT_TARGET_OPPONENT (opponentOnly)" time="0.0031002">
        </testcase>
        <testcase classname="tests/targeting.templates.blight.test.ts" name="Oracle templates: Blight (Lorwyn Eclipsed) &gt; categorizeSpell: &quot;Each player blights 1.&quot; -&gt; BLIGHT_EACH_PLAYER" time="0.0006002">
        </testcase>
        <testcase classname="tests/targeting.templates.blight.test.ts" name="Oracle templates: Blight (Lorwyn Eclipsed) &gt; categorizeSpell + evaluateTargeting: &quot;Target player blights 1.&quot; -&gt; BLIGHT_TARGET_PLAYER" time="0.0008992">
        </testcase>
        <testcase classname="tests/targeting.templates.blight.test.ts" name="Oracle templates: Blight (Lorwyn Eclipsed) &gt; categorizeSpell: &quot;Blight 2.&quot; -&gt; BLIGHT_SELF" time="0.0005112">
        </testcase>
    </testsuite>
    <testsuite name="tests/targeting.templates.bounce-tap-untap.test.ts" timestamp="2026-04-23T07:32:40.064Z" hostname="A2Ryzen9" tests="36" failures="0" errors="0" skipped="0" time="0.1214052">
        <testcase classname="tests/targeting.templates.bounce-tap-untap.test.ts" name="Oracle templates: bounce / tap / untap &gt; categorizeSpell: &quot;Return target creature to its owner&apos;s hand.&quot; -&gt; BOUNCE_TARGET" time="0.0102472">
        </testcase>
        <testcase classname="tests/targeting.templates.bounce-tap-untap.test.ts" name="Oracle templates: bounce / tap / untap &gt; categorizeSpell: &quot;Return target artifact to its owner&apos;s hand.&quot; -&gt; BOUNCE_TARGET (ARTIFACT)" time="0.0048441">
        </testcase>
        <testcase classname="tests/targeting.templates.bounce-tap-untap.test.ts" name="Oracle templates: bounce / tap / untap &gt; categorizeSpell: &quot;Return up to two target creatures to their owners&apos; hands.&quot; -&gt; BOUNCE_TARGET (max 2)" time="0.000878">
        </testcase>
        <testcase classname="tests/targeting.templates.bounce-tap-untap.test.ts" name="Oracle templates: bounce / tap / untap &gt; categorizeSpell: &quot;Return up to two target nonland permanents to their owners&apos; hands.&quot; -&gt; BOUNCE_TARGET (PERMANENT + nonlandOnly)" time="0.0006778">
        </testcase>
        <testcase classname="tests/targeting.templates.bounce-tap-untap.test.ts" name="Oracle templates: bounce / tap / untap &gt; categorizeSpell: &quot;Tap target creature.&quot; -&gt; TAP_TARGET" time="0.0002659">
        </testcase>
        <testcase classname="tests/targeting.templates.bounce-tap-untap.test.ts" name="Oracle templates: bounce / tap / untap &gt; categorizeSpell: &quot;Tap target creature an opponent controls.&quot; -&gt; TAP_TARGET (opponentOnly)" time="0.0009259">
        </testcase>
        <testcase classname="tests/targeting.templates.bounce-tap-untap.test.ts" name="Oracle templates: bounce / tap / untap &gt; categorizeSpell: &quot;Tap target land.&quot; -&gt; TAP_TARGET (LAND)" time="0.0002604">
        </testcase>
        <testcase classname="tests/targeting.templates.bounce-tap-untap.test.ts" name="Oracle templates: bounce / tap / untap &gt; categorizeSpell: &quot;Tap target nonland permanent.&quot; -&gt; TAP_TARGET (PERMANENT + nonlandOnly)" time="0.0002885">
        </testcase>
        <testcase classname="tests/targeting.templates.bounce-tap-untap.test.ts" name="Oracle templates: bounce / tap / untap &gt; categorizeSpell: &quot;Tap up to two target nonland permanents.&quot; -&gt; TAP_TARGET (PERMANENT + nonlandOnly, max 2)" time="0.0012505">
        </testcase>
        <testcase classname="tests/targeting.templates.bounce-tap-untap.test.ts" name="Oracle templates: bounce / tap / untap &gt; categorizeSpell: &quot;Tap target attacking or blocking creature.&quot; -&gt; TAP_TARGET with attacked_or_blocked_this_turn restriction" time="0.0003329">
        </testcase>
        <testcase classname="tests/targeting.templates.bounce-tap-untap.test.ts" name="Oracle templates: bounce / tap / untap &gt; categorizeSpell: &quot;Tap target creature that entered this turn.&quot; -&gt; TAP_TARGET with entered_this_turn restriction" time="0.0002382">
        </testcase>
        <testcase classname="tests/targeting.templates.bounce-tap-untap.test.ts" name="Oracle templates: bounce / tap / untap &gt; categorizeSpell: &quot;Untap target permanent.&quot; -&gt; UNTAP_TARGET" time="0.0001902">
        </testcase>
        <testcase classname="tests/targeting.templates.bounce-tap-untap.test.ts" name="Oracle templates: bounce / tap / untap &gt; categorizeSpell: &quot;Untap target creature you control.&quot; -&gt; UNTAP_TARGET (controllerOnly)" time="0.000201">
        </testcase>
        <testcase classname="tests/targeting.templates.bounce-tap-untap.test.ts" name="Oracle templates: bounce / tap / untap &gt; categorizeSpell: &quot;Untap target planeswalker.&quot; -&gt; UNTAP_TARGET (PLANESWALKER)" time="0.0001362">
        </testcase>
        <testcase classname="tests/targeting.templates.bounce-tap-untap.test.ts" name="Oracle templates: bounce / tap / untap &gt; categorizeSpell: &quot;Untap up to two target nonland permanents.&quot; -&gt; UNTAP_TARGET (PERMANENT + nonlandOnly, max 2)" time="0.0001943">
        </testcase>
        <testcase classname="tests/targeting.templates.bounce-tap-untap.test.ts" name="Oracle templates: bounce / tap / untap &gt; categorizeSpell: &quot;Tap all creatures.&quot; -&gt; TAP_ALL" time="0.0001722">
        </testcase>
        <testcase classname="tests/targeting.templates.bounce-tap-untap.test.ts" name="Oracle templates: bounce / tap / untap &gt; categorizeSpell: &quot;Tap all creatures your opponents control.&quot; -&gt; TAP_ALL (opponents only)" time="0.0001896">
        </testcase>
        <testcase classname="tests/targeting.templates.bounce-tap-untap.test.ts" name="Oracle templates: bounce / tap / untap &gt; categorizeSpell: &quot;Untap all lands you control.&quot; -&gt; UNTAP_ALL (controller only)" time="0.0001835">
        </testcase>
        <testcase classname="tests/targeting.templates.bounce-tap-untap.test.ts" name="Oracle templates: bounce / tap / untap &gt; categorizeSpell: &quot;Untap all nonland permanents you control.&quot; -&gt; UNTAP_ALL (nonland, controller only)" time="0.0001727">
        </testcase>
        <testcase classname="tests/targeting.templates.bounce-tap-untap.test.ts" name="Oracle templates: bounce / tap / untap &gt; categorizeSpell: &quot;Tap all creatures target player controls.&quot; -&gt; TAP_ALL_TARGET_PLAYER" time="0.0001695">
        </testcase>
        <testcase classname="tests/targeting.templates.bounce-tap-untap.test.ts" name="Oracle templates: bounce / tap / untap &gt; categorizeSpell: &quot;Untap all lands target player controls.&quot; -&gt; UNTAP_ALL_TARGET_PLAYER" time="0.0001638">
        </testcase>
        <testcase classname="tests/targeting.templates.bounce-tap-untap.test.ts" name="Target evaluation: single-target controller/opponent scopes &gt; evaluateTargeting: opponentOnly excludes caster-controlled permanents" time="0.0213649">
        </testcase>
        <testcase classname="tests/targeting.templates.bounce-tap-untap.test.ts" name="Target evaluation: single-target controller/opponent scopes &gt; evaluateTargeting: controllerOnly excludes opponent-controlled permanents" time="0.00046">
        </testcase>
        <testcase classname="tests/targeting.templates.bounce-tap-untap.test.ts" name="Target evaluation: tap respects controller filter &gt; evaluateTargeting: TAP_TARGET creature only returns creature permanents" time="0.0003395">
        </testcase>
        <testcase classname="tests/targeting.templates.bounce-tap-untap.test.ts" name="Target evaluation: tap respects controller filter &gt; evaluateTargeting: nonlandOnly excludes lands for PERMANENT filter" time="0.000437">
        </testcase>
        <testcase classname="tests/targeting.templates.bounce-tap-untap.test.ts" name="Target evaluation: tap respects controller filter &gt; evaluateTargeting: TAP_TARGET with combat restriction only returns attackers/blockers" time="0.0067531">
        </testcase>
        <testcase classname="tests/targeting.templates.bounce-tap-untap.test.ts" name="Execution via applyEvent(resolveSpell) for bounce / tap / untap &gt; BOUNCE_TARGET moves a nontoken permanent to owner hand" time="0.0030594">
        </testcase>
        <testcase classname="tests/targeting.templates.bounce-tap-untap.test.ts" name="Execution via applyEvent(resolveSpell) for bounce / tap / untap &gt; BOUNCE_TARGET makes tokens cease to exist (not moved to hand)" time="0.0582866">
        </testcase>
        <testcase classname="tests/targeting.templates.bounce-tap-untap.test.ts" name="Execution via applyEvent(resolveSpell) for bounce / tap / untap &gt; TAP_TARGET and UNTAP_TARGET toggle permanent tapped state" time="0.0011456">
        </testcase>
        <testcase classname="tests/targeting.templates.bounce-tap-untap.test.ts" name="Execution via applyEvent(resolveSpell) for bounce / tap / untap &gt; TAP_TARGET with nonlandOnly does not tap lands (defensive)" time="0.0008814">
        </testcase>
        <testcase classname="tests/targeting.templates.bounce-tap-untap.test.ts" name="Execution via applyEvent(resolveSpell) for bounce / tap / untap &gt; TAP_ALL taps all creatures" time="0.0007715">
        </testcase>
        <testcase classname="tests/targeting.templates.bounce-tap-untap.test.ts" name="Execution via applyEvent(resolveSpell) for bounce / tap / untap &gt; TAP_ALL (opponents only) taps only opponents creatures" time="0.000312">
        </testcase>
        <testcase classname="tests/targeting.templates.bounce-tap-untap.test.ts" name="Execution via applyEvent(resolveSpell) for bounce / tap / untap &gt; UNTAP_ALL (lands you control) untaps only your lands" time="0.0008166">
        </testcase>
        <testcase classname="tests/targeting.templates.bounce-tap-untap.test.ts" name="Execution via applyEvent(resolveSpell) for bounce / tap / untap &gt; UNTAP_ALL (nonland permanents you control) skips lands" time="0.000317">
        </testcase>
        <testcase classname="tests/targeting.templates.bounce-tap-untap.test.ts" name="Execution via applyEvent(resolveSpell) for bounce / tap / untap &gt; TAP_ALL_TARGET_PLAYER taps only creatures controlled by the chosen player" time="0.0006966">
        </testcase>
        <testcase classname="tests/targeting.templates.bounce-tap-untap.test.ts" name="Execution via applyEvent(resolveSpell) for bounce / tap / untap &gt; UNTAP_ALL_TARGET_PLAYER untaps only lands controlled by the chosen player" time="0.0003233">
        </testcase>
    </testsuite>
    <testsuite name="tests/targeting.templates.counters-draw-discard.test.ts" timestamp="2026-04-23T07:32:40.068Z" hostname="A2Ryzen9" tests="28" failures="0" errors="0" skipped="0" time="0.1118692">
        <testcase classname="tests/targeting.templates.counters-draw-discard.test.ts" name="Oracle templates: draw/discard/counters/damage &gt; categorizeSpell: &quot;Draw two cards.&quot; -&gt; DRAW_CARDS" time="0.0068027">
        </testcase>
        <testcase classname="tests/targeting.templates.counters-draw-discard.test.ts" name="Oracle templates: draw/discard/counters/damage &gt; categorizeSpell: &quot;Target player draws two cards.&quot; -&gt; DRAW_TARGET_PLAYER" time="0.0008794">
        </testcase>
        <testcase classname="tests/targeting.templates.counters-draw-discard.test.ts" name="Oracle templates: draw/discard/counters/damage &gt; categorizeSpell: &quot;Each opponent draws two cards.&quot; -&gt; DRAW_CARDS_EACH_OPPONENT" time="0.0004321">
        </testcase>
        <testcase classname="tests/targeting.templates.counters-draw-discard.test.ts" name="Oracle templates: draw/discard/counters/damage &gt; categorizeSpell: &quot;Each player draws a card.&quot; -&gt; DRAW_CARDS_EACH_PLAYER" time="0.0004239">
        </testcase>
        <testcase classname="tests/targeting.templates.counters-draw-discard.test.ts" name="Oracle templates: draw/discard/counters/damage &gt; categorizeSpell: &quot;Target player discards two cards.&quot; -&gt; DISCARD_TARGET_PLAYER" time="0.0003958">
        </testcase>
        <testcase classname="tests/targeting.templates.counters-draw-discard.test.ts" name="Oracle templates: draw/discard/counters/damage &gt; categorizeSpell: &quot;Each opponent discards two cards.&quot; -&gt; DISCARD_EACH_OPPONENT" time="0.0004407">
        </testcase>
        <testcase classname="tests/targeting.templates.counters-draw-discard.test.ts" name="Oracle templates: draw/discard/counters/damage &gt; categorizeSpell: &quot;Each player discards a card.&quot; -&gt; DISCARD_EACH_PLAYER" time="0.0003966">
        </testcase>
        <testcase classname="tests/targeting.templates.counters-draw-discard.test.ts" name="Oracle templates: draw/discard/counters/damage &gt; categorizeSpell: &quot;Put a +1/+1 counter on target creature.&quot; -&gt; ADD_COUNTERS_TARGET" time="0.0017012">
        </testcase>
        <testcase classname="tests/targeting.templates.counters-draw-discard.test.ts" name="Oracle templates: draw/discard/counters/damage &gt; categorizeSpell: &quot;Put a +1/+1 counter on up to one target creature.&quot; -&gt; ADD_COUNTERS_TARGET (optional)" time="0.0016637">
        </testcase>
        <testcase classname="tests/targeting.templates.counters-draw-discard.test.ts" name="Oracle templates: draw/discard/counters/damage &gt; categorizeSpell: &quot;Put a -1/-1 counter on target creature.&quot; -&gt; ADD_COUNTERS_TARGET" time="0.0005643">
        </testcase>
        <testcase classname="tests/targeting.templates.counters-draw-discard.test.ts" name="Oracle templates: draw/discard/counters/damage &gt; categorizeSpell: &quot;Put a -1/-1 counter on up to one target creature.&quot; -&gt; ADD_COUNTERS_TARGET (optional)" time="0.0004412">
        </testcase>
        <testcase classname="tests/targeting.templates.counters-draw-discard.test.ts" name="Oracle templates: draw/discard/counters/damage &gt; categorizeSpell: &quot;Put a +1/+1 counter on target creature that entered this turn.&quot; -&gt; ADD_COUNTERS_TARGET + restriction" time="0.0002263">
        </testcase>
        <testcase classname="tests/targeting.templates.counters-draw-discard.test.ts" name="Oracle templates: draw/discard/counters/damage &gt; evaluateTargeting: entered_this_turn restriction filters legal targets" time="0.0196784">
        </testcase>
        <testcase classname="tests/targeting.templates.counters-draw-discard.test.ts" name="Oracle templates: draw/discard/counters/damage &gt; evaluateTargeting: up to one target creature still enumerates legal creatures" time="0.0003736">
        </testcase>
        <testcase classname="tests/targeting.templates.counters-draw-discard.test.ts" name="Oracle templates: draw/discard/counters/damage &gt; categorizeSpell: &quot;Put a +1/+1 counter on each of up to two target creatures.&quot; -&gt; multi-target ADD_COUNTERS_TARGET" time="0.000605">
        </testcase>
        <testcase classname="tests/targeting.templates.counters-draw-discard.test.ts" name="Oracle templates: draw/discard/counters/damage &gt; categorizeSpell: &quot;Put a -1/-1 counter on each of up to two target creatures.&quot; -&gt; multi-target ADD_COUNTERS_TARGET" time="0.0004464">
        </testcase>
        <testcase classname="tests/targeting.templates.counters-draw-discard.test.ts" name="Oracle templates: draw/discard/counters/damage &gt; categorizeSpell: &quot;Put a +1/+1 counter on each creature you control.&quot; -&gt; ADD_COUNTERS_EACH" time="0.0004511">
        </testcase>
        <testcase classname="tests/targeting.templates.counters-draw-discard.test.ts" name="Oracle templates: draw/discard/counters/damage &gt; categorizeSpell: &quot;...deals 3 damage to target creature or planeswalker.&quot; -&gt; DAMAGE_TARGET + multiFilter" time="0.0064898">
        </testcase>
        <testcase classname="tests/targeting.templates.counters-draw-discard.test.ts" name="Execution via applyEvent(resolveSpell) for new EngineEffect kinds &gt; DRAW_CARDS draws from library into hand" time="0.0039282">
        </testcase>
        <testcase classname="tests/targeting.templates.counters-draw-discard.test.ts" name="Execution via applyEvent(resolveSpell) for new EngineEffect kinds &gt; DRAW_TARGET_PLAYER draws for the chosen player" time="0.0004375">
        </testcase>
        <testcase classname="tests/targeting.templates.counters-draw-discard.test.ts" name="Execution via applyEvent(resolveSpell) for new EngineEffect kinds &gt; DRAW_CARDS_EACH_OPPONENT draws for each opponent (not caster)" time="0.0080261">
        </testcase>
        <testcase classname="tests/targeting.templates.counters-draw-discard.test.ts" name="Execution via applyEvent(resolveSpell) for new EngineEffect kinds &gt; DRAW_CARDS_EACH_PLAYER draws for all players" time="0.0004229">
        </testcase>
        <testcase classname="tests/targeting.templates.counters-draw-discard.test.ts" name="Execution via applyEvent(resolveSpell) for new EngineEffect kinds &gt; DISCARD_TARGET_PLAYER sets pendingDiscard for the chosen player" time="0.0002469">
        </testcase>
        <testcase classname="tests/targeting.templates.counters-draw-discard.test.ts" name="Execution via applyEvent(resolveSpell) for new EngineEffect kinds &gt; DISCARD_EACH_OPPONENT sets pendingDiscard for each opponent (not caster)" time="0.0004901">
        </testcase>
        <testcase classname="tests/targeting.templates.counters-draw-discard.test.ts" name="Execution via applyEvent(resolveSpell) for new EngineEffect kinds &gt; DISCARD_EACH_PLAYER sets pendingDiscard for all players" time="0.0003954">
        </testcase>
        <testcase classname="tests/targeting.templates.counters-draw-discard.test.ts" name="Execution via applyEvent(resolveSpell) for new EngineEffect kinds &gt; ADD_COUNTERS_TARGET adds counters to chosen creature" time="0.04253">
        </testcase>
        <testcase classname="tests/targeting.templates.counters-draw-discard.test.ts" name="Execution via applyEvent(resolveSpell) for new EngineEffect kinds &gt; ADD_COUNTERS_EACH only affects creatures you control" time="0.0022295">
        </testcase>
        <testcase classname="tests/targeting.templates.counters-draw-discard.test.ts" name="Execution via applyEvent(resolveSpell) for new EngineEffect kinds &gt; evaluateTargeting: DAMAGE_TARGET creature-or-planeswalker includes both" time="0.006301">
        </testcase>
    </testsuite>
    <testsuite name="tests/targeting.templates.life-gain-loss.test.ts" timestamp="2026-04-23T07:32:40.072Z" hostname="A2Ryzen9" tests="16" failures="0" errors="0" skipped="0" time="0.0447632">
        <testcase classname="tests/targeting.templates.life-gain-loss.test.ts" name="Oracle templates: gain / lose life &gt; categorizeSpell: &quot;Gain 3 life.&quot; -&gt; GAIN_LIFE" time="0.0052199">
        </testcase>
        <testcase classname="tests/targeting.templates.life-gain-loss.test.ts" name="Oracle templates: gain / lose life &gt; categorizeSpell: &quot;Target player gains 2 life.&quot; -&gt; GAIN_LIFE_TARGET_PLAYER" time="0.0012898">
        </testcase>
        <testcase classname="tests/targeting.templates.life-gain-loss.test.ts" name="Oracle templates: gain / lose life &gt; categorizeSpell: &quot;Each opponent gains 1 life.&quot; -&gt; GAIN_LIFE_EACH_OPPONENT" time="0.0004756">
        </testcase>
        <testcase classname="tests/targeting.templates.life-gain-loss.test.ts" name="Oracle templates: gain / lose life &gt; categorizeSpell: &quot;Each player gains 2 life.&quot; -&gt; GAIN_LIFE_EACH_PLAYER" time="0.0004882">
        </testcase>
        <testcase classname="tests/targeting.templates.life-gain-loss.test.ts" name="Oracle templates: gain / lose life &gt; categorizeSpell: &quot;You lose 4 life.&quot; -&gt; LOSE_LIFE" time="0.0004404">
        </testcase>
        <testcase classname="tests/targeting.templates.life-gain-loss.test.ts" name="Oracle templates: gain / lose life &gt; categorizeSpell: &quot;Target player loses two life.&quot; -&gt; LOSE_LIFE_TARGET_PLAYER" time="0.0004005">
        </testcase>
        <testcase classname="tests/targeting.templates.life-gain-loss.test.ts" name="Oracle templates: gain / lose life &gt; categorizeSpell: &quot;Each opponent loses 1 life.&quot; -&gt; LOSE_LIFE_EACH_OPPONENT" time="0.000403">
        </testcase>
        <testcase classname="tests/targeting.templates.life-gain-loss.test.ts" name="Oracle templates: gain / lose life &gt; categorizeSpell: &quot;Each player loses 2 life.&quot; -&gt; LOSE_LIFE_EACH_PLAYER" time="0.0003957">
        </testcase>
        <testcase classname="tests/targeting.templates.life-gain-loss.test.ts" name="Oracle templates: gain / lose life &gt; parseTargetRequirements resolves life-lost graveyard mana-value limits from context" time="0.0028402">
        </testcase>
        <testcase classname="tests/targeting.templates.life-gain-loss.test.ts" name="Target evaluation: gain/lose life target player &gt; evaluateTargeting includes players for target-player variants" time="0.0184073">
        </testcase>
        <testcase classname="tests/targeting.templates.life-gain-loss.test.ts" name="Execution via applyEvent(resolveSpell) for gain / lose life &gt; GAIN_LIFE increases caster life" time="0.0027235">
        </testcase>
        <testcase classname="tests/targeting.templates.life-gain-loss.test.ts" name="Execution via applyEvent(resolveSpell) for gain / lose life &gt; GAIN_LIFE_EACH_OPPONENT increases each opponent (not caster)" time="0.0070508">
        </testcase>
        <testcase classname="tests/targeting.templates.life-gain-loss.test.ts" name="Execution via applyEvent(resolveSpell) for gain / lose life &gt; GAIN_LIFE_EACH_PLAYER increases all players" time="0.0005414">
        </testcase>
        <testcase classname="tests/targeting.templates.life-gain-loss.test.ts" name="Execution via applyEvent(resolveSpell) for gain / lose life &gt; LOSE_LIFE_TARGET_PLAYER decreases chosen player life" time="0.0003492">
        </testcase>
        <testcase classname="tests/targeting.templates.life-gain-loss.test.ts" name="Execution via applyEvent(resolveSpell) for gain / lose life &gt; LOSE_LIFE_EACH_OPPONENT decreases each opponent (not caster)" time="0.0003499">
        </testcase>
        <testcase classname="tests/targeting.templates.life-gain-loss.test.ts" name="Execution via applyEvent(resolveSpell) for gain / lose life &gt; LOSE_LIFE_EACH_PLAYER decreases all players" time="0.0006434">
        </testcase>
    </testsuite>
    <testsuite name="tests/targeting.templates.surveil-and-multiword-tokens.test.ts" timestamp="2026-04-23T07:32:40.074Z" hostname="A2Ryzen9" tests="6" failures="0" errors="0" skipped="0" time="0.0314825">
        <testcase classname="tests/targeting.templates.surveil-and-multiword-tokens.test.ts" name="Oracle templates: surveil + multiword creature tokens &gt; categorizeSpell: &quot;Surveil 2.&quot; -&gt; SURVEIL" time="0.0070815">
        </testcase>
        <testcase classname="tests/targeting.templates.surveil-and-multiword-tokens.test.ts" name="Oracle templates: surveil + multiword creature tokens &gt; categorizeSpell: &quot;Target player surveils two.&quot; -&gt; SURVEIL_TARGET_PLAYER" time="0.0028412">
        </testcase>
        <testcase classname="tests/targeting.templates.surveil-and-multiword-tokens.test.ts" name="Oracle templates: surveil + multiword creature tokens &gt; categorizeSpell: &quot;Create a 3/3 green Frog Lizard creature token.&quot; -&gt; CREATE_TOKEN with multiword subtype" time="0.000482">
        </testcase>
        <testcase classname="tests/targeting.templates.surveil-and-multiword-tokens.test.ts" name="Oracle templates: surveil + multiword creature tokens &gt; evaluateTargeting: SURVEIL_TARGET_PLAYER offers players" time="0.01475">
        </testcase>
        <testcase classname="tests/targeting.templates.surveil-and-multiword-tokens.test.ts" name="Execution via applyEvent(resolveSpell) for QueueSurveil &gt; SURVEIL sets pendingSurveil for caster (test/replay path)" time="0.002651">
        </testcase>
        <testcase classname="tests/targeting.templates.surveil-and-multiword-tokens.test.ts" name="Execution via applyEvent(resolveSpell) for QueueSurveil &gt; SURVEIL_TARGET_PLAYER sets pendingSurveil for chosen player" time="0.0004379">
        </testcase>
    </testsuite>
    <testsuite name="tests/targeting.templates.tokens-scry-mill-goad.test.ts" timestamp="2026-04-23T07:32:40.074Z" hostname="A2Ryzen9" tests="26" failures="0" errors="0" skipped="0" time="0.109248">
        <testcase classname="tests/targeting.templates.tokens-scry-mill-goad.test.ts" name="Oracle templates: tokens / scry / mill / goad &gt; categorizeSpell: &quot;Investigate.&quot; -&gt; INVESITGATE (Clue token)" time="0.0063744">
        </testcase>
        <testcase classname="tests/targeting.templates.tokens-scry-mill-goad.test.ts" name="Oracle templates: tokens / scry / mill / goad &gt; categorizeSpell: &quot;Create a Treasure token.&quot; -&gt; CREATE_TOKEN" time="0.0023965">
        </testcase>
        <testcase classname="tests/targeting.templates.tokens-scry-mill-goad.test.ts" name="Oracle templates: tokens / scry / mill / goad &gt; categorizeSpell: &quot;Create a 1/1 green Saproling creature token.&quot; -&gt; CREATE_TOKEN creature" time="0.0009297">
        </testcase>
        <testcase classname="tests/targeting.templates.tokens-scry-mill-goad.test.ts" name="Oracle templates: tokens / scry / mill / goad &gt; categorizeSpell: &quot;Scry 2.&quot; -&gt; SCRY" time="0.0007175">
        </testcase>
        <testcase classname="tests/targeting.templates.tokens-scry-mill-goad.test.ts" name="Oracle templates: tokens / scry / mill / goad &gt; categorizeSpell: &quot;Each opponent scries 2.&quot; -&gt; SCRY_EACH_OPPONENT" time="0.000308">
        </testcase>
        <testcase classname="tests/targeting.templates.tokens-scry-mill-goad.test.ts" name="Oracle templates: tokens / scry / mill / goad &gt; categorizeSpell: &quot;Each player scries 1.&quot; -&gt; SCRY_EACH_PLAYER" time="0.0002936">
        </testcase>
        <testcase classname="tests/targeting.templates.tokens-scry-mill-goad.test.ts" name="Oracle templates: tokens / scry / mill / goad &gt; categorizeSpell: &quot;Each opponent surveils 2.&quot; -&gt; SURVEIL_EACH_OPPONENT" time="0.0003686">
        </testcase>
        <testcase classname="tests/targeting.templates.tokens-scry-mill-goad.test.ts" name="Oracle templates: tokens / scry / mill / goad &gt; categorizeSpell: &quot;Each player surveils 1.&quot; -&gt; SURVEIL_EACH_PLAYER" time="0.0004053">
        </testcase>
        <testcase classname="tests/targeting.templates.tokens-scry-mill-goad.test.ts" name="Oracle templates: tokens / scry / mill / goad &gt; categorizeSpell: &quot;Mill two cards.&quot; -&gt; MILL_SELF" time="0.0014898">
        </testcase>
        <testcase classname="tests/targeting.templates.tokens-scry-mill-goad.test.ts" name="Oracle templates: tokens / scry / mill / goad &gt; categorizeSpell: &quot;Target player mills two cards.&quot; -&gt; MILL_TARGET_PLAYER" time="0.0005161">
        </testcase>
        <testcase classname="tests/targeting.templates.tokens-scry-mill-goad.test.ts" name="Oracle templates: tokens / scry / mill / goad &gt; categorizeSpell: &quot;Each opponent mills two cards.&quot; -&gt; MILL_EACH_OPPONENT" time="0.0004013">
        </testcase>
        <testcase classname="tests/targeting.templates.tokens-scry-mill-goad.test.ts" name="Oracle templates: tokens / scry / mill / goad &gt; categorizeSpell: &quot;Each player mills a card.&quot; -&gt; MILL_EACH_PLAYER" time="0.0003392">
        </testcase>
        <testcase classname="tests/targeting.templates.tokens-scry-mill-goad.test.ts" name="Oracle templates: tokens / scry / mill / goad &gt; categorizeSpell: &quot;Goad target creature an opponent controls.&quot; -&gt; GOAD_TARGET (opponentOnly)" time="0.0003148">
        </testcase>
        <testcase classname="tests/targeting.templates.tokens-scry-mill-goad.test.ts" name="Execution via applyEvent(resolveSpell) for tokens / scry / mill / goad &gt; CREATE_TOKEN creates a Treasure token on battlefield" time="0.0768213">
        </testcase>
        <testcase classname="tests/targeting.templates.tokens-scry-mill-goad.test.ts" name="Execution via applyEvent(resolveSpell) for tokens / scry / mill / goad &gt; INVESTIGATE creates a Clue token on battlefield" time="0.0005739">
        </testcase>
        <testcase classname="tests/targeting.templates.tokens-scry-mill-goad.test.ts" name="Execution via applyEvent(resolveSpell) for tokens / scry / mill / goad &gt; SCRY sets pendingScry for caster during replay/test path" time="0.0002431">
        </testcase>
        <testcase classname="tests/targeting.templates.tokens-scry-mill-goad.test.ts" name="Execution via applyEvent(resolveSpell) for tokens / scry / mill / goad &gt; SCRY_EACH_OPPONENT sets pendingScry for each opponent (not caster)" time="0.0066814">
        </testcase>
        <testcase classname="tests/targeting.templates.tokens-scry-mill-goad.test.ts" name="Execution via applyEvent(resolveSpell) for tokens / scry / mill / goad &gt; SCRY_EACH_PLAYER sets pendingScry for all players" time="0.0003368">
        </testcase>
        <testcase classname="tests/targeting.templates.tokens-scry-mill-goad.test.ts" name="Execution via applyEvent(resolveSpell) for tokens / scry / mill / goad &gt; SURVEIL_EACH_OPPONENT sets pendingSurveil for each opponent (not caster)" time="0.0002647">
        </testcase>
        <testcase classname="tests/targeting.templates.tokens-scry-mill-goad.test.ts" name="Execution via applyEvent(resolveSpell) for tokens / scry / mill / goad &gt; SURVEIL_EACH_PLAYER sets pendingSurveil for all players" time="0.0002084">
        </testcase>
        <testcase classname="tests/targeting.templates.tokens-scry-mill-goad.test.ts" name="Execution via applyEvent(resolveSpell) for tokens / scry / mill / goad &gt; MILL_SELF mills from library into graveyard for caster" time="0.0012424">
        </testcase>
        <testcase classname="tests/targeting.templates.tokens-scry-mill-goad.test.ts" name="Execution via applyEvent(resolveSpell) for tokens / scry / mill / goad &gt; MILL_TARGET_PLAYER mills for chosen player" time="0.0004261">
        </testcase>
        <testcase classname="tests/targeting.templates.tokens-scry-mill-goad.test.ts" name="Execution via applyEvent(resolveSpell) for tokens / scry / mill / goad &gt; MILL_EACH_OPPONENT mills for each opponent (not caster)" time="0.0004681">
        </testcase>
        <testcase classname="tests/targeting.templates.tokens-scry-mill-goad.test.ts" name="Execution via applyEvent(resolveSpell) for tokens / scry / mill / goad &gt; MILL_EACH_PLAYER mills for all players" time="0.0004005">
        </testcase>
        <testcase classname="tests/targeting.templates.tokens-scry-mill-goad.test.ts" name="Execution via applyEvent(resolveSpell) for tokens / scry / mill / goad &gt; GOAD_TARGET applies goad metadata to the chosen creature" time="0.0021746">
        </testcase>
        <testcase classname="tests/targeting.templates.tokens-scry-mill-goad.test.ts" name="Execution via applyEvent(resolveSpell) for tokens / scry / mill / goad &gt; evaluateTargeting respects opponentOnly for goad" time="0.0017664">
        </testcase>
    </testsuite>
    <testsuite name="tests/targets-only-this-creature.intervening-if.test.ts" timestamp="2026-04-23T07:32:40.077Z" hostname="A2Ryzen9" tests="4" failures="0" errors="0" skipped="0" time="0.0682611">
        <testcase classname="tests/targets-only-this-creature.intervening-if.test.ts" name="Intervening-if: if that spell targets only this creature &gt; returns true when all explicit targets are this creature (refs.stackItem)" time="0.0622672">
        </testcase>
        <testcase classname="tests/targets-only-this-creature.intervening-if.test.ts" name="Intervening-if: if that spell targets only this creature &gt; returns false when there is any other known target" time="0.0010313">
        </testcase>
        <testcase classname="tests/targets-only-this-creature.intervening-if.test.ts" name="Intervening-if: if that spell targets only this creature &gt; returns null when any target is unknown/unstable" time="0.0012559">
        </testcase>
        <testcase classname="tests/targets-only-this-creature.intervening-if.test.ts" name="Intervening-if: if that spell targets only this creature &gt; can evaluate without sourcePermanent when refs provides thisCreatureId" time="0.0009783">
        </testcase>
    </testsuite>
    <testsuite name="tests/team.intervening-if.test.ts" timestamp="2026-04-23T07:32:40.078Z" hostname="A2Ryzen9" tests="4" failures="0" errors="0" skipped="0" time="0.0787227">
        <testcase classname="tests/team.intervening-if.test.ts" name="Intervening-if: team clauses &gt; evaluates &apos;if your team controls another Warrior&apos; using team membership" time="0.0521493">
        </testcase>
        <testcase classname="tests/team.intervening-if.test.ts" name="Intervening-if: team clauses &gt; falls back to singleton team when no team data exists" time="0.0005644">
        </testcase>
        <testcase classname="tests/team.intervening-if.test.ts" name="Intervening-if: team clauses &gt; evaluates &apos;if you&apos;re on the Mirran team&apos; from state.team mapping" time="0.0220494">
        </testcase>
        <testcase classname="tests/team.intervening-if.test.ts" name="Intervening-if: team clauses &gt; evaluates &apos;if your team gained life this turn&apos;" time="0.000865">
        </testcase>
    </testsuite>
    <testsuite name="tests/temporary-effects.replay.test.ts" timestamp="2026-04-23T07:32:40.078Z" hostname="A2Ryzen9" tests="4" failures="0" errors="0" skipped="0" time="0.599358">
        <testcase classname="tests/temporary-effects.replay.test.ts" name="temporary and counter replay semantics &gt; replays Giant Growth by restoring its until-end-of-turn +3/+3 modifier on resolution" time="0.1753282">
        </testcase>
        <testcase classname="tests/temporary-effects.replay.test.ts" name="temporary and counter replay semantics &gt; replays temporary keyword grants from resolved spells" time="0.0584767">
        </testcase>
        <testcase classname="tests/temporary-effects.replay.test.ts" name="temporary and counter replay semantics &gt; resolves leading-clause target creature grants with quoted combat replacement text" time="0.0157043">
        </testcase>
        <testcase classname="tests/temporary-effects.replay.test.ts" name="temporary and counter replay semantics &gt; replays level up activations by restoring the level counter after the stack resolves" time="0.0025517">
        </testcase>
    </testsuite>
    <testsuite name="tests/tempting-offer.replay.test.ts" timestamp="2026-04-23T07:32:40.079Z" hostname="A2Ryzen9" tests="3" failures="0" errors="0" skipped="0" time="0.1018873">
        <testcase classname="tests/tempting-offer.replay.test.ts" name="Tempting Offer replay persistence &gt; replays a persisted Tempting Offer response into pending state" time="0.0777507">
        </testcase>
        <testcase classname="tests/tempting-offer.replay.test.ts" name="Tempting Offer replay persistence &gt; replays Tempt with Discovery completion by recreating library-search steps" time="0.0022391">
        </testcase>
        <testcase classname="tests/tempting-offer.replay.test.ts" name="Tempting Offer replay persistence &gt; replays Tempt with Bunnies completion using persisted token ids" time="0.0087698">
        </testcase>
    </testsuite>
    <testsuite name="tests/tempting-offer.validate-before-complete.integration.test.ts" timestamp="2026-04-23T07:32:40.079Z" hostname="A2Ryzen9" tests="1" failures="0" errors="0" skipped="0" time="0.0666446">
        <testcase classname="tests/tempting-offer.validate-before-complete.integration.test.ts" name="TEMPTING_OFFER validate-before-complete (integration) &gt; does not consume the step on invalid selection" time="0.0250293">
        </testcase>
    </testsuite>
    <testsuite name="tests/that-creature-comparison-refs-id.intervening-if.test.ts" timestamp="2026-04-23T07:32:40.080Z" hostname="A2Ryzen9" tests="2" failures="0" errors="0" skipped="0" time="0.0594104">
        <testcase classname="tests/that-creature-comparison-refs-id.intervening-if.test.ts" name="Intervening-if: &quot;that creature&quot; comparisons work via refs-id &gt; compares that creature vs this creature without sourcePermanent" time="0.0539418">
        </testcase>
        <testcase classname="tests/that-creature-comparison-refs-id.intervening-if.test.ts" name="Intervening-if: &quot;that creature&quot; comparisons work via refs-id &gt; returns false when that creature is not greater" time="0.0009008">
        </testcase>
    </testsuite>
    <testsuite name="tests/that-creature-was-horror.intervening-if.test.ts" timestamp="2026-04-23T07:32:40.080Z" hostname="A2Ryzen9" tests="5" failures="0" errors="0" skipped="0" time="0.0643123">
        <testcase classname="tests/that-creature-was-horror.intervening-if.test.ts" name="Intervening-if: that creature was a Horror &gt; returns null when no referenced creature is provided" time="0.0459592">
        </testcase>
        <testcase classname="tests/that-creature-was-horror.intervening-if.test.ts" name="Intervening-if: that creature was a Horror &gt; returns true when refs provides a thatCreature snapshot with Horror type_line" time="0.0134209">
        </testcase>
        <testcase classname="tests/that-creature-was-horror.intervening-if.test.ts" name="Intervening-if: that creature was a Horror &gt; returns false when refs provides a thatCreature snapshot without Horror" time="0.0005664">
        </testcase>
        <testcase classname="tests/that-creature-was-horror.intervening-if.test.ts" name="Intervening-if: that creature was a Horror &gt; returns null when refs provides a thatCreature snapshot but type_line is unknown" time="0.0004323">
        </testcase>
        <testcase classname="tests/that-creature-was-horror.intervening-if.test.ts" name="Intervening-if: that creature was a Horror &gt; falls back to battlefield lookup by thatCreatureId when present" time="0.0003967">
        </testcase>
    </testsuite>
    <testsuite name="tests/that-player-didnt-cast-this-turn.intervening-if.test.ts" timestamp="2026-04-23T07:32:40.081Z" hostname="A2Ryzen9" tests="2" failures="0" errors="0" skipped="0" time="0.0681696">
        <testcase classname="tests/that-player-didnt-cast-this-turn.intervening-if.test.ts" name="Intervening-if: &apos;that player didn&apos;t cast ... this turn&apos; &gt; &apos;that player didn&apos;t cast a spell this turn&apos; is deterministic from spell log (or empty/missing)" time="0.0641895">
        </testcase>
        <testcase classname="tests/that-player-didnt-cast-this-turn.intervening-if.test.ts" name="Intervening-if: &apos;that player didn&apos;t cast ... this turn&apos; &gt; &apos;that player didn&apos;t cast a creature spell this turn&apos; is conservative on unknown type lines" time="0.0017816">
        </testcase>
    </testsuite>
    <testsuite name="tests/their-turn.intervening-if.test.ts" timestamp="2026-04-23T07:32:40.081Z" hostname="A2Ryzen9" tests="2" failures="0" errors="0" skipped="0" time="0.0580392">
        <testcase classname="tests/their-turn.intervening-if.test.ts" name="Intervening-if: &quot;if it&apos;s not their turn&quot; &gt; resolves when active player != referenced &quot;their&quot; player" time="0.0516418">
        </testcase>
        <testcase classname="tests/their-turn.intervening-if.test.ts" name="Intervening-if: &quot;if it&apos;s not their turn&quot; &gt; fizzles when active player == referenced &quot;their&quot; player" time="0.00235">
        </testcase>
    </testsuite>
    <testsuite name="tests/they-cast-spells-this-turn.intervening-if.test.ts" timestamp="2026-04-23T07:32:40.082Z" hostname="A2Ryzen9" tests="1" failures="0" errors="0" skipped="0" time="0.0803681">
        <testcase classname="tests/they-cast-spells-this-turn.intervening-if.test.ts" name="Intervening-if: &quot;they cast N or more spells this turn&quot; &gt; uses refs.theirPlayerId to count spells cast this turn" time="0.0779329">
        </testcase>
    </testsuite>
    <testsuite name="tests/this-creature-attachments-status.intervening-if.test.ts" timestamp="2026-04-23T07:32:40.082Z" hostname="A2Ryzen9" tests="4" failures="0" errors="0" skipped="0" time="0.0719325">
        <testcase classname="tests/this-creature-attachments-status.intervening-if.test.ts" name="Intervening-if: this creature attachment/status batch &gt; evaluates &quot;if this creature has defender&quot; conservatively" time="0.0622624">
        </testcase>
        <testcase classname="tests/this-creature-attachments-status.intervening-if.test.ts" name="Intervening-if: this creature attachment/status batch &gt; evaluates &quot;if this creature is equipped&quot; using tracked fields, else conservatively" time="0.0016816">
        </testcase>
        <testcase classname="tests/this-creature-attachments-status.intervening-if.test.ts" name="Intervening-if: this creature attachment/status batch &gt; evaluates &quot;if this creature is enchanted&quot; and &quot;enchanted by two or more Auras&quot; conservatively" time="0.0026942">
        </testcase>
        <testcase classname="tests/this-creature-attachments-status.intervening-if.test.ts" name="Intervening-if: this creature attachment/status batch &gt; evaluates &quot;if this creature is monstrous/renowned/suspected&quot; from status flags" time="0.0020337">
        </testcase>
    </testsuite>
    <testsuite name="tests/this-creature-didnt-attack-or-come-under-your-control-this-turn.intervening-if.test.ts" timestamp="2026-04-23T07:32:40.083Z" hostname="A2Ryzen9" tests="6" failures="0" errors="0" skipped="0" time="0.05946">
        <testcase classname="tests/this-creature-didnt-attack-or-come-under-your-control-this-turn.intervening-if.test.ts" name="Intervening-if: &quot;if this creature didn&apos;t attack or come under your control this turn&quot; (Item 33) &gt; returns false when the creature attacked (direct flag)" time="0.043914">
        </testcase>
        <testcase classname="tests/this-creature-didnt-attack-or-come-under-your-control-this-turn.intervening-if.test.ts" name="Intervening-if: &quot;if this creature didn&apos;t attack or come under your control this turn&quot; (Item 33) &gt; returns false when the creature is currently attacking (best-effort state)" time="0.0109274">
        </testcase>
        <testcase classname="tests/this-creature-didnt-attack-or-come-under-your-control-this-turn.intervening-if.test.ts" name="Intervening-if: &quot;if this creature didn&apos;t attack or come under your control this turn&quot; (Item 33) &gt; returns false when it came under your control this turn (explicit)" time="0.0004946">
        </testcase>
        <testcase classname="tests/this-creature-didnt-attack-or-come-under-your-control-this-turn.intervening-if.test.ts" name="Intervening-if: &quot;if this creature didn&apos;t attack or come under your control this turn&quot; (Item 33) &gt; treats enteredThisTurn === true as positive evidence (returns false)" time="0.0005237">
        </testcase>
        <testcase classname="tests/this-creature-didnt-attack-or-come-under-your-control-this-turn.intervening-if.test.ts" name="Intervening-if: &quot;if this creature didn&apos;t attack or come under your control this turn&quot; (Item 33) &gt; returns true only when both signals are explicitly known-false" time="0.0004359">
        </testcase>
        <testcase classname="tests/this-creature-didnt-attack-or-come-under-your-control-this-turn.intervening-if.test.ts" name="Intervening-if: &quot;if this creature didn&apos;t attack or come under your control this turn&quot; (Item 33) &gt; returns null when one of the signals is unknown" time="0.0005014">
        </testcase>
    </testsuite>
    <testsuite name="tests/three-tree-city.test.ts" timestamp="2026-04-23T07:32:40.084Z" hostname="A2Ryzen9" tests="5" failures="0" errors="0" skipped="0" time="0.0050273">
        <testcase classname="tests/three-tree-city.test.ts" name="Three Tree City ETB Handling &gt; Three Tree City requires creature type selection at ETB" time="0.0011023">
        </testcase>
        <testcase classname="tests/three-tree-city.test.ts" name="Three Tree City ETB Handling &gt; Three Tree City does NOT require color choice at ETB" time="0.0003719">
        </testcase>
        <testcase classname="tests/three-tree-city.test.ts" name="Three Tree City ETB Handling &gt; Caged Sun requires color choice at ETB" time="0.0001526">
        </testcase>
        <testcase classname="tests/three-tree-city.test.ts" name="Three Tree City ETB Handling &gt; Gauntlet of Power requires color choice at ETB" time="0.0002907">
        </testcase>
        <testcase classname="tests/three-tree-city.test.ts" name="Three Tree City ETB Handling &gt; Generic land with activated ability does not require color choice" time="0.0002326">
        </testcase>
    </testsuite>
    <testsuite name="tests/tibalts-trickery.generic-resolution.integration.test.ts" timestamp="2026-04-23T07:32:40.084Z" hostname="A2Ryzen9" tests="2" failures="0" errors="0" skipped="0" time="0.5388466">
        <testcase classname="tests/tibalts-trickery.generic-resolution.integration.test.ts" name="Tibalt&apos;s Trickery generic live-resolution follow-up &gt; supplements legacy counter resolution with random mill plus exile-until follow-up" time="0.4114702">
        </testcase>
        <testcase classname="tests/tibalts-trickery.generic-resolution.integration.test.ts" name="Tibalt&apos;s Trickery generic live-resolution follow-up &gt; puts the exiled hit on the bottom of the library when the free-cast prompt is declined" time="0.1244173">
        </testcase>
    </testsuite>
    <testsuite name="tests/token-counters.intervening-if.test.ts" timestamp="2026-04-23T07:32:40.085Z" hostname="A2Ryzen9" tests="4" failures="0" errors="0" skipped="0" time="0.0566834">
        <testcase classname="tests/token-counters.intervening-if.test.ts" name="Intervening-if: token counters &gt; returns null when token-counter tracking is absent" time="0.037867">
        </testcase>
        <testcase classname="tests/token-counters.intervening-if.test.ts" name="Intervening-if: token counters &gt; returns false when tracking exists but player has no entry" time="0.0141067">
        </testcase>
        <testcase classname="tests/token-counters.intervening-if.test.ts" name="Intervening-if: token counters &gt; returns true when tracked token counters are &gt;= 4" time="0.0004642">
        </testcase>
        <testcase classname="tests/token-counters.intervening-if.test.ts" name="Intervening-if: token counters &gt; returns false when tracked token counters are &lt; 4" time="0.0006094">
        </testcase>
    </testsuite>
    <testsuite name="tests/top-library.cast-timing.integration.test.ts" timestamp="2026-04-23T07:32:40.087Z" hostname="A2Ryzen9" tests="1" failures="0" errors="0" skipped="0" time="0.0317309">
        <testcase classname="tests/top-library.cast-timing.integration.test.ts" name="top-library cast timing (integration) &gt; allows Elsha to request-cast a noncreature top card outside the main phase" time="0.0192677">
        </testcase>
    </testsuite>
    <testsuite name="tests/treasure-mana-activation-provenance.test.ts" timestamp="2026-04-23T07:32:40.088Z" hostname="A2Ryzen9" tests="3" failures="0" errors="0" skipped="0" time="0.0033777">
        <testcase classname="tests/treasure-mana-activation-provenance.test.ts" name="Treasure mana provenance (activated abilities): pool lower-bound tracking &gt; derives deterministic false when no mana was spent" time="0.0011893">
        </testcase>
        <testcase classname="tests/treasure-mana-activation-provenance.test.ts" name="Treasure mana provenance (activated abilities): pool lower-bound tracking &gt; derives deterministic true when Treasure mana was forced by the lower bound" time="0.0003644">
        </testcase>
        <testcase classname="tests/treasure-mana-activation-provenance.test.ts" name="Treasure mana provenance (activated abilities): pool lower-bound tracking &gt; returns unknown when Treasure provenance is not forced" time="0.000204">
        </testcase>
    </testsuite>
    <testsuite name="tests/treasure-mana-spent.intervening-if.test.ts" timestamp="2026-04-23T07:32:40.088Z" hostname="A2Ryzen9" tests="4" failures="0" errors="0" skipped="0" time="0.0402597">
        <testcase classname="tests/treasure-mana-spent.intervening-if.test.ts" name="Intervening-if: &apos;if mana from a Treasure was spent to cast it&apos; &gt; returns true when deterministic spend is known true" time="0.0364161">
        </testcase>
        <testcase classname="tests/treasure-mana-spent.intervening-if.test.ts" name="Intervening-if: &apos;if mana from a Treasure was spent to cast it&apos; &gt; returns false when deterministic spend is known false" time="0.0006904">
        </testcase>
        <testcase classname="tests/treasure-mana-spent.intervening-if.test.ts" name="Intervening-if: &apos;if mana from a Treasure was spent to cast it&apos; &gt; returns true for positive-only evidence without known flag" time="0.0002632">
        </testcase>
        <testcase classname="tests/treasure-mana-spent.intervening-if.test.ts" name="Intervening-if: &apos;if mana from a Treasure was spent to cast it&apos; &gt; returns null for false without known flag (avoid false negatives)" time="0.0003883">
        </testcase>
    </testsuite>
    <testsuite name="tests/trigger-order.replay.test.ts" timestamp="2026-04-23T07:32:40.089Z" hostname="A2Ryzen9" tests="1" failures="0" errors="0" skipped="0" time="0.0717589">
        <testcase classname="tests/trigger-order.replay.test.ts" name="trigger order replay persistence &gt; persists and replays the chosen in-place trigger order" time="0.0491142">
        </testcase>
    </testsuite>
    <testsuite name="tests/trigger-order.validate-before-complete.integration.test.ts" timestamp="2026-04-23T07:32:40.089Z" hostname="A2Ryzen9" tests="1" failures="0" errors="0" skipped="0" time="0.0404407">
        <testcase classname="tests/trigger-order.validate-before-complete.integration.test.ts" name="TRIGGER_ORDER validate-before-complete (integration) &gt; does not consume the step on invalid selection" time="0.0266601">
        </testcase>
    </testsuite>
    <testsuite name="tests/trigger-shortcut.replay.test.ts" timestamp="2026-04-23T07:32:40.090Z" hostname="A2Ryzen9" tests="3" failures="0" errors="0" skipped="0" time="0.025383">
        <testcase classname="tests/trigger-shortcut.replay.test.ts" name="setTriggerShortcut replay semantics &gt; rebuilds saved trigger shortcuts from persisted events" time="0.0220686">
        </testcase>
        <testcase classname="tests/trigger-shortcut.replay.test.ts" name="setTriggerShortcut replay semantics &gt; removes a saved shortcut when replaying ask_each_time" time="0.0004421">
        </testcase>
        <testcase classname="tests/trigger-shortcut.replay.test.ts" name="setTriggerShortcut replay semantics &gt; updates the matching triggerDescription-specific shortcut in place" time="0.0003771">
        </testcase>
    </testsuite>
    <testsuite name="tests/trigger-shortcuts.integration.test.ts" timestamp="2026-04-23T07:32:40.090Z" hostname="A2Ryzen9" tests="2" failures="0" errors="0" skipped="0" time="0.0097849">
        <testcase classname="tests/trigger-shortcuts.integration.test.ts" name="trigger shortcut integration &gt; yieldToTriggerSource immediately re-evaluates current priority through the priority socket handler" time="0.0063639">
        </testcase>
        <testcase classname="tests/trigger-shortcuts.integration.test.ts" name="trigger shortcut integration &gt; broadcastGame auto-passes the current priority holder for saved always_resolve triggers" time="0.0013238">
        </testcase>
    </testsuite>
    <testsuite name="tests/trigger-shortcuts.test.ts" timestamp="2026-04-23T07:32:40.090Z" hostname="A2Ryzen9" tests="6" failures="0" errors="0" skipped="0" time="0.0051262">
        <testcase classname="tests/trigger-shortcuts.test.ts" name="trigger shortcut helpers &gt; returns the saved shortcut preference for a matching card name" time="0.0011016">
        </testcase>
        <testcase classname="tests/trigger-shortcuts.test.ts" name="trigger shortcut helpers &gt; suppresses prompts only for mandatory eligible triggers with always_resolve" time="0.0004342">
        </testcase>
        <testcase classname="tests/trigger-shortcuts.test.ts" name="trigger shortcut helpers &gt; returns false when there is no saved preference for the controller" time="0.0001626">
        </testcase>
        <testcase classname="tests/trigger-shortcuts.test.ts" name="trigger shortcut helpers &gt; prefers per-game yielded trigger sources before saved preferences" time="0.0002913">
        </testcase>
        <testcase classname="tests/trigger-shortcuts.test.ts" name="trigger shortcut helpers &gt; returns saved_always_resolve for eligible mandatory top-stack triggers" time="0.0001436">
        </testcase>
        <testcase classname="tests/trigger-shortcuts.test.ts" name="trigger shortcut helpers &gt; returns saved yes/no decisions only for eligible may-ability shortcuts" time="0.0005108">
        </testcase>
    </testsuite>
    <testsuite name="tests/turn-and-main-phase.intervening-if.test.ts" timestamp="2026-04-23T07:32:40.091Z" hostname="A2Ryzen9" tests="4" failures="0" errors="0" skipped="0" time="0.0661426">
        <testcase classname="tests/turn-and-main-phase.intervening-if.test.ts" name="Intervening-if: turn + main phase &gt; evaluates &apos;if it&apos;s your turn&apos; and &apos;if it&apos;s not your turn&apos;" time="0.0510757">
        </testcase>
        <testcase classname="tests/turn-and-main-phase.intervening-if.test.ts" name="Intervening-if: turn + main phase &gt; evaluates &apos;if it&apos;s an opponent&apos;s turn&apos;" time="0.0018524">
        </testcase>
        <testcase classname="tests/turn-and-main-phase.intervening-if.test.ts" name="Intervening-if: turn + main phase &gt; evaluates &apos;if it&apos;s your main phase&apos; when phase is tracked" time="0.0069081">
        </testcase>
        <testcase classname="tests/turn-and-main-phase.intervening-if.test.ts" name="Intervening-if: turn + main phase &gt; stays conservative (null) when active player/phase are missing" time="0.0026401">
        </testcase>
    </testsuite>
    <testsuite name="tests/turn-direction.authorization.integration.test.ts" timestamp="2026-04-23T07:32:40.092Z" hostname="A2Ryzen9" tests="4" failures="0" errors="0" skipped="0" time="0.0518449">
        <testcase classname="tests/turn-direction.authorization.integration.test.ts" name="setTurnDirection authorization (integration) &gt; does not allow non-creator to set turn direction" time="0.0119058">
        </testcase>
        <testcase classname="tests/turn-direction.authorization.integration.test.ts" name="setTurnDirection authorization (integration) &gt; allows creator to set turn direction" time="0.0250009">
        </testcase>
        <testcase classname="tests/turn-direction.authorization.integration.test.ts" name="setTurnDirection authorization (integration) &gt; does not allow setting turn direction when socket.data.gameId mismatches (even if in room)" time="0.000901">
        </testcase>
        <testcase classname="tests/turn-direction.authorization.integration.test.ts" name="setTurnDirection authorization (integration) &gt; does not throw when payload is missing (crash-safety)" time="0.0014905">
        </testcase>
    </testsuite>
    <testsuite name="tests/turn-tracking-and-color.intervening-if.test.ts" timestamp="2026-04-23T07:32:40.092Z" hostname="A2Ryzen9" tests="10" failures="0" errors="0" skipped="0" time="0.0695403">
        <testcase classname="tests/turn-tracking-and-color.intervening-if.test.ts" name="Intervening-if: turn tracking and color families &gt; evaluates &quot;if you&apos;ve cast an instant or sorcery spell this turn&quot; from tracked spell entries" time="0.0387079">
        </testcase>
        <testcase classname="tests/turn-tracking-and-color.intervening-if.test.ts" name="Intervening-if: turn tracking and color families &gt; returns false for instant-or-sorcery clause when tracked spells are known and none qualify" time="0.0121727">
        </testcase>
        <testcase classname="tests/turn-tracking-and-color.intervening-if.test.ts" name="Intervening-if: turn tracking and color families &gt; returns null for instant-or-sorcery clause when tracked spell typing is incomplete" time="0.0007516">
        </testcase>
        <testcase classname="tests/turn-tracking-and-color.intervening-if.test.ts" name="Intervening-if: turn tracking and color families &gt; evaluates &quot;if a creature entered and a creature died this turn&quot; from replay-safe turn trackers" time="0.0006242">
        </testcase>
        <testcase classname="tests/turn-tracking-and-color.intervening-if.test.ts" name="Intervening-if: turn tracking and color families &gt; returns false for entered-and-died clause when one side of the conjunction is false" time="0.0006811">
        </testcase>
        <testcase classname="tests/turn-tracking-and-color.intervening-if.test.ts" name="Intervening-if: turn tracking and color families &gt; evaluates &quot;+1/+1 counter attacker&quot; by scanning current battlefield state" time="0.0003788">
        </testcase>
        <testcase classname="tests/turn-tracking-and-color.intervening-if.test.ts" name="Intervening-if: turn tracking and color families &gt; returns false for &quot;+1/+1 counter attacker&quot; when counters are tracked but no attacker qualifies" time="0.000208">
        </testcase>
        <testcase classname="tests/turn-tracking-and-color.intervening-if.test.ts" name="Intervening-if: turn tracking and color families &gt; returns null for &quot;+1/+1 counter attacker&quot; when counters are not tracked at all" time="0.0003318">
        </testcase>
        <testcase classname="tests/turn-tracking-and-color.intervening-if.test.ts" name="Intervening-if: turn tracking and color families &gt; evaluates &quot;if this creature isn&apos;t all colors&quot; from explicit color metadata" time="0.0123757">
        </testcase>
        <testcase classname="tests/turn-tracking-and-color.intervening-if.test.ts" name="Intervening-if: turn tracking and color families &gt; returns null for &quot;if this creature isn&apos;t all colors&quot; when explicit color data is absent" time="0.0005058">
        </testcase>
    </testsuite>
    <testsuite name="tests/turn-tracking.misc.intervening-if.test.ts" timestamp="2026-04-23T07:32:40.093Z" hostname="A2Ryzen9" tests="11" failures="2" errors="0" skipped="0" time="0.2383567">
        <testcase classname="tests/turn-tracking.misc.intervening-if.test.ts" name="Intervening-if: additional turn-tracking clauses &gt; evaluates &quot;if you didn&apos;t play a card from exile this turn&quot; using playedCardFromExileThisTurn" time="0.0879475">
        </testcase>
        <testcase classname="tests/turn-tracking.misc.intervening-if.test.ts" name="Intervening-if: additional turn-tracking clauses &gt; evaluates dungeon completion clauses from tracked completion flags" time="0.0017354">
        </testcase>
        <testcase classname="tests/turn-tracking.misc.intervening-if.test.ts" name="Intervening-if: additional turn-tracking clauses &gt; evaluates &quot;if you haven&apos;t completed Tomb of Annihilation&quot; when completed dungeon names are tracked" time="0.0054235">
        </testcase>
        <testcase classname="tests/turn-tracking.misc.intervening-if.test.ts" name="Intervening-if: additional turn-tracking clauses &gt; tracks sacrificed Clues this turn via sacrificePermanent and evaluates threshold clause" time="0.0431393">
            <failure message="expected 6 to be 3 // Object.is equality" type="AssertionError">
AssertionError: expected 6 to be 3 // Object.is equality

- Expected
+ Received

- 3
+ 6

 ❯ tests/turn-tracking.misc.intervening-if.test.ts:96:66
            </failure>
        </testcase>
        <testcase classname="tests/turn-tracking.misc.intervening-if.test.ts" name="Intervening-if: additional turn-tracking clauses &gt; tracks tokens created this turn and evaluates &quot;if you created a token this turn&quot;" time="0.0693217">
        </testcase>
        <testcase classname="tests/turn-tracking.misc.intervening-if.test.ts" name="Intervening-if: additional turn-tracking clauses &gt; evaluates &quot;if you didn&apos;t activate a loyalty ability of a planeswalker this turn&quot;" time="0.0026389">
        </testcase>
        <testcase classname="tests/turn-tracking.misc.intervening-if.test.ts" name="Intervening-if: additional turn-tracking clauses &gt; tracks sacrificed permanents/foods this turn and evaluates related clauses" time="0.0018456">
            <failure message="expected 2 to be 1 // Object.is equality" type="AssertionError">
AssertionError: expected 2 to be 1 // Object.is equality

- Expected
+ Received

- 1
+ 2

 ❯ tests/turn-tracking.misc.intervening-if.test.ts:174:71
            </failure>
        </testcase>
        <testcase classname="tests/turn-tracking.misc.intervening-if.test.ts" name="Intervening-if: additional turn-tracking clauses &gt; evaluates &quot;if you weren&apos;t the starting player&quot; from tracked startingPlayerId" time="0.0007779">
        </testcase>
        <testcase classname="tests/turn-tracking.misc.intervening-if.test.ts" name="Intervening-if: additional turn-tracking clauses &gt; evaluates &quot;if you&apos;ve drawn more than one card this turn&quot; and &quot;if you lost 2 or more life this turn&quot;" time="0.0017637">
        </testcase>
        <testcase classname="tests/turn-tracking.misc.intervening-if.test.ts" name="Intervening-if: additional turn-tracking clauses &gt; snapshots cards drawn last turn and evaluates &quot;if you drew a card last turn&quot;" time="0.0167326">
        </testcase>
        <testcase classname="tests/turn-tracking.misc.intervening-if.test.ts" name="Intervening-if: additional turn-tracking clauses &gt; evaluates &quot;if you put a counter on a creature this turn&quot; from tracked boolean" time="0.0032762">
        </testcase>
    </testsuite>
    <testsuite name="tests/turn.lands.test.ts" timestamp="2026-04-23T07:32:40.096Z" hostname="A2Ryzen9" tests="3" failures="0" errors="0" skipped="0" time="0.0711971">
        <testcase classname="tests/turn.lands.test.ts" name="Turn advancement and land-per-turn tracking &gt; increments landsPlayedThisTurn on playLand and resets on nextTurn" time="0.0281857">
        </testcase>
        <testcase classname="tests/turn.lands.test.ts" name="Turn advancement and land-per-turn tracking &gt; removes land from hand when played" time="0.0040888">
        </testcase>
        <testcase classname="tests/turn.lands.test.ts" name="Turn advancement and land-per-turn tracking &gt; allows playing another land after turn advancement" time="0.0359818">
        </testcase>
    </testsuite>
    <testsuite name="tests/turn.steps.test.ts" timestamp="2026-04-23T07:32:40.096Z" hostname="A2Ryzen9" tests="3" failures="0" errors="0" skipped="0" time="0.5260133">
        <testcase classname="tests/turn.steps.test.ts" name="Turn step engine basics &gt; advances steps with untap and draw automation, and maps phases for main steps" time="0.1559388">
        </testcase>
        <testcase classname="tests/turn.steps.test.ts" name="Turn step engine basics &gt; pauses at cleanup step when Sundial of the Infinite is on battlefield" time="0.0099603">
        </testcase>
        <testcase classname="tests/turn.steps.test.ts" name="Turn step engine basics &gt; reverts temporary control changes and migrates prepared copies during cleanup" time="0.0031104">
        </testcase>
    </testsuite>
    <testsuite name="tests/tutor.destination.test.ts" timestamp="2026-04-23T07:32:40.097Z" hostname="A2Ryzen9" tests="30" failures="0" errors="0" skipped="0" time="0.0105874">
        <testcase classname="tests/tutor.destination.test.ts" name="Tutor Destination Parsing &gt; detectTutorEffect - destination detection &gt; should detect hand destination for Demonic Tutor" time="0.0013257">
        </testcase>
        <testcase classname="tests/tutor.destination.test.ts" name="Tutor Destination Parsing &gt; detectTutorEffect - destination detection &gt; should detect top of library destination for Vampiric Tutor" time="0.0002542">
        </testcase>
        <testcase classname="tests/tutor.destination.test.ts" name="Tutor Destination Parsing &gt; detectTutorEffect - destination detection &gt; should detect top of library destination for Mystical Tutor" time="0.0003623">
        </testcase>
        <testcase classname="tests/tutor.destination.test.ts" name="Tutor Destination Parsing &gt; detectTutorEffect - destination detection &gt; should detect battlefield destination for Green Sun&apos;s Zenith" time="0.0003004">
        </testcase>
        <testcase classname="tests/tutor.destination.test.ts" name="Tutor Destination Parsing &gt; detectTutorEffect - destination detection &gt; should detect battlefield destination for Natural Order" time="0.0001805">
        </testcase>
        <testcase classname="tests/tutor.destination.test.ts" name="Tutor Destination Parsing &gt; detectTutorEffect - destination detection &gt; should detect graveyard destination for Entomb" time="0.0002657">
        </testcase>
        <testcase classname="tests/tutor.destination.test.ts" name="Tutor Destination Parsing &gt; detectTutorEffect - destination detection &gt; should detect hand destination for Diabolic Tutor" time="0.0001543">
        </testcase>
        <testcase classname="tests/tutor.destination.test.ts" name="Tutor Destination Parsing &gt; detectTutorEffect - destination detection &gt; should detect hand destination for Enlightened Tutor (reveal pattern)" time="0.0001894">
        </testcase>
        <testcase classname="tests/tutor.destination.test.ts" name="Tutor Destination Parsing &gt; detectTutorEffect - destination detection &gt; should detect search criteria for creature tutors" time="0.000417">
        </testcase>
        <testcase classname="tests/tutor.destination.test.ts" name="Tutor Destination Parsing &gt; detectTutorEffect - destination detection &gt; should default to hand for unrecognized patterns" time="0.0001827">
        </testcase>
        <testcase classname="tests/tutor.destination.test.ts" name="Tutor Destination Parsing &gt; detectTutorEffect - destination detection &gt; should return isTutor: false for non-tutor cards" time="0.000093">
        </testcase>
        <testcase classname="tests/tutor.destination.test.ts" name="parseSearchFilter &gt; should parse planeswalker card to types array" time="0.0009147">
        </testcase>
        <testcase classname="tests/tutor.destination.test.ts" name="parseSearchFilter &gt; should parse creature card to types array" time="0.0001912">
        </testcase>
        <testcase classname="tests/tutor.destination.test.ts" name="parseSearchFilter &gt; should parse artifact card to types array" time="0.0001602">
        </testcase>
        <testcase classname="tests/tutor.destination.test.ts" name="parseSearchFilter &gt; should parse basic land to both types and supertypes" time="0.0003655">
        </testcase>
        <testcase classname="tests/tutor.destination.test.ts" name="parseSearchFilter &gt; should parse forest to subtypes" time="0.000211">
        </testcase>
        <testcase classname="tests/tutor.destination.test.ts" name="parseSearchFilter &gt; should parse mana value restrictions" time="0.0002259">
        </testcase>
        <testcase classname="tests/tutor.destination.test.ts" name="parseSearchFilter &gt; should return empty object for generic card search" time="0.0001346">
        </testcase>
        <testcase classname="tests/tutor.destination.test.ts" name="parseSearchFilter &gt; should handle enchantment creature (multiple types)" time="0.00029">
        </testcase>
        <testcase classname="tests/tutor.destination.test.ts" name="parseSearchFilter &gt; should handle legendary planeswalker" time="0.0002878">
        </testcase>
        <testcase classname="tests/tutor.destination.test.ts" name="parseSearchFilter &gt; should parse instant card to types array" time="0.0001604">
        </testcase>
        <testcase classname="tests/tutor.destination.test.ts" name="parseSearchFilter &gt; should parse sorcery card to types array" time="0.0001573">
        </testcase>
        <testcase classname="tests/tutor.destination.test.ts" name="parseSearchFilter &gt; should parse battle card to types array" time="0.0001234">
        </testcase>
        <testcase classname="tests/tutor.destination.test.ts" name="parseSearchFilter &gt; should parse tribal/kindred card to types array" time="0.0001094">
        </testcase>
        <testcase classname="tests/tutor.destination.test.ts" name="parseSearchFilter &gt; should parse historic card to types array" time="0.000113">
        </testcase>
        <testcase classname="tests/tutor.destination.test.ts" name="parseSearchFilter &gt; should parse noncreature permanent to types array" time="0.0001334">
        </testcase>
        <testcase classname="tests/tutor.destination.test.ts" name="parseSearchFilter &gt; should parse nonland card to types array" time="0.0000972">
        </testcase>
        <testcase classname="tests/tutor.destination.test.ts" name="parseSearchFilter &gt; should parse snow permanent to supertypes" time="0.0001059">
        </testcase>
        <testcase classname="tests/tutor.destination.test.ts" name="parseSearchFilter &gt; should parse aura card to subtypes" time="0.0001061">
        </testcase>
        <testcase classname="tests/tutor.destination.test.ts" name="parseSearchFilter &gt; should parse vehicle artifact to subtypes" time="0.0001789">
        </testcase>
    </testsuite>
    <testsuite name="tests/two-or-more-players-lost-the-game.intervening-if.test.ts" timestamp="2026-04-23T07:32:40.100Z" hostname="A2Ryzen9" tests="4" failures="0" errors="0" skipped="0" time="0.0560914">
        <testcase classname="tests/two-or-more-players-lost-the-game.intervening-if.test.ts" name="Intervening-if: &quot;if two or more players have lost the game&quot; (Item 14) &gt; uses explicit lost-count fields when present" time="0.0524693">
        </testcase>
        <testcase classname="tests/two-or-more-players-lost-the-game.intervening-if.test.ts" name="Intervening-if: &quot;if two or more players have lost the game&quot; (Item 14) &gt; uses ctx.inactive set size when provided" time="0.0005074">
        </testcase>
        <testcase classname="tests/two-or-more-players-lost-the-game.intervening-if.test.ts" name="Intervening-if: &quot;if two or more players have lost the game&quot; (Item 14) &gt; falls back to counting loss flags on state.players" time="0.0003321">
        </testcase>
        <testcase classname="tests/two-or-more-players-lost-the-game.intervening-if.test.ts" name="Intervening-if: &quot;if two or more players have lost the game&quot; (Item 14) &gt; returns null when no authoritative loss evidence exists" time="0.0003718">
        </testcase>
    </testsuite>
    <testsuite name="tests/two-pile-split.validate-before-complete.integration.test.ts" timestamp="2026-04-23T07:32:40.100Z" hostname="A2Ryzen9" tests="1" failures="0" errors="0" skipped="0" time="0.0432799">
        <testcase classname="tests/two-pile-split.validate-before-complete.integration.test.ts" name="TWO_PILE_SPLIT validate-before-complete (integration) &gt; does not consume the step on invalid selection" time="0.0257484">
        </testcase>
    </testsuite>
    <testsuite name="tests/tymna.postcombat-main.integration.test.ts" timestamp="2026-04-23T07:32:40.101Z" hostname="A2Ryzen9" tests="1" failures="0" errors="0" skipped="0" time="0.3464377">
        <testcase classname="tests/tymna.postcombat-main.integration.test.ts" name="Tymna postcombat main integration &gt; prompts to pay life equal to opponents dealt combat damage and draws that many cards on accept" time="0.2831897">
        </testcase>
    </testsuite>
    <testsuite name="tests/undo.authorization.integration.test.ts" timestamp="2026-04-23T07:32:40.101Z" hostname="A2Ryzen9" tests="20" failures="0" errors="0" skipped="0" time="0.1249501">
        <testcase classname="tests/undo.authorization.integration.test.ts" name="undo authorization (integration) &gt; does not allow a non-participant to reject an undo request" time="0.0067253">
        </testcase>
        <testcase classname="tests/undo.authorization.integration.test.ts" name="undo authorization (integration) &gt; does not allow a non-participant to request an undo" time="0.0013102">
        </testcase>
        <testcase classname="tests/undo.authorization.integration.test.ts" name="undo authorization (integration) &gt; requestUndoToStep and smart counts include the current boundary event" time="0.0286639">
        </testcase>
        <testcase classname="tests/undo.authorization.integration.test.ts" name="undo authorization (integration) &gt; smart undo counts use the replayed boundary when restored live state drifts ahead" time="0.0019182">
        </testcase>
        <testcase classname="tests/undo.authorization.integration.test.ts" name="undo authorization (integration) &gt; smart undo counts stay bounded when replayed nextStep coexists with a pending library search" time="0.039941">
        </testcase>
        <testcase classname="tests/undo.authorization.integration.test.ts" name="undo authorization (integration) &gt; requestUndoToTurn undoes only actions taken after the current turn began" time="0.0016865">
        </testcase>
        <testcase classname="tests/undo.authorization.integration.test.ts" name="undo authorization (integration) &gt; requestUndoToPreviousPhase rewinds past the current phase boundary" time="0.0021483">
        </testcase>
        <testcase classname="tests/undo.authorization.integration.test.ts" name="undo authorization (integration) &gt; requestUndoToStep prefers turnNumber over a stale legacy turn field" time="0.0078432">
        </testcase>
        <testcase classname="tests/undo.authorization.integration.test.ts" name="undo authorization (integration) &gt; persists turn, phase, and step metadata for live event appends" time="0.0011829">
        </testcase>
        <testcase classname="tests/undo.authorization.integration.test.ts" name="undo authorization (integration) &gt; smart undo counts can use persisted boundary metadata without replay-specific event semantics" time="0.0018381">
        </testcase>
        <testcase classname="tests/undo.authorization.integration.test.ts" name="undo authorization (integration) &gt; previous phase metadata can rewind across a turn boundary" time="0.0014687">
        </testcase>
        <testcase classname="tests/undo.authorization.integration.test.ts" name="undo authorization (integration) &gt; anchors a pending undo to the event count at request time" time="0.0071037">
        </testcase>
        <testcase classname="tests/undo.authorization.integration.test.ts" name="undo authorization (integration) &gt; cancels a pending undo request when a participant disconnects" time="0.0014678">
        </testcase>
        <testcase classname="tests/undo.authorization.integration.test.ts" name="undo authorization (integration) &gt; single-player undo restores priority to the turn player and pauses auto-pass until action" time="0.0025526">
        </testcase>
        <testcase classname="tests/undo.authorization.integration.test.ts" name="undo authorization (integration) &gt; emits refreshed undo counts after a successful undo rebuild" time="0.0014488">
        </testcase>
        <testcase classname="tests/undo.authorization.integration.test.ts" name="undo authorization (integration) &gt; does not allow a non-participant to read undo counts" time="0.0005921">
        </testcase>
        <testcase classname="tests/undo.authorization.integration.test.ts" name="undo authorization (integration) &gt; does not allow reading undo counts when socket.data.gameId mismatches (even if in room)" time="0.0005302">
        </testcase>
        <testcase classname="tests/undo.authorization.integration.test.ts" name="undo authorization (integration) &gt; does not allow respondUndo when not in room (even if seated)" time="0.0005969">
        </testcase>
        <testcase classname="tests/undo.authorization.integration.test.ts" name="undo authorization (integration) &gt; does not allow cancelUndo when socket.data.gameId mismatches (even if in room)" time="0.000535">
        </testcase>
        <testcase classname="tests/undo.authorization.integration.test.ts" name="undo authorization (integration) &gt; does not crash on missing payload for undo events" time="0.0014602">
        </testcase>
    </testsuite>
    <testsuite name="tests/undo.broadcast-suppression.integration.test.ts" timestamp="2026-04-23T07:32:40.104Z" hostname="A2Ryzen9" tests="3" failures="0" errors="0" skipped="0" time="0.0146419">
        <testcase classname="tests/undo.broadcast-suppression.integration.test.ts" name="undo broadcast automation suppression &gt; skips exactly one human auto-pass broadcast after suppression" time="0.009046">
        </testcase>
        <testcase classname="tests/undo.broadcast-suppression.integration.test.ts" name="undo broadcast automation suppression &gt; holds human auto-pass after undo until that player takes an action" time="0.00181">
        </testcase>
        <testcase classname="tests/undo.broadcast-suppression.integration.test.ts" name="undo broadcast automation suppression &gt; explicitly re-schedules AI pre-game flow after undo rebuilds a pre-game state" time="0.0014188">
        </testcase>
    </testsuite>
    <testsuite name="tests/undo.replay.test.ts" timestamp="2026-04-23T07:32:40.105Z" hostname="A2Ryzen9" tests="14" failures="0" errors="0" skipped="0" time="0.0950409">
        <testcase classname="tests/undo.replay.test.ts" name="Undo and Replay &gt; RNG state restoration after reset+replay &gt; should produce identical shuffle results after reset and replay" time="0.0261448">
        </testcase>
        <testcase classname="tests/undo.replay.test.ts" name="Undo and Replay &gt; RNG state restoration after reset+replay &gt; should produce correct partial state when undoing some actions" time="0.0073219">
        </testcase>
        <testcase classname="tests/undo.replay.test.ts" name="Undo and Replay &gt; RNG state restoration after reset+replay &gt; clears stale turn state before replay so nextTurn restarts from the replay baseline" time="0.0087902">
        </testcase>
        <testcase classname="tests/undo.replay.test.ts" name="Undo and Replay &gt; Mulligan state restoration &gt; should correctly restore mulligan state after undo" time="0.0006788">
        </testcase>
        <testcase classname="tests/undo.replay.test.ts" name="Undo and Replay &gt; Graveyard and battlefield restoration &gt; should properly clear and restore zones after undo" time="0.0075037">
        </testcase>
        <testcase classname="tests/undo.replay.test.ts" name="Undo and Replay &gt; DB event format transformation &gt; should correctly transform DB events for replay" time="0.0007596">
        </testcase>
        <testcase classname="tests/undo.replay.test.ts" name="Undo and Replay &gt; RNG determinism verification &gt; should produce identical results for the same seed with multiple sequential operations" time="0.0010844">
        </testcase>
        <testcase classname="tests/undo.replay.test.ts" name="Undo and Replay &gt; RNG determinism verification &gt; should produce different results with different seeds" time="0.0010181">
        </testcase>
        <testcase classname="tests/undo.replay.test.ts" name="Undo and Replay &gt; RNG determinism verification &gt; should maintain RNG state across multiple shuffles deterministically" time="0.0008216">
        </testcase>
        <testcase classname="tests/undo.replay.test.ts" name="Undo and Replay &gt; Multi-player undo scenarios &gt; should preserve both players hands after undo when shuffle/draw events are persisted" time="0.0017019">
        </testcase>
        <testcase classname="tests/undo.replay.test.ts" name="Undo and Replay &gt; Multi-player undo scenarios &gt; should handle repeated undos without changing hands" time="0.000883">
        </testcase>
        <testcase classname="tests/undo.replay.test.ts" name="RNG state after reset &gt; skips auto-pass side effects while replaying nextStep events" time="0.0336625">
        </testcase>
        <testcase classname="tests/undo.replay.test.ts" name="RNG state after reset &gt; should clear RNG state on reset so replay can re-seed correctly" time="0.0004165">
        </testcase>
        <testcase classname="tests/undo.replay.test.ts" name="RNG state after reset &gt; should handle multiple reset-replay cycles deterministically" time="0.0008221">
        </testcase>
    </testsuite>
    <testsuite name="tests/unearth.graveyard-replay.integration.test.ts" timestamp="2026-04-23T07:32:40.106Z" hostname="A2Ryzen9" tests="7" failures="0" errors="0" skipped="0" time="0.2084185">
        <testcase classname="tests/unearth.graveyard-replay.integration.test.ts" name="unearth graveyard replay semantics (integration) &gt; returns the card from graveyard to battlefield marked as unearthed during live activation" time="0.1054391">
        </testcase>
        <testcase classname="tests/unearth.graveyard-replay.integration.test.ts" name="unearth graveyard replay semantics (integration) &gt; queues and persists self ETB triggers for live unearth battlefield returns" time="0.0533954">
        </testcase>
        <testcase classname="tests/unearth.graveyard-replay.integration.test.ts" name="unearth graveyard replay semantics (integration) &gt; queues and persists external ETB watcher triggers for live unearth battlefield returns" time="0.0076406">
        </testcase>
        <testcase classname="tests/unearth.graveyard-replay.integration.test.ts" name="unearth graveyard replay semantics (integration) &gt; requires sorcery-speed timing for live unearth activation" time="0.000829">
        </testcase>
        <testcase classname="tests/unearth.graveyard-replay.integration.test.ts" name="unearth graveyard replay semantics (integration) &gt; replays unearth by rebuilding the battlefield permanent with unearthed markers" time="0.0196412">
        </testcase>
        <testcase classname="tests/unearth.graveyard-replay.integration.test.ts" name="unearth graveyard replay semantics (integration) &gt; replays persisted unearth life payments on non-cast graveyard branches" time="0.0008365">
        </testcase>
        <testcase classname="tests/unearth.graveyard-replay.integration.test.ts" name="unearth graveyard replay semantics (integration) &gt; falls back to deterministic unearth permanent ids for legacy events without created ids" time="0.0011013">
        </testcase>
    </testsuite>
    <testsuite name="tests/untap-step-effects.test.ts" timestamp="2026-04-23T07:32:40.107Z" hostname="A2Ryzen9" tests="1" failures="0" errors="0" skipped="0" time="0.0542479">
        <testcase classname="tests/untap-step-effects.test.ts" name="untap step effects &gt; applies Unwinding Clock during another player&apos;s untap step without reopening player actions" time="0.0508361">
        </testcase>
    </testsuite>
    <testsuite name="tests/update-permanent-pos.applyEvent.test.ts" timestamp="2026-04-23T07:32:40.107Z" hostname="A2Ryzen9" tests="2" failures="0" errors="0" skipped="0" time="0.0319946">
        <testcase classname="tests/update-permanent-pos.applyEvent.test.ts" name="updatePermanentPos applyEvent support &gt; runtime applyEvent stores permanent battlefield coordinates" time="0.0272313">
        </testcase>
        <testcase classname="tests/update-permanent-pos.applyEvent.test.ts" name="updatePermanentPos applyEvent support &gt; replay applyEvent restores permanent battlefield coordinates" time="0.0011538">
        </testcase>
    </testsuite>
    <testsuite name="tests/upgrade.generic-ability-routing.integration.test.ts" timestamp="2026-04-23T07:32:40.108Z" hostname="A2Ryzen9" tests="1" failures="0" errors="0" skipped="0" time="0.119203">
        <testcase classname="tests/upgrade.generic-ability-routing.integration.test.ts" name="upgrade generic ability routing (integration) &gt; routes Figure of Destiny upgrade through the generic parsed ability id and pays its hybrid cost" time="0.1053326">
        </testcase>
    </testsuite>
    <testsuite name="tests/upkeep-sacrifice.validate-before-complete.integration.test.ts" timestamp="2026-04-23T07:32:40.108Z" hostname="A2Ryzen9" tests="1" failures="0" errors="0" skipped="0" time="0.4827518">
        <testcase classname="tests/upkeep-sacrifice.validate-before-complete.integration.test.ts" name="UPKEEP_SACRIFICE validate-before-complete (integration) &gt; does not consume the step on invalid selection" time="0.0321088">
        </testcase>
    </testsuite>
    <testsuite name="tests/upkeep.intervening-if.test.ts" timestamp="2026-04-23T07:32:40.109Z" hostname="A2Ryzen9" tests="8" failures="0" errors="0" skipped="0" time="0.1628934">
        <testcase classname="tests/upkeep.intervening-if.test.ts" name="Intervening-if upkeep triggers &gt; suppresses an opponent-upkeep trigger when &quot;that player has two or fewer cards in hand&quot; is false" time="0.0739955">
        </testcase>
        <testcase classname="tests/upkeep.intervening-if.test.ts" name="Intervening-if upkeep triggers &gt; evaluates &quot;if that player has no cards in hand&quot; for opponent-upkeep triggers" time="0.0009023">
        </testcase>
        <testcase classname="tests/upkeep.intervening-if.test.ts" name="Intervening-if upkeep triggers &gt; evaluates &quot;if that player has one or fewer cards in hand&quot; for opponent-upkeep triggers" time="0.0006557">
        </testcase>
        <testcase classname="tests/upkeep.intervening-if.test.ts" name="Intervening-if upkeep triggers &gt; applies &quot;that player loses 3 life&quot; for a Shrieking Affliction-style opponent-upkeep trigger" time="0.0612884">
        </testcase>
        <testcase classname="tests/upkeep.intervening-if.test.ts" name="Intervening-if upkeep triggers &gt; does not put Emeria, the Sky Ruin trigger on the stack when Plains condition is false" time="0.0139991">
        </testcase>
        <testcase classname="tests/upkeep.intervening-if.test.ts" name="Intervening-if upkeep triggers &gt; does not put &quot;if you control no Snakes&quot; each-upkeep trigger on stack when condition is false" time="0.0023107">
        </testcase>
        <testcase classname="tests/upkeep.intervening-if.test.ts" name="Intervening-if upkeep triggers &gt; fizzles at resolution if the intervening-if condition becomes false before resolving (upkeep sacrifice)" time="0.0028984">
        </testcase>
        <testcase classname="tests/upkeep.intervening-if.test.ts" name="Intervening-if upkeep triggers &gt; creates the upkeep sacrifice step when the intervening-if condition remains true" time="0.0030729">
        </testcase>
    </testsuite>
    <testsuite name="tests/vazi-keen-negotiator.ability-activated.integration.test.ts" timestamp="2026-04-23T07:32:40.110Z" hostname="A2Ryzen9" tests="3" failures="0" errors="0" skipped="0" time="0.3427104">
        <testcase classname="tests/vazi-keen-negotiator.ability-activated.integration.test.ts" name="Vazi, Keen Negotiator ability-activated trigger &gt; queues target selection and resolves counter-plus-draw when an opponent used Treasure mana on an activated ability" time="0.1800632">
        </testcase>
        <testcase classname="tests/vazi-keen-negotiator.ability-activated.integration.test.ts" name="Vazi, Keen Negotiator ability-activated trigger &gt; does not trigger when the activated ability was deterministically not paid with Treasure mana" time="0.0012173">
        </testcase>
        <testcase classname="tests/vazi-keen-negotiator.ability-activated.integration.test.ts" name="Vazi, Keen Negotiator ability-activated trigger &gt; replayed pushTriggeredAbility still queues target selection and resolves the chosen creature effect" time="0.0228842">
        </testcase>
    </testsuite>
    <testsuite name="tests/venture-initiative.integration.test.ts" timestamp="2026-04-23T07:32:40.110Z" hostname="A2Ryzen9" tests="23" failures="0" errors="0" skipped="0" time="0.4473191">
        <testcase classname="tests/venture-initiative.integration.test.ts" name="venture and initiative support (integration) &gt; queues and persists the AFR dungeon choice when a trigger says venture into the dungeon" time="0.0473875">
        </testcase>
        <testcase classname="tests/venture-initiative.integration.test.ts" name="venture and initiative support (integration) &gt; persists and replays the chosen dungeon after the venture choice is answered" time="0.029149">
        </testcase>
        <testcase classname="tests/venture-initiative.integration.test.ts" name="venture and initiative support (integration) &gt; queues and replays a Scry prompt when the chosen dungeon enters Cave Entrance" time="0.0067447">
        </testcase>
        <testcase classname="tests/venture-initiative.integration.test.ts" name="venture and initiative support (integration) &gt; applies deterministic final-room effects when venturing through a non-branching room transition" time="0.0049416">
        </testcase>
        <testcase classname="tests/venture-initiative.integration.test.ts" name="venture and initiative support (integration) &gt; queues and persists a branch-room choice when venturing from a room with multiple next rooms" time="0.0039262">
        </testcase>
        <testcase classname="tests/venture-initiative.integration.test.ts" name="venture and initiative support (integration) &gt; creates and persists a replay-safe Treasure token when choosing Stash" time="0.1099861">
        </testcase>
        <testcase classname="tests/venture-initiative.integration.test.ts" name="venture and initiative support (integration) &gt; queues Veils of Fear discard payment for players with cards and auto-applies life loss for players without a hand" time="0.0086722">
        </testcase>
        <testcase classname="tests/venture-initiative.integration.test.ts" name="venture and initiative support (integration) &gt; queues Sandfall Cell sacrifice payment for players with valid permanents and auto-applies life loss otherwise" time="0.0270637">
        </testcase>
        <testcase classname="tests/venture-initiative.integration.test.ts" name="venture and initiative support (integration) &gt; queues Oubliette as sequential discard and sacrifice payments" time="0.0076408">
        </testcase>
        <testcase classname="tests/venture-initiative.integration.test.ts" name="venture and initiative support (integration) &gt; queues and persists Fungi Cavern target-creature resolution after choosing the room" time="0.0125285">
        </testcase>
        <testcase classname="tests/venture-initiative.integration.test.ts" name="venture and initiative support (integration) &gt; exiles the top two cards for Runestone Caverns and marks them playable from exile" time="0.0049037">
        </testcase>
        <testcase classname="tests/venture-initiative.integration.test.ts" name="venture and initiative support (integration) &gt; persists and replays the chosen next room after a branch-room choice is answered" time="0.0084316">
        </testcase>
        <testcase classname="tests/venture-initiative.integration.test.ts" name="venture and initiative support (integration) &gt; queues and persists Trap target-player resolution after choosing the room" time="0.0052046">
        </testcase>
        <testcase classname="tests/venture-initiative.integration.test.ts" name="venture and initiative support (integration) &gt; queues and persists Forge target-creature resolution after choosing the room" time="0.0124151">
        </testcase>
        <testcase classname="tests/venture-initiative.integration.test.ts" name="venture and initiative support (integration) &gt; creates and persists a replay-safe Atropal token on an automatic room transition" time="0.0123337">
        </testcase>
        <testcase classname="tests/venture-initiative.integration.test.ts" name="venture and initiative support (integration) &gt; draws three cards for Mad Wizard&apos;s Lair and lets you free-cast one of the revealed spells" time="0.0322867">
        </testcase>
        <testcase classname="tests/venture-initiative.integration.test.ts" name="venture and initiative support (integration) &gt; queues and resolves Throne of the Dead Three by putting a revealed creature onto the battlefield with counters and hexproof" time="0.0208827">
        </testcase>
        <testcase classname="tests/venture-initiative.integration.test.ts" name="venture and initiative support (integration) &gt; queues and persists Twisted Caverns target-creature resolution after choosing the room" time="0.0044189">
        </testcase>
        <testcase classname="tests/venture-initiative.integration.test.ts" name="venture and initiative support (integration) &gt; queues and persists Arena target-creature resolution after choosing the room" time="0.0056267">
        </testcase>
        <testcase classname="tests/venture-initiative.integration.test.ts" name="venture and initiative support (integration) &gt; taking the initiative pushes an Undercity trigger and enters Undercity when no dungeon is active" time="0.0134251">
        </testcase>
        <testcase classname="tests/venture-initiative.integration.test.ts" name="venture and initiative support (integration) &gt; taking the initiative while in another dungeon advances that dungeon instead of starting Undercity" time="0.0093518">
        </testcase>
        <testcase classname="tests/venture-initiative.integration.test.ts" name="venture and initiative support (integration) &gt; a spell that says take the initiative pushes the same Undercity trigger flow" time="0.014565">
        </testcase>
        <testcase classname="tests/venture-initiative.integration.test.ts" name="venture and initiative support (integration) &gt; the initiative holder gets an upkeep trigger that ventures into Undercity" time="0.0210856">
        </testcase>
    </testsuite>
    <testsuite name="tests/venture-initiative.replay.test.ts" timestamp="2026-04-23T07:32:40.113Z" hostname="A2Ryzen9" tests="18" failures="0" errors="0" skipped="0" time="0.0613526">
        <testcase classname="tests/venture-initiative.replay.test.ts" name="venture and initiative replay semantics &gt; replays ventureChooseDungeonResolve by restoring the chosen dungeon, including Undercity" time="0.0231128">
        </testcase>
        <testcase classname="tests/venture-initiative.replay.test.ts" name="venture and initiative replay semantics &gt; replays ventureChooseDungeonResolve and applies deterministic entry effects" time="0.0018108">
        </testcase>
        <testcase classname="tests/venture-initiative.replay.test.ts" name="venture and initiative replay semantics &gt; replays ventureChooseRoomResolve by restoring the chosen next room snapshot" time="0.0005706">
        </testcase>
        <testcase classname="tests/venture-initiative.replay.test.ts" name="venture and initiative replay semantics &gt; replays a room-enter token event by restoring the authoritative token snapshot" time="0.0084784">
        </testcase>
        <testcase classname="tests/venture-initiative.replay.test.ts" name="venture and initiative replay semantics &gt; replays a creature-token room event by restoring keyword-bearing token stats" time="0.0006868">
        </testcase>
        <testcase classname="tests/venture-initiative.replay.test.ts" name="venture and initiative replay semantics &gt; replays a Runestone Caverns executeEffect by restoring exile state and play-from-exile permission" time="0.0006985">
        </testcase>
        <testcase classname="tests/venture-initiative.replay.test.ts" name="venture and initiative replay semantics &gt; replays a Mad Wizard&apos;s Lair executeEffect by restoring the drawn cards to hand" time="0.0004387">
        </testcase>
        <testcase classname="tests/venture-initiative.replay.test.ts" name="venture and initiative replay semantics &gt; replays dungeonRoomPenaltyChoiceResolve by clearing the queued option step and applying life loss" time="0.0012153">
        </testcase>
        <testcase classname="tests/venture-initiative.replay.test.ts" name="venture and initiative replay semantics &gt; replays dungeonRoomFreeCastChoiceResolve by clearing the queued Mad Wizard&apos;s Lair option step" time="0.0008062">
        </testcase>
        <testcase classname="tests/venture-initiative.replay.test.ts" name="venture and initiative replay semantics &gt; replays dungeonRoomThroneResolve by clearing the queued prompt and restoring the chosen creature with counters and hexproof" time="0.001563">
        </testcase>
        <testcase classname="tests/venture-initiative.replay.test.ts" name="venture and initiative replay semantics &gt; replays discardEffect by clearing a queued dungeon discard-payment step" time="0.001145">
        </testcase>
        <testcase classname="tests/venture-initiative.replay.test.ts" name="venture and initiative replay semantics &gt; replays sacrificePermanent by clearing a queued dungeon sacrifice-payment step" time="0.0074694">
        </testcase>
        <testcase classname="tests/venture-initiative.replay.test.ts" name="venture and initiative replay semantics &gt; replays Fungi Cavern target-creature resolution by clearing the queued target prompt and applying the PT modifier" time="0.0011746">
        </testcase>
        <testcase classname="tests/venture-initiative.replay.test.ts" name="venture and initiative replay semantics &gt; replays Twisted Caverns target-creature resolution by clearing the queued target prompt and applying the attack restriction" time="0.0007068">
        </testcase>
        <testcase classname="tests/venture-initiative.replay.test.ts" name="venture and initiative replay semantics &gt; replays ventureChooseRoomResolve completion by recording completion and clearing active progress" time="0.0014327">
        </testcase>
        <testcase classname="tests/venture-initiative.replay.test.ts" name="venture and initiative replay semantics &gt; replays Trap target-player resolution by clearing the queued player prompt and applying life loss" time="0.0010637">
        </testcase>
        <testcase classname="tests/venture-initiative.replay.test.ts" name="venture and initiative replay semantics &gt; replays Forge target-creature resolution by clearing the queued target prompt and applying counters" time="0.0044411">
        </testcase>
        <testcase classname="tests/venture-initiative.replay.test.ts" name="venture and initiative replay semantics &gt; replays Arena target-creature resolution by clearing the queued target prompt and applying goad" time="0.0007662">
        </testcase>
    </testsuite>
    <testsuite name="tests/vote-submit.replay.test.ts" timestamp="2026-04-23T07:32:40.114Z" hostname="A2Ryzen9" tests="3" failures="0" errors="0" skipped="0" time="0.0273192">
        <testcase classname="tests/vote-submit.replay.test.ts" name="voteSubmit replay semantics &gt; rebuilds active vote state with the full persisted choice list" time="0.0217111">
        </testcase>
        <testcase classname="tests/vote-submit.replay.test.ts" name="voteSubmit replay semantics &gt; falls back to reconstructing choices from vote submissions for legacy thin events" time="0.0004933">
        </testcase>
        <testcase classname="tests/vote-submit.replay.test.ts" name="voteSubmit replay semantics &gt; appends replayed votes to an existing active vote" time="0.0002961">
        </testcase>
    </testsuite>
    <testsuite name="tests/vote.validate-before-complete.integration.test.ts" timestamp="2026-04-23T07:32:40.115Z" hostname="A2Ryzen9" tests="1" failures="0" errors="0" skipped="0" time="0.0345925">
        <testcase classname="tests/vote.validate-before-complete.integration.test.ts" name="VOTE validate-before-complete (integration) &gt; does not consume the step on invalid selection" time="0.0209693">
        </testcase>
    </testsuite>
    <testsuite name="tests/ward-payment.integration.test.ts" timestamp="2026-04-23T07:32:40.115Z" hostname="A2Ryzen9" tests="4" failures="0" errors="0" skipped="0" time="0.6787963">
        <testcase classname="tests/ward-payment.integration.test.ts" name="ward mana payment flow &gt; queues mana ward payment without requiring floating mana and allows untapped lands to pay it" time="0.1858643">
        </testcase>
        <testcase classname="tests/ward-payment.integration.test.ts" name="ward mana payment flow &gt; lets ward payment use a fixed mixed-color bundle from a signet-style source" time="0.0178458">
        </testcase>
        <testcase classname="tests/ward-payment.integration.test.ts" name="ward mana payment flow &gt; persists mana ward payment evidence for Treasure-backed payments" time="0.0138863">
        </testcase>
        <testcase classname="tests/ward-payment.integration.test.ts" name="ward mana payment flow &gt; leaves an uncounterable pending spell intact when ward is declined" time="0.004336">
        </testcase>
    </testsuite>
    <testsuite name="tests/ward-payment.replay.test.ts" timestamp="2026-04-23T07:32:40.116Z" hostname="A2Ryzen9" tests="2" failures="0" errors="0" skipped="0" time="0.0286725">
        <testcase classname="tests/ward-payment.replay.test.ts" name="ward payment replay semantics &gt; replays targetSelectionWardPrompt by restoring stack targets and queued ward prompts" time="0.0226438">
        </testcase>
        <testcase classname="tests/ward-payment.replay.test.ts" name="ward payment replay semantics &gt; replays wardPaymentResolve by clearing the queued prompt and restoring Treasure-backed payment evidence" time="0.0023581">
        </testcase>
    </testsuite>
    <testsuite name="tests/warrior-damage-intervening-if-plumbing.test.ts" timestamp="2026-04-23T07:32:40.116Z" hostname="A2Ryzen9" tests="2" failures="0" errors="0" skipped="0" time="0.1228343">
        <testcase classname="tests/warrior-damage-intervening-if-plumbing.test.ts" name="intervening-if plumbing: warrior damage source refs &gt; suppresses trigger at trigger-time when damage source is not a Warrior" time="0.0850343">
        </testcase>
        <testcase classname="tests/warrior-damage-intervening-if-plumbing.test.ts" name="intervening-if plumbing: warrior damage source refs &gt; queues trigger when damage source is a Warrior" time="0.0342077">
        </testcase>
    </testsuite>
    <testsuite name="tests/was-cast-shorthand.intervening-if.test.ts" timestamp="2026-04-23T07:32:40.117Z" hostname="A2Ryzen9" tests="5" failures="0" errors="0" skipped="0" time="0.0416156">
        <testcase classname="tests/was-cast-shorthand.intervening-if.test.ts" name="Intervening-if: &quot;if he/she/it was cast&quot; / &quot;if this &lt;thing&gt; was cast&quot; &gt; returns null when there is no cast provenance evidence" time="0.0369393">
        </testcase>
        <testcase classname="tests/was-cast-shorthand.intervening-if.test.ts" name="Intervening-if: &quot;if he/she/it was cast&quot; / &quot;if this &lt;thing&gt; was cast&quot; &gt; returns true when cast source zone is present as `source` (common stack-item field)" time="0.0005732">
        </testcase>
        <testcase classname="tests/was-cast-shorthand.intervening-if.test.ts" name="Intervening-if: &quot;if he/she/it was cast&quot; / &quot;if this &lt;thing&gt; was cast&quot; &gt; returns true when any cast-from flag is present, even if false (presence implies cast happened)" time="0.0002852">
        </testcase>
        <testcase classname="tests/was-cast-shorthand.intervening-if.test.ts" name="Intervening-if: &quot;if he/she/it was cast&quot; / &quot;if this &lt;thing&gt; was cast&quot; &gt; returns true when castFromForetell is present" time="0.0006678">
        </testcase>
        <testcase classname="tests/was-cast-shorthand.intervening-if.test.ts" name="Intervening-if: &quot;if he/she/it was cast&quot; / &quot;if this &lt;thing&gt; was cast&quot; &gt; uses explicit refs.wasCast boolean when provided" time="0.0004601">
        </testcase>
    </testsuite>
    <testsuite name="tests/would-draw-a-card.intervening-if.test.ts" timestamp="2026-04-23T07:32:40.118Z" hostname="A2Ryzen9" tests="2" failures="0" errors="0" skipped="0" time="0.0929323">
        <testcase classname="tests/would-draw-a-card.intervening-if.test.ts" name="Intervening-if: &apos;if you would draw a card&apos; (Item 82) &gt; returns true/false when explicit refs are provided" time="0.0881909">
        </testcase>
        <testcase classname="tests/would-draw-a-card.intervening-if.test.ts" name="Intervening-if: &apos;if you would draw a card&apos; (Item 82) &gt; returns null when refs are missing" time="0.0011232">
        </testcase>
    </testsuite>
    <testsuite name="tests/x-activated-abilities.regressions.test.ts" timestamp="2026-04-23T07:32:40.118Z" hostname="A2Ryzen9" tests="2" failures="0" errors="0" skipped="0" time="0.0057102">
        <testcase classname="tests/x-activated-abilities.regressions.test.ts" name="X-activated abilities (regressions) &gt; Crypt Rats {X} deals X damage to each creature and each player" time="0.00278">
        </testcase>
        <testcase classname="tests/x-activated-abilities.regressions.test.ts" name="X-activated abilities (regressions) &gt; Helix Pinnacle {X} puts X tower counters on itself" time="0.0005305">
        </testcase>
    </testsuite>
    <testsuite name="tests/x-value-selection.validate-before-complete.integration.test.ts" timestamp="2026-04-23T07:32:40.119Z" hostname="A2Ryzen9" tests="1" failures="0" errors="0" skipped="0" time="0.0532778">
        <testcase classname="tests/x-value-selection.validate-before-complete.integration.test.ts" name="X_VALUE_SELECTION validate-before-complete (integration) &gt; does not consume the step on invalid X selection (Blight X stage)" time="0.0376398">
        </testcase>
    </testsuite>
</testsuites>
