
[1m[46m RUN [49m[22m [36mv4.0.16 [39m[90mD:/Git/MTGEDH/server[39m

 [32mΓ£ô[39m tests/replay-coverage.meta.test.ts [2m([22m[2m2 tests[22m[2m)[22m[33m 524[2mms[22m[39m
     [33m[2mΓ£ô[22m[39m requires replay-named test coverage for every guarded interaction event [33m 513[2mms[22m[39m
 [32mΓ£ô[39m tests/casal-etb-library-search.test.ts [2m([22m[2m3 tests[22m[2m)[22m[32m 36[2mms[22m[39m
 [32mΓ£ô[39m tests/spacecraft.station-threshold.integration.test.ts [2m([22m[2m3 tests[22m[2m)[22m[32m 197[2mms[22m[39m
 [32mΓ£ô[39m tests/activation-cost.mana-prevalidation.no-partial.integration.test.ts [2m([22m[2m5 tests[22m[2m)[22m[32m 225[2mms[22m[39m
 [32mΓ£ô[39m tests/resolve-spell-prompt.integration.test.ts [2m([22m[2m5 tests[22m[2m)[22m[32m 265[2mms[22m[39m
 [32mΓ£ô[39m tests/discard-typed-as-cost.battlefield-activation.resolution-queue.integration.test.ts [2m([22m[2m3 tests[22m[2m)[22m[32m 263[2mms[22m[39m
 [32mΓ£ô[39m tests/drowner-of-secrets.activation.integration.test.ts [2m([22m[2m2 tests[22m[2m)[22m[32m 298[2mms[22m[39m
 [32mΓ£ô[39m tests/academic-probation.integration.test.ts [2m([22m[2m4 tests[22m[2m)[22m[32m 273[2mms[22m[39m
 [32mΓ£ô[39m tests/cultivate.library-search-replay.integration.test.ts [2m([22m[2m1 test[22m[2m)[22m[32m 123[2mms[22m[39m
 [32mΓ£ô[39m tests/tempting-offer.replay.test.ts [2m([22m[2m3 tests[22m[2m)[22m[32m 131[2mms[22m[39m
 [32mΓ£ô[39m tests/venture-initiative.integration.test.ts [2m([22m[2m23 tests[22m[2m)[22m[33m 497[2mms[22m[39m
 [32mΓ£ô[39m tests/death-trigger.graveyard-return.integration.test.ts [2m([22m[2m23 tests[22m[2m)[22m[33m 550[2mms[22m[39m
 [32mΓ£ô[39m tests/rules-bridge.choice-required.integration.test.ts [2m([22m[2m9 tests[22m[2m)[22m[33m 515[2mms[22m[39m
 [32mΓ£ô[39m tests/exert-choice.replay.test.ts [2m([22m[2m18 tests[22m[2m)[22m[33m 485[2mms[22m[39m
 [32mΓ£ô[39m tests/spell-control-change.cast-path.integration.test.ts [2m([22m[2m3 tests[22m[2m)[22m[33m 505[2mms[22m[39m
     [33m[2mΓ£ô[22m[39m casts and resolves Harmless Offering through mixed target selection [33m 386[2mms[22m[39m
 [32mΓ£ô[39m tests/exert-activation-cost.integration.test.ts [2m([22m[2m8 tests[22m[2m)[22m[33m 525[2mms[22m[39m
 [32mΓ£ô[39m tests/ability-activated-copy.integration.test.ts [2m([22m[2m14 tests[22m[2m)[22m[33m 659[2mms[22m[39m
 [32mΓ£ô[39m tests/activate-battlefield-ability.scoped-detector-routing.integration.test.ts [2m([22m[2m35 tests[22m[2m)[22m[33m 700[2mms[22m[39m
 [32mΓ£ô[39m tests/cast-reanimate-spell.integration.test.ts [2m([22m[2m14 tests[22m[2m)[22m[33m 698[2mms[22m[39m
     [33m[2mΓ£ô[22m[39m Reanimate: casts a sorcery, lets the controller pick a creature in any graveyard, and puts it onto the battlefield under the controller [33m 346[2mms[22m[39m
 [32mΓ£ô[39m tests/summon-the-school.loop-replay.integration.test.ts [2m([22m[2m1 test[22m[2m)[22m[33m 723[2mms[22m[39m
     [33m[2mΓ£ô[22m[39m replays a recorded Summon loop line that taps one of the newly created tokens for Drowner of Secrets [33m 706[2mms[22m[39m
 [32mΓ£ô[39m tests/exert-choice.integration.test.ts [2m([22m[2m22 tests[22m[2m)[22m[33m 792[2mms[22m[39m
 [32mΓ£ô[39m tests/tibalts-trickery.generic-resolution.integration.test.ts [2m([22m[2m2 tests[22m[2m)[22m[33m 570[2mms[22m[39m
     [33m[2mΓ£ô[22m[39m supplements legacy counter resolution with random mill plus exile-until follow-up [33m 452[2mms[22m[39m
 [32mΓ£ô[39m tests/ai-resolution-step.integration.test.ts [2m([22m[2m94 tests[22m[2m)[22m[33m 1929[2mms[22m[39m
     [33m[2mΓ£ô[22m[39m passes priority instead of retrying a stale duplicate land already on the battlefield [33m 516[2mms[22m[39m
     [33m[2mΓ£ô[22m[39m advances out of declare attackers when the AI chooses no attackers [33m 514[2mms[22m[39m
 [32mΓ£ô[39m tests/commander-sphere.generic-sacrifice-draw.integration.test.ts [2m([22m[2m1 test[22m[2m)[22m[32m 59[2mms[22m[39m
 [32mΓ£ô[39m tests/exploit-choice.integration.test.ts [2m([22m[2m3 tests[22m[2m)[22m[32m 267[2mms[22m[39m
 [32mΓ£ô[39m tests/ai.shared-mana-retention.integration.test.ts [2m([22m[2m1 test[22m[2m)[22m[32m 216[2mms[22m[39m
 [32mΓ£ô[39m tests/replay.nextstep-persistence.integration.test.ts [2m([22m[2m3 tests[22m[2m)[22m[32m 222[2mms[22m[39m
 [32mΓ£ô[39m tests/ability-activated-copy.replay.integration.test.ts [2m([22m[2m4 tests[22m[2m)[22m[33m 441[2mms[22m[39m
     [33m[2mΓ£ô[22m[39m replays copied multi-target shared-type exchange activations with a retargeted copy [33m 341[2mms[22m[39m
 [32mΓ£ô[39m tests/return-from-graveyard.simple-replay.integration.test.ts [2m([22m[2m5 tests[22m[2m)[22m[32m 129[2mms[22m[39m
 [32mΓ£ô[39m tests/color-choice.validate-before-complete.integration.test.ts [2m([22m[2m2 tests[22m[2m)[22m[32m 48[2mms[22m[39m
 [32mΓ£ô[39m tests/cleanup-discard.replay.integration.test.ts [2m([22m[2m1 test[22m[2m)[22m[32m 166[2mms[22m[39m
 [32mΓ£ô[39m tests/paradigm.integration.test.ts [2m([22m[2m4 tests[22m[2m)[22m[32m 191[2mms[22m[39m
 [32mΓ£ô[39m tests/extort-payment.integration.test.ts [2m([22m[2m2 tests[22m[2m)[22m[32m 209[2mms[22m[39m
 [32mΓ£ô[39m tests/spell-cast-trigger-persistence.integration.test.ts [2m([22m[2m14 tests[22m[2m)[22m[33m 377[2mms[22m[39m
 [32mΓ£ô[39m tests/keyword-etb-choice.integration.test.ts [2m([22m[2m10 tests[22m[2m)[22m[33m 395[2mms[22m[39m
 [32mΓ£ô[39m tests/stack.regressions.effects.test.ts [2m([22m[2m9 tests[22m[2m)[22m[33m 359[2mms[22m[39m
 [32mΓ£ô[39m tests/spell-control-change.integration.test.ts [2m([22m[2m8 tests[22m[2m)[22m[33m 415[2mms[22m[39m
 [32mΓ£ô[39m tests/mutate.trigger-targeting.integration.test.ts [2m([22m[2m8 tests[22m[2m)[22m[33m 367[2mms[22m[39m
 [32mΓ£ô[39m tests/mana-payment-choice.selection.integration.test.ts [2m([22m[2m9 tests[22m[2m)[22m[33m 424[2mms[22m[39m
 [32mΓ£ô[39m tests/spell-cast-copy.replay.integration.test.ts [2m([22m[2m10 tests[22m[2m)[22m[33m 399[2mms[22m[39m
 [32mΓ£ô[39m tests/mdfc-face-selection.validate-before-complete.integration.test.ts [2m([22m[2m2 tests[22m[2m)[22m[32m 185[2mms[22m[39m
 [32mΓ£ô[39m tests/opponent-pay.trigger-resolution.integration.test.ts [2m([22m[2m3 tests[22m[2m)[22m[32m 266[2mms[22m[39m
 [32mΓ£ô[39m tests/modal-command-targeting.integration.test.ts [2m([22m[2m7 tests[22m[2m)[22m[33m 350[2mms[22m[39m
 [32mΓ£ô[39m tests/ai-mana-ability.integration.test.ts [2m([22m[2m3 tests[22m[2m)[22m[33m 373[2mms[22m[39m
 [32mΓ£ô[39m tests/rules-bridge.phase-triggers.integration.test.ts [2m([22m[2m8 tests[22m[2m)[22m[33m 358[2mms[22m[39m
 [32mΓ£ô[39m tests/commander.shared-surface.integration.test.ts [2m([22m[2m2 tests[22m[2m)[22m[32m 172[2mms[22m[39m
[90mstdout[2m | tests/blackblade-reforged.equip-legendary.integration.test.ts[2m > [22m[2mBlackblade Reforged legendary equip (integration)[2m > [22m[2mpersists sacrificed payment sources for queued equip activations so replay removes them
[22m[39mDEBUG_REPLAY_BATTLEFIELD [
  {
    "id": "blackblade_1",
    "controller": "p1",
    "owner": "p1",
    "tapped": false,
    "card": {
      "id": "blackblade_card_1",
      "name": "Blackblade Reforged",
      "type_line": "Legendary Artifact - Equipment",
      "oracle_text": "Equipped creature gets +1/+1 for each land you control. Equip legendary creature {3}. Equip {7}",
      "zone": "battlefield"
    }
  },
  {
    "id": "commander_1",
    "controller": "p1",
    "owner": "p1",
    "tapped": false,
    "isCommander": true,
    "card": {
      "id": "commander_card_1",
      "name": "Baeloth Barrityl, Entertainer",
      "type_line": "Legendary Creature - Elf Shaman",
      "oracle_text": "Choose a Background",
      "zone": "battlefield"
    }
  }
]
DEBUG_REPLAY_GRAVEYARD [
  {
    "id": "treasure_card_1",
    "name": "Treasure",
    "type_line": "Token Artifact - Treasure",
    "oracle_text": "{T}, Sacrifice this artifact: Add one mana of any color.",
    "zone": "graveyard"
  }
]
DEBUG_REPLAY_STACK [
  {
    "id": "ability_battlefield_blackblade_1:equip_18xldpl",
    "type": "ability",
    "controller": "p1",
    "source": "blackblade_1",
    "sourceName": "Blackblade Reforged",
    "description": "Equip {3}",
    "activatedAbilityText": "Equip {3}",
    "targets": [
      "commander_1"
    ],
    "abilityType": "equip",
    "equipParams": {
      "equipmentId": "blackblade_1",
      "targetCreatureId": "commander_1",
      "equipmentName": "Blackblade Reforged",
      "targetCreatureName": ""
    }
  }
]
DEBUG_REPLAY_STACK [
  {
    "id": "ability_battlefield_blackblade_1:equip_18xldpl",
    "type": "ability",
    "controller": "p1",
    "source": "blackblade_1",
    "sourceName": "Blackblade Reforged",
    "description": "Equip {3}",
    "activatedAbilityText": "Equip {3}",
    "targets": [
      "commander_1"
    ],
    "abilityType": "equip",
    "equipParams": {
      "equipmentId": "blackblade_1",
      "targetCreatureId": "commander_1",
      "equipmentName": "Blackblade Reforged",
      "targetCreatureName": ""
    }
  }
]

 [32mΓ£ô[39m tests/oracleIRFallback.mass-destroy.test.ts [2m([22m[2m12 tests[22m[2m)[22m[33m 324[2mms[22m[39m
 [32mΓ£ô[39m tests/station-threshold-keyword-line.battlefield-activation.integration.test.ts [2m([22m[2m1 test[22m[2m)[22m[32m 192[2mms[22m[39m
[90mstdout[2m | tests/blackblade-reforged.equip-legendary.integration.test.ts[2m > [22m[2mBlackblade Reforged legendary equip (integration)[2m > [22m[2mpersists resolved equip attachments so restore rebuilds attached and equipped state
[22m[39mDEBUG_REPLAY_BATTLEFIELD []
DEBUG_REPLAY_GRAVEYARD []
DEBUG_REPLAY_BATTLEFIELD [
  {
    "id": "equipment_1",
    "controller": "p1",
    "owner": "p1",
    "tapped": false,
    "counters": {},
    "card": {
      "id": "equipment_card_1",
      "name": "Test Sword",
      "type_line": "Artifact - Equipment",
      "oracle_text": "Equip {2}",
      "zone": "battlefield"
    },
    "attachedTo": "creature_1"
  },
  {
    "id": "creature_1",
    "controller": "p1",
    "owner": "p1",
    "tapped": false,
    "counters": {},
    "attachedEquipment": [
      "equipment_1"
    ],
    "isEquipped": true,
    "card": {
      "id": "creature_card_1",
      "name": "Silvercoat Lion",
      "type_line": "Creature - Cat",
      "oracle_text": "",
      "zone": "battlefield"
    }
  }
]
DEBUG_REPLAY_GRAVEYARD []

[90mstdout[2m | tests/blackblade-reforged.equip-legendary.integration.test.ts[2m > [22m[2mBlackblade Reforged legendary equip (integration)[2m > [22m[2mpersists tapped payment sources for equip activations so replay restores mana-source taps
[22m[39mDEBUG_REPLAY_BATTLEFIELD []
DEBUG_REPLAY_GRAVEYARD []
DEBUG_REPLAY_BATTLEFIELD [
  {
    "id": "equipment_1",
    "controller": "p1",
    "owner": "p1",
    "tapped": false,
    "counters": {},
    "card": {
      "id": "equipment_card_1",
      "name": "Test Sword",
      "type_line": "Artifact - Equipment",
      "oracle_text": "Equip {2}",
      "zone": "battlefield"
    }
  },
  {
    "id": "creature_1",
    "controller": "p1",
    "owner": "p1",
    "tapped": false,
    "counters": {},
    "attachedEquipment": [],
    "isEquipped": false,
    "card": {
      "id": "creature_card_1",
      "name": "Silvercoat Lion",
      "type_line": "Creature - Cat",
      "oracle_text": "",
      "zone": "battlefield"
    }
  },
  {
    "id": "wastes_1",
    "controller": "p1",
    "owner": "p1",
    "tapped": true,
    "counters": {},
    "card": {
      "id": "wastes_card_1",
      "name": "Wastes",
      "type_line": "Basic Land",
      "oracle_text": "{T}: Add {C}.",
      "zone": "battlefield"
    }
  },
  {
    "id": "wastes_2",
    "controller": "p1",
    "owner": "p1",
    "tapped": true,
    "counters": {},
    "card": {
      "id": "wastes_card_2",
      "name": "Wastes",
      "type_line": "Basic Land",
      "oracle_text": "{T}: Add {C}.",
      "zone": "battlefield"
    }
  }
]
DEBUG_REPLAY_GRAVEYARD []

 [32mΓ£ô[39m tests/blackblade-reforged.equip-legendary.integration.test.ts [2m([22m[2m4 tests[22m[2m)[22m[33m 341[2mms[22m[39m
 [32mΓ£ô[39m tests/myriad-choice.integration.test.ts [2m([22m[2m6 tests[22m[2m)[22m[33m 363[2mms[22m[39m
 [32mΓ£ô[39m tests/shock-land-and-request-cast.regression.integration.test.ts [2m([22m[2m7 tests[22m[2m)[22m[33m 357[2mms[22m[39m
 [32mΓ£ô[39m tests/spell-library-search.regression.integration.test.ts [2m([22m[2m4 tests[22m[2m)[22m[33m 318[2mms[22m[39m
 [32mΓ£ô[39m tests/dance-with-calamity.replay.test.ts [2m([22m[2m4 tests[22m[2m)[22m[32m 284[2mms[22m[39m
 [32mΓ£ô[39m tests/join-forces.replay.test.ts [2m([22m[2m3 tests[22m[2m)[22m[33m 321[2mms[22m[39m
     [33m[2mΓ£ô[22m[39m replays a persisted Join Forces contribution into pending state [33m 303[2mms[22m[39m
 [32mΓ£ô[39m tests/sacrifice-unless-pay-choice.validation.integration.test.ts [2m([22m[2m10 tests[22m[2m)[22m[32m 275[2mms[22m[39m
 [32mΓ£ô[39m tests/pest-infestation.request-cast.integration.test.ts [2m([22m[2m1 test[22m[2m)[22m[32m 270[2mms[22m[39m
 [32mΓ£ô[39m tests/combat-trigger-persistence.integration.test.ts [2m([22m[2m3 tests[22m[2m)[22m[32m 282[2mms[22m[39m
 [32mΓ£ô[39m tests/special-land.generic-ability-routing.integration.test.ts [2m([22m[2m11 tests[22m[2m)[22m[32m 282[2mms[22m[39m
 [32mΓ£ô[39m tests/tymna.postcombat-main.integration.test.ts [2m([22m[2m1 test[22m[2m)[22m[32m 261[2mms[22m[39m
 [32mΓ£ô[39m tests/annihilator-choice.integration.test.ts [2m([22m[2m3 tests[22m[2m)[22m[32m 255[2mms[22m[39m
 [32mΓ£ô[39m tests/devour-selection.validate-before-complete.integration.test.ts [2m([22m[2m1 test[22m[2m)[22m[32m 50[2mms[22m[39m
 [32mΓ£ô[39m tests/life-payment.validate-before-complete.integration.test.ts [2m([22m[2m1 test[22m[2m)[22m[32m 61[2mms[22m[39m
 [32mΓ£ô[39m tests/prepared.integration.test.ts [2m([22m[2m10 tests[22m[2m)[22m[32m 259[2mms[22m[39m
[90mstdout[2m | tests/precon-live-e2e.integration.test.ts[2m > [22m[2mlive server precon end-to-end[2m > [22m[2mloads the three txt decks into the real server engine and advances multiple live turns without stalling
[22m[39m[precon-live] game=precon_live_e2e_server_integration rngSeed=2072573622 (default regression seed)

 [32mΓ£ô[39m tests/crew-levelup-outlast.generic-ability-routing.integration.test.ts [2m([22m[2m3 tests[22m[2m)[22m[32m 217[2mms[22m[39m
 [32mΓ£ô[39m tests/nykthos.devotion-color-choice.integration.test.ts [2m([22m[2m1 test[22m[2m)[22m[32m 200[2mms[22m[39m
 [32mΓ£ô[39m tests/ward-payment.integration.test.ts [2m([22m[2m4 tests[22m[2m)[22m[33m 349[2mms[22m[39m
 [32mΓ£ô[39m tests/overload-mode-selection.integration.test.ts [2m([22m[2m2 tests[22m[2m)[22m[32m 254[2mms[22m[39m
 [32mΓ£ô[39m tests/ai.shared-spell-payment.integration.test.ts [2m([22m[2m8 tests[22m[2m)[22m[32m 234[2mms[22m[39m
 [32mΓ£ô[39m tests/reconfigure.generic-ability-routing.integration.test.ts [2m([22m[2m1 test[22m[2m)[22m[32m 245[2mms[22m[39m
 [32mΓ£ô[39m tests/activate-fetchland.integration.test.ts [2m([22m[2m4 tests[22m[2m)[22m[32m 278[2mms[22m[39m
 [32mΓ£ô[39m tests/mentor.attack-trigger.integration.test.ts [2m([22m[2m2 tests[22m[2m)[22m[32m 247[2mms[22m[39m
 [32mΓ£ô[39m tests/temporary-effects.replay.test.ts [2m([22m[2m4 tests[22m[2m)[22m[32m 277[2mms[22m[39m
 [32mΓ£ô[39m tests/intervening-if.evaluator.test.ts [2m([22m[2m100 tests[22m[2m)[22m[32m 253[2mms[22m[39m
 [32mΓ£ô[39m tests/combat-damage-batched.intervening-if.test.ts [2m([22m[2m5 tests[22m[2m)[22m[32m 266[2mms[22m[39m
 [32mΓ£ô[39m tests/dominus.generic-ability-routing.integration.test.ts [2m([22m[2m1 test[22m[2m)[22m[32m 226[2mms[22m[39m
 [32mΓ£ô[39m tests/fortify.generic-ability-routing.integration.test.ts [2m([22m[2m1 test[22m[2m)[22m[32m 236[2mms[22m[39m
 [32mΓ£ô[39m tests/sacrifice-as-cost.pay-life.battlefield-activation.resolution-queue.integration.test.ts [2m([22m[2m1 test[22m[2m)[22m[32m 192[2mms[22m[39m
 [32mΓ£ô[39m tests/ai.shared-battlefield-ability.integration.test.ts [2m([22m[2m6 tests[22m[2m)[22m[32m 255[2mms[22m[39m
 [32mΓ£ô[39m tests/activate-battlefield-ability.legacy-id-token-guard.integration.test.ts [2m([22m[2m10 tests[22m[2m)[22m[32m 223[2mms[22m[39m
 [32mΓ£ô[39m tests/attack-keyword-trigger-dedup.integration.test.ts [2m([22m[2m3 tests[22m[2m)[22m[32m 205[2mms[22m[39m
 [32mΓ£ô[39m tests/stack.counter.test.ts [2m([22m[2m2 tests[22m[2m)[22m[32m 239[2mms[22m[39m
 [32mΓ£ô[39m tests/vazi-keen-negotiator.ability-activated.integration.test.ts [2m([22m[2m3 tests[22m[2m)[22m[32m 261[2mms[22m[39m
 [32mΓ£ô[39m tests/turn-direction.authorization.integration.test.ts [2m([22m[2m4 tests[22m[2m)[22m[33m 639[2mms[22m[39m
 [32mΓ£ô[39m tests/request-cast.additional-cost-prompt-persistence.integration.test.ts [2m([22m[2m6 tests[22m[2m)[22m[32m 137[2mms[22m[39m
 [32mΓ£ô[39m tests/mentor-target.integration.test.ts [2m([22m[2m2 tests[22m[2m)[22m[33m 481[2mms[22m[39m
 [32mΓ£ô[39m tests/graveyard-tutor.library-search-replay.integration.test.ts [2m([22m[2m5 tests[22m[2m)[22m[33m 831[2mms[22m[39m
 [32mΓ£ô[39m tests/scavenge-encore.graveyard-replay.integration.test.ts [2m([22m[2m8 tests[22m[2m)[22m[33m 847[2mms[22m[39m
 [32mΓ£ô[39m tests/exile-graveyard-as-cost.battlefield-activation.resolution-queue.integration.test.ts [2m([22m[2m3 tests[22m[2m)[22m[33m 422[2mms[22m[39m
 [32mΓ£ô[39m tests/mirrormind-crown.token-replacement.test.ts [2m([22m[2m2 tests[22m[2m)[22m[33m 872[2mms[22m[39m
 [32mΓ£ô[39m tests/precon-live-e2e.integration.test.ts [2m([22m[2m2 tests[22m[2m | [22m[33m1 skipped[39m[2m)[22m[33m 7220[2mms[22m[39m
     [33m[2mΓ£ô[22m[39m loads the three txt decks into the real server engine and advances multiple live turns without stalling [33m 7191[2mms[22m[39m
 [32mΓ£ô[39m tests/phyrexian-mana-payment-choice-as-cost.battlefield-activation.integration.test.ts [2m([22m[2m4 tests[22m[2m)[22m[32m 188[2mms[22m[39m
 [32mΓ£ô[39m tests/morph-turn-face-up.validate-before-complete.integration.test.ts [2m([22m[2m1 test[22m[2m)[22m[32m 55[2mms[22m[39m
 [32mΓ£ô[39m tests/special-land-shortcuts.replay.test.ts [2m([22m[2m5 tests[22m[2m)[22m[32m 226[2mms[22m[39m
 [32mΓ£ô[39m tests/tap-other-as-cost.battlefield-activation.resolution-queue.integration.test.ts [2m([22m[2m4 tests[22m[2m)[22m[32m 228[2mms[22m[39m
 [32mΓ£ô[39m tests/ai.shared-battlefield-followup.integration.test.ts [2m([22m[2m2 tests[22m[2m)[22m[32m 221[2mms[22m[39m
 [32mΓ£ô[39m tests/attack-trigger-mana-payment.resolution-queue.integration.test.ts [2m([22m[2m2 tests[22m[2m)[22m[32m 196[2mms[22m[39m
 [32mΓ£ô[39m tests/enlist-choice.integration.test.ts [2m([22m[2m2 tests[22m[2m)[22m[32m 229[2mms[22m[39m
 [32mΓ£ô[39m tests/afflict.block-trigger.integration.test.ts [2m([22m[2m2 tests[22m[2m)[22m[32m 193[2mms[22m[39m
 [32mΓ£ô[39m tests/discard-and-sacrifice-as-cost.battlefield-activation.resolution-queue.integration.test.ts [2m([22m[2m1 test[22m[2m)[22m[32m 231[2mms[22m[39m
 [32mΓ£ô[39m tests/hakbal.begin-combat-explore.integration.test.ts [2m([22m[2m1 test[22m[2m)[22m[32m 181[2mms[22m[39m
 [32mΓ£ô[39m tests/adapt-monstrosity.generic-ability-routing.integration.test.ts [2m([22m[2m2 tests[22m[2m)[22m[32m 171[2mms[22m[39m
 [32mΓ£ô[39m tests/hybrid-mana.resume-activation-cost.integration.test.ts [2m([22m[2m1 test[22m[2m)[22m[32m 177[2mms[22m[39m
 [32mΓ£ô[39m tests/activation-cost.autotap-simple-mana.integration.test.ts [2m([22m[2m2 tests[22m[2m)[22m[32m 168[2mms[22m[39m
 [32mΓ£ô[39m tests/attack-cost-payment.resolution-queue.integration.test.ts [2m([22m[2m2 tests[22m[2m)[22m[32m 204[2mms[22m[39m
 [32mΓ£ô[39m tests/blight-x-as-cost.battlefield-activation.resolution-queue.integration.test.ts [2m([22m[2m1 test[22m[2m)[22m[32m 232[2mms[22m[39m
 [32mΓ£ô[39m tests/rampage.block-trigger.integration.test.ts [2m([22m[2m2 tests[22m[2m)[22m[32m 220[2mms[22m[39m
 [32mΓ£ô[39m tests/modal-trigger.graveyard-choice.integration.test.ts [2m([22m[2m3 tests[22m[2m)[22m[32m 244[2mms[22m[39m
 [32mΓ£ô[39m tests/citanul-hierophants.native-green.integration.test.ts [2m([22m[2m1 test[22m[2m)[22m[32m 71[2mms[22m[39m
 [32mΓ£ô[39m tests/combat-damage-to-you.regression.integration.test.ts [2m([22m[2m3 tests[22m[2m)[22m[32m 187[2mms[22m[39m
 [32mΓ£ô[39m tests/ai.top-library.integration.test.ts [2m([22m[2m2 tests[22m[2m)[22m[32m 183[2mms[22m[39m
 [32mΓ£ô[39m tests/ai.stack.resolution.test.ts [2m([22m[2m7 tests[22m[2m)[22m[32m 201[2mms[22m[39m
 [32mΓ£ô[39m tests/summon-the-school.graveyard-recursion.integration.test.ts [2m([22m[2m3 tests[22m[2m)[22m[32m 209[2mms[22m[39m
 [32mΓ£ô[39m tests/etb-control-change.resolution.integration.test.ts [2m([22m[2m2 tests[22m[2m)[22m[32m 196[2mms[22m[39m
 [32mΓ£ô[39m tests/turn-tracking.misc.intervening-if.test.ts [2m([22m[2m11 tests[22m[2m)[22m[32m 184[2mms[22m[39m
 [32mΓ£ô[39m tests/exile-graveyard-typed-as-cost.battlefield-activation.resolution-queue.integration.test.ts [2m([22m[2m1 test[22m[2m)[22m[32m 192[2mms[22m[39m
 [32mΓ£ô[39m tests/return-to-hand-as-cost.battlefield-activation.resolution-queue.integration.test.ts [2m([22m[2m2 tests[22m[2m)[22m[32m 220[2mms[22m[39m
 [32mΓ£ô[39m tests/unearth.graveyard-replay.integration.test.ts [2m([22m[2m7 tests[22m[2m)[22m[32m 184[2mms[22m[39m
 [32mΓ£ô[39m tests/remove-counters-other-permanent-as-cost.battlefield-activation.resolution-queue.integration.test.ts [2m([22m[2m1 test[22m[2m)[22m[32m 193[2mms[22m[39m
 [32mΓ£ô[39m tests/exalted.attack-trigger.integration.test.ts [2m([22m[2m2 tests[22m[2m)[22m[32m 165[2mms[22m[39m
 [32mΓ£ô[39m tests/targeting.resolve.test.ts [2m([22m[2m8 tests[22m[2m)[22m[32m 123[2mms[22m[39m
 [32mΓ£ô[39m tests/upkeep.intervening-if.test.ts [2m([22m[2m8 tests[22m[2m)[22m[32m 158[2mms[22m[39m
 [32mΓ£ô[39m tests/ai.shared-spell-surface.integration.test.ts [2m([22m[2m4 tests[22m[2m)[22m[32m 173[2mms[22m[39m
 [32mΓ£ô[39m tests/legacy-native-mana-choice.integration.test.ts [2m([22m[2m3 tests[22m[2m)[22m[32m 201[2mms[22m[39m
 [32mΓ£ô[39m tests/turn.steps.test.ts [2m([22m[2m3 tests[22m[2m)[22m[32m 189[2mms[22m[39m
 [32mΓ£ô[39m tests/deck-import.local-index.test.ts [2m([22m[2m3 tests[22m[2m)[22m[32m 145[2mms[22m[39m
 [32mΓ£ô[39m tests/embalm-eternalize.graveyard-replay.integration.test.ts [2m([22m[2m5 tests[22m[2m)[22m[32m 200[2mms[22m[39m
 [32mΓ£ô[39m tests/undo.authorization.integration.test.ts [2m([22m[2m20 tests[22m[2m)[22m[32m 143[2mms[22m[39m
 [32mΓ£ô[39m tests/flanking.block-trigger.integration.test.ts [2m([22m[2m2 tests[22m[2m)[22m[32m 231[2mms[22m[39m
 [32mΓ£ô[39m tests/exile-hand-as-cost.battlefield-activation.resolution-queue.integration.test.ts [2m([22m[2m1 test[22m[2m)[22m[32m 211[2mms[22m[39m
 [32mΓ£ô[39m tests/defending-player.intervening-if.test.ts [2m([22m[2m8 tests[22m[2m)[22m[32m 166[2mms[22m[39m
 [32mΓ£ô[39m tests/combat-damage-single.intervening-if.test.ts [2m([22m[2m3 tests[22m[2m)[22m[32m 166[2mms[22m[39m
 [32mΓ£ô[39m tests/exile-hand-typed-as-cost.battlefield-activation.resolution-queue.integration.test.ts [2m([22m[2m1 test[22m[2m)[22m[32m 201[2mms[22m[39m
 [32mΓ£ô[39m tests/exert-activation-cost.replay.test.ts [2m([22m[2m6 tests[22m[2m)[22m[32m 157[2mms[22m[39m
 [32mΓ£ô[39m tests/battle-cry.attack-trigger.integration.test.ts [2m([22m[2m2 tests[22m[2m)[22m[32m 163[2mms[22m[39m
 [32mΓ£ô[39m tests/modal-choice.validate-before-complete.integration.test.ts [2m([22m[2m2 tests[22m[2m)[22m[32m 182[2mms[22m[39m
 [32mΓ£ô[39m tests/play-land.broadcast-suppression.integration.test.ts [2m([22m[2m1 test[22m[2m)[22m[32m 182[2mms[22m[39m
 [32mΓ£ô[39m tests/disturb.graveyard-replay.integration.test.ts [2m([22m[2m5 tests[22m[2m)[22m[32m 113[2mms[22m[39m
 [32mΓ£ô[39m tests/opening-hand-actions.validate-before-complete.integration.test.ts [2m([22m[2m3 tests[22m[2m)[22m[32m 174[2mms[22m[39m
 [32mΓ£ô[39m tests/tap-permanent.replay.test.ts [2m([22m[2m4 tests[22m[2m)[22m[32m 163[2mms[22m[39m
 [32mΓ£ô[39m tests/gift.cast-choice.integration.test.ts [2m([22m[2m2 tests[22m[2m)[22m[32m 154[2mms[22m[39m
 [32mΓ£ô[39m tests/cast-from-graveyard.graveyard-replay.integration.test.ts [2m([22m[2m12 tests[22m[2m)[22m[32m 142[2mms[22m[39m
 [32mΓ£ô[39m tests/upgrade.generic-ability-routing.integration.test.ts [2m([22m[2m1 test[22m[2m)[22m[32m 135[2mms[22m[39m
 [32mΓ£ô[39m tests/folio-of-fancies.x-activation.integration.test.ts [2m([22m[2m1 test[22m[2m)[22m[32m 153[2mms[22m[39m
 [32mΓ£ô[39m tests/group-draw.invalidate-automation.integration.test.ts [2m([22m[2m1 test[22m[2m)[22m[32m 156[2mms[22m[39m
 [32mΓ£ô[39m tests/aura.attachment.test.ts [2m([22m[2m7 tests[22m[2m)[22m[32m 147[2mms[22m[39m
 [32mΓ£ô[39m tests/dance-with-calamity.integration.test.ts [2m([22m[2m1 test[22m[2m)[22m[32m 143[2mms[22m[39m
 [32mΓ£ô[39m tests/cast-from-exile.free-cast-targeted.integration.test.ts [2m([22m[2m1 test[22m[2m)[22m[32m 128[2mms[22m[39m
 [32mΓ£ô[39m tests/combat.dynamic-pt-and-vigor.regression.test.ts [2m([22m[2m6 tests[22m[2m)[22m[32m 133[2mms[22m[39m
 [32mΓ£ô[39m tests/named-zone-and-counters.intervening-if.test.ts [2m([22m[2m8 tests[22m[2m)[22m[32m 165[2mms[22m[39m
 [32mΓ£ô[39m tests/stun-counters.replay.test.ts [2m([22m[2m5 tests[22m[2m)[22m[32m 141[2mms[22m[39m
 [32mΓ£ô[39m tests/ai.response-window.integration.test.ts [2m([22m[2m9 tests[22m[2m)[22m[33m 555[2mms[22m[39m
 [32mΓ£ô[39m tests/helm-of-the-host.begin-combat.test.ts [2m([22m[2m2 tests[22m[2m)[22m[32m 131[2mms[22m[39m
 [32mΓ£ô[39m tests/modified-refs-id.intervening-if.test.ts [2m([22m[2m2 tests[22m[2m)[22m[32m 53[2mms[22m[39m
 [32mΓ£ô[39m tests/etb.intervening-if.test.ts [2m([22m[2m13 tests[22m[2m)[22m[32m 154[2mms[22m[39m
 [32mΓ£ô[39m tests/fight-target.validate-before-complete.integration.test.ts [2m([22m[2m2 tests[22m[2m)[22m[32m 132[2mms[22m[39m
 [32mΓ£ô[39m tests/panglacial-wurm.library-search.integration.test.ts [2m([22m[2m3 tests[22m[2m)[22m[32m 150[2mms[22m[39m
 [32mΓ£ô[39m tests/warrior-damage-intervening-if-plumbing.test.ts [2m([22m[2m2 tests[22m[2m)[22m[32m 113[2mms[22m[39m
 [32mΓ£ô[39m tests/remove-counters-as-cost.battlefield-activation.integration.test.ts [2m([22m[2m1 test[22m[2m)[22m[32m 120[2mms[22m[39m
 [32mΓ£ô[39m tests/ai.shared-land-surface.integration.test.ts [2m([22m[2m2 tests[22m[2m)[22m[32m 147[2mms[22m[39m
 [32mΓ£ô[39m tests/postcombat-main.combat-damage.regression.integration.test.ts [2m([22m[2m2 tests[22m[2m)[22m[32m 114[2mms[22m[39m
 [32mΓ£ô[39m tests/alternate-cost.force-of-will.resolution.test.ts [2m([22m[2m2 tests[22m[2m)[22m[32m 110[2mms[22m[39m
 [32mΓ£ô[39m tests/another-creature-entered-this-turn.intervening-if.test.ts [2m([22m[2m1 test[22m[2m)[22m[32m 123[2mms[22m[39m
 [32mΓ£ô[39m tests/etb-type-entered-this-turn.intervening-if.test.ts [2m([22m[2m1 test[22m[2m)[22m[32m 125[2mms[22m[39m
 [32mΓ£ô[39m tests/more-intervening-if-templates.test.ts [2m([22m[2m53 tests[22m[2m)[22m[32m 165[2mms[22m[39m
 [32mΓ£ô[39m tests/after-sacrifice-followup-target-selection.integration.test.ts [2m([22m[2m3 tests[22m[2m)[22m[32m 125[2mms[22m[39m
 [32mΓ£ô[39m tests/pay-life-as-cost.battlefield-activation.integration.test.ts [2m([22m[2m1 test[22m[2m)[22m[32m 136[2mms[22m[39m
 [32mΓ£ô[39m tests/modular-choice.integration.test.ts [2m([22m[2m2 tests[22m[2m)[22m[32m 116[2mms[22m[39m
 [32mΓ£ô[39m tests/soldier-program-choice.integration.test.ts [2m([22m[2m1 test[22m[2m)[22m[32m 120[2mms[22m[39m
 [32mΓ£ô[39m tests/targeting.damage.effects.test.ts [2m([22m[2m13 tests[22m[2m)[22m[32m 111[2mms[22m[39m
 [32mΓ£ô[39m tests/discard-this-turn.intervening-if.test.ts [2m([22m[2m3 tests[22m[2m)[22m[32m 137[2mms[22m[39m
 [32mΓ£ô[39m tests/graveyard-put-and-bounce.intervening-if.test.ts [2m([22m[2m21 tests[22m[2m)[22m[32m 139[2mms[22m[39m
 [32mΓ£ô[39m tests/it-power-or-toughness-greater-than-this.intervening-if.test.ts [2m([22m[2m4 tests[22m[2m)[22m[32m 90[2mms[22m[39m
 [32mΓ£ô[39m tests/targeting.templates.bounce-tap-untap.test.ts [2m([22m[2m36 tests[22m[2m)[22m[32m 127[2mms[22m[39m
 [32mΓ£ô[39m tests/manual-state.replay.test.ts [2m([22m[2m4 tests[22m[2m)[22m[32m 134[2mms[22m[39m
 [32mΓ£ô[39m tests/station-creature-selection.validate-before-complete.integration.test.ts [2m([22m[2m1 test[22m[2m)[22m[32m 65[2mms[22m[39m
 [32mΓ£ô[39m tests/noncombat-damage-to-player.intervening-if.test.ts [2m([22m[2m3 tests[22m[2m)[22m[32m 113[2mms[22m[39m
 [32mΓ£ô[39m tests/targeting.templates.tokens-scry-mill-goad.test.ts [2m([22m[2m26 tests[22m[2m)[22m[32m 119[2mms[22m[39m
 [32mΓ£ô[39m tests/clash.validate-before-complete.integration.test.ts [2m([22m[2m1 test[22m[2m)[22m[32m 45[2mms[22m[39m
 [32mΓ£ô[39m tests/it-was-refs-id.intervening-if.test.ts [2m([22m[2m4 tests[22m[2m)[22m[32m 68[2mms[22m[39m
 [32mΓ£ô[39m tests/rebound-may-ability.integration.test.ts [2m([22m[2m2 tests[22m[2m)[22m[32m 71[2mms[22m[39m
 [32mΓ£ô[39m tests/targeting.templates.counters-draw-discard.test.ts [2m([22m[2m28 tests[22m[2m)[22m[32m 141[2mms[22m[39m
 [32mΓ£ô[39m tests/soulshift-target.integration.test.ts [2m([22m[2m2 tests[22m[2m)[22m[32m 116[2mms[22m[39m
 [32mΓ£ô[39m tests/legions-landing.etb.test.ts [2m([22m[2m1 test[22m[2m)[22m[32m 103[2mms[22m[39m
 [32mΓ£ô[39m tests/rasputin-started-untapped.intervening-if.test.ts [2m([22m[2m3 tests[22m[2m)[22m[32m 95[2mms[22m[39m
 [32mΓ£ô[39m tests/boast.generic-ability-routing.integration.test.ts [2m([22m[2m3 tests[22m[2m)[22m[32m 117[2mms[22m[39m
 [32mΓ£ô[39m tests/damage-triggers.resolution-queue.integration.test.ts [2m([22m[2m5 tests[22m[2m)[22m[32m 115[2mms[22m[39m
 [32mΓ£ô[39m tests/knight-white-orchid.test.ts [2m([22m[2m4 tests[22m[2m)[22m[32m 112[2mms[22m[39m
 [32mΓ£ô[39m tests/mandatory-cancel-disallowed.validate-before-complete.integration.test.ts [2m([22m[2m1 test[22m[2m)[22m[32m 56[2mms[22m[39m
 [32mΓ£ô[39m tests/static-effects.mana-grants.test.ts [2m([22m[2m3 tests[22m[2m)[22m[32m 107[2mms[22m[39m
 [32mΓ£ô[39m tests/gameplay.fixes.test.ts [2m([22m[2m16 tests[22m[2m)[22m[32m 93[2mms[22m[39m
 [32mΓ£ô[39m tests/activation-effects.replay.test.ts [2m([22m[2m18 tests[22m[2m)[22m[32m 102[2mms[22m[39m
 [32mΓ£ô[39m tests/pay-life-sacrifice-self-mana-color-selection.integration.test.ts [2m([22m[2m3 tests[22m[2m)[22m[32m 114[2mms[22m[39m
 [32mΓ£ô[39m tests/would-draw-a-card.intervening-if.test.ts [2m([22m[2m2 tests[22m[2m)[22m[32m 102[2mms[22m[39m
 [32mΓ£ô[39m tests/landfall.intervening-if.resolution-time.test.ts [2m([22m[2m2 tests[22m[2m)[22m[32m 109[2mms[22m[39m
 [32mΓ£ô[39m tests/skipToPhase.test.ts [2m([22m[2m10 tests[22m[2m)[22m[32m 85[2mms[22m[39m
 [32mΓ£ô[39m tests/cast-spell-from-hand.prompt-persistence.integration.test.ts [2m([22m[2m12 tests[22m[2m)[22m[32m 110[2mms[22m[39m
 [32mΓ£ô[39m tests/turn-tracking-and-color.intervening-if.test.ts [2m([22m[2m10 tests[22m[2m)[22m[32m 75[2mms[22m[39m
 [32mΓ£ô[39m tests/combat-and-aura-refs-id.intervening-if.test.ts [2m([22m[2m8 tests[22m[2m)[22m[32m 92[2mms[22m[39m
 [32mΓ£ô[39m tests/undo.replay.test.ts [2m([22m[2m14 tests[22m[2m)[22m[32m 92[2mms[22m[39m
 [32mΓ£ô[39m tests/keyword-attachments-refs-id.intervening-if.test.ts [2m([22m[2m3 tests[22m[2m)[22m[32m 69[2mms[22m[39m
 [32mΓ£ô[39m tests/kicked-and-was-cast.intervening-if.test.ts [2m([22m[2m10 tests[22m[2m)[22m[32m 84[2mms[22m[39m
 [32mΓ£ô[39m tests/engine.damage.test.ts [2m([22m[2m2 tests[22m[2m)[22m[32m 84[2mms[22m[39m
 [32mΓ£ô[39m tests/choose-pile-from-split-choice.integration.test.ts [2m([22m[2m4 tests[22m[2m)[22m[32m 92[2mms[22m[39m
 [32mΓ£ô[39m tests/other-wall-blocking-only.intervening-if.test.ts [2m([22m[2m5 tests[22m[2m)[22m[32m 89[2mms[22m[39m
 [32mΓ£ô[39m tests/no-other-creatures-attacking-that-player.intervening-if.test.ts [2m([22m[2m4 tests[22m[2m)[22m[32m 88[2mms[22m[39m
 [32mΓ£ô[39m tests/own-and-control-both-sides.intervening-if.test.ts [2m([22m[2m5 tests[22m[2m)[22m[32m 80[2mms[22m[39m
 [32mΓ£ô[39m tests/doesnt-share-keyword-with-controlled-or-graveyard.intervening-if.test.ts [2m([22m[2m5 tests[22m[2m)[22m[32m 84[2mms[22m[39m
 [32mΓ£ô[39m tests/opponent-cast-blue-or-black-spell-this-turn.intervening-if.test.ts [2m([22m[2m4 tests[22m[2m)[22m[32m 66[2mms[22m[39m
 [32mΓ£ô[39m tests/etb.that-player.intervening-if.resolution-time.test.ts [2m([22m[2m1 test[22m[2m)[22m[32m 76[2mms[22m[39m
 [32mΓ£ô[39m tests/shares-mana-value-with-uncrossed-digits.intervening-if.test.ts [2m([22m[2m4 tests[22m[2m)[22m[32m 88[2mms[22m[39m
 [32mΓ£ô[39m tests/game-manager.ensure-game.reentrancy.test.ts [2m([22m[2m4 tests[22m[2m)[22m[32m 100[2mms[22m[39m
 [32mΓ£ô[39m tests/attacked-with-exactly-one-other-creature.intervening-if.test.ts [2m([22m[2m3 tests[22m[2m)[22m[32m 60[2mms[22m[39m
 [32mΓ£ô[39m tests/day-night.test.ts [2m([22m[2m7 tests[22m[2m)[22m[32m 97[2mms[22m[39m
 [32mΓ£ô[39m tests/protean-hulk.search.integration.test.ts [2m([22m[2m2 tests[22m[2m)[22m[32m 113[2mms[22m[39m
 [32mΓ£ô[39m tests/shares-card-type-with-exiled-card.intervening-if.test.ts [2m([22m[2m4 tests[22m[2m)[22m[32m 99[2mms[22m[39m
 [32mΓ£ô[39m tests/card-name-choice.local-validation.integration.test.ts [2m([22m[2m1 test[22m[2m)[22m[32m 71[2mms[22m[39m
 [32mΓ£ô[39m tests/single-target.intervening-if.test.ts [2m([22m[2m3 tests[22m[2m)[22m[32m 114[2mms[22m[39m
 [32mΓ£ô[39m tests/spell-copy-retarget.replay.integration.test.ts [2m([22m[2m1 test[22m[2m)[22m[32m 84[2mms[22m[39m
 [32mΓ£ô[39m tests/turn-and-main-phase.intervening-if.test.ts [2m([22m[2m4 tests[22m[2m)[22m[32m 72[2mms[22m[39m
 [32mΓ£ô[39m tests/may-ability-option-choice.integration.test.ts [2m([22m[2m5 tests[22m[2m)[22m[32m 73[2mms[22m[39m
 [32mΓ£ô[39m tests/attach-equipment-to-permanent.integration.test.ts [2m([22m[2m1 test[22m[2m)[22m[32m 102[2mms[22m[39m
 [32mΓ£ô[39m tests/cancel-resolution-step.authorization.integration.test.ts [2m([22m[2m5 tests[22m[2m)[22m[32m 46[2mms[22m[39m
 [32mΓ£ô[39m tests/team.intervening-if.test.ts [2m([22m[2m4 tests[22m[2m)[22m[32m 95[2mms[22m[39m
 [32mΓ£ô[39m tests/card-left-your-graveyard-this-turn.intervening-if.test.ts [2m([22m[2m8 tests[22m[2m)[22m[32m 108[2mms[22m[39m
 [32mΓ£ô[39m tests/mana-spent-breakdown-completeness.intervening-if.test.ts [2m([22m[2m6 tests[22m[2m)[22m[32m 75[2mms[22m[39m
 [32mΓ£ô[39m tests/artifact-counters-and-linked-exile-refs-id.intervening-if.test.ts [2m([22m[2m2 tests[22m[2m)[22m[32m 69[2mms[22m[39m
 [32mΓ£ô[39m tests/cryptolith-rite.native-any-color-choice.integration.test.ts [2m([22m[2m1 test[22m[2m)[22m[32m 83[2mms[22m[39m
 [32mΓ£ô[39m tests/opponent-may-pay.replay.test.ts [2m([22m[2m5 tests[22m[2m)[22m[32m 70[2mms[22m[39m
 [32mΓ£ô[39m tests/added-mana-with-this-ability.intervening-if.test.ts [2m([22m[2m6 tests[22m[2m)[22m[32m 80[2mms[22m[39m
 [32mΓ£ô[39m tests/abundant-harvest.mode-selection.resumption.integration.test.ts [2m([22m[2m2 tests[22m[2m)[22m[32m 222[2mms[22m[39m
 [32mΓ£ô[39m tests/this-creature-didnt-attack-or-come-under-your-control-this-turn.intervening-if.test.ts [2m([22m[2m6 tests[22m[2m)[22m[32m 66[2mms[22m[39m
 [32mΓ£ô[39m tests/life-hand-library-starting-life.intervening-if.test.ts [2m([22m[2m6 tests[22m[2m)[22m[32m 73[2mms[22m[39m
 [32mΓ£ô[39m tests/damage-this-turn.intervening-if.test.ts [2m([22m[2m2 tests[22m[2m)[22m[32m 93[2mms[22m[39m
 [32mΓ£ô[39m tests/ai.cast-sequencing.integration.test.ts [2m([22m[2m1 test[22m[2m)[22m[32m 50[2mms[22m[39m
 [32mΓ£ô[39m tests/turn.lands.test.ts [2m([22m[2m3 tests[22m[2m)[22m[32m 80[2mms[22m[39m
 [32mΓ£ô[39m tests/opponent-may-pay-choice.validate-before-complete.integration.test.ts [2m([22m[2m2 tests[22m[2m)[22m[32m 75[2mms[22m[39m
 [32mΓ£ô[39m tests/remaining-gates-refs-id.intervening-if.test.ts [2m([22m[2m6 tests[22m[2m)[22m[32m 81[2mms[22m[39m
 [32mΓ£ô[39m tests/color-mana-spent.intervening-if.test.ts [2m([22m[2m9 tests[22m[2m)[22m[32m 45[2mms[22m[39m
 [32mΓ£ô[39m tests/kynaios-choice.replay.test.ts [2m([22m[2m2 tests[22m[2m)[22m[32m 90[2mms[22m[39m
 [32mΓ£ô[39m tests/plus-one-counter-placed-under-your-control-this-turn.intervening-if.test.ts [2m([22m[2m4 tests[22m[2m)[22m[32m 111[2mms[22m[39m
 [32mΓ£ô[39m tests/enchanted-and-equipped-templates.intervening-if.test.ts [2m([22m[2m4 tests[22m[2m)[22m[32m 97[2mms[22m[39m
 [32mΓ£ô[39m tests/named-entered-this-turn.intervening-if.test.ts [2m([22m[2m5 tests[22m[2m)[22m[32m 70[2mms[22m[39m
 [32mΓ£ô[39m tests/squad-token-self-etb.integration.test.ts [2m([22m[2m1 test[22m[2m)[22m[32m 70[2mms[22m[39m
 [32mΓ£ô[39m tests/enchanted-creature-power.intervening-if.test.ts [2m([22m[2m2 tests[22m[2m)[22m[32m 97[2mms[22m[39m
 [32mΓ£ô[39m tests/ability-activated.intervening-if.test.ts [2m([22m[2m1 test[22m[2m)[22m[32m 89[2mms[22m[39m
 [32mΓ£ô[39m tests/scry.validate-before-complete.integration.test.ts [2m([22m[2m1 test[22m[2m)[22m[32m 56[2mms[22m[39m
 [32mΓ£ô[39m tests/positive-only-bargain-additional-cost.intervening-if.test.ts [2m([22m[2m2 tests[22m[2m)[22m[32m 91[2mms[22m[39m
 [32mΓ£ô[39m tests/optional-triggered-ability-persistence.integration.test.ts [2m([22m[2m2 tests[22m[2m)[22m[32m 72[2mms[22m[39m
 [32mΓ£ô[39m tests/sacrifice-self-as-cost.battlefield-activation.integration.test.ts [2m([22m[2m1 test[22m[2m)[22m[32m 71[2mms[22m[39m
 [32mΓ£ô[39m tests/death-and-draw.intervening-if.test.ts [2m([22m[2m3 tests[22m[2m)[22m[32m 70[2mms[22m[39m
 [32mΓ£ô[39m tests/cast-metadata-refs-id.intervening-if.test.ts [2m([22m[2m2 tests[22m[2m)[22m[32m 75[2mms[22m[39m
 [32mΓ£ô[39m tests/targets-only-this-creature.intervening-if.test.ts [2m([22m[2m4 tests[22m[2m)[22m[32m 73[2mms[22m[39m
 [32mΓ£ô[39m tests/keyword-counter-choice.integration.test.ts [2m([22m[2m2 tests[22m[2m)[22m[32m 66[2mms[22m[39m
 [32mΓ£ô[39m tests/optional-triggered-ability-choice.integration.test.ts [2m([22m[2m5 tests[22m[2m)[22m[32m 86[2mms[22m[39m
 [32mΓ£ô[39m tests/additional-cost-paid.intervening-if.test.ts [2m([22m[2m4 tests[22m[2m)[22m[32m 88[2mms[22m[39m
 [32mΓ£ô[39m tests/can-respond.test.ts [2m([22m[2m77 tests[22m[2m)[22m[32m 72[2mms[22m[39m
 [32mΓ£ô[39m tests/untap-step-effects.test.ts [2m([22m[2m1 test[22m[2m)[22m[32m 66[2mms[22m[39m
 [32mΓ£ô[39m tests/castSpell.applyEvent.test.ts [2m([22m[2m10 tests[22m[2m)[22m[32m 85[2mms[22m[39m
 [32mΓ£ô[39m tests/named-exile-with-counter.intervening-if.test.ts [2m([22m[2m7 tests[22m[2m)[22m[32m 69[2mms[22m[39m
 [32mΓ£ô[39m tests/tap-untap-choice-persistence.integration.test.ts [2m([22m[2m1 test[22m[2m)[22m[32m 48[2mms[22m[39m
 [32mΓ£ô[39m tests/optional-payment-prompts.integration.test.ts [2m([22m[2m2 tests[22m[2m)[22m[32m 71[2mms[22m[39m
 [32mΓ£ô[39m tests/scry-followup-choice.integration.test.ts [2m([22m[2m3 tests[22m[2m)[22m[32m 67[2mms[22m[39m
 [32mΓ£ô[39m tests/sokrates.combat-damage-replacement.integration.test.ts [2m([22m[2m1 test[22m[2m)[22m[32m 84[2mms[22m[39m
 [32mΓ£ô[39m tests/they-cast-spells-this-turn.intervening-if.test.ts [2m([22m[2m1 test[22m[2m)[22m[32m 81[2mms[22m[39m
 [32mΓ£ô[39m tests/resolution.distinct-targets.test.ts [2m([22m[2m11 tests[22m[2m)[22m[32m 85[2mms[22m[39m
 [32mΓ£ô[39m tests/tanuki-transplanter.attack-trigger.integration.test.ts [2m([22m[2m4 tests[22m[2m)[22m[32m 118[2mms[22m[39m
 [32mΓ£ô[39m tests/game-actions.inroom.authorization.integration.test.ts [2m([22m[2m6 tests[22m[2m)[22m[32m 70[2mms[22m[39m
 [32mΓ£ô[39m tests/suspected-and-counters-based-artifacts.intervening-if.test.ts [2m([22m[2m10 tests[22m[2m)[22m[32m 63[2mms[22m[39m
 [32mΓ£ô[39m tests/batch-explore-decision.validate-before-complete.integration.test.ts [2m([22m[2m1 test[22m[2m)[22m[32m 49[2mms[22m[39m
 [32mΓ£ô[39m tests/phase-triggers.intervening-if.test.ts [2m([22m[2m4 tests[22m[2m)[22m[32m 56[2mms[22m[39m
 [32mΓ£ô[39m tests/bottom-order.validate-before-complete.integration.test.ts [2m([22m[2m1 test[22m[2m)[22m[32m 55[2mms[22m[39m
 [32mΓ£ô[39m tests/optional-discard-then-draw-choice.integration.test.ts [2m([22m[2m2 tests[22m[2m)[22m[32m 76[2mms[22m[39m
 [32mΓ£ô[39m tests/snow-mana-spent-of-spells-colors.intervening-if.test.ts [2m([22m[2m6 tests[22m[2m)[22m[32m 90[2mms[22m[39m
 [32mΓ£ô[39m tests/it-had-a-counter.intervening-if.test.ts [2m([22m[2m4 tests[22m[2m)[22m[32m 62[2mms[22m[39m
 [32mΓ£ô[39m tests/players-being-attacked-poisoned.intervening-if.test.ts [2m([22m[2m4 tests[22m[2m)[22m[32m 61[2mms[22m[39m
 [32mΓ£ô[39m tests/their-turn.intervening-if.test.ts [2m([22m[2m2 tests[22m[2m)[22m[32m 85[2mms[22m[39m
 [32mΓ£ô[39m tests/sacrifice-another-permanent-for-benefit.integration.test.ts [2m([22m[2m1 test[22m[2m)[22m[32m 78[2mms[22m[39m
 [32mΓ£ô[39m tests/named-permanent-is-creature.intervening-if.test.ts [2m([22m[2m6 tests[22m[2m)[22m[32m 72[2mms[22m[39m
 [32mΓ£ô[39m tests/ai.undo-pregame-recovery.test.ts [2m([22m[2m1 test[22m[2m)[22m[32m 48[2mms[22m[39m
 [32mΓ£ô[39m tests/it-didnt-die.intervening-if.test.ts [2m([22m[2m5 tests[22m[2m)[22m[32m 72[2mms[22m[39m
 [32mΓ£ô[39m tests/cycling.parser-contract.integration.test.ts [2m([22m[2m5 tests[22m[2m)[22m[32m 70[2mms[22m[39m
 [32mΓ£ô[39m tests/it-wasnt-sacrificed.intervening-if.test.ts [2m([22m[2m4 tests[22m[2m)[22m[32m 64[2mms[22m[39m
 [32mΓ£ô[39m tests/surveil.validate-before-complete.integration.test.ts [2m([22m[2m2 tests[22m[2m)[22m[32m 80[2mms[22m[39m
 [32mΓ£ô[39m tests/legacy.pendingLibrarySearch.cleanup.test.ts [2m([22m[2m4 tests[22m[2m)[22m[32m 63[2mms[22m[39m
 [32mΓ£ô[39m tests/trigger-order.validate-before-complete.integration.test.ts [2m([22m[2m1 test[22m[2m)[22m[32m 49[2mms[22m[39m
 [32mΓ£ô[39m tests/cost-contains-x.intervening-if.test.ts [2m([22m[2m3 tests[22m[2m)[22m[32m 65[2mms[22m[39m
 [32mΓ£ô[39m tests/excess-damage-this-turn.intervening-if.test.ts [2m([22m[2m5 tests[22m[2m)[22m[32m 63[2mms[22m[39m
 [32mΓ£ô[39m tests/restart.replay.test.ts [2m([22m[2m10 tests[22m[2m)[22m[32m 71[2mms[22m[39m
 [32mΓ£ô[39m tests/this-creature-attachments-status.intervening-if.test.ts [2m([22m[2m4 tests[22m[2m)[22m[32m 63[2mms[22m[39m
 [32mΓ£ô[39m tests/trigger-order.replay.test.ts [2m([22m[2m1 test[22m[2m)[22m[32m 67[2mms[22m[39m
 [32mΓ£ô[39m tests/sacrifice-permanent.integration.test.ts [2m([22m[2m2 tests[22m[2m)[22m[32m 50[2mms[22m[39m
 [32mΓ£ô[39m tests/mana-spent-vs-mana-value.intervening-if.test.ts [2m([22m[2m2 tests[22m[2m)[22m[32m 71[2mms[22m[39m
 [32mΓ£ô[39m tests/bargain.intervening-if.test.ts [2m([22m[2m5 tests[22m[2m)[22m[32m 69[2mms[22m[39m
 [32mΓ£ô[39m tests/ai-activate-ability.replay.test.ts [2m([22m[2m5 tests[22m[2m)[22m[32m 51[2mms[22m[39m
 [32mΓ£ô[39m tests/mana-spent-triggering-stackitem.intervening-if.test.ts [2m([22m[2m5 tests[22m[2m)[22m[32m 101[2mms[22m[39m
 [32mΓ£ô[39m tests/create-token.live-semantics.test.ts [2m([22m[2m3 tests[22m[2m)[22m[32m 84[2mms[22m[39m
 [32mΓ£ô[39m tests/named-permanent-has-counters.intervening-if.test.ts [2m([22m[2m4 tests[22m[2m)[22m[32m 64[2mms[22m[39m
 [32mΓ£ô[39m tests/named-dealt-damage-to-another-creature-this-turn.intervening-if.test.ts [2m([22m[2m5 tests[22m[2m)[22m[32m 58[2mms[22m[39m
 [32mΓ£ô[39m tests/two-or-more-players-lost-the-game.intervening-if.test.ts [2m([22m[2m4 tests[22m[2m)[22m[32m 54[2mms[22m[39m
 [32mΓ£ô[39m tests/opponents-control-no-creatures.intervening-if.test.ts [2m([22m[2m1 test[22m[2m)[22m[32m 72[2mms[22m[39m
 [32mΓ£ô[39m tests/library-graveyard-colors.intervening-if.test.ts [2m([22m[2m6 tests[22m[2m)[22m[32m 61[2mms[22m[39m
 [32mΓ£ô[39m tests/additional-cost-payment.validate-before-complete.integration.test.ts [2m([22m[2m1 test[22m[2m)[22m[32m 77[2mms[22m[39m
 [32mΓ£ô[39m tests/exiled-cardtype-refs.intervening-if.test.ts [2m([22m[2m2 tests[22m[2m)[22m[32m 75[2mms[22m[39m
 [32mΓ£ô[39m tests/monstrous-regenerated-suspected.intervening-if.test.ts [2m([22m[2m7 tests[22m[2m)[22m[32m 65[2mms[22m[39m
 [32mΓ£ô[39m tests/bounce-land-choice.replay.test.ts [2m([22m[2m1 test[22m[2m)[22m[32m 86[2mms[22m[39m
 [32mΓ£ô[39m tests/that-player-didnt-cast-this-turn.intervening-if.test.ts [2m([22m[2m2 tests[22m[2m)[22m[32m 67[2mms[22m[39m
 [32mΓ£ô[39m tests/that-creature-was-horror.intervening-if.test.ts [2m([22m[2m5 tests[22m[2m)[22m[32m 74[2mms[22m[39m
 [32mΓ£ô[39m tests/cast-from-graveyard.intervening-if.test.ts [2m([22m[2m2 tests[22m[2m)[22m[32m 66[2mms[22m[39m
 [32mΓ£ô[39m tests/cards-exiled-with-source.intervening-if.test.ts [2m([22m[2m7 tests[22m[2m)[22m[32m 72[2mms[22m[39m
 [32mΓ£ô[39m tests/ponder-effect.validate-before-complete.integration.test.ts [2m([22m[2m1 test[22m[2m)[22m[32m 69[2mms[22m[39m
 [32mΓ£ô[39m tests/cascade.validate-before-complete.integration.test.ts [2m([22m[2m2 tests[22m[2m)[22m[32m 82[2mms[22m[39m
 [32mΓ£ô[39m tests/playable-from-exile.library-search-replay.integration.test.ts [2m([22m[2m1 test[22m[2m)[22m[32m 61[2mms[22m[39m
 [32mΓ£ô[39m tests/targeting-stackitem-refs.intervening-if.test.ts [2m([22m[2m2 tests[22m[2m)[22m[32m 72[2mms[22m[39m
 [32mΓ£ô[39m tests/edict-sacrifice.resolution-queue.integration.test.ts [2m([22m[2m1 test[22m[2m)[22m[32m 51[2mms[22m[39m
 [32mΓ£ô[39m tests/greymond-keywords.test.ts [2m([22m[2m1 test[22m[2m)[22m[32m 60[2mms[22m[39m
 [32mΓ£ô[39m tests/exile-to-add-counters.graveyard-replay.integration.test.ts [2m([22m[2m2 tests[22m[2m)[22m[32m 60[2mms[22m[39m
 [32mΓ£ô[39m tests/bestow.attachment-restore.integration.test.ts [2m([22m[2m1 test[22m[2m)[22m[32m 62[2mms[22m[39m
 [32mΓ£ô[39m tests/card-name-choice.validate-before-complete.integration.test.ts [2m([22m[2m1 test[22m[2m)[22m[32m 43[2mms[22m[39m
 [32mΓ£ô[39m tests/bounty-counters.intervening-if.test.ts [2m([22m[2m4 tests[22m[2m)[22m[32m 56[2mms[22m[39m
 [32mΓ£ô[39m tests/that-creature-comparison-refs-id.intervening-if.test.ts [2m([22m[2m2 tests[22m[2m)[22m[32m 67[2mms[22m[39m
 [32mΓ£ô[39m tests/tempting-offer.validate-before-complete.integration.test.ts [2m([22m[2m1 test[22m[2m)[22m[32m 35[2mms[22m[39m
 [32mΓ£ô[39m tests/life-paid-to-activate-it.intervening-if.test.ts [2m([22m[2m3 tests[22m[2m)[22m[32m 58[2mms[22m[39m
 [32mΓ£ô[39m tests/mutate.merge-restore.integration.test.ts [2m([22m[2m3 tests[22m[2m)[22m[32m 58[2mms[22m[39m
 [32mΓ£ô[39m tests/more-steps.validate-before-complete.integration.test.ts [2m([22m[2m4 tests[22m[2m)[22m[32m 53[2mms[22m[39m
 [32mΓ£ô[39m tests/exiled-with-it.intervening-if.test.ts [2m([22m[2m3 tests[22m[2m)[22m[32m 56[2mms[22m[39m
 [32mΓ£ô[39m tests/planeswalked-to-unyaro-this-turn.intervening-if.test.ts [2m([22m[2m4 tests[22m[2m)[22m[32m 58[2mms[22m[39m
 [32mΓ£ô[39m tests/choose-player-for-looked-at-cards.integration.test.ts [2m([22m[2m1 test[22m[2m)[22m[32m 47[2mms[22m[39m
 [32mΓ£ô[39m tests/replay.comprehensive.test.ts [2m([22m[2m12 tests[22m[2m)[22m[32m 65[2mms[22m[39m
 [32mΓ£ô[39m tests/lim-duls-vault.replay.test.ts [2m([22m[2m3 tests[22m[2m)[22m[32m 71[2mms[22m[39m
 [32mΓ£ô[39m tests/growing-rites.transform.regression.test.ts [2m([22m[2m2 tests[22m[2m)[22m[32m 65[2mms[22m[39m
 [32mΓ£ô[39m tests/oil-counters-glistening-extractor.intervening-if.test.ts [2m([22m[2m5 tests[22m[2m)[22m[32m 54[2mms[22m[39m
 [32mΓ£ô[39m tests/token-counters.intervening-if.test.ts [2m([22m[2m4 tests[22m[2m)[22m[32m 54[2mms[22m[39m
 [32mΓ£ô[39m tests/choose-looked-at-cards-destination.integration.test.ts [2m([22m[2m3 tests[22m[2m)[22m[33m 434[2mms[22m[39m
 [32mΓ£ô[39m tests/target-selection.stale-target.validate-before-complete.integration.test.ts [2m([22m[2m2 tests[22m[2m)[22m[33m 538[2mms[22m[39m
 [32mΓ£ô[39m tests/resolve-pending-effect-prompt.integration.test.ts [2m([22m[2m6 tests[22m[2m)[22m[32m 281[2mms[22m[39m
 [32mΓ£ô[39m tests/forbidden-orchard-target.validate-before-complete.integration.test.ts [2m([22m[2m2 tests[22m[2m)[22m[32m 288[2mms[22m[39m
 [32mΓ£ô[39m tests/commander-zone-choice.validate-before-complete.integration.test.ts [2m([22m[2m1 test[22m[2m)[22m[32m 134[2mms[22m[39m
 [32mΓ£ô[39m tests/resolution-step.ordering.validate-before-complete.integration.test.ts [2m([22m[2m3 tests[22m[2m)[22m[32m 68[2mms[22m[39m
 [32mΓ£ô[39m tests/attacked-blocked-this-turn.intervening-if.test.ts [2m([22m[2m3 tests[22m[2m)[22m[32m 60[2mms[22m[39m
 [32mΓ£ô[39m tests/attack-group.intervening-if.test.ts [2m([22m[2m3 tests[22m[2m)[22m[32m 45[2mms[22m[39m
 [32mΓ£ô[39m tests/fateseal.validate-before-complete.integration.test.ts [2m([22m[2m1 test[22m[2m)[22m[32m 46[2mms[22m[39m
 [32mΓ£ô[39m tests/creature-type-choice.validate-before-complete.integration.test.ts [2m([22m[2m1 test[22m[2m)[22m[32m 45[2mms[22m[39m
 [32mΓ£ô[39m tests/discard-effect.replay.integration.test.ts [2m([22m[2m1 test[22m[2m)[22m[32m 71[2mms[22m[39m
 [32mΓ£ô[39m tests/counters.cancellation.test.ts [2m([22m[2m2 tests[22m[2m)[22m[32m 58[2mms[22m[39m
 [32mΓ£ô[39m tests/venture-initiative.replay.test.ts [2m([22m[2m18 tests[22m[2m)[22m[32m 96[2mms[22m[39m
 [32mΓ£ô[39m tests/gained-and-lost-life-this-turn.intervening-if.test.ts [2m([22m[2m4 tests[22m[2m)[22m[32m 79[2mms[22m[39m
 [32mΓ£ô[39m tests/optional-triggered-ability.replay.test.ts [2m([22m[2m3 tests[22m[2m)[22m[32m 58[2mms[22m[39m
 [32mΓ£ô[39m tests/status-and-counters-refs-id.intervening-if.test.ts [2m([22m[2m2 tests[22m[2m)[22m[32m 50[2mms[22m[39m
 [32mΓ£ô[39m tests/squad-cost-payment.validate-before-complete.integration.test.ts [2m([22m[2m1 test[22m[2m)[22m[32m 61[2mms[22m[39m
 [32mΓ£ô[39m tests/mutate-target-selection.validate-before-complete.integration.test.ts [2m([22m[2m1 test[22m[2m)[22m[32m 43[2mms[22m[39m
 [32mΓ£ô[39m tests/activate-mana-ability.replay.test.ts [2m([22m[2m11 tests[22m[2m)[22m[32m 53[2mms[22m[39m
 [32mΓ£ô[39m tests/metalcraft.generic-ability-routing.integration.test.ts [2m([22m[2m4 tests[22m[2m)[22m[32m 59[2mms[22m[39m
 [32mΓ£ô[39m tests/damage-received.intervening-if.test.ts [2m([22m[2m6 tests[22m[2m)[22m[32m 55[2mms[22m[39m
 [32mΓ£ô[39m tests/all-nonland-permanents-white.intervening-if.test.ts [2m([22m[2m4 tests[22m[2m)[22m[32m 50[2mms[22m[39m
 [32mΓ£ô[39m tests/spell-cast-reveal-cast.resolution.integration.test.ts [2m([22m[2m1 test[22m[2m)[22m[32m 72[2mms[22m[39m
 [32mΓ£ô[39m tests/resolution-timeout.recovery.integration.test.ts [2m([22m[2m2 tests[22m[2m)[22m[32m 53[2mms[22m[39m
 [32mΓ£ô[39m tests/choose-discard-plan-choice.integration.test.ts [2m([22m[2m2 tests[22m[2m)[22m[32m 51[2mms[22m[39m
 [32mΓ£ô[39m tests/proliferate.validate-before-complete.integration.test.ts [2m([22m[2m1 test[22m[2m)[22m[32m 61[2mms[22m[39m
 [32mΓ£ô[39m tests/playable-cards.broadcast.integration.test.ts [2m([22m[2m10 tests[22m[2m)[22m[32m 53[2mms[22m[39m
 [32mΓ£ô[39m tests/join-forces.validate-before-complete.integration.test.ts [2m([22m[2m2 tests[22m[2m)[22m[32m 55[2mms[22m[39m
 [32mΓ£ô[39m tests/playable-from-exile.lifecycle.test.ts [2m([22m[2m7 tests[22m[2m)[22m[32m 57[2mms[22m[39m
 [32mΓ£ô[39m tests/suspend-cast.validate-before-complete.integration.test.ts [2m([22m[2m1 test[22m[2m)[22m[32m 44[2mms[22m[39m
 [32mΓ£ô[39m tests/upkeep-sacrifice.validate-before-complete.integration.test.ts [2m([22m[2m1 test[22m[2m)[22m[32m 52[2mms[22m[39m
 [32mΓ£ô[39m tests/trigger-aura-attach-rider.integration.test.ts [2m([22m[2m2 tests[22m[2m)[22m[32m 64[2mms[22m[39m
 [32mΓ£ô[39m tests/vote.validate-before-complete.integration.test.ts [2m([22m[2m1 test[22m[2m)[22m[32m 40[2mms[22m[39m
 [32mΓ£ô[39m tests/targeting.templates.life-gain-loss.test.ts [2m([22m[2m16 tests[22m[2m)[22m[32m 45[2mms[22m[39m
 [32mΓ£ô[39m tests/pay-mana-to-look-and-choose-card.integration.test.ts [2m([22m[2m1 test[22m[2m)[22m[32m 54[2mms[22m[39m
 [32mΓ£ô[39m tests/explore-decision.validate-before-complete.integration.test.ts [2m([22m[2m1 test[22m[2m)[22m[32m 55[2mms[22m[39m
 [32mΓ£ô[39m tests/choose-mana-colors-choice.integration.test.ts [2m([22m[2m3 tests[22m[2m)[22m[32m 57[2mms[22m[39m
 [32mΓ£ô[39m tests/lands-that-player-controls-more.intervening-if.test.ts [2m([22m[2m2 tests[22m[2m)[22m[32m 55[2mms[22m[39m
 [32mΓ£ô[39m tests/x-value-selection.validate-before-complete.integration.test.ts [2m([22m[2m1 test[22m[2m)[22m[32m 53[2mms[22m[39m
 [32mΓ£ô[39m tests/top-library.cast-timing.integration.test.ts [2m([22m[2m1 test[22m[2m)[22m[32m 50[2mms[22m[39m
 [32mΓ£ô[39m tests/entrapment-maneuver.validate-before-complete.integration.test.ts [2m([22m[2m1 test[22m[2m)[22m[32m 58[2mms[22m[39m
 [32mΓ£ô[39m tests/player-choice.validate-before-complete.integration.test.ts [2m([22m[2m1 test[22m[2m)[22m[32m 55[2mms[22m[39m
 [32mΓ£ô[39m tests/priority_land.test.ts [2m([22m[2m6 tests[22m[2m)[22m[32m 44[2mms[22m[39m
 [32mΓ£ô[39m tests/was-cast-shorthand.intervening-if.test.ts [2m([22m[2m5 tests[22m[2m)[22m[32m 44[2mms[22m[39m
 [32mΓ£ô[39m tests/proliferate.tracking.integration.test.ts [2m([22m[2m1 test[22m[2m)[22m[32m 53[2mms[22m[39m
 [32mΓ£ô[39m tests/bounce-land-choice.validate-before-complete.integration.test.ts [2m([22m[2m1 test[22m[2m)[22m[32m 62[2mms[22m[39m
 [32mΓ£ô[39m tests/treasure-mana-spent.intervening-if.test.ts [2m([22m[2m4 tests[22m[2m)[22m[32m 43[2mms[22m[39m
 [32mΓ£ô[39m tests/move-hand-card-to-library-choice.integration.test.ts [2m([22m[2m2 tests[22m[2m)[22m[32m 48[2mms[22m[39m
 [32mΓ£ô[39m tests/keyword-choice.validate-before-complete.integration.test.ts [2m([22m[2m3 tests[22m[2m)[22m[32m 63[2mms[22m[39m
 [32mΓ£ô[39m tests/cast-from-exile.decline-effect.integration.test.ts [2m([22m[2m1 test[22m[2m)[22m[32m 55[2mms[22m[39m
 [32mΓ£ô[39m tests/tap-untap-target.validate-before-complete.integration.test.ts [2m([22m[2m1 test[22m[2m)[22m[32m 96[2mms[22m[39m
 [32mΓ£ô[39m tests/cast-source-refs-id.intervening-if.test.ts [2m([22m[2m2 tests[22m[2m)[22m[32m 40[2mms[22m[39m
 [32mΓ£ô[39m tests/snow-mana-spent.intervening-if.test.ts [2m([22m[2m6 tests[22m[2m)[22m[32m 45[2mms[22m[39m
 [32mΓ£ô[39m tests/drew-two-or-more-cards.intervening-if.test.ts [2m([22m[2m3 tests[22m[2m)[22m[32m 49[2mms[22m[39m
 [32mΓ£ô[39m tests/resolve-pending-effect-prompt.replay.test.ts [2m([22m[2m7 tests[22m[2m)[22m[32m 31[2mms[22m[39m
 [32mΓ£ô[39m tests/two-pile-split.validate-before-complete.integration.test.ts [2m([22m[2m1 test[22m[2m)[22m[32m 55[2mms[22m[39m
 [32mΓ£ô[39m tests/option-choice.validate-before-complete.integration.test.ts [2m([22m[2m1 test[22m[2m)[22m[32m 45[2mms[22m[39m
 [32mΓ£ô[39m tests/return-controlled-permanent-choice.integration.test.ts [2m([22m[2m1 test[22m[2m)[22m[32m 50[2mms[22m[39m
 [32mΓ£ô[39m tests/kynaios-choice.validate-before-complete.integration.test.ts [2m([22m[2m1 test[22m[2m)[22m[32m 68[2mms[22m[39m
 [32mΓ£ô[39m tests/forbidden-orchard.replay.test.ts [2m([22m[2m3 tests[22m[2m)[22m[32m 40[2mms[22m[39m
 [32mΓ£ô[39m tests/resolve-top-of-stack-prompt.integration.test.ts [2m([22m[2m4 tests[22m[2m)[22m[32m 100[2mms[22m[39m
 [32mΓ£ô[39m tests/combat-damage-subtype.intervening-if.test.ts [2m([22m[2m1 test[22m[2m)[22m[32m 47[2mms[22m[39m
 [32mΓ£ô[39m tests/replay.nextStep.turn-advance.test.ts [2m([22m[2m2 tests[22m[2m)[22m[32m 67[2mms[22m[39m
 [32mΓ£ô[39m tests/mode-selection.validate-before-complete.integration.test.ts [2m([22m[2m1 test[22m[2m)[22m[32m 56[2mms[22m[39m
 [32mΓ£ô[39m tests/controlled-combat.replay.test.ts [2m([22m[2m3 tests[22m[2m)[22m[32m 43[2mms[22m[39m
 [32mΓ£ô[39m tests/mutate.cast-prompt.integration.test.ts [2m([22m[2m2 tests[22m[2m)[22m[32m 36[2mms[22m[39m
 [32mΓ£ô[39m tests/ai-management.authorization.integration.test.ts [2m([22m[2m6 tests[22m[2m)[22m[32m 26[2mms[22m[39m
 [32mΓ£ô[39m tests/counter-movement.validate-before-complete.integration.test.ts [2m([22m[2m1 test[22m[2m)[22m[32m 58[2mms[22m[39m
 [32mΓ£ô[39m tests/ai-choice-target-selection.test.ts [2m([22m[2m5 tests[22m[2m)[22m[32m 49[2mms[22m[39m
 [32mΓ£ô[39m tests/counter-target.validate-before-complete.integration.test.ts [2m([22m[2m1 test[22m[2m)[22m[32m 47[2mms[22m[39m
 [32mΓ£ô[39m tests/grant-playable-from-exile-choice.integration.test.ts [2m([22m[2m1 test[22m[2m)[22m[32m 50[2mms[22m[39m
 [32mΓ£ô[39m tests/arcane-signet-canact.test.ts [2m([22m[2m6 tests[22m[2m)[22m[32m 39[2mms[22m[39m
 [32mΓ£ô[39m tests/played-from-exile.tracking.test.ts [2m([22m[2m2 tests[22m[2m)[22m[32m 32[2mms[22m[39m
 [32mΓ£ô[39m tests/cast-spell-from-hand.additional-cost-prompt-persistence.integration.test.ts [2m([22m[2m6 tests[22m[2m)[22m[32m 63[2mms[22m[39m
 [32mΓ£ô[39m tests/sundial.inroom.authorization.integration.test.ts [2m([22m[2m7 tests[22m[2m)[22m[32m 41[2mms[22m[39m
 [32mΓ£ô[39m tests/mulligan-completion.replay.test.ts [2m([22m[2m2 tests[22m[2m)[22m[32m 21[2mms[22m[39m
 [32mΓ£ô[39m tests/ability-activated-copy.applyEvent.test.ts [2m([22m[2m12 tests[22m[2m)[22m[32m 36[2mms[22m[39m
 [32mΓ£ô[39m tests/activate-fetchland.replay.test.ts [2m([22m[2m5 tests[22m[2m)[22m[32m 60[2mms[22m[39m
 [32mΓ£ô[39m tests/resolve-spell-prompt.replay.test.ts [2m([22m[2m5 tests[22m[2m)[22m[32m 40[2mms[22m[39m
 [32mΓ£ô[39m tests/activated-ability.validate-before-complete.integration.test.ts [2m([22m[2m1 test[22m[2m)[22m[32m 247[2mms[22m[39m
 [32mΓ£ô[39m tests/counterspell.target-prompt.integration.test.ts [2m([22m[2m1 test[22m[2m)[22m[32m 63[2mms[22m[39m
 [32mΓ£ô[39m tests/stonybrook-banneret.request-cast.integration.test.ts [2m([22m[2m2 tests[22m[2m)[22m[32m 215[2mms[22m[39m
 [32mΓ£ô[39m tests/reorder-effects.replay.test.ts [2m([22m[2m7 tests[22m[2m)[22m[32m 37[2mms[22m[39m
 [32mΓ£ô[39m tests/confirm-graveyard-targets.replay.test.ts [2m([22m[2m5 tests[22m[2m)[22m[32m 32[2mms[22m[39m
 [32mΓ£ô[39m tests/battlefield-queued-steps.replay.test.ts [2m([22m[2m7 tests[22m[2m)[22m[32m 37[2mms[22m[39m
 [32mΓ£ô[39m tests/combat.inroom.authorization.integration.test.ts [2m([22m[2m6 tests[22m[2m)[22m[32m 37[2mms[22m[39m
 [32mΓ£ô[39m tests/skip-to-phase.replay.test.ts [2m([22m[2m4 tests[22m[2m)[22m[32m 38[2mms[22m[39m
 [32mΓ£ô[39m tests/chosen-colors-at-least-one.intervening-if.test.ts [2m([22m[2m6 tests[22m[2m)[22m[32m 40[2mms[22m[39m
 [32mΓ£ô[39m tests/cast-spell-continuation.replay.test.ts [2m([22m[2m18 tests[22m[2m)[22m[32m 44[2mms[22m[39m
 [32mΓ£ô[39m tests/land-choice.replay.test.ts [2m([22m[2m7 tests[22m[2m)[22m[32m 34[2mms[22m[39m
 [32mΓ£ô[39m tests/targeting.templates.surveil-and-multiword-tokens.test.ts [2m([22m[2m6 tests[22m[2m)[22m[32m 37[2mms[22m[39m
 [32mΓ£ô[39m tests/early-it-and-linked-exile-refs-id.intervening-if.test.ts [2m([22m[2m2 tests[22m[2m)[22m[32m 30[2mms[22m[39m
 [32mΓ£ô[39m tests/priority-timeout.trigger-shortcuts.test.ts [2m([22m[2m3 tests[22m[2m)[22m[32m 35[2mms[22m[39m
 [32mΓ£ô[39m tests/player-selection.goad-turn-order.test.ts [2m([22m[2m5 tests[22m[2m)[22m[32m 51[2mms[22m[39m
 [32mΓ£ô[39m tests/restart-game.authorization.integration.test.ts [2m([22m[2m7 tests[22m[2m)[22m[32m 37[2mms[22m[39m
 [32mΓ£ô[39m tests/damage-and-chosen-number-refs-id.intervening-if.test.ts [2m([22m[2m2 tests[22m[2m)[22m[32m 30[2mms[22m[39m
 [32mΓ£ô[39m tests/library-search-resolve.replay.test.ts [2m([22m[2m2 tests[22m[2m)[22m[32m 25[2mms[22m[39m
 [32mΓ£ô[39m tests/spellweaver-helix-refs-id.intervening-if.test.ts [2m([22m[2m1 test[22m[2m)[22m[32m 29[2mms[22m[39m
 [32mΓ£ô[39m tests/ai.deck-profile-rehydration.test.ts [2m([22m[2m1 test[22m[2m)[22m[32m 35[2mms[22m[39m
 [32mΓ£ô[39m tests/myriad-choice.replay.test.ts [2m([22m[2m1 test[22m[2m)[22m[32m 34[2mms[22m[39m
 [32mΓ£ô[39m tests/tap-permanent.inroom.authorization.integration.test.ts [2m([22m[2m3 tests[22m[2m)[22m[32m 35[2mms[22m[39m
 [32mΓ£ô[39m tests/resolve-top-of-stack-prompt.replay.test.ts [2m([22m[2m4 tests[22m[2m)[22m[32m 34[2mms[22m[39m
 [32mΓ£ô[39m tests/equipment.test.ts [2m([22m[2m4 tests[22m[2m)[22m[32m 29[2mms[22m[39m
 [32mΓ£ô[39m tests/proliferate-fateseal-clash.replay.test.ts [2m([22m[2m3 tests[22m[2m)[22m[32m 34[2mms[22m[39m
 [32mΓ£ô[39m tests/tap-untap-choice.replay.test.ts [2m([22m[2m1 test[22m[2m)[22m[32m 27[2mms[22m[39m
 [32mΓ£ô[39m tests/ai-card-pool-selection.test.ts [2m([22m[2m4 tests[22m[2m)[22m[32m 21[2mms[22m[39m
 [32mΓ£ô[39m tests/cast-spell-from-hand.inroom.authorization.integration.test.ts [2m([22m[2m3 tests[22m[2m)[22m[32m 33[2mms[22m[39m
 [32mΓ£ô[39m tests/rng.replay.test.ts [2m([22m[2m3 tests[22m[2m)[22m[32m 46[2mms[22m[39m
 [32mΓ£ô[39m tests/etb-self-trigger-persistence.integration.test.ts [2m([22m[2m2 tests[22m[2m)[22m[32m 28[2mms[22m[39m
 [32mΓ£ô[39m tests/sacrifice-selection.replay.test.ts [2m([22m[2m2 tests[22m[2m)[22m[32m 29[2mms[22m[39m
 [32mΓ£ô[39m tests/cascade.pending-resolution-step.integration.test.ts [2m([22m[2m1 test[22m[2m)[22m[32m 27[2mms[22m[39m
 [32mΓ£ô[39m tests/fight.replay.test.ts [2m([22m[2m1 test[22m[2m)[22m[32m 27[2mms[22m[39m
 [32mΓ£ô[39m tests/targeting.templates.blight.test.ts [2m([22m[2m6 tests[22m[2m)[22m[32m 31[2mms[22m[39m
 [32mΓ£ô[39m tests/card-name-choice.replay.test.ts [2m([22m[2m2 tests[22m[2m)[22m[32m 25[2mms[22m[39m
 [32mΓ£ô[39m tests/commander.both-castable.test.ts [2m([22m[2m3 tests[22m[2m)[22m[32m 31[2mms[22m[39m
 [32mΓ£ô[39m tests/join.reconnect-state-broadcast.integration.test.ts [2m([22m[2m1 test[22m[2m)[22m[32m 26[2mms[22m[39m
 [32mΓ£ô[39m tests/importDeck.socket.test.ts [2m([22m[2m2 tests[22m[2m)[22m[32m 36[2mms[22m[39m
 [32mΓ£ô[39m tests/ai-target-selection.test.ts [2m([22m[2m2 tests[22m[2m)[22m[32m 32[2mms[22m[39m
 [32mΓ£ô[39m tests/priority.trigger-shortcuts.test.ts [2m([22m[2m2 tests[22m[2m)[22m[32m 30[2mms[22m[39m
 [32mΓ£ô[39m tests/spree.request-cast.integration.test.ts [2m([22m[2m1 test[22m[2m)[22m[32m 28[2mms[22m[39m
 [32mΓ£ô[39m tests/priority.inroom.authorization.integration.test.ts [2m([22m[2m7 tests[22m[2m)[22m[32m 24[2mms[22m[39m
 [32mΓ£ô[39m tests/creature-type-selected.replay.test.ts [2m([22m[2m3 tests[22m[2m)[22m[32m 25[2mms[22m[39m
 [32mΓ£ô[39m tests/custom-cards.test.ts [2m([22m[2m7 tests[22m[2m)[22m[32m 26[2mms[22m[39m
 [32mΓ£ô[39m tests/ward-payment.replay.test.ts [2m([22m[2m2 tests[22m[2m)[22m[32m 28[2mms[22m[39m
 [32mΓ£ô[39m tests/stack.generic-library-and-untap.regression.test.ts [2m([22m[2m5 tests[22m[2m)[22m[32m 30[2mms[22m[39m
 [32mΓ£ô[39m tests/option-choice.replay.test.ts [2m([22m[2m3 tests[22m[2m)[22m[32m 27[2mms[22m[39m
 [32mΓ£ô[39m tests/replay.authorization.integration.test.ts [2m([22m[2m6 tests[22m[2m)[22m[32m 27[2mms[22m[39m
 [32mΓ£ô[39m tests/update-permanent-pos.applyEvent.test.ts [2m([22m[2m2 tests[22m[2m)[22m[32m 25[2mms[22m[39m
 [32mΓ£ô[39m tests/replacement-effect-order.inroom.authorization.integration.test.ts [2m([22m[2m1 test[22m[2m)[22m[32m 32[2mms[22m[39m
 [32mΓ£ô[39m tests/mox-diamond-choice.replay.test.ts [2m([22m[2m2 tests[22m[2m)[22m[32m 24[2mms[22m[39m
 [32mΓ£ô[39m tests/commander.authorization.integration.test.ts [2m([22m[2m6 tests[22m[2m)[22m[32m 23[2mms[22m[39m
 [32mΓ£ô[39m tests/vote-submit.replay.test.ts [2m([22m[2m3 tests[22m[2m)[22m[32m 33[2mms[22m[39m
 [32mΓ£ô[39m tests/spell-cast-reveal-cast.replay.test.ts [2m([22m[2m2 tests[22m[2m)[22m[32m 19[2mms[22m[39m
 [32mΓ£ô[39m tests/soldier-program.replay.test.ts [2m([22m[2m1 test[22m[2m)[22m[32m 24[2mms[22m[39m
 [32mΓ£ô[39m tests/hideaway-choice.replay.test.ts [2m([22m[2m1 test[22m[2m)[22m[32m 23[2mms[22m[39m
 [32mΓ£ô[39m tests/exchange-text-boxes.replay.test.ts [2m([22m[2m1 test[22m[2m)[22m[32m 24[2mms[22m[39m
 [32mΓ£ô[39m tests/bounce-land-mana.test.ts [2m([22m[2m4 tests[22m[2m)[22m[32m 11[2mms[22m[39m
 [32mΓ£ô[39m tests/join.pending-resolution-step.integration.test.ts [2m([22m[2m1 test[22m[2m)[22m[32m 28[2mms[22m[39m
 [32mΓ£ô[39m tests/kynaiosChoice.test.ts [2m([22m[2m3 tests[22m[2m)[22m[32m 24[2mms[22m[39m
 [32mΓ£ô[39m tests/create-token.execute-effect-replay.test.ts [2m([22m[2m3 tests[22m[2m)[22m[32m 22[2mms[22m[39m
 [32mΓ£ô[39m tests/deleted.game.persistence.test.ts [2m([22m[2m6 tests[22m[2m)[22m[32m 17[2mms[22m[39m
 [32mΓ£ô[39m tests/claim-my-turn.inroom.authorization.integration.test.ts [2m([22m[2m2 tests[22m[2m)[22m[32m 24[2mms[22m[39m
 [32mΓ£ô[39m tests/trigger-shortcut.replay.test.ts [2m([22m[2m3 tests[22m[2m)[22m[32m 30[2mms[22m[39m
 [32mΓ£ô[39m tests/delete-game.authorization.integration.test.ts [2m([22m[2m2 tests[22m[2m)[22m[32m 18[2mms[22m[39m
 [32mΓ£ô[39m tests/parseDecklist.test.ts [2m([22m[2m40 tests[22m[2m)[22m[32m 18[2mms[22m[39m
 [32mΓ£ô[39m tests/opening-hand-actions.replay.test.ts [2m([22m[2m1 test[22m[2m)[22m[32m 23[2mms[22m[39m
 [32mΓ£ô[39m tests/cascade.replay.test.ts [2m([22m[2m2 tests[22m[2m)[22m[32m 28[2mms[22m[39m
 [32mΓ£ô[39m tests/reset.identity.test.ts [2m([22m[2m1 test[22m[2m)[22m[32m 24[2mms[22m[39m
 [32mΓ£ô[39m tests/counter-events.replay.test.ts [2m([22m[2m3 tests[22m[2m)[22m[32m 27[2mms[22m[39m
 [32mΓ£ô[39m tests/rules-bridge.event-forwarding.test.ts [2m([22m[2m2 tests[22m[2m)[22m[32m 19[2mms[22m[39m
 [32mΓ£ô[39m tests/set-life.replay.test.ts [2m([22m[2m1 test[22m[2m)[22m[32m 25[2mms[22m[39m
 [32mΓ£ô[39m tests/color-choice.replay.test.ts [2m([22m[2m2 tests[22m[2m)[22m[32m 24[2mms[22m[39m
 [32mΓ£ô[39m tests/mana-handlers.inroom.authorization.integration.test.ts [2m([22m[2m3 tests[22m[2m)[22m[32m 17[2mms[22m[39m
 [32mΓ£ô[39m tests/bounce-land-trigger.test.ts [2m([22m[2m4 tests[22m[2m)[22m[32m 15[2mms[22m[39m
 [32mΓ£ô[39m tests/cycling.inroom.authorization.integration.test.ts [2m([22m[2m1 test[22m[2m)[22m[32m 23[2mms[22m[39m
 [32mΓ£ô[39m tests/delayed-graveyard-return.applyEvent.test.ts [2m([22m[2m3 tests[22m[2m)[22m[32m 24[2mms[22m[39m
 [32mΓ£ô[39m tests/leave.replay.test.ts [2m([22m[2m1 test[22m[2m)[22m[32m 19[2mms[22m[39m
 [32mΓ£ô[39m tests/etb-known-trigger-optional.test.ts [2m([22m[2m2 tests[22m[2m)[22m[32m 12[2mms[22m[39m
 [32mΓ£ô[39m tests/tutor.destination.test.ts [2m([22m[2m30 tests[22m[2m)[22m[32m 10[2mms[22m[39m
 [32mΓ£ô[39m tests/randomness.inroom.authorization.integration.test.ts [2m([22m[2m3 tests[22m[2m)[22m[32m 22[2mms[22m[39m
 [32mΓ£ô[39m tests/ai.turn.test.ts [2m([22m[2m10 tests[22m[2m)[22m[32m 9[2mms[22m[39m
 [32mΓ£ô[39m tests/ai.restart-runtime.test.ts [2m([22m[2m1 test[22m[2m)[22m[32m 23[2mms[22m[39m
 [32mΓ£ô[39m tests/bounce-land-resolution.test.ts [2m([22m[2m5 tests[22m[2m)[22m[32m 8[2mms[22m[39m
 [32mΓ£ô[39m tests/mana-check.conditional.test.ts [2m([22m[2m21 tests[22m[2m)[22m[32m 25[2mms[22m[39m
 [32mΓ£ô[39m tests/judge.request.authorization.integration.test.ts [2m([22m[2m4 tests[22m[2m)[22m[32m 21[2mms[22m[39m
 [32mΓ£ô[39m tests/graveyard-non-subtype-target-filter.test.ts [2m([22m[2m3 tests[22m[2m)[22m[32m 7[2mms[22m[39m
 [32mΓ£ô[39m tests/targeting.artifact-enchantment.test.ts [2m([22m[2m5 tests[22m[2m)[22m[32m 21[2mms[22m[39m
 [32mΓ£ô[39m tests/creature.mana.abilities.test.ts [2m([22m[2m16 tests[22m[2m)[22m[32m 17[2mms[22m[39m
 [32mΓ£ô[39m tests/saved-decks.inroom.authorization.integration.test.ts [2m([22m[2m3 tests[22m[2m)[22m[32m 19[2mms[22m[39m
 [32mΓ£ô[39m tests/alternate-costs.mana-source.test.ts [2m([22m[2m6 tests[22m[2m)[22m[32m 14[2mms[22m[39m
 [32mΓ£ô[39m tests/lord.effects.test.ts [2m([22m[2m6 tests[22m[2m)[22m[32m 9[2mms[22m[39m
 [32mΓ£ô[39m tests/ai.mana-retention.test.ts [2m([22m[2m9 tests[22m[2m)[22m[32m 5[2mms[22m[39m
 [32mΓ£ô[39m tests/imported-deck-candidates.authorization.integration.test.ts [2m([22m[2m2 tests[22m[2m)[22m[32m 17[2mms[22m[39m
 [32mΓ£ô[39m tests/mana-abilities.dynamic-amount.test.ts [2m([22m[2m2 tests[22m[2m)[22m[32m 6[2mms[22m[39m
 [32mΓ£ô[39m tests/damage-triggers.emit.test.ts [2m([22m[2m6 tests[22m[2m)[22m[32m 23[2mms[22m[39m
 [32mΓ£ô[39m tests/state-based-actions.dynamic-toughness.test.ts [2m([22m[2m2 tests[22m[2m)[22m[32m 6[2mms[22m[39m
 [32mΓ£ô[39m tests/creatureTypeNow.kindred-changeling.test.ts [2m([22m[2m4 tests[22m[2m)[22m[32m 5[2mms[22m[39m
 [32mΓ£ô[39m tests/skullbriar.zone-counters.test.ts [2m([22m[2m2 tests[22m[2m)[22m[32m 16[2mms[22m[39m
 [32mΓ£ô[39m tests/opponent-may-pay.authorization.integration.test.ts [2m([22m[2m2 tests[22m[2m)[22m[32m 19[2mms[22m[39m
 [32mΓ£ô[39m tests/chosen-name-restrictions.test.ts [2m([22m[2m5 tests[22m[2m)[22m[32m 6[2mms[22m[39m
 [32mΓ£ô[39m tests/oracle-prompt-context.test.ts [2m([22m[2m1 test[22m[2m)[22m[32m 5[2mms[22m[39m
 [32mΓ£ô[39m tests/undo.broadcast-suppression.integration.test.ts [2m([22m[2m3 tests[22m[2m)[22m[32m 15[2mms[22m[39m
 [32mΓ£ô[39m tests/trigger-shortcuts.test.ts [2m([22m[2m6 tests[22m[2m)[22m[32m 6[2mms[22m[39m
 [32mΓ£ô[39m tests/x-activated-abilities.regressions.test.ts [2m([22m[2m2 tests[22m[2m)[22m[32m 6[2mms[22m[39m
 [32mΓ£ô[39m tests/applyPreGameReset.test.ts [2m([22m[2m1 test[22m[2m)[22m[32m 5[2mms[22m[39m
 [32mΓ£ô[39m tests/three-tree-city.test.ts [2m([22m[2m5 tests[22m[2m)[22m[32m 5[2mms[22m[39m
 [32mΓ£ô[39m tests/recruiter-of-guard.test.ts [2m([22m[2m2 tests[22m[2m)[22m[32m 4[2mms[22m[39m
 [32mΓ£ô[39m tests/shared-text-utils.test.ts [2m([22m[2m1 test[22m[2m)[22m[32m 5[2mms[22m[39m
 [32mΓ£ô[39m tests/trigger-shortcuts.integration.test.ts [2m([22m[2m2 tests[22m[2m)[22m[32m 13[2mms[22m[39m
 [32mΓ£ô[39m tests/commander.front-face-image.test.ts [2m([22m[2m1 test[22m[2m)[22m[32m 5[2mms[22m[39m
 [32mΓ£ô[39m tests/join.authorization.integration.test.ts [2m([22m[2m1 test[22m[2m)[22m[32m 17[2mms[22m[39m
 [32mΓ£ô[39m tests/ai-modal-choice.test.ts [2m([22m[2m2 tests[22m[2m)[22m[32m 12[2mms[22m[39m
 [32mΓ£ô[39m tests/ai-option-choice.test.ts [2m([22m[2m3 tests[22m[2m)[22m[32m 8[2mms[22m[39m
 [32mΓ£ô[39m tests/generic-mana-auto-payment.test.ts [2m([22m[2m3 tests[22m[2m)[22m[32m 10[2mms[22m[39m
 [32mΓ£ô[39m tests/automation.inroom.authorization.integration.test.ts [2m([22m[2m5 tests[22m[2m)[22m[32m 6[2mms[22m[39m
 [32mΓ£ô[39m tests/special-counters.common-effects.test.ts [2m([22m[2m4 tests[22m[2m)[22m[32m 9[2mms[22m[39m
 [32mΓ£ô[39m tests/leave-game.inroom.authorization.integration.test.ts [2m([22m[2m6 tests[22m[2m)[22m[32m 9[2mms[22m[39m
 [32mΓ£ô[39m tests/ai-mode-selection.test.ts [2m([22m[2m3 tests[22m[2m)[22m[32m 6[2mms[22m[39m
 [32mΓ£ô[39m tests/arcane-signet.mana.test.ts [2m([22m[2m6 tests[22m[2m)[22m[32m 6[2mms[22m[39m
 [32mΓ£ô[39m tests/minimalGameAdapter.searchLibrary.test.ts [2m([22m[2m4 tests[22m[2m)[22m[32m 5[2mms[22m[39m
 [32mΓ£ô[39m tests/commander.multiple.removal.test.ts [2m([22m[2m3 tests[22m[2m)[22m[32m 4[2mms[22m[39m
 [32mΓ£ô[39m tests/stack.replay-idempotency-zone-repair.test.ts [2m([22m[2m2 tests[22m[2m)[22m[32m 4[2mms[22m[39m
 [32mΓ£ô[39m tests/morophon.request-cast.integration.test.ts [2m([22m[2m1 test[22m[2m)[22m[32m 3[2mms[22m[39m
 [32mΓ£ô[39m tests/treasure-mana-activation-provenance.test.ts [2m([22m[2m3 tests[22m[2m)[22m[32m 4[2mms[22m[39m
 [32mΓ£ô[39m tests/creature-spell-haste-mana-provenance.test.ts [2m([22m[2m2 tests[22m[2m)[22m[32m 3[2mms[22m[39m

[2m Test Files [22m [1m[32m537 passed[39m[22m[90m (537)[39m
[2m      Tests [22m [1m[32m2579 passed[39m[22m[2m | [22m[33m1 skipped[39m[90m (2580)[39m
[2m   Start at [22m 16:52:21
[2m   Duration [22m 39.94s[2m (transform 80.96s, setup 12.66s, import 677.16s, tests 73.42s, environment 85ms)[22m

